           scope definition   n  unknown  rough  fraction_all  fraction_known  median_rough  median_other
all_train_inputs         R1 400        1     43      0.107500        0.107769          21.0           4.0
all_train_inputs         R2 400        1     30      0.075000        0.075188          21.5           4.0
    public_train         R1 360        1     39      0.108333        0.108635          21.0           4.0
    public_train         R2 360        1     27      0.075000        0.075209          21.0           5.0
            test         R1  60        0      1      0.016667        0.016667          62.0           4.0
            test         R2  60        0      0      0.000000        0.000000           NaN           4.0
       F13_train         R1 200        1      6      0.030000        0.030151          18.5           4.0
       F13_train         R2 200        1      3      0.015000        0.015075          19.0           4.0
        F13_test         R1  30        0      0      0.000000        0.000000           NaN           5.0
        F13_test         R2  30        0      0      0.000000        0.000000           NaN           5.0
       F47_train         R1 200        0     37      0.185000        0.185000          22.0           4.0
       F47_train         R2 200        0     27      0.135000        0.135000          22.0           5.0
        F47_test         R1  30        0      1      0.033333        0.033333          62.0           4.0
        F47_test         R2  30        0      0      0.000000        0.000000           NaN           4.0
     train_pass1         R1 344        1     34      0.098837        0.099125          20.5           4.0
     train_pass1         R2 344        1     26      0.075581        0.075802          21.0           4.0
     train_pass2         R1  56        0      9      0.160714        0.160714          23.0           4.0
     train_pass2         R2  56        0      4      0.071429        0.071429          25.0           5.0
    seed    scope definition   n  unknown_n  rough_n  other_n  rough_mse  other_mse  rough_rmse  other_rmse  rmse_ratio  mse_ratio  rough_sse_share  rough_bias  other_bias
ensemble      all         R1 360          1       39      320   0.044305   0.030611    0.210488    0.174959    1.203067   1.447370         0.149872    0.009761   -0.009040
ensemble      all         R2 360          1       27      332   0.048190   0.030790    0.219523    0.175470    1.251056   1.565141         0.112856   -0.033454   -0.004846
ensemble    pass2         R1  46          0        7       39   0.135118   0.046675    0.367584    0.216044    1.701432   2.894871         0.341929   -0.103275   -0.036431
ensemble    pass2         R2  46          0        3       43   0.286323   0.044353    0.535091    0.210602    2.540772   6.455521         0.310528   -0.401401   -0.021849
ensemble ordinary         R1 329          1       36      292   0.022311   0.011019    0.149369    0.104973    1.422927   2.024723         0.199469    0.037204    0.016463
ensemble ordinary         R2 329          1       24      304   0.015685   0.011988    0.125240    0.109491    1.143842   1.308375         0.093486    0.002309    0.020036
ensemble     high         R1  31          0        3       28   0.308233   0.234921    0.555187    0.484687    1.145456   1.312069         0.123252   -0.319563   -0.274997
ensemble     high         R2  31          0        3       28   0.308233   0.234921    0.555187    0.484687    1.145456   1.312069         0.123252   -0.319563   -0.274997
    seed          scope  cutoff   n  positive      auc
ensemble            all     0.0 360       181 0.429828
ensemble            all     0.1 360        44 0.757624
ensemble       ordinary     0.0 329       176 0.482806
ensemble       ordinary     0.1 329        41 0.807249
ensemble pass2_ordinary     0.0  41        17 0.549020
ensemble pass2_ordinary     0.1  41         6 0.961905
COMPLETE first
