FINAL_LOSS DIAG10 0 7 COMPLETE_SCORE0
FINAL_LOSS DIAG10 0 101 COMPLETE_SCORE0
FINAL_LOSS DIAG10 0 2024 COMPLETE_SCORE0
FINAL_LOSS DIAG10 1 7 COMPLETE_SCORE0
FINAL_LOSS DIAG10 1 101 COMPLETE_SCORE0
FINAL_LOSS DIAG10 1 2024 COMPLETE_SCORE0
FINAL_LOSS DIAG10 2 7 COMPLETE_SCORE0
FINAL_LOSS DIAG10 2 101 COMPLETE_SCORE0
FINAL_LOSS DIAG10 2 2024 COMPLETE_SCORE0
FINAL_LOSS DIAG10 3 7 COMPLETE_SCORE0
FINAL_LOSS DIAG10 3 101 COMPLETE_SCORE0
FINAL_LOSS DIAG10 3 2024 COMPLETE_SCORE0
FINAL_LOSS DIAG10 4 7 COMPLETE_SCORE0
FINAL_LOSS DIAG10 4 101 COMPLETE_SCORE0
FINAL_LOSS DIAG10 4 2024 COMPLETE_SCORE0
FINAL_LOSS DIAG10 5 7 COMPLETE_SCORE0
FINAL_LOSS DIAG10 5 101 COMPLETE_SCORE0
FINAL_LOSS DIAG10 5 2024 COMPLETE_SCORE0
FINAL_LOSS DIAG10 6 7 COMPLETE_SCORE0
FINAL_LOSS DIAG10 6 101 COMPLETE_SCORE0
FINAL_LOSS DIAG10 6 2024 COMPLETE_SCORE0
FINAL_LOSS DIAG10 7 7 COMPLETE_SCORE0
FINAL_LOSS DIAG10 7 101 COMPLETE_SCORE0
FINAL_LOSS DIAG10 7 2024 COMPLETE_SCORE0
FINAL_LOSS DIAG10 8 7 COMPLETE_SCORE0
FINAL_LOSS DIAG10 8 101 COMPLETE_SCORE0
FINAL_LOSS DIAG10 8 2024 COMPLETE_SCORE0
FINAL_LOSS DIAG10 9 7 COMPLETE_SCORE0
FINAL_LOSS DIAG10 9 101 COMPLETE_SCORE0
FINAL_LOSS DIAG10 9 2024 COMPLETE_SCORE0
FINAL_LOSS A 0 7 COMPLETE_SCORE0
FINAL_LOSS A 0 101 COMPLETE_SCORE0
FINAL_LOSS A 0 2024 COMPLETE_SCORE0
FINAL_LOSS A 1 7 COMPLETE_SCORE0
FINAL_LOSS A 1 101 COMPLETE_SCORE0
FINAL_LOSS A 1 2024 COMPLETE_SCORE0
FINAL_LOSS A 2 7 COMPLETE_SCORE0
FINAL_LOSS A 2 101 COMPLETE_SCORE0
FINAL_LOSS A 2 2024 COMPLETE_SCORE0
FINAL_LOSS A 3 7 COMPLETE_SCORE0
FINAL_LOSS A 3 101 COMPLETE_SCORE0
FINAL_LOSS A 3 2024 COMPLETE_SCORE0
FINAL_LOSS A 4 7 COMPLETE_SCORE0
FINAL_LOSS A 4 101 COMPLETE_SCORE0
FINAL_LOSS A 4 2024 COMPLETE_SCORE0
FINAL_LOSS B 0 7 COMPLETE_SCORE0
FINAL_LOSS B 0 101 COMPLETE_SCORE0
FINAL_LOSS B 0 2024 COMPLETE_SCORE0
FINAL_LOSS B 1 7 COMPLETE_SCORE0
FINAL_LOSS B 1 101 COMPLETE_SCORE0
FINAL_LOSS B 1 2024 COMPLETE_SCORE0
FINAL_LOSS B 2 7 COMPLETE_SCORE0
FINAL_LOSS B 2 101 COMPLETE_SCORE0
FINAL_LOSS B 2 2024 COMPLETE_SCORE0
FINAL_LOSS B 3 7 COMPLETE_SCORE0
FINAL_LOSS B 3 101 COMPLETE_SCORE0
FINAL_LOSS B 3 2024 COMPLETE_SCORE0
FINAL_LOSS B 4 7 COMPLETE_SCORE0
FINAL_LOSS B 4 101 COMPLETE_SCORE0
FINAL_LOSS B 4 2024 COMPLETE_SCORE0
FINAL_LOSS EXT10 0 7 COMPLETE_SCORE0
FINAL_LOSS EXT10 0 101 COMPLETE_SCORE0
FINAL_LOSS EXT10 0 2024 COMPLETE_SCORE0
FINAL_LOSS EXT12 0 7 COMPLETE_SCORE0
FINAL_LOSS EXT12 0 101 COMPLETE_SCORE0
FINAL_LOSS EXT12 0 2024 COMPLETE_SCORE0
RAW_LOSS DIAG10 0 7 COMPLETE_SCORE0
RAW_LOSS DIAG10 0 101 COMPLETE_SCORE0
RAW_LOSS DIAG10 0 2024 COMPLETE_SCORE0
RAW_LOSS DIAG10 1 7 COMPLETE_SCORE0
RAW_LOSS DIAG10 1 101 COMPLETE_SCORE0
RAW_LOSS DIAG10 1 2024 COMPLETE_SCORE0
RAW_LOSS DIAG10 2 7 COMPLETE_SCORE0
RAW_LOSS DIAG10 2 101 COMPLETE_SCORE0
RAW_LOSS DIAG10 2 2024 COMPLETE_SCORE0
RAW_LOSS DIAG10 3 7 COMPLETE_SCORE0
RAW_LOSS DIAG10 3 101 COMPLETE_SCORE0
RAW_LOSS DIAG10 3 2024 COMPLETE_SCORE0
RAW_LOSS DIAG10 4 7 COMPLETE_SCORE0
RAW_LOSS DIAG10 4 101 COMPLETE_SCORE0
RAW_LOSS DIAG10 4 2024 COMPLETE_SCORE0
RAW_LOSS DIAG10 5 7 COMPLETE_SCORE0
RAW_LOSS DIAG10 5 101 COMPLETE_SCORE0
RAW_LOSS DIAG10 5 2024 COMPLETE_SCORE0
RAW_LOSS DIAG10 6 7 COMPLETE_SCORE0
RAW_LOSS DIAG10 6 101 COMPLETE_SCORE0
RAW_LOSS DIAG10 6 2024 COMPLETE_SCORE0
RAW_LOSS DIAG10 7 7 COMPLETE_SCORE0
RAW_LOSS DIAG10 7 101 COMPLETE_SCORE0
RAW_LOSS DIAG10 7 2024 COMPLETE_SCORE0
RAW_LOSS DIAG10 8 7 COMPLETE_SCORE0
RAW_LOSS DIAG10 8 101 COMPLETE_SCORE0
RAW_LOSS DIAG10 8 2024 COMPLETE_SCORE0
RAW_LOSS DIAG10 9 7 COMPLETE_SCORE0
RAW_LOSS DIAG10 9 101 COMPLETE_SCORE0
RAW_LOSS DIAG10 9 2024 COMPLETE_SCORE0
RAW_LOSS A 0 7 COMPLETE_SCORE0
RAW_LOSS A 0 101 COMPLETE_SCORE0
RAW_LOSS A 0 2024 COMPLETE_SCORE0
RAW_LOSS A 1 7 COMPLETE_SCORE0
RAW_LOSS A 1 101 COMPLETE_SCORE0
RAW_LOSS A 1 2024 COMPLETE_SCORE0
RAW_LOSS A 2 7 COMPLETE_SCORE0
RAW_LOSS A 2 101 COMPLETE_SCORE0
RAW_LOSS A 2 2024 COMPLETE_SCORE0
RAW_LOSS A 3 7 COMPLETE_SCORE0
RAW_LOSS A 3 101 COMPLETE_SCORE0
RAW_LOSS A 3 2024 COMPLETE_SCORE0
RAW_LOSS A 4 7 COMPLETE_SCORE0
RAW_LOSS A 4 101 COMPLETE_SCORE0
RAW_LOSS A 4 2024 COMPLETE_SCORE0
RAW_LOSS B 0 7 COMPLETE_SCORE0
RAW_LOSS B 0 101 COMPLETE_SCORE0
RAW_LOSS B 0 2024 COMPLETE_SCORE0
RAW_LOSS B 1 7 COMPLETE_SCORE0
RAW_LOSS B 1 101 COMPLETE_SCORE0
RAW_LOSS B 1 2024 COMPLETE_SCORE0
RAW_LOSS B 2 7 COMPLETE_SCORE0
RAW_LOSS B 2 101 COMPLETE_SCORE0
RAW_LOSS B 2 2024 COMPLETE_SCORE0
RAW_LOSS B 3 7 COMPLETE_SCORE0
RAW_LOSS B 3 101 COMPLETE_SCORE0
RAW_LOSS B 3 2024 COMPLETE_SCORE0
RAW_LOSS B 4 7 COMPLETE_SCORE0
RAW_LOSS B 4 101 COMPLETE_SCORE0
RAW_LOSS B 4 2024 COMPLETE_SCORE0
RAW_LOSS EXT10 0 7 COMPLETE_SCORE0
RAW_LOSS EXT10 0 101 COMPLETE_SCORE0
RAW_LOSS EXT10 0 2024 COMPLETE_SCORE0
RAW_LOSS EXT12 0 7 COMPLETE_SCORE0
RAW_LOSS EXT12 0 101 COMPLETE_SCORE0
RAW_LOSS EXT12 0 2024 COMPLETE_SCORE0
ALL_FITS_COMPLETE_SCORE0
