PREP DIAG10 0
PREP DIAG10 1
PREP DIAG10 2
PREP DIAG10 3
PREP DIAG10 4
PREP DIAG10 5
PREP DIAG10 6
PREP DIAG10 7
PREP DIAG10 8
PREP DIAG10 9
PREP A 0
PREP A 1
PREP A 2
PREP A 3
PREP A 4
PREP B 0
PREP B 1
PREP B 2
PREP B 3
PREP B 4
PREP EXT10 0
PREP EXT12 0
SOFT DIAG10 0 COMPLETE
SOFT DIAG10 1 COMPLETE
SOFT DIAG10 2 COMPLETE
SOFT DIAG10 3 COMPLETE
SOFT DIAG10 4 COMPLETE
SOFT DIAG10 5 COMPLETE
SOFT DIAG10 6 COMPLETE
SOFT DIAG10 7 COMPLETE
SOFT DIAG10 8 COMPLETE
SOFT DIAG10 9 COMPLETE
SOFT A 0 COMPLETE
SOFT A 1 COMPLETE
SOFT A 2 COMPLETE
SOFT A 3 COMPLETE
SOFT A 4 COMPLETE
SOFT B 0 COMPLETE
SOFT B 1 COMPLETE
SOFT B 2 COMPLETE
SOFT B 3 COMPLETE
SOFT B 4 COMPLETE
SOFT EXT10 0 COMPLETE
SOFT EXT12 0 COMPLETE
ALL66_COMPLETE
