PREP DIAG10 0
PREP DIAG10 1
PREP DIAG10 2
PREP DIAG10 3
PREP DIAG10 4
PREP DIAG10 5
PREP DIAG10 6
PREP DIAG10 7
PREP DIAG10 8
PREP DIAG10 9
PREP A 0
PREP A 1
PREP A 2
PREP A 3
PREP A 4
PREP B 0
PREP B 1
PREP B 2
PREP B 3
PREP B 4
PREP EXT10 0
PREP EXT12 0
validator  seed    n  baseline  candidate  specialist  change_pct  fold_rmse_sd  gate_mean  changed_rows
   DIAG10     7 8640  0.181125   0.184712    0.219918    1.980453      0.059613   0.062390          8256
   DIAG10   101 8640  0.181679   0.184168    0.220180    1.370220      0.060422   0.059122          8256
   DIAG10  2024 8640  0.181728   0.183849    0.219773    1.167177      0.059771   0.058190          8256
        A     7 6336  0.214685   0.215020    0.260958    0.155839      0.055140   0.062909          6240
        A   101 6336  0.216246   0.216361    0.263011    0.053245      0.053574   0.059954          6240
        A  2024 6336  0.215872   0.215708    0.261756   -0.076157      0.054863   0.059759          6240
        B     7 6312  0.200013   0.201214    0.247755    0.600343      0.068108   0.065754          6312
        B   101 6312  0.199782   0.201033    0.248195    0.626141      0.066976   0.066241          6312
        B  2024 6312  0.199705   0.200980    0.247397    0.638507      0.068454   0.065975          6312
    EXT10     7 1800  0.396781   0.398080    0.444582    0.327541      0.000000   0.040542          1800
    EXT10   101 1800  0.400067   0.401363    0.446525    0.323909      0.000000   0.040822          1800
    EXT10  2024 1800  0.399158   0.400459    0.445705    0.325888      0.000000   0.040876          1800
    EXT12     7 4632  0.414170   0.414607    0.428598    0.105459      0.000000   0.035052          4608
    EXT12   101 4632  0.412661   0.413167    0.429119    0.122644      0.000000   0.035117          4608
    EXT12  2024 4632  0.410576   0.411032    0.426872    0.110940      0.000000   0.034596          4608
DECISION REJECT 1 /9 {'7': {'p_worse': 0.94645, 'ci_adjusted': [-0.000919206942438561, 0.00478030735147107], 'ci95': [-0.00021504594367578777, 0.0032237357125304723]}, '101': {'p_worse': 0.9318, 'ci_adjusted': [-0.000806213846489823, 0.0032459525065275073], 'ci95': [-0.0002472024547980379, 0.0023174857466579384]}, '2024': {'p_worse': 0.9109, 'ci_adjusted': [-0.000852786771064582, 0.0028694453975875943], 'ci95': [-0.00029893679001724734, 0.002014601243645726]}}
