validator  seed    n  baseline  candidate  change_pct
        A     7 6336  0.214685   0.212088   -1.209833
        A   101 6336  0.216246   0.211997   -1.964849
        A  2024 6336  0.215872   0.211263   -2.135234
        B     7 6312  0.200013   0.203299    1.642757
        B   101 6312  0.199782   0.202975    1.598202
        B  2024 6312  0.199705   0.202723    1.511402
   DIAG10     7 8640  0.181125   0.176351   -2.635435
   DIAG10   101 8640  0.181679   0.176417   -2.896306
   DIAG10  2024 8640  0.181728   0.175387   -3.488976
    EXT10     7 1800  0.396781   0.435476    9.752315
    EXT10   101 1800  0.400067   0.433724    8.412923
    EXT10  2024 1800  0.399158   0.431358    8.066847
    EXT12     7 4632  0.414170   0.404771   -2.269301
    EXT12   101 4632  0.412661   0.402635   -2.429368
    EXT12  2024 4632  0.410576   0.403941   -1.615941
{
  "status": "PASS",
  "decision": "REJECT",
  "public_pass": false,
  "family": 18,
  "alpha": 0.001388888888888889,
  "bootstrap": {
    "7": {
      "p_worse": 0.0145,
      "ci": [
        -0.004628310516331823,
        0.0005073178897817822
      ]
    },
    "101": {
      "p_worse": 0.00995,
      "ci": [
        -0.004983000877273798,
        0.0004464720894259287
      ]
    },
    "2024": {
      "p_worse": 0.00515,
      "ci": [
        -0.005786363957533971,
        0.00024393443668502374
      ]
    }
  },
  "checks": 86702,
  "rows": 83160,
  "scalar_clipped_maxdiff": 2.220446049250313e-16,
  "split_audit": [
    {
      "validator": "DIAG10",
      "fold": 0,
      "train_days": 262,
      "valid_days": 38
    },
    {
      "validator": "DIAG10",
      "fold": 1,
      "train_days": 273,
      "valid_days": 30
    },
    {
      "validator": "DIAG10",
      "fold": 2,
      "train_days": 259,
      "valid_days": 40
    },
    {
      "validator": "DIAG10",
      "fold": 3,
      "train_days": 267,
      "valid_days": 33
    },
    {
      "validator": "DIAG10",
      "fold": 4,
      "train_days": 255,
      "valid_days": 40
    },
    {
      "validator": "DIAG10",
      "fold": 5,
      "train_days": 274,
      "valid_days": 28
    },
    {
      "validator": "DIAG10",
      "fold": 6,
      "train_days": 262,
      "valid_days": 40
    },
    {
      "validator": "DIAG10",
      "fold": 7,
      "train_days": 274,
      "valid_days": 31
    },
    {
      "validator": "DIAG10",
      "fold": 8,
      "train_days": 258,
      "valid_days": 40
    },
    {
      "validator": "DIAG10",
      "fold": 9,
      "train_days": 258,
      "valid_days": 40
    },
    {
      "validator": "A",
      "fold": 0,
      "train_days": 253,
      "valid_days": 53
    },
    {
      "validator": "A",
      "fold": 1,
      "train_days": 247,
      "valid_days": 55
    },
    {
      "validator": "A",
      "fold": 2,
      "train_days": 250,
      "valid_days": 53
    },
    {
      "validator": "A",
      "fold": 3,
      "train_days": 251,
      "valid_days": 52
    },
    {
      "validator": "A",
      "fold": 4,
      "train_days": 254,
      "valid_days": 51
    },
    {
      "validator": "B",
      "fold": 0,
      "train_days": 248,
      "valid_days": 53
    },
    {
      "validator": "B",
      "fold": 1,
      "train_days": 246,
      "valid_days": 55
    },
    {
      "validator": "B",
      "fold": 2,
      "train_days": 255,
      "valid_days": 51
    },
    {
      "validator": "B",
      "fold": 3,
      "train_days": 249,
      "valid_days": 54
    },
    {
      "validator": "B",
      "fold": 4,
      "train_days": 255,
      "valid_days": 50
    },
    {
      "validator": "EXT10",
      "fold": 0,
      "train_days": 191,
      "valid_days": 75
    },
    {
      "validator": "EXT12",
      "fold": 0,
      "train_days": 100,
      "valid_days": 193
    }
  ],
  "source_sha256": "da051616ac990d8c5226a9c6fe80b03f5980bcf13d7f887f9471a0677efa83d1",
  "analyzer_sha256": "44996cdc31cbdcab30fe5cf069aaf22a81c3a49376a5519e701ba29fc0d22c03"
}
