PREP DIAG10 0
PREP DIAG10 1
PREP DIAG10 2
PREP DIAG10 3
PREP DIAG10 4
PREP DIAG10 5
PREP DIAG10 6
PREP DIAG10 7
PREP DIAG10 8
PREP DIAG10 9
PREP A 0
PREP A 1
PREP A 2
PREP A 3
PREP A 4
PREP B 0
PREP B 1
PREP B 2
PREP B 3
PREP B 4
PREP EXT10 0
PREP EXT12 0
PRECISION 0 7 0 COMPLETE
PRECISION 0 7 1 COMPLETE
PRECISION 0 7 2 COMPLETE
PRECISION 0 101 0 COMPLETE
PRECISION 0 101 1 COMPLETE
PRECISION 0 101 2 COMPLETE
PRECISION 0 2024 0 COMPLETE
PRECISION 0 2024 1 COMPLETE
PRECISION 0 2024 2 COMPLETE
PRECISION 1 7 0 COMPLETE
PRECISION 1 7 1 COMPLETE
PRECISION 1 7 2 COMPLETE
PRECISION 1 101 0 COMPLETE
PRECISION 1 101 1 COMPLETE
PRECISION 1 101 2 COMPLETE
PRECISION 1 2024 0 COMPLETE
PRECISION 1 2024 1 COMPLETE
PRECISION 1 2024 2 COMPLETE
PRECISION 2 7 0 COMPLETE
PRECISION 2 7 1 COMPLETE
PRECISION 2 7 2 COMPLETE
PRECISION 2 101 0 COMPLETE
PRECISION 2 101 1 COMPLETE
PRECISION 2 101 2 COMPLETE
PRECISION 2 2024 0 COMPLETE
PRECISION 2 2024 1 COMPLETE
PRECISION 2 2024 2 COMPLETE
PRECISION 3 7 0 COMPLETE
PRECISION 3 7 1 COMPLETE
PRECISION 3 7 2 COMPLETE
PRECISION 3 101 0 COMPLETE
PRECISION 3 101 1 COMPLETE
PRECISION 3 101 2 COMPLETE
PRECISION 3 2024 0 COMPLETE
PRECISION 3 2024 1 COMPLETE
PRECISION 3 2024 2 COMPLETE
PRECISION 4 7 0 COMPLETE
PRECISION 4 7 1 COMPLETE
PRECISION 4 7 2 COMPLETE
PRECISION 4 101 0 COMPLETE
PRECISION 4 101 1 COMPLETE
PRECISION 4 101 2 COMPLETE
PRECISION 4 2024 0 COMPLETE
PRECISION 4 2024 1 COMPLETE
PRECISION 4 2024 2 COMPLETE
PRECISION 5 7 0 COMPLETE
PRECISION 5 7 1 COMPLETE
PRECISION 5 7 2 COMPLETE
PRECISION 5 101 0 COMPLETE
PRECISION 5 101 1 COMPLETE
PRECISION 5 101 2 COMPLETE
PRECISION 5 2024 0 COMPLETE
PRECISION 5 2024 1 COMPLETE
PRECISION 5 2024 2 COMPLETE
PRECISION 6 7 0 COMPLETE
PRECISION 6 7 1 COMPLETE
PRECISION 6 7 2 COMPLETE
PRECISION 6 101 0 COMPLETE
PRECISION 6 101 1 COMPLETE
PRECISION 6 101 2 COMPLETE
PRECISION 6 2024 0 COMPLETE
PRECISION 6 2024 1 COMPLETE
PRECISION 6 2024 2 COMPLETE
PRECISION 7 7 0 COMPLETE
PRECISION 7 7 1 COMPLETE
PRECISION 7 7 2 COMPLETE
PRECISION 7 101 0 COMPLETE
PRECISION 7 101 1 COMPLETE
PRECISION 7 101 2 COMPLETE
PRECISION 7 2024 0 COMPLETE
PRECISION 7 2024 1 COMPLETE
PRECISION 7 2024 2 COMPLETE
PRECISION 8 7 0 COMPLETE
PRECISION 8 7 1 COMPLETE
PRECISION 8 7 2 COMPLETE
PRECISION 8 101 0 COMPLETE
PRECISION 8 101 1 COMPLETE
PRECISION 8 101 2 COMPLETE
PRECISION 8 2024 0 COMPLETE
PRECISION 8 2024 1 COMPLETE
PRECISION 8 2024 2 COMPLETE
PRECISION 9 7 0 COMPLETE
PRECISION 9 7 1 COMPLETE
PRECISION 9 7 2 COMPLETE
PRECISION 9 101 0 COMPLETE
PRECISION 9 101 1 COMPLETE
PRECISION 9 101 2 COMPLETE
PRECISION 9 2024 0 COMPLETE
PRECISION 9 2024 1 COMPLETE
PRECISION 9 2024 2 COMPLETE
PRECISION90_PASS
