PREP DIAG10 0
PREP DIAG10 1
PREP DIAG10 2
PREP DIAG10 3
PREP DIAG10 4
PREP DIAG10 5
PREP DIAG10 6
PREP DIAG10 7
PREP DIAG10 8
PREP DIAG10 9
PREP A 0
PREP A 1
PREP A 2
PREP A 3
PREP A 4
PREP B 0
PREP B 1
PREP B 2
PREP B 3
PREP B 4
PREP EXT10 0
PREP EXT12 0
VERIFY outer_actual LR DIAG10 0 7
VERIFY inner_resub LR DIAG10 0 7
VERIFY inner_meta_oof LR DIAG10 0 7
VERIFY outer_actual LGB DIAG10 0 7
VERIFY inner_resub LGB DIAG10 0 7
VERIFY inner_meta_oof LGB DIAG10 0 7
VERIFY outer_actual MLP DIAG10 0 7
VERIFY inner_resub MLP DIAG10 0 7
VERIFY inner_meta_oof MLP DIAG10 0 7
VERIFY outer_actual LR DIAG10 0 101
VERIFY inner_resub LR DIAG10 0 101
VERIFY inner_meta_oof LR DIAG10 0 101
VERIFY outer_actual LGB DIAG10 0 101
VERIFY inner_resub LGB DIAG10 0 101
VERIFY inner_meta_oof LGB DIAG10 0 101
VERIFY outer_actual MLP DIAG10 0 101
VERIFY inner_resub MLP DIAG10 0 101
VERIFY inner_meta_oof MLP DIAG10 0 101
VERIFY outer_actual LR DIAG10 0 2024
VERIFY inner_resub LR DIAG10 0 2024
VERIFY inner_meta_oof LR DIAG10 0 2024
VERIFY outer_actual LGB DIAG10 0 2024
VERIFY inner_resub LGB DIAG10 0 2024
VERIFY inner_meta_oof LGB DIAG10 0 2024
VERIFY outer_actual MLP DIAG10 0 2024
VERIFY inner_resub MLP DIAG10 0 2024
VERIFY inner_meta_oof MLP DIAG10 0 2024
VERIFY outer_actual LR DIAG10 1 7
VERIFY inner_resub LR DIAG10 1 7
VERIFY inner_meta_oof LR DIAG10 1 7
VERIFY outer_actual LGB DIAG10 1 7
VERIFY inner_resub LGB DIAG10 1 7
VERIFY inner_meta_oof LGB DIAG10 1 7
VERIFY outer_actual MLP DIAG10 1 7
VERIFY inner_resub MLP DIAG10 1 7
VERIFY inner_meta_oof MLP DIAG10 1 7
VERIFY outer_actual LR DIAG10 1 101
VERIFY inner_resub LR DIAG10 1 101
VERIFY inner_meta_oof LR DIAG10 1 101
VERIFY outer_actual LGB DIAG10 1 101
VERIFY inner_resub LGB DIAG10 1 101
VERIFY inner_meta_oof LGB DIAG10 1 101
VERIFY outer_actual MLP DIAG10 1 101
VERIFY inner_resub MLP DIAG10 1 101
VERIFY inner_meta_oof MLP DIAG10 1 101
VERIFY outer_actual LR DIAG10 1 2024
VERIFY inner_resub LR DIAG10 1 2024
VERIFY inner_meta_oof LR DIAG10 1 2024
VERIFY outer_actual LGB DIAG10 1 2024
VERIFY inner_resub LGB DIAG10 1 2024
VERIFY inner_meta_oof LGB DIAG10 1 2024
VERIFY outer_actual MLP DIAG10 1 2024
VERIFY inner_resub MLP DIAG10 1 2024
VERIFY inner_meta_oof MLP DIAG10 1 2024
VERIFY outer_actual LR DIAG10 2 7
VERIFY inner_resub LR DIAG10 2 7
VERIFY inner_meta_oof LR DIAG10 2 7
VERIFY outer_actual LGB DIAG10 2 7
VERIFY inner_resub LGB DIAG10 2 7
VERIFY inner_meta_oof LGB DIAG10 2 7
VERIFY outer_actual MLP DIAG10 2 7
VERIFY inner_resub MLP DIAG10 2 7
VERIFY inner_meta_oof MLP DIAG10 2 7
VERIFY outer_actual LR DIAG10 2 101
VERIFY inner_resub LR DIAG10 2 101
VERIFY inner_meta_oof LR DIAG10 2 101
VERIFY outer_actual LGB DIAG10 2 101
VERIFY inner_resub LGB DIAG10 2 101
VERIFY inner_meta_oof LGB DIAG10 2 101
VERIFY outer_actual MLP DIAG10 2 101
VERIFY inner_resub MLP DIAG10 2 101
VERIFY inner_meta_oof MLP DIAG10 2 101
VERIFY outer_actual LR DIAG10 2 2024
VERIFY inner_resub LR DIAG10 2 2024
VERIFY inner_meta_oof LR DIAG10 2 2024
VERIFY outer_actual LGB DIAG10 2 2024
VERIFY inner_resub LGB DIAG10 2 2024
VERIFY inner_meta_oof LGB DIAG10 2 2024
VERIFY outer_actual MLP DIAG10 2 2024
VERIFY inner_resub MLP DIAG10 2 2024
VERIFY inner_meta_oof MLP DIAG10 2 2024
VERIFY outer_actual LR DIAG10 3 7
VERIFY inner_resub LR DIAG10 3 7
VERIFY inner_meta_oof LR DIAG10 3 7
VERIFY outer_actual LGB DIAG10 3 7
VERIFY inner_resub LGB DIAG10 3 7
VERIFY inner_meta_oof LGB DIAG10 3 7
VERIFY outer_actual MLP DIAG10 3 7
VERIFY inner_resub MLP DIAG10 3 7
VERIFY inner_meta_oof MLP DIAG10 3 7
VERIFY outer_actual LR DIAG10 3 101
VERIFY inner_resub LR DIAG10 3 101
VERIFY inner_meta_oof LR DIAG10 3 101
VERIFY outer_actual LGB DIAG10 3 101
VERIFY inner_resub LGB DIAG10 3 101
VERIFY inner_meta_oof LGB DIAG10 3 101
VERIFY outer_actual MLP DIAG10 3 101
VERIFY inner_resub MLP DIAG10 3 101
VERIFY inner_meta_oof MLP DIAG10 3 101
VERIFY outer_actual LR DIAG10 3 2024
VERIFY inner_resub LR DIAG10 3 2024
VERIFY inner_meta_oof LR DIAG10 3 2024
VERIFY outer_actual LGB DIAG10 3 2024
VERIFY inner_resub LGB DIAG10 3 2024
VERIFY inner_meta_oof LGB DIAG10 3 2024
VERIFY outer_actual MLP DIAG10 3 2024
VERIFY inner_resub MLP DIAG10 3 2024
VERIFY inner_meta_oof MLP DIAG10 3 2024
VERIFY outer_actual LR DIAG10 4 7
VERIFY inner_resub LR DIAG10 4 7
VERIFY inner_meta_oof LR DIAG10 4 7
VERIFY outer_actual LGB DIAG10 4 7
VERIFY inner_resub LGB DIAG10 4 7
VERIFY inner_meta_oof LGB DIAG10 4 7
VERIFY outer_actual MLP DIAG10 4 7
VERIFY inner_resub MLP DIAG10 4 7
VERIFY inner_meta_oof MLP DIAG10 4 7
VERIFY outer_actual LR DIAG10 4 101
VERIFY inner_resub LR DIAG10 4 101
VERIFY inner_meta_oof LR DIAG10 4 101
VERIFY outer_actual LGB DIAG10 4 101
VERIFY inner_resub LGB DIAG10 4 101
VERIFY inner_meta_oof LGB DIAG10 4 101
VERIFY outer_actual MLP DIAG10 4 101
VERIFY inner_resub MLP DIAG10 4 101
VERIFY inner_meta_oof MLP DIAG10 4 101
VERIFY outer_actual LR DIAG10 4 2024
VERIFY inner_resub LR DIAG10 4 2024
VERIFY inner_meta_oof LR DIAG10 4 2024
VERIFY outer_actual LGB DIAG10 4 2024
VERIFY inner_resub LGB DIAG10 4 2024
VERIFY inner_meta_oof LGB DIAG10 4 2024
VERIFY outer_actual MLP DIAG10 4 2024
VERIFY inner_resub MLP DIAG10 4 2024
VERIFY inner_meta_oof MLP DIAG10 4 2024
VERIFY outer_actual LR DIAG10 5 7
VERIFY inner_resub LR DIAG10 5 7
VERIFY inner_meta_oof LR DIAG10 5 7
VERIFY outer_actual LGB DIAG10 5 7
VERIFY inner_resub LGB DIAG10 5 7
VERIFY inner_meta_oof LGB DIAG10 5 7
VERIFY outer_actual MLP DIAG10 5 7
VERIFY inner_resub MLP DIAG10 5 7
VERIFY inner_meta_oof MLP DIAG10 5 7
VERIFY outer_actual LR DIAG10 5 101
VERIFY inner_resub LR DIAG10 5 101
VERIFY inner_meta_oof LR DIAG10 5 101
VERIFY outer_actual LGB DIAG10 5 101
VERIFY inner_resub LGB DIAG10 5 101
VERIFY inner_meta_oof LGB DIAG10 5 101
VERIFY outer_actual MLP DIAG10 5 101
VERIFY inner_resub MLP DIAG10 5 101
VERIFY inner_meta_oof MLP DIAG10 5 101
VERIFY outer_actual LR DIAG10 5 2024
VERIFY inner_resub LR DIAG10 5 2024
VERIFY inner_meta_oof LR DIAG10 5 2024
VERIFY outer_actual LGB DIAG10 5 2024
VERIFY inner_resub LGB DIAG10 5 2024
VERIFY inner_meta_oof LGB DIAG10 5 2024
VERIFY outer_actual MLP DIAG10 5 2024
VERIFY inner_resub MLP DIAG10 5 2024
VERIFY inner_meta_oof MLP DIAG10 5 2024
VERIFY outer_actual LR DIAG10 6 7
VERIFY inner_resub LR DIAG10 6 7
VERIFY inner_meta_oof LR DIAG10 6 7
VERIFY outer_actual LGB DIAG10 6 7
VERIFY inner_resub LGB DIAG10 6 7
VERIFY inner_meta_oof LGB DIAG10 6 7
VERIFY outer_actual MLP DIAG10 6 7
VERIFY inner_resub MLP DIAG10 6 7
VERIFY inner_meta_oof MLP DIAG10 6 7
VERIFY outer_actual LR DIAG10 6 101
VERIFY inner_resub LR DIAG10 6 101
VERIFY inner_meta_oof LR DIAG10 6 101
VERIFY outer_actual LGB DIAG10 6 101
VERIFY inner_resub LGB DIAG10 6 101
VERIFY inner_meta_oof LGB DIAG10 6 101
VERIFY outer_actual MLP DIAG10 6 101
VERIFY inner_resub MLP DIAG10 6 101
VERIFY inner_meta_oof MLP DIAG10 6 101
VERIFY outer_actual LR DIAG10 6 2024
VERIFY inner_resub LR DIAG10 6 2024
VERIFY inner_meta_oof LR DIAG10 6 2024
VERIFY outer_actual LGB DIAG10 6 2024
VERIFY inner_resub LGB DIAG10 6 2024
VERIFY inner_meta_oof LGB DIAG10 6 2024
VERIFY outer_actual MLP DIAG10 6 2024
VERIFY inner_resub MLP DIAG10 6 2024
VERIFY inner_meta_oof MLP DIAG10 6 2024
VERIFY outer_actual LR DIAG10 7 7
VERIFY inner_resub LR DIAG10 7 7
VERIFY inner_meta_oof LR DIAG10 7 7
VERIFY outer_actual LGB DIAG10 7 7
VERIFY inner_resub LGB DIAG10 7 7
VERIFY inner_meta_oof LGB DIAG10 7 7
VERIFY outer_actual MLP DIAG10 7 7
VERIFY inner_resub MLP DIAG10 7 7
VERIFY inner_meta_oof MLP DIAG10 7 7
VERIFY outer_actual LR DIAG10 7 101
VERIFY inner_resub LR DIAG10 7 101
VERIFY inner_meta_oof LR DIAG10 7 101
VERIFY outer_actual LGB DIAG10 7 101
VERIFY inner_resub LGB DIAG10 7 101
VERIFY inner_meta_oof LGB DIAG10 7 101
VERIFY outer_actual MLP DIAG10 7 101
VERIFY inner_resub MLP DIAG10 7 101
VERIFY inner_meta_oof MLP DIAG10 7 101
VERIFY outer_actual LR DIAG10 7 2024
VERIFY inner_resub LR DIAG10 7 2024
VERIFY inner_meta_oof LR DIAG10 7 2024
VERIFY outer_actual LGB DIAG10 7 2024
VERIFY inner_resub LGB DIAG10 7 2024
VERIFY inner_meta_oof LGB DIAG10 7 2024
VERIFY outer_actual MLP DIAG10 7 2024
VERIFY inner_resub MLP DIAG10 7 2024
VERIFY inner_meta_oof MLP DIAG10 7 2024
VERIFY outer_actual LR DIAG10 8 7
VERIFY inner_resub LR DIAG10 8 7
VERIFY inner_meta_oof LR DIAG10 8 7
VERIFY outer_actual LGB DIAG10 8 7
VERIFY inner_resub LGB DIAG10 8 7
VERIFY inner_meta_oof LGB DIAG10 8 7
VERIFY outer_actual MLP DIAG10 8 7
VERIFY inner_resub MLP DIAG10 8 7
VERIFY inner_meta_oof MLP DIAG10 8 7
VERIFY outer_actual LR DIAG10 8 101
VERIFY inner_resub LR DIAG10 8 101
VERIFY inner_meta_oof LR DIAG10 8 101
VERIFY outer_actual LGB DIAG10 8 101
VERIFY inner_resub LGB DIAG10 8 101
VERIFY inner_meta_oof LGB DIAG10 8 101
VERIFY outer_actual MLP DIAG10 8 101
VERIFY inner_resub MLP DIAG10 8 101
VERIFY inner_meta_oof MLP DIAG10 8 101
VERIFY outer_actual LR DIAG10 8 2024
VERIFY inner_resub LR DIAG10 8 2024
VERIFY inner_meta_oof LR DIAG10 8 2024
VERIFY outer_actual LGB DIAG10 8 2024
VERIFY inner_resub LGB DIAG10 8 2024
VERIFY inner_meta_oof LGB DIAG10 8 2024
VERIFY outer_actual MLP DIAG10 8 2024
VERIFY inner_resub MLP DIAG10 8 2024
VERIFY inner_meta_oof MLP DIAG10 8 2024
VERIFY outer_actual LR DIAG10 9 7
VERIFY inner_resub LR DIAG10 9 7
VERIFY inner_meta_oof LR DIAG10 9 7
VERIFY outer_actual LGB DIAG10 9 7
VERIFY inner_resub LGB DIAG10 9 7
VERIFY inner_meta_oof LGB DIAG10 9 7
VERIFY outer_actual MLP DIAG10 9 7
VERIFY inner_resub MLP DIAG10 9 7
VERIFY inner_meta_oof MLP DIAG10 9 7
VERIFY outer_actual LR DIAG10 9 101
VERIFY inner_resub LR DIAG10 9 101
VERIFY inner_meta_oof LR DIAG10 9 101
VERIFY outer_actual LGB DIAG10 9 101
VERIFY inner_resub LGB DIAG10 9 101
VERIFY inner_meta_oof LGB DIAG10 9 101
VERIFY outer_actual MLP DIAG10 9 101
VERIFY inner_resub MLP DIAG10 9 101
VERIFY inner_meta_oof MLP DIAG10 9 101
VERIFY outer_actual LR DIAG10 9 2024
VERIFY inner_resub LR DIAG10 9 2024
VERIFY inner_meta_oof LR DIAG10 9 2024
VERIFY outer_actual LGB DIAG10 9 2024
VERIFY inner_resub LGB DIAG10 9 2024
VERIFY inner_meta_oof LGB DIAG10 9 2024
VERIFY outer_actual MLP DIAG10 9 2024
VERIFY inner_resub MLP DIAG10 9 2024
VERIFY inner_meta_oof MLP DIAG10 9 2024
VERIFY outer_actual LR A 0 7
VERIFY inner_resub LR A 0 7
VERIFY outer_actual LGB A 0 7
VERIFY inner_resub LGB A 0 7
VERIFY outer_actual MLP A 0 7
VERIFY inner_resub MLP A 0 7
VERIFY outer_actual LR A 0 101
VERIFY inner_resub LR A 0 101
VERIFY outer_actual LGB A 0 101
VERIFY inner_resub LGB A 0 101
VERIFY outer_actual MLP A 0 101
VERIFY inner_resub MLP A 0 101
VERIFY outer_actual LR A 0 2024
VERIFY inner_resub LR A 0 2024
VERIFY outer_actual LGB A 0 2024
VERIFY inner_resub LGB A 0 2024
VERIFY outer_actual MLP A 0 2024
VERIFY inner_resub MLP A 0 2024
VERIFY outer_actual LR A 1 7
VERIFY inner_resub LR A 1 7
VERIFY outer_actual LGB A 1 7
VERIFY inner_resub LGB A 1 7
VERIFY outer_actual MLP A 1 7
VERIFY inner_resub MLP A 1 7
VERIFY outer_actual LR A 1 101
VERIFY inner_resub LR A 1 101
VERIFY outer_actual LGB A 1 101
VERIFY inner_resub LGB A 1 101
VERIFY outer_actual MLP A 1 101
VERIFY inner_resub MLP A 1 101
VERIFY outer_actual LR A 1 2024
VERIFY inner_resub LR A 1 2024
VERIFY outer_actual LGB A 1 2024
VERIFY inner_resub LGB A 1 2024
VERIFY outer_actual MLP A 1 2024
VERIFY inner_resub MLP A 1 2024
VERIFY outer_actual LR A 2 7
VERIFY inner_resub LR A 2 7
VERIFY outer_actual LGB A 2 7
VERIFY inner_resub LGB A 2 7
VERIFY outer_actual MLP A 2 7
VERIFY inner_resub MLP A 2 7
VERIFY outer_actual LR A 2 101
VERIFY inner_resub LR A 2 101
VERIFY outer_actual LGB A 2 101
VERIFY inner_resub LGB A 2 101
VERIFY outer_actual MLP A 2 101
VERIFY inner_resub MLP A 2 101
VERIFY outer_actual LR A 2 2024
VERIFY inner_resub LR A 2 2024
VERIFY outer_actual LGB A 2 2024
VERIFY inner_resub LGB A 2 2024
VERIFY outer_actual MLP A 2 2024
VERIFY inner_resub MLP A 2 2024
VERIFY outer_actual LR A 3 7
VERIFY inner_resub LR A 3 7
VERIFY outer_actual LGB A 3 7
VERIFY inner_resub LGB A 3 7
VERIFY outer_actual MLP A 3 7
VERIFY inner_resub MLP A 3 7
VERIFY outer_actual LR A 3 101
VERIFY inner_resub LR A 3 101
VERIFY outer_actual LGB A 3 101
VERIFY inner_resub LGB A 3 101
VERIFY outer_actual MLP A 3 101
VERIFY inner_resub MLP A 3 101
VERIFY outer_actual LR A 3 2024
VERIFY inner_resub LR A 3 2024
VERIFY outer_actual LGB A 3 2024
VERIFY inner_resub LGB A 3 2024
VERIFY outer_actual MLP A 3 2024
VERIFY inner_resub MLP A 3 2024
VERIFY outer_actual LR A 4 7
VERIFY inner_resub LR A 4 7
VERIFY outer_actual LGB A 4 7
VERIFY inner_resub LGB A 4 7
VERIFY outer_actual MLP A 4 7
VERIFY inner_resub MLP A 4 7
VERIFY outer_actual LR A 4 101
VERIFY inner_resub LR A 4 101
VERIFY outer_actual LGB A 4 101
VERIFY inner_resub LGB A 4 101
VERIFY outer_actual MLP A 4 101
VERIFY inner_resub MLP A 4 101
VERIFY outer_actual LR A 4 2024
VERIFY inner_resub LR A 4 2024
VERIFY outer_actual LGB A 4 2024
VERIFY inner_resub LGB A 4 2024
VERIFY outer_actual MLP A 4 2024
VERIFY inner_resub MLP A 4 2024
VERIFY outer_actual LR B 0 7
VERIFY inner_resub LR B 0 7
VERIFY outer_actual LGB B 0 7
VERIFY inner_resub LGB B 0 7
VERIFY outer_actual MLP B 0 7
VERIFY inner_resub MLP B 0 7
VERIFY outer_actual LR B 0 101
VERIFY inner_resub LR B 0 101
VERIFY outer_actual LGB B 0 101
VERIFY inner_resub LGB B 0 101
VERIFY outer_actual MLP B 0 101
VERIFY inner_resub MLP B 0 101
VERIFY outer_actual LR B 0 2024
VERIFY inner_resub LR B 0 2024
VERIFY outer_actual LGB B 0 2024
VERIFY inner_resub LGB B 0 2024
VERIFY outer_actual MLP B 0 2024
VERIFY inner_resub MLP B 0 2024
VERIFY outer_actual LR B 1 7
VERIFY inner_resub LR B 1 7
VERIFY outer_actual LGB B 1 7
VERIFY inner_resub LGB B 1 7
VERIFY outer_actual MLP B 1 7
VERIFY inner_resub MLP B 1 7
VERIFY outer_actual LR B 1 101
VERIFY inner_resub LR B 1 101
VERIFY outer_actual LGB B 1 101
VERIFY inner_resub LGB B 1 101
VERIFY outer_actual MLP B 1 101
VERIFY inner_resub MLP B 1 101
VERIFY outer_actual LR B 1 2024
VERIFY inner_resub LR B 1 2024
VERIFY outer_actual LGB B 1 2024
VERIFY inner_resub LGB B 1 2024
VERIFY outer_actual MLP B 1 2024
VERIFY inner_resub MLP B 1 2024
VERIFY outer_actual LR B 2 7
VERIFY inner_resub LR B 2 7
VERIFY outer_actual LGB B 2 7
VERIFY inner_resub LGB B 2 7
VERIFY outer_actual MLP B 2 7
VERIFY inner_resub MLP B 2 7
VERIFY outer_actual LR B 2 101
VERIFY inner_resub LR B 2 101
VERIFY outer_actual LGB B 2 101
VERIFY inner_resub LGB B 2 101
VERIFY outer_actual MLP B 2 101
VERIFY inner_resub MLP B 2 101
VERIFY outer_actual LR B 2 2024
VERIFY inner_resub LR B 2 2024
VERIFY outer_actual LGB B 2 2024
VERIFY inner_resub LGB B 2 2024
VERIFY outer_actual MLP B 2 2024
VERIFY inner_resub MLP B 2 2024
VERIFY outer_actual LR B 3 7
VERIFY inner_resub LR B 3 7
VERIFY outer_actual LGB B 3 7
VERIFY inner_resub LGB B 3 7
VERIFY outer_actual MLP B 3 7
VERIFY inner_resub MLP B 3 7
VERIFY outer_actual LR B 3 101
VERIFY inner_resub LR B 3 101
VERIFY outer_actual LGB B 3 101
VERIFY inner_resub LGB B 3 101
VERIFY outer_actual MLP B 3 101
VERIFY inner_resub MLP B 3 101
VERIFY outer_actual LR B 3 2024
VERIFY inner_resub LR B 3 2024
VERIFY outer_actual LGB B 3 2024
VERIFY inner_resub LGB B 3 2024
VERIFY outer_actual MLP B 3 2024
VERIFY inner_resub MLP B 3 2024
VERIFY outer_actual LR B 4 7
VERIFY inner_resub LR B 4 7
VERIFY outer_actual LGB B 4 7
VERIFY inner_resub LGB B 4 7
VERIFY outer_actual MLP B 4 7
VERIFY inner_resub MLP B 4 7
VERIFY outer_actual LR B 4 101
VERIFY inner_resub LR B 4 101
VERIFY outer_actual LGB B 4 101
VERIFY inner_resub LGB B 4 101
VERIFY outer_actual MLP B 4 101
VERIFY inner_resub MLP B 4 101
VERIFY outer_actual LR B 4 2024
VERIFY inner_resub LR B 4 2024
VERIFY outer_actual LGB B 4 2024
VERIFY inner_resub LGB B 4 2024
VERIFY outer_actual MLP B 4 2024
VERIFY inner_resub MLP B 4 2024
PASS_DIAGNOSIS_AND_META270
