validator  fold  train_days  current_var  day_mean_var  within_var  joint_root_loss    covariance  current_day_fraction  joint_day_fraction
   DIAG10     0         262     0.175800      0.166735    0.009066         0.171268  3.221432e-18              0.948432            0.973534
   DIAG10     1         273     0.170390      0.161685    0.008705         0.166038  3.558407e-18              0.948913            0.973787
   DIAG10     2         259     0.170550      0.162243    0.008307         0.166397  2.991672e-18              0.951294            0.975039
   DIAG10     3         267     0.160997      0.154816    0.006181         0.157907  3.906918e-18              0.961607            0.980428
   DIAG10     4         255     0.167464      0.160915    0.006549         0.164190  4.670785e-18              0.960892            0.980056
   DIAG10     5         274     0.147727      0.139514    0.008213         0.143621  2.935688e-18              0.944401            0.971406
   DIAG10     6         262     0.158546      0.149772    0.008773         0.154159  1.625476e-18              0.944664            0.971545
   DIAG10     7         274     0.158282      0.149990    0.008292         0.154136  3.033128e-18              0.947610            0.973100
   DIAG10     8         258     0.134136      0.126194    0.007942         0.130165  3.481213e-18              0.940792            0.969493
   DIAG10     9         258     0.159819      0.150791    0.009028         0.155305  1.915284e-18              0.943509            0.970933
        A     0         253     0.179502      0.170304    0.009198         0.174903  3.716285e-18              0.948757            0.973705
        A     1         247     0.162470      0.153666    0.008803         0.158068  1.574361e-18              0.945816            0.972154
        A     2         250     0.127123      0.119883    0.007240         0.123503 -5.497628e-19              0.943050            0.970691
        A     3         251     0.120451      0.112868    0.007583         0.116660  1.437540e-18              0.937047            0.967500
        A     4         254     0.136255      0.131757    0.004498         0.134006  4.025492e-18              0.966991            0.983219
        B     0         248     0.184184      0.174781    0.009403         0.179483  3.632806e-18              0.948949            0.973806
        B     1         246     0.161486      0.153287    0.008199         0.157386  2.844194e-18              0.949228            0.973953
        B     2         255     0.134789      0.126844    0.007945         0.130816  2.823603e-18              0.941053            0.969631
        B     3         249     0.132438      0.124944    0.007494         0.128691  1.676667e-18              0.943414            0.970883
        B     4         255     0.132219      0.126037    0.006182         0.129128 -8.344814e-19              0.953246            0.976063
    EXT10     0         191     0.095110      0.089667    0.005444         0.092389  1.748725e-18              0.942763            0.970538
    EXT12     0         100     0.049392      0.044487    0.004906         0.046939 -3.090338e-18              0.900676            0.947743
CHECKS 132
