PREP DIAG10 0
PREP DIAG10 1
PREP DIAG10 2
PREP DIAG10 3
PREP DIAG10 4
PREP DIAG10 5
PREP DIAG10 6
PREP DIAG10 7
PREP DIAG10 8
PREP DIAG10 9
PREP A 0
PREP A 1
PREP A 2
PREP A 3
PREP A 4
PREP B 0
PREP B 1
PREP B 2
PREP B 3
PREP B 4
PREP EXT10 0
PREP EXT12 0
RIDGE DIAG10 0 COMPLETE
RIDGE DIAG10 1 COMPLETE
RIDGE DIAG10 2 COMPLETE
RIDGE DIAG10 3 COMPLETE
RIDGE DIAG10 4 COMPLETE
RIDGE DIAG10 5 COMPLETE
RIDGE DIAG10 6 COMPLETE
RIDGE DIAG10 7 COMPLETE
RIDGE DIAG10 8 COMPLETE
RIDGE DIAG10 9 COMPLETE
RIDGE A 0 COMPLETE
RIDGE A 1 COMPLETE
RIDGE A 2 COMPLETE
RIDGE A 3 COMPLETE
RIDGE A 4 COMPLETE
RIDGE B 0 COMPLETE
RIDGE B 1 COMPLETE
RIDGE B 2 COMPLETE
RIDGE B 3 COMPLETE
RIDGE B 4 COMPLETE
RIDGE EXT10 0 COMPLETE
RIDGE EXT12 0 COMPLETE
RIDGE ALL66_COMPLETE
