PREP DIAG10 0
PREP DIAG10 1
PREP DIAG10 2
PREP DIAG10 3
PREP DIAG10 4
PREP DIAG10 5
PREP DIAG10 6
PREP DIAG10 7
PREP DIAG10 8
PREP DIAG10 9
PREP A 0
PREP A 1
PREP A 2
PREP A 3
PREP A 4
PREP B 0
PREP B 1
PREP B 2
PREP B 3
PREP B 4
PREP EXT10 0
PREP EXT12 0
GATE DIAG10 0 COMPLETE
GATE DIAG10 1 COMPLETE
GATE DIAG10 2 COMPLETE
GATE DIAG10 3 COMPLETE
GATE DIAG10 4 COMPLETE
GATE DIAG10 5 COMPLETE
GATE DIAG10 6 COMPLETE
GATE DIAG10 7 COMPLETE
GATE DIAG10 8 COMPLETE
GATE DIAG10 9 COMPLETE
GATE A 0 COMPLETE
GATE A 1 COMPLETE
GATE A 2 COMPLETE
GATE A 3 COMPLETE
GATE A 4 COMPLETE
GATE B 0 COMPLETE
GATE B 1 COMPLETE
GATE B 2 COMPLETE
GATE B 3 COMPLETE
GATE B 4 COMPLETE
GATE EXT10 0 COMPLETE
GATE EXT12 0 COMPLETE
GATE ALL66_COMPLETE
