PREP DIAG10 0
PREP DIAG10 1
PREP DIAG10 2
PREP DIAG10 3
PREP DIAG10 4
PREP DIAG10 5
PREP DIAG10 6
PREP DIAG10 7
PREP DIAG10 8
PREP DIAG10 9
PREP A 0
PREP A 1
PREP A 2
PREP A 3
PREP A 4
PREP B 0
PREP B 1
PREP B 2
PREP B 3
PREP B 4
PREP EXT10 0
PREP EXT12 0
validator  seed    n  baseline  candidate  change_pct
   DIAG10     7 8640  0.181125   0.181912    0.434774
   DIAG10   101 8640  0.181679   0.182435    0.416276
   DIAG10  2024 8640  0.181728   0.182396    0.367973
        A     7 6336  0.214685   0.214685    0.000000
        A   101 6336  0.216246   0.216246    0.000000
        A  2024 6336  0.215872   0.215872    0.000000
        B     7 6312  0.200013   0.200013    0.000000
        B   101 6312  0.199782   0.199782    0.000000
        B  2024 6312  0.199705   0.199705    0.000000
    EXT10     7 1800  0.396781   0.398150    0.345169
    EXT10   101 1800  0.400067   0.401438    0.342801
    EXT10  2024 1800  0.399158   0.400713    0.389452
    EXT12     7 4632  0.414170   0.414170    0.000000
    EXT12   101 4632  0.412661   0.412661    0.000000
    EXT12  2024 4632  0.410576   0.410576    0.000000
DECISION False
