validator  seed    n  baseline  candidate  change_pct
        A     7 6336  0.214685   0.223209    3.970500
        A   101 6336  0.216246   0.223572    3.387987
        A  2024 6336  0.215872   0.223623    3.590368
        B     7 6312  0.200013   0.204568    2.277490
        B   101 6312  0.199782   0.205006    2.614762
        B  2024 6312  0.199705   0.203609    1.954696
   DIAG10     7 8640  0.181125   0.184456    1.839116
   DIAG10   101 8640  0.181679   0.182992    0.722514
   DIAG10  2024 8640  0.181728   0.183132    0.772659
    EXT10     7 1800  0.396781   0.383026   -3.466433
    EXT10   101 1800  0.400067   0.382159   -4.476289
    EXT10  2024 1800  0.399158   0.383103   -4.022221
    EXT12     7 4632  0.414170   0.414015   -0.037323
    EXT12   101 4632  0.412661   0.413137    0.115380
    EXT12  2024 4632  0.410576   0.410057   -0.126337
{
  "decision": "REJECT",
  "public_pass": false,
  "bootstrap": {
    "7": {
      "p_worse": 0.88585,
      "mse_diff_ci97_5": [
        -0.0010828113785199506,
        0.0035196521828395077
      ]
    },
    "101": {
      "p_worse": 0.6813,
      "mse_diff_ci97_5": [
        -0.00211948302817812,
        0.0027409017357500117
      ]
    },
    "2024": {
      "p_worse": 0.6771,
      "mse_diff_ci97_5": [
        -0.0021638023136769553,
        0.0029179226645565924
      ]
    }
  },
  "rows": 83160,
  "checks": 83193,
  "scalar_nonclipped_maxdiff": 4.440892098500626e-16,
  "source_sha256": "b913aeeb0b0d732fcb0a9d3251ec5976e43a284bb2dfef7f4b211679a3971a5c",
  "protocol_sha256": "c2d9cf19b6ee55a65465c2f50ec6b1b37e5815e12427d8c405b7407ddec02fe2"
}
