baseline reproduction 2.220446049250313e-16
DIAG10 0 7 done
DIAG10 0 101 done
DIAG10 0 2024 done
DIAG10 1 7 done
DIAG10 1 101 done
DIAG10 1 2024 done
DIAG10 2 7 done
DIAG10 2 101 done
DIAG10 2 2024 done
DIAG10 3 7 done
DIAG10 3 101 done
DIAG10 3 2024 done
DIAG10 4 7 done
DIAG10 4 101 done
DIAG10 4 2024 done
DIAG10 5 7 done
DIAG10 5 101 done
DIAG10 5 2024 done
DIAG10 6 7 done
DIAG10 6 101 done
DIAG10 6 2024 done
DIAG10 7 7 done
DIAG10 7 101 done
DIAG10 7 2024 done
DIAG10 8 7 done
DIAG10 8 101 done
DIAG10 8 2024 done
DIAG10 9 7 done
DIAG10 9 101 done
DIAG10 9 2024 done
A 0 7 done
A 0 101 done
A 0 2024 done
A 1 7 done
A 1 101 done
A 1 2024 done
A 2 7 done
A 2 101 done
A 2 2024 done
A 3 7 done
A 3 101 done
A 3 2024 done
A 4 7 done
A 4 101 done
A 4 2024 done
B 0 7 done
B 0 101 done
B 0 2024 done
B 1 7 done
B 1 101 done
B 1 2024 done
B 2 7 done
B 2 101 done
B 2 2024 done
B 3 7 done
B 3 101 done
B 3 2024 done
B 4 7 done
B 4 101 done
B 4 2024 done
EXT10 0 7 done
EXT10 0 101 done
EXT10 0 2024 done
EXT12 0 7 done
EXT12 0 101 done
EXT12 0 2024 done
ALL_FITS_COMPLETE
