INVENTORY_CHECK 0 / 12101
INVENTORY_CHECK 100 / 12101
INVENTORY_CHECK 200 / 12101
INVENTORY_CHECK 300 / 12101
INVENTORY_CHECK 400 / 12101
INVENTORY_CHECK 500 / 12101
INVENTORY_CHECK 600 / 12101
INVENTORY_CHECK 700 / 12101
INVENTORY_CHECK 800 / 12101
INVENTORY_CHECK 900 / 12101
INVENTORY_CHECK 1000 / 12101
INVENTORY_CHECK 1100 / 12101
INVENTORY_CHECK 1200 / 12101
INVENTORY_CHECK 1300 / 12101
INVENTORY_CHECK 1400 / 12101
INVENTORY_CHECK 1500 / 12101
INVENTORY_CHECK 1600 / 12101
INVENTORY_CHECK 1700 / 12101
INVENTORY_CHECK 1800 / 12101
INVENTORY_CHECK 1900 / 12101
INVENTORY_CHECK 2000 / 12101
INVENTORY_CHECK 2100 / 12101
INVENTORY_CHECK 2200 / 12101
INVENTORY_CHECK 2300 / 12101
INVENTORY_CHECK 2400 / 12101
INVENTORY_CHECK 2500 / 12101
INVENTORY_CHECK 2600 / 12101
INVENTORY_CHECK 2700 / 12101
INVENTORY_CHECK 2800 / 12101
INVENTORY_CHECK 2900 / 12101
INVENTORY_CHECK 3000 / 12101
INVENTORY_CHECK 3100 / 12101
INVENTORY_CHECK 3200 / 12101
INVENTORY_CHECK 3300 / 12101
INVENTORY_CHECK 3400 / 12101
INVENTORY_CHECK 3500 / 12101
INVENTORY_CHECK 3600 / 12101
INVENTORY_CHECK 3700 / 12101
INVENTORY_CHECK 3800 / 12101
INVENTORY_CHECK 3900 / 12101
INVENTORY_CHECK 4000 / 12101
INVENTORY_CHECK 4100 / 12101
INVENTORY_CHECK 4200 / 12101
INVENTORY_CHECK 4300 / 12101
INVENTORY_CHECK 4400 / 12101
INVENTORY_CHECK 4500 / 12101
INVENTORY_CHECK 4600 / 12101
INVENTORY_CHECK 4700 / 12101
INVENTORY_CHECK 4800 / 12101
INVENTORY_CHECK 4900 / 12101
INVENTORY_CHECK 5000 / 12101
INVENTORY_CHECK 5100 / 12101
INVENTORY_CHECK 5200 / 12101
INVENTORY_CHECK 5300 / 12101
INVENTORY_CHECK 5400 / 12101
INVENTORY_CHECK 5500 / 12101
INVENTORY_CHECK 5600 / 12101
INVENTORY_CHECK 5700 / 12101
