validator  seed    n  baseline  candidate  change_pct
        A     7 6336  0.214685   0.216182    0.697366
        A   101 6336  0.216246   0.217778    0.708529
        A  2024 6336  0.215872   0.218979    1.439059
        B     7 6312  0.200013   0.204668    2.327572
        B   101 6312  0.199782   0.205607    2.915604
        B  2024 6312  0.199705   0.204147    2.224532
   DIAG10     7 8640  0.181125   0.184713    1.981265
   DIAG10   101 8640  0.181679   0.184620    1.618650
   DIAG10  2024 8640  0.181728   0.184449    1.497248
    EXT10     7 1800  0.396781   0.408538    2.963153
    EXT10   101 1800  0.400067   0.411518    2.862148
    EXT10  2024 1800  0.399158   0.410161    2.756502
    EXT12     7 4632  0.414170   0.415607    0.347035
    EXT12   101 4632  0.412661   0.409561   -0.751035
    EXT12  2024 4632  0.410576   0.407721   -0.695306
{
  "status": "PASS",
  "decision": "REJECT",
  "public_pass": false,
  "family": 10,
  "alpha": 0.0025,
  "bootstrap": {
    "7": {
      "p_worse": 0.8881,
      "ci": [
        -0.0014159533861105133,
        0.004681949790553405
      ]
    },
    "101": {
      "p_worse": 0.84635,
      "ci": [
        -0.0016536956184471931,
        0.004277295706881375
      ]
    },
    "2024": {
      "p_worse": 0.84405,
      "ci": [
        -0.001766954894033365,
        0.004005904721139314
      ]
    }
  },
  "checks": 86702,
  "rows": 83160,
  "scalar_clipped_maxdiff": 2.220446049250313e-16,
  "split_audit": [
    {
      "validator": "DIAG10",
      "fold": 0,
      "train_days": 262,
      "valid_days": 38
    },
    {
      "validator": "DIAG10",
      "fold": 1,
      "train_days": 273,
      "valid_days": 30
    },
    {
      "validator": "DIAG10",
      "fold": 2,
      "train_days": 259,
      "valid_days": 40
    },
    {
      "validator": "DIAG10",
      "fold": 3,
      "train_days": 267,
      "valid_days": 33
    },
    {
      "validator": "DIAG10",
      "fold": 4,
      "train_days": 255,
      "valid_days": 40
    },
    {
      "validator": "DIAG10",
      "fold": 5,
      "train_days": 274,
      "valid_days": 28
    },
    {
      "validator": "DIAG10",
      "fold": 6,
      "train_days": 262,
      "valid_days": 40
    },
    {
      "validator": "DIAG10",
      "fold": 7,
      "train_days": 274,
      "valid_days": 31
    },
    {
      "validator": "DIAG10",
      "fold": 8,
      "train_days": 258,
      "valid_days": 40
    },
    {
      "validator": "DIAG10",
      "fold": 9,
      "train_days": 258,
      "valid_days": 40
    },
    {
      "validator": "A",
      "fold": 0,
      "train_days": 253,
      "valid_days": 53
    },
    {
      "validator": "A",
      "fold": 1,
      "train_days": 247,
      "valid_days": 55
    },
    {
      "validator": "A",
      "fold": 2,
      "train_days": 250,
      "valid_days": 53
    },
    {
      "validator": "A",
      "fold": 3,
      "train_days": 251,
      "valid_days": 52
    },
    {
      "validator": "A",
      "fold": 4,
      "train_days": 254,
      "valid_days": 51
    },
    {
      "validator": "B",
      "fold": 0,
      "train_days": 248,
      "valid_days": 53
    },
    {
      "validator": "B",
      "fold": 1,
      "train_days": 246,
      "valid_days": 55
    },
    {
      "validator": "B",
      "fold": 2,
      "train_days": 255,
      "valid_days": 51
    },
    {
      "validator": "B",
      "fold": 3,
      "train_days": 249,
      "valid_days": 54
    },
    {
      "validator": "B",
      "fold": 4,
      "train_days": 255,
      "valid_days": 50
    },
    {
      "validator": "EXT10",
      "fold": 0,
      "train_days": 191,
      "valid_days": 75
    },
    {
      "validator": "EXT12",
      "fold": 0,
      "train_days": 100,
      "valid_days": 193
    }
  ],
  "source_sha256": "6815f1a219f44aec2c5c4a6cca4b7c14616fb4237dd609e542a7632c296df4fd",
  "analyzer_sha256": "44996cdc31cbdcab30fe5cf069aaf22a81c3a49376a5519e701ba29fc0d22c03"
}
