PREP DIAG10 0
PREP DIAG10 1
PREP DIAG10 2
PREP DIAG10 3
PREP DIAG10 4
PREP DIAG10 5
PREP DIAG10 6
PREP DIAG10 7
PREP DIAG10 8
PREP DIAG10 9
PREP A 0
PREP A 1
PREP A 2
PREP A 3
PREP A 4
PREP B 0
PREP B 1
PREP B 2
PREP B 3
PREP B 4
PREP EXT10 0
PREP EXT12 0
CLASS_PREP 0
CLASS_PREP 1
CLASS_PREP 2
CLASS_PREP 3
CLASS_PREP 4
CLASS_PREP 5
CLASS_PREP 6
CLASS_PREP 7
CLASS_PREP 8
CLASS_PREP 9
CLASS_FIT 0 7
CLASS_FIT 0 101
CLASS_FIT 0 2024
CLASS_FIT 1 7
CLASS_FIT 1 101
CLASS_FIT 1 2024
CLASS_FIT 2 7
CLASS_FIT 2 101
CLASS_FIT 2 2024
CLASS_FIT 3 7
CLASS_FIT 3 101
CLASS_FIT 3 2024
CLASS_FIT 4 7
CLASS_FIT 4 101
CLASS_FIT 4 2024
CLASS_FIT 5 7
CLASS_FIT 5 101
CLASS_FIT 5 2024
CLASS_FIT 6 7
CLASS_FIT 6 101
CLASS_FIT 6 2024
CLASS_FIT 7 7
CLASS_FIT 7 101
CLASS_FIT 7 2024
CLASS_FIT 8 7
CLASS_FIT 8 101
CLASS_FIT 8 2024
CLASS_FIT 9 7
CLASS_FIT 9 101
CLASS_FIT 9 2024
