PREP DIAG10 0
PREP DIAG10 1
PREP DIAG10 2
PREP DIAG10 3
PREP DIAG10 4
PREP DIAG10 5
PREP DIAG10 6
PREP DIAG10 7
PREP DIAG10 8
PREP DIAG10 9
PREP A 0
PREP A 1
PREP A 2
PREP A 3
PREP A 4
PREP B 0
PREP B 1
PREP B 2
PREP B 3
PREP B 4
PREP EXT10 0
PREP EXT12 0
CLASS_PREP 0
CLASS_PREP 1
CLASS_PREP 2
CLASS_PREP 3
CLASS_PREP 4
CLASS_PREP 5
CLASS_PREP 6
CLASS_PREP 7
CLASS_PREP 8
CLASS_PREP 9
CLASS_VERIFY PAST 0 7 outer
CLASS_VERIFY PAST 0 7 meta
CLASS_VERIFY ALL 0 7 outer
CLASS_VERIFY ALL 0 7 meta
CLASS_VERIFY PAST 0 101 outer
CLASS_VERIFY PAST 0 101 meta
CLASS_VERIFY ALL 0 101 outer
CLASS_VERIFY ALL 0 101 meta
CLASS_VERIFY PAST 0 2024 outer
CLASS_VERIFY PAST 0 2024 meta
CLASS_VERIFY ALL 0 2024 outer
CLASS_VERIFY ALL 0 2024 meta
CLASS_VERIFY PAST 1 7 outer
CLASS_VERIFY PAST 1 7 meta
CLASS_VERIFY ALL 1 7 outer
CLASS_VERIFY ALL 1 7 meta
CLASS_VERIFY PAST 1 101 outer
CLASS_VERIFY PAST 1 101 meta
CLASS_VERIFY ALL 1 101 outer
CLASS_VERIFY ALL 1 101 meta
CLASS_VERIFY PAST 1 2024 outer
CLASS_VERIFY PAST 1 2024 meta
CLASS_VERIFY ALL 1 2024 outer
CLASS_VERIFY ALL 1 2024 meta
CLASS_VERIFY PAST 2 7 outer
CLASS_VERIFY PAST 2 7 meta
CLASS_VERIFY ALL 2 7 outer
CLASS_VERIFY ALL 2 7 meta
CLASS_VERIFY PAST 2 101 outer
CLASS_VERIFY PAST 2 101 meta
CLASS_VERIFY ALL 2 101 outer
CLASS_VERIFY ALL 2 101 meta
CLASS_VERIFY PAST 2 2024 outer
CLASS_VERIFY PAST 2 2024 meta
CLASS_VERIFY ALL 2 2024 outer
CLASS_VERIFY ALL 2 2024 meta
CLASS_VERIFY PAST 3 7 outer
CLASS_VERIFY PAST 3 7 meta
CLASS_VERIFY ALL 3 7 outer
CLASS_VERIFY ALL 3 7 meta
CLASS_VERIFY PAST 3 101 outer
CLASS_VERIFY PAST 3 101 meta
CLASS_VERIFY ALL 3 101 outer
CLASS_VERIFY ALL 3 101 meta
CLASS_VERIFY PAST 3 2024 outer
CLASS_VERIFY PAST 3 2024 meta
CLASS_VERIFY ALL 3 2024 outer
CLASS_VERIFY ALL 3 2024 meta
CLASS_VERIFY PAST 4 7 outer
CLASS_VERIFY PAST 4 7 meta
CLASS_VERIFY ALL 4 7 outer
CLASS_VERIFY ALL 4 7 meta
CLASS_VERIFY PAST 4 101 outer
CLASS_VERIFY PAST 4 101 meta
CLASS_VERIFY ALL 4 101 outer
CLASS_VERIFY ALL 4 101 meta
CLASS_VERIFY PAST 4 2024 outer
CLASS_VERIFY PAST 4 2024 meta
CLASS_VERIFY ALL 4 2024 outer
CLASS_VERIFY ALL 4 2024 meta
CLASS_VERIFY PAST 5 7 outer
CLASS_VERIFY PAST 5 7 meta
CLASS_VERIFY ALL 5 7 outer
CLASS_VERIFY ALL 5 7 meta
CLASS_VERIFY PAST 5 101 outer
CLASS_VERIFY PAST 5 101 meta
CLASS_VERIFY ALL 5 101 outer
CLASS_VERIFY ALL 5 101 meta
CLASS_VERIFY PAST 5 2024 outer
CLASS_VERIFY PAST 5 2024 meta
CLASS_VERIFY ALL 5 2024 outer
CLASS_VERIFY ALL 5 2024 meta
CLASS_VERIFY PAST 6 7 outer
CLASS_VERIFY PAST 6 7 meta
CLASS_VERIFY ALL 6 7 outer
CLASS_VERIFY ALL 6 7 meta
CLASS_VERIFY PAST 6 101 outer
CLASS_VERIFY PAST 6 101 meta
CLASS_VERIFY ALL 6 101 outer
CLASS_VERIFY ALL 6 101 meta
CLASS_VERIFY PAST 6 2024 outer
CLASS_VERIFY PAST 6 2024 meta
CLASS_VERIFY ALL 6 2024 outer
CLASS_VERIFY ALL 6 2024 meta
CLASS_VERIFY PAST 7 7 outer
CLASS_VERIFY PAST 7 7 meta
CLASS_VERIFY ALL 7 7 outer
CLASS_VERIFY ALL 7 7 meta
CLASS_VERIFY PAST 7 101 outer
CLASS_VERIFY PAST 7 101 meta
CLASS_VERIFY ALL 7 101 outer
CLASS_VERIFY ALL 7 101 meta
CLASS_VERIFY PAST 7 2024 outer
CLASS_VERIFY PAST 7 2024 meta
CLASS_VERIFY ALL 7 2024 outer
CLASS_VERIFY ALL 7 2024 meta
CLASS_VERIFY PAST 8 7 outer
CLASS_VERIFY PAST 8 7 meta
CLASS_VERIFY ALL 8 7 outer
CLASS_VERIFY ALL 8 7 meta
CLASS_VERIFY PAST 8 101 outer
CLASS_VERIFY PAST 8 101 meta
CLASS_VERIFY ALL 8 101 outer
CLASS_VERIFY ALL 8 101 meta
CLASS_VERIFY PAST 8 2024 outer
CLASS_VERIFY PAST 8 2024 meta
CLASS_VERIFY ALL 8 2024 outer
CLASS_VERIFY ALL 8 2024 meta
CLASS_VERIFY PAST 9 7 outer
CLASS_VERIFY PAST 9 7 meta
CLASS_VERIFY ALL 9 7 outer
CLASS_VERIFY ALL 9 7 meta
CLASS_VERIFY PAST 9 101 outer
CLASS_VERIFY PAST 9 101 meta
CLASS_VERIFY ALL 9 101 outer
CLASS_VERIFY ALL 9 101 meta
CLASS_VERIFY PAST 9 2024 outer
CLASS_VERIFY PAST 9 2024 meta
CLASS_VERIFY ALL 9 2024 outer
CLASS_VERIFY ALL 9 2024 meta
CLASS_VERIFY_PASS 0
