validator  seed    n  baseline  candidate  change_pct
        A     7 6336  0.214685   0.218499    1.776417
        A   101 6336  0.216246   0.218793    1.177690
        A  2024 6336  0.215872   0.218705    1.312322
        B     7 6312  0.200013   0.200672    0.329582
        B   101 6312  0.199782   0.200355    0.286596
        B  2024 6312  0.199705   0.198801   -0.452702
   DIAG10     7 8640  0.181125   0.185860    2.614049
   DIAG10   101 8640  0.181679   0.184968    1.810538
   DIAG10  2024 8640  0.181728   0.184878    1.733655
    EXT10     7 1800  0.396781   0.391278   -1.386942
    EXT10   101 1800  0.400067   0.392309   -1.939130
    EXT10  2024 1800  0.399158   0.391534   -1.910067
    EXT12     7 4632  0.414170   0.416535    0.571013
    EXT12   101 4632  0.412661   0.415315    0.643337
    EXT12  2024 4632  0.410576   0.415162    1.116955
{
  "status": "PASS",
  "decision": "REJECT",
  "public_pass": false,
  "family": 16,
  "alpha": 0.0015625,
  "bootstrap": {
    "7": {
      "p_worse": 0.8395,
      "ci": [
        -0.002002703885199419,
        0.008167547488055826
      ]
    },
    "101": {
      "p_worse": 0.72555,
      "ci": [
        -0.002885780667765512,
        0.007653307693533228
      ]
    },
    "2024": {
      "p_worse": 0.7188,
      "ci": [
        -0.0030528945228454787,
        0.007825824392924244
      ]
    }
  },
  "checks": 86702,
  "rows": 83160,
  "scalar_clipped_maxdiff": 2.220446049250313e-16,
  "split_audit": [
    {
      "validator": "DIAG10",
      "fold": 0,
      "train_days": 262,
      "valid_days": 38
    },
    {
      "validator": "DIAG10",
      "fold": 1,
      "train_days": 273,
      "valid_days": 30
    },
    {
      "validator": "DIAG10",
      "fold": 2,
      "train_days": 259,
      "valid_days": 40
    },
    {
      "validator": "DIAG10",
      "fold": 3,
      "train_days": 267,
      "valid_days": 33
    },
    {
      "validator": "DIAG10",
      "fold": 4,
      "train_days": 255,
      "valid_days": 40
    },
    {
      "validator": "DIAG10",
      "fold": 5,
      "train_days": 274,
      "valid_days": 28
    },
    {
      "validator": "DIAG10",
      "fold": 6,
      "train_days": 262,
      "valid_days": 40
    },
    {
      "validator": "DIAG10",
      "fold": 7,
      "train_days": 274,
      "valid_days": 31
    },
    {
      "validator": "DIAG10",
      "fold": 8,
      "train_days": 258,
      "valid_days": 40
    },
    {
      "validator": "DIAG10",
      "fold": 9,
      "train_days": 258,
      "valid_days": 40
    },
    {
      "validator": "A",
      "fold": 0,
      "train_days": 253,
      "valid_days": 53
    },
    {
      "validator": "A",
      "fold": 1,
      "train_days": 247,
      "valid_days": 55
    },
    {
      "validator": "A",
      "fold": 2,
      "train_days": 250,
      "valid_days": 53
    },
    {
      "validator": "A",
      "fold": 3,
      "train_days": 251,
      "valid_days": 52
    },
    {
      "validator": "A",
      "fold": 4,
      "train_days": 254,
      "valid_days": 51
    },
    {
      "validator": "B",
      "fold": 0,
      "train_days": 248,
      "valid_days": 53
    },
    {
      "validator": "B",
      "fold": 1,
      "train_days": 246,
      "valid_days": 55
    },
    {
      "validator": "B",
      "fold": 2,
      "train_days": 255,
      "valid_days": 51
    },
    {
      "validator": "B",
      "fold": 3,
      "train_days": 249,
      "valid_days": 54
    },
    {
      "validator": "B",
      "fold": 4,
      "train_days": 255,
      "valid_days": 50
    },
    {
      "validator": "EXT10",
      "fold": 0,
      "train_days": 191,
      "valid_days": 75
    },
    {
      "validator": "EXT12",
      "fold": 0,
      "train_days": 100,
      "valid_days": 193
    }
  ],
  "source_sha256": "826a5ad2e460fb0c92baa14f835768cccf0b60002165f3fc5d57afd3359afea4",
  "analyzer_sha256": "44996cdc31cbdcab30fe5cf069aaf22a81c3a49376a5519e701ba29fc0d22c03"
}
