 fold  seed           scope  high_pred_days      bias  low_actual_days  train_days     n     rmse
    0     7           inner             6.0  0.039637              3.0        70.0   NaN      NaN
    0     7           outer             0.0       NaN              0.0         NaN   NaN      NaN
    0     7  outer_baseline             NaN       NaN              NaN         NaN 912.0 0.137657
    0     7 outer_candidate             NaN       NaN              NaN         NaN 912.0 0.137615
    0   101           inner             6.0  0.030466              3.0        70.0   NaN      NaN
    0   101           outer             0.0       NaN              0.0         NaN   NaN      NaN
    0   101  outer_baseline             NaN       NaN              NaN         NaN 912.0 0.137866
    0   101 outer_candidate             NaN       NaN              NaN         NaN 912.0 0.137793
    0  2024           inner             6.0  0.044054              3.0        70.0   NaN      NaN
    0  2024           outer             0.0       NaN              0.0         NaN   NaN      NaN
    0  2024  outer_baseline             NaN       NaN              NaN         NaN 912.0 0.137123
    0  2024 outer_candidate             NaN       NaN              NaN         NaN 912.0 0.137057
    1     7           inner             6.0 -0.053298              3.0        71.0   NaN      NaN
    1     7           outer             2.0  0.411028              2.0         NaN   NaN      NaN
    1     7  outer_baseline             NaN       NaN              NaN         NaN 720.0 0.127649
    1     7 outer_candidate             NaN       NaN              NaN         NaN 720.0 0.130543
    1   101           inner             6.0 -0.043030              3.0        71.0   NaN      NaN
    1   101           outer             2.0  0.402202              2.0         NaN   NaN      NaN
    1   101  outer_baseline             NaN       NaN              NaN         NaN 720.0 0.126558
    1   101 outer_candidate             NaN       NaN              NaN         NaN 720.0 0.129246
    1  2024           inner             6.0 -0.046107              3.0        71.0   NaN      NaN
    1  2024           outer             2.0  0.405489              2.0         NaN   NaN      NaN
    1  2024  outer_baseline             NaN       NaN              NaN         NaN 720.0 0.125704
    1  2024 outer_candidate             NaN       NaN              NaN         NaN 720.0 0.128325
    2     7           inner            10.0  0.063084              7.0        70.0   NaN      NaN
    2     7           outer             2.0  0.067649              1.0         NaN   NaN      NaN
    2     7  outer_baseline             NaN       NaN              NaN         NaN 960.0 0.134666
    2     7 outer_candidate             NaN       NaN              NaN         NaN 960.0 0.134568
    2   101           inner            10.0  0.057963              7.0        70.0   NaN      NaN
    2   101           outer             2.0  0.034242              1.0         NaN   NaN      NaN
    2   101  outer_baseline             NaN       NaN              NaN         NaN 960.0 0.135372
    2   101 outer_candidate             NaN       NaN              NaN         NaN 960.0 0.135172
    2  2024           inner            10.0  0.059896              7.0        70.0   NaN      NaN
    2  2024           outer             2.0  0.047914              1.0         NaN   NaN      NaN
    2  2024  outer_baseline             NaN       NaN              NaN         NaN 960.0 0.135176
    2  2024 outer_candidate             NaN       NaN              NaN         NaN 960.0 0.135021
CHECKS 7809
