DIAG10 0 CPU done
DIAG10 0 PFN 1 done
DIAG10 0 PFN 2 done
DIAG10 0 PFN 3 done
DIAG10 0 PFN 4 done
DIAG10 0 FOLD COMPLETE
DIAG10 1 CPU done
DIAG10 1 PFN 1 done
DIAG10 1 PFN 2 done
DIAG10 1 PFN 3 done
DIAG10 1 PFN 4 done
DIAG10 1 FOLD COMPLETE
DIAG10 2 CPU done
DIAG10 2 PFN 1 done
DIAG10 2 PFN 2 done
DIAG10 2 PFN 3 done
DIAG10 2 PFN 4 done
DIAG10 2 FOLD COMPLETE
DIAG10 3 CPU done
DIAG10 3 PFN 1 done
DIAG10 3 PFN 2 done
DIAG10 3 PFN 3 done
DIAG10 3 PFN 4 done
DIAG10 3 FOLD COMPLETE
DIAG10 4 CPU done
DIAG10 4 PFN 1 done
DIAG10 4 PFN 2 done
DIAG10 4 PFN 3 done
DIAG10 4 PFN 4 done
DIAG10 4 FOLD COMPLETE
DIAG10 5 CPU done
DIAG10 5 PFN 1 done
DIAG10 5 PFN 2 done
DIAG10 5 PFN 3 done
DIAG10 5 PFN 4 done
DIAG10 5 FOLD COMPLETE
DIAG10 6 CPU done
DIAG10 6 PFN 1 done
DIAG10 6 PFN 2 done
DIAG10 6 PFN 3 done
DIAG10 6 PFN 4 done
DIAG10 6 FOLD COMPLETE
DIAG10 7 CPU done
DIAG10 7 PFN 1 done
DIAG10 7 PFN 2 done
DIAG10 7 PFN 3 done
DIAG10 7 PFN 4 done
DIAG10 7 FOLD COMPLETE
DIAG10 8 CPU done
DIAG10 8 PFN 1 done
DIAG10 8 PFN 2 done
DIAG10 8 PFN 3 done
DIAG10 8 PFN 4 done
DIAG10 8 FOLD COMPLETE
DIAG10 9 CPU done
DIAG10 9 PFN 1 done
DIAG10 9 PFN 2 done
DIAG10 9 PFN 3 done
DIAG10 9 PFN 4 done
DIAG10 9 FOLD COMPLETE
A 0 CPU done
A 0 PFN 1 done
A 0 PFN 2 done
A 0 PFN 3 done
A 0 PFN 4 done
A 0 FOLD COMPLETE
A 1 CPU done
A 1 PFN 1 done
A 1 PFN 2 done
A 1 PFN 3 done
A 1 PFN 4 done
A 1 FOLD COMPLETE
A 2 CPU done
A 2 PFN 1 done
A 2 PFN 2 done
A 2 PFN 3 done
A 2 PFN 4 done
A 2 FOLD COMPLETE
A 3 CPU done
A 3 PFN 1 done
A 3 PFN 2 done
A 3 PFN 3 done
A 3 PFN 4 done
A 3 FOLD COMPLETE
A 4 CPU done
A 4 PFN 1 done
A 4 PFN 2 done
A 4 PFN 3 done
A 4 PFN 4 done
A 4 FOLD COMPLETE
B 0 CPU done
