DIAG10 0 FOLD COMPLETE
DIAG10 1 FOLD COMPLETE
DIAG10 2 FOLD COMPLETE
DIAG10 3 FOLD COMPLETE
DIAG10 4 FOLD COMPLETE
DIAG10 5 FOLD COMPLETE
DIAG10 6 FOLD COMPLETE
DIAG10 7 FOLD COMPLETE
DIAG10 8 FOLD COMPLETE
DIAG10 9 FOLD COMPLETE
A 0 FOLD COMPLETE
A 1 FOLD COMPLETE
A 2 FOLD COMPLETE
A 3 FOLD COMPLETE
A 4 FOLD COMPLETE
B 0 PFN 1 done
B 0 PFN 2 done
B 0 PFN 3 done
B 0 PFN 4 done
B 0 FOLD COMPLETE
B 1 CPU done
B 1 PFN 1 done
B 1 PFN 2 done
B 1 PFN 3 done
B 1 PFN 4 done
B 1 FOLD COMPLETE
B 2 CPU done
B 2 PFN 1 done
B 2 PFN 2 done
B 2 PFN 3 done
B 2 PFN 4 done
B 2 FOLD COMPLETE
B 3 CPU done
B 3 PFN 1 done
B 3 PFN 2 done
B 3 PFN 3 done
B 3 PFN 4 done
B 3 FOLD COMPLETE
B 4 CPU done
B 4 PFN 1 done
B 4 PFN 2 done
B 4 PFN 3 done
B 4 PFN 4 done
B 4 FOLD COMPLETE
EXT10 0 CPU done
EXT10 0 PFN 1 done
EXT10 0 PFN 2 done
EXT10 0 PFN 3 done
EXT10 0 PFN 4 done
EXT10 0 FOLD COMPLETE
EXT12 0 CPU done
EXT12 0 PFN 1 done
EXT12 0 PFN 2 done
EXT12 0 PFN 3 done
EXT12 0 PFN 4 done
EXT12 0 FOLD COMPLETE
ALL_FITS_COMPLETE
