validator  seed    n  baseline  candidate  change_pct
        A     7 6336  0.214685   0.214062   -0.290387
        A   101 6336  0.216246   0.215630   -0.284913
        A  2024 6336  0.215872   0.215144   -0.337227
        B     7 6312  0.200013   0.199683   -0.165159
        B   101 6312  0.199782   0.199422   -0.180052
        B  2024 6312  0.199705   0.199500   -0.102564
   DIAG10     7 8640  0.181125   0.181752    0.346250
   DIAG10   101 8640  0.181679   0.182274    0.327574
   DIAG10  2024 8640  0.181728   0.182339    0.336245
    EXT10     7 1800  0.396781   0.394813   -0.495847
    EXT10   101 1800  0.400067   0.398022   -0.511053
    EXT10  2024 1800  0.399158   0.397220   -0.485666
    EXT12     7 4632  0.414170   0.414063   -0.025712
    EXT12   101 4632  0.412661   0.412326   -0.080995
    EXT12  2024 4632  0.410576   0.410438   -0.033752
{
  "status": "PASS",
  "decision": "REJECT",
  "public_pass": false,
  "recipe": "matched",
  "family": 19,
  "alpha": 0.0013157894736842105,
  "rows": 83160,
  "checks": 315882,
  "bootstrap": {
    "7": {
      "p_worse": 0.8788,
      "ci": [
        -0.0003044568620667706,
        0.000928277090982272
      ]
    },
    "101": {
      "p_worse": 0.866,
      "ci": [
        -0.0002881957805743207,
        0.0009028049188501844
      ]
    },
    "2024": {
      "p_worse": 0.86245,
      "ci": [
        -0.0003068208733786256,
        0.0009480027748835761
      ]
    }
  },
  "scalar_maxdiff": 2.220446049250313e-16,
  "source_sha256": "b1041713e093ca9b8f17437e05b194f284a7e44e8a681a06ce033bc6fc8a7e40",
  "verifier_sha256": "3d6c909ce5c0abd70dc2f1d91898629d04e510cbaf466485c3db6321ebe6d9da",
  "limitations": [
    "repeated public validation, not untouched holdout",
    "no EL1/test/new lock scoring",
    "inner fitting gains are not independent performance"
  ]
}
