COVERAGE TEMP 20
COVERAGE EC 51
target farm  day  fold  good  train_days  samefarm_period_days  samefarm_warm  samefarm_cool  train_gap_min  train_gap_max  query_gap  nearest_distance  top5_relation_same_sign  top5_severe_same_sign  samefarm_high  train_truth_min  train_truth_max  query_truth  top5_high  top5_truth_mean  top5_truth_gap
  TEMP  F13   51     8  True         346                   146            1.0            4.0      -2.661667       3.119167  -2.088333          0.354083                      5.0                    1.0            NaN              NaN              NaN          NaN        NaN              NaN             NaN
  TEMP  F13   57     9 False         348                   144            1.0            4.0      -2.661667       3.119167  -2.039583          0.346038                      5.0                    2.0            NaN              NaN              NaN          NaN        NaN              NaN             NaN
  TEMP  F13  109     0 False         346                   139            0.0            4.0      -2.661667       0.675000   3.119167          0.569622                      0.0                    0.0            NaN              NaN              NaN          NaN        NaN              NaN             NaN
  TEMP  F13  130     4 False         344                   142            1.0            4.0      -2.337500       3.119167  -2.661667          0.678063                      5.0                    0.0            NaN              NaN              NaN          NaN        NaN              NaN             NaN
  TEMP  F13  143     7  True         344                   146            1.0            4.0      -2.661667       3.119167  -2.087083          0.667290                      4.0                    0.0            NaN              NaN              NaN          NaN        NaN              NaN             NaN
  TEMP  F13  175     3 False         344                   137            1.0            4.0      -2.661667       3.119167  -2.337500          0.415561                      4.0                    0.0            NaN              NaN              NaN          NaN        NaN              NaN             NaN
  TEMP  F13  194     5  True         344                    22            0.0            0.0      -1.818333       0.057917  -2.017500          0.604580                      4.0                    0.0            NaN              NaN              NaN          NaN        NaN              NaN             NaN
  TEMP  F47   18     2 False         344                   141            1.0            6.0      -3.569167       2.530833  -2.479583          0.551097                      3.0                    0.0            NaN              NaN              NaN          NaN        NaN              NaN             NaN
  TEMP  F47   68     2 False         344                   141            1.0            6.0      -3.569167       2.530833  -2.083750          0.630598                      5.0                    1.0            NaN              NaN              NaN          NaN        NaN              NaN             NaN
  TEMP  F47   70     2 False         344                   141            1.0            6.0      -3.569167       2.530833  -2.617917          0.580769                      5.0                    1.0            NaN              NaN              NaN          NaN        NaN              NaN             NaN
  TEMP  F47   72     3  True         344                   139            1.0            7.0      -3.569167       2.530833  -2.085417          0.599693                      5.0                    1.0            NaN              NaN              NaN          NaN        NaN              NaN             NaN
  TEMP  F47   96     8 False         346                   146            1.0            8.0      -3.569167       2.530833  -2.836250          0.628255                      5.0                    0.0            NaN              NaN              NaN          NaN        NaN              NaN             NaN
  TEMP  F47  105     9 False         348                   147            1.0            7.0      -3.569167       2.530833  -2.340833          0.457649                      5.0                    0.0            NaN              NaN              NaN          NaN        NaN              NaN             NaN
  TEMP  F47  106     0 False         346                   140            1.0            5.0      -2.836250       2.530833  -2.937500          0.487577                      5.0                    0.0            NaN              NaN              NaN          NaN        NaN              NaN             NaN
  TEMP  F47  158     0 False         346                   140            1.0            5.0      -2.836250       2.530833  -3.569167          0.739687                      5.0                    0.0            NaN              NaN              NaN          NaN        NaN              NaN             NaN
  TEMP  F47  159     0 False         346                   140            1.0            5.0      -2.836250       2.530833  -2.258333          0.514438                      5.0                    0.0            NaN              NaN              NaN          NaN        NaN              NaN             NaN
  TEMP  F47  178     4 False         344                   142            0.0            9.0      -3.569167       0.796667   2.530833          0.698874                      3.0                    0.0            NaN              NaN              NaN          NaN        NaN              NaN             NaN
  TEMP  F47  191     5 False         344                    20            0.0            2.0      -2.749583      -0.028333   2.332917          0.731417                      0.0                    0.0            NaN              NaN              NaN          NaN        NaN              NaN             NaN
  TEMP  F47  240     9 False         348                    22            1.0            0.0      -1.851250       2.332917  -2.554167          0.664632                      5.0                    0.0            NaN              NaN              NaN          NaN        NaN              NaN             NaN
  TEMP  F47  241     9 False         348                    22            1.0            0.0      -1.851250       2.332917  -2.749583          0.800845                      5.0                    0.0            NaN              NaN              NaN          NaN        NaN              NaN             NaN
    EC  F13  118     2 False         259                   113            NaN            NaN            NaN            NaN        NaN          0.480696                      NaN                    NaN            9.0         0.147583         1.842042     1.101625        0.0         0.524283        0.577342
    EC  F13  120     2 False         259                   113            NaN            NaN            NaN            NaN        NaN          0.483074                      NaN                    NaN            9.0         0.147583         1.842042     1.250000        0.0         0.524283        0.725717
    EC  F13  121     2 False         259                   113            NaN            NaN            NaN            NaN        NaN          0.448813                      NaN                    NaN            9.0         0.147583         1.842042     1.318375        0.0         0.475075        0.843300
    EC  F13  125     3 False         267                   122            NaN            NaN            NaN            NaN        NaN          0.258662                      NaN                    NaN            9.0         0.147583         1.676875     1.495083        2.0         0.798908        0.696175
    EC  F13  135     5 False         274                   118            NaN            NaN            NaN            NaN        NaN          0.316954                      NaN                    NaN           10.0         0.147583         1.842042     1.012583        3.0         1.163908       -0.151325
    EC  F13  137     5 False         274                   118            NaN            NaN            NaN            NaN        NaN          0.382643                      NaN                    NaN           10.0         0.147583         1.842042     1.075875        2.0         1.058883        0.016992
    EC  F13  139     6 False         262                   118            NaN            NaN            NaN            NaN        NaN          0.264801                      NaN                    NaN           10.0         0.147583         1.842042     1.303458        3.0         1.082333        0.221125
    EC  F13  143     7 False         274                   121            NaN            NaN            NaN            NaN        NaN          0.323041                      NaN                    NaN           11.0         0.149917         1.842042     1.529750        3.0         1.032950        0.496800
    EC  F13  146     7 False         274                   121            NaN            NaN            NaN            NaN        NaN          0.312679                      NaN                    NaN           11.0         0.149917         1.842042     1.495667        2.0         1.147317        0.348350
    EC  F13  151     8 False         258                   117            NaN            NaN            NaN            NaN        NaN          0.380392                      NaN                    NaN           10.0         0.147583         1.842042     1.676875        4.0         1.107292        0.569583
    EC  F13  153     9 False         258                   115            NaN            NaN            NaN            NaN        NaN          0.216248                      NaN                    NaN           11.0         0.147583         1.842042     1.637417        3.0         1.132042        0.505375
    EC  F13  175     3 False         267                   122            NaN            NaN            NaN            NaN        NaN          0.251335                      NaN                    NaN            9.0         0.147583         1.676875     1.269917        0.0         0.672575        0.597342
    EC  F13  177     3  True         267                   122            NaN            NaN            NaN            NaN        NaN          0.331162                      NaN                    NaN            9.0         0.147583         1.676875     1.005125        3.0         1.047100       -0.041975
    EC  F13  178     4 False         255                   115            NaN            NaN            NaN            NaN        NaN          0.287908                      NaN                    NaN           10.0         0.147583         1.676875     1.842042        1.0         0.909075        0.932967
    EC  F13  217     8 False         258                    17            NaN            NaN            NaN            NaN        NaN          0.412228                      NaN                    NaN            2.0         0.276083         1.718792     1.693250        0.0         0.569008        1.124242
    EC  F13  241     9 False         258                    16            NaN            NaN            NaN            NaN        NaN          0.936095                      NaN                    NaN            0.0         0.276083         0.918042     1.431500        0.0         0.658333        0.773167
    EC  F13  243     9 False         258                    16            NaN            NaN            NaN            NaN        NaN          0.947011                      NaN                    NaN            0.0         0.276083         0.918042     1.718792        0.0         0.598900        1.119892
    EC  F47  132     5 False         274                   122            NaN            NaN            NaN            NaN        NaN          0.415534                      NaN                    NaN            9.0         0.112375         2.141625     2.712167        1.0         1.013100        1.699067
    EC  F47  136     6 False         262                   117            NaN            NaN            NaN            NaN        NaN          0.172840                      NaN                    NaN            8.0         0.112375         2.712167     1.652750        2.0         1.235633        0.417117
    EC  F47  138     6 False         262                   117            NaN            NaN            NaN            NaN        NaN          0.364424                      NaN                    NaN            8.0         0.112375         2.712167     1.710292        2.0         1.056933        0.653358
    EC  F47  139     6  True         262                   117            NaN            NaN            NaN            NaN        NaN          0.295664                      NaN                    NaN            8.0         0.112375         2.712167     1.684375        2.0         1.056933        0.627442
    EC  F47  141     7 False         274                   121            NaN            NaN            NaN            NaN        NaN          0.224758                      NaN                    NaN           10.0         0.112375         2.712167     1.865500        4.0         1.733500        0.132000
    EC  F47  145     7 False         274                   121            NaN            NaN            NaN            NaN        NaN          0.177044                      NaN                    NaN           10.0         0.112375         2.712167     2.141625        4.0         1.639917        0.501708
    EC  F47  147     8 False         258                   112            NaN            NaN            NaN            NaN        NaN          0.548047                      NaN                    NaN            8.0         0.112375         2.712167     1.750458        2.0         0.949808        0.800650
    EC  F47  151     9 False         258                   115            NaN            NaN            NaN            NaN        NaN          0.339370                      NaN                    NaN            9.0         0.112375         2.712167     1.313333        4.0         1.553525       -0.240192
    EC  F47  154     9 False         258                   115            NaN            NaN            NaN            NaN        NaN          0.545626                      NaN                    NaN            9.0         0.112375         2.712167     1.621000        4.0         1.467258        0.153742
    EC  F47  157     0 False         262                   112            NaN            NaN            NaN            NaN        NaN          0.330789                      NaN                    NaN           10.0         0.112375         2.712167     1.210833        4.0         1.554483       -0.343650
    EC  F47  174     3 False         267                   107            NaN            NaN            NaN            NaN        NaN          0.197910                      NaN                    NaN           10.0         0.112375         2.712167     1.053167        1.0         0.890500        0.162667
    EC  F47  177     4 False         255                   108            NaN            NaN            NaN            NaN        NaN          0.201646                      NaN                    NaN           10.0         0.112375         2.712167     1.486792        1.0         0.814817        0.671975
    EC  F47  229     8 False         258                    12            NaN            NaN            NaN            NaN        NaN          0.613368                      NaN                    NaN            0.0         0.144417         0.724208     1.788250        0.0         0.489258        1.298992
    EC  F47  231     8 False         258                    12            NaN            NaN            NaN            NaN        NaN          0.713268                      NaN                    NaN            0.0         0.144417         0.724208     2.176708        0.0         0.420617        1.756092
