validator  seed    n  baseline  candidate  change_pct
        A     7 6336  0.214685   0.216845    1.006112
        A   101 6336  0.216246   0.216941    0.321669
        A  2024 6336  0.215872   0.216062    0.088072
        B     7 6312  0.200013   0.202623    1.305140
        B   101 6312  0.199782   0.201761    0.990553
        B  2024 6312  0.199705   0.201734    1.016230
   DIAG10     7 8640  0.181125   0.175925   -2.870911
   DIAG10   101 8640  0.181679   0.175865   -3.200178
   DIAG10  2024 8640  0.181728   0.175450   -3.454437
    EXT10     7 1800  0.396781   0.400403    0.912976
    EXT10   101 1800  0.400067   0.400327    0.065014
    EXT10  2024 1800  0.399158   0.397578   -0.395754
    EXT12     7 4632  0.414170   0.426049    2.868173
    EXT12   101 4632  0.412661   0.424197    2.795715
    EXT12  2024 4632  0.410576   0.424569    3.408041
{
  "status": "PASS",
  "decision": "REJECT",
  "public_pass": false,
  "family": 16,
  "alpha": 0.0015625,
  "bootstrap": {
    "7": {
      "p_worse": 0.1356,
      "ci": [
        -0.00782581880255519,
        0.002596686109402435
      ]
    },
    "101": {
      "p_worse": 0.1069,
      "ci": [
        -0.008351111028430553,
        0.002239555923897608
      ]
    },
    "2024": {
      "p_worse": 0.09345,
      "ci": [
        -0.008396474622604974,
        0.002093916457238197
      ]
    }
  },
  "checks": 86702,
  "rows": 83160,
  "scalar_clipped_maxdiff": 2.220446049250313e-16,
  "split_audit": [
    {
      "validator": "DIAG10",
      "fold": 0,
      "train_days": 262,
      "valid_days": 38
    },
    {
      "validator": "DIAG10",
      "fold": 1,
      "train_days": 273,
      "valid_days": 30
    },
    {
      "validator": "DIAG10",
      "fold": 2,
      "train_days": 259,
      "valid_days": 40
    },
    {
      "validator": "DIAG10",
      "fold": 3,
      "train_days": 267,
      "valid_days": 33
    },
    {
      "validator": "DIAG10",
      "fold": 4,
      "train_days": 255,
      "valid_days": 40
    },
    {
      "validator": "DIAG10",
      "fold": 5,
      "train_days": 274,
      "valid_days": 28
    },
    {
      "validator": "DIAG10",
      "fold": 6,
      "train_days": 262,
      "valid_days": 40
    },
    {
      "validator": "DIAG10",
      "fold": 7,
      "train_days": 274,
      "valid_days": 31
    },
    {
      "validator": "DIAG10",
      "fold": 8,
      "train_days": 258,
      "valid_days": 40
    },
    {
      "validator": "DIAG10",
      "fold": 9,
      "train_days": 258,
      "valid_days": 40
    },
    {
      "validator": "A",
      "fold": 0,
      "train_days": 253,
      "valid_days": 53
    },
    {
      "validator": "A",
      "fold": 1,
      "train_days": 247,
      "valid_days": 55
    },
    {
      "validator": "A",
      "fold": 2,
      "train_days": 250,
      "valid_days": 53
    },
    {
      "validator": "A",
      "fold": 3,
      "train_days": 251,
      "valid_days": 52
    },
    {
      "validator": "A",
      "fold": 4,
      "train_days": 254,
      "valid_days": 51
    },
    {
      "validator": "B",
      "fold": 0,
      "train_days": 248,
      "valid_days": 53
    },
    {
      "validator": "B",
      "fold": 1,
      "train_days": 246,
      "valid_days": 55
    },
    {
      "validator": "B",
      "fold": 2,
      "train_days": 255,
      "valid_days": 51
    },
    {
      "validator": "B",
      "fold": 3,
      "train_days": 249,
      "valid_days": 54
    },
    {
      "validator": "B",
      "fold": 4,
      "train_days": 255,
      "valid_days": 50
    },
    {
      "validator": "EXT10",
      "fold": 0,
      "train_days": 191,
      "valid_days": 75
    },
    {
      "validator": "EXT12",
      "fold": 0,
      "train_days": 100,
      "valid_days": 193
    }
  ],
  "source_sha256": "26c098b2d9cc0b18b816f37e0d8eb0985ae4d828bbcb945d0341ecf453c421f8",
  "analyzer_sha256": "44996cdc31cbdcab30fe5cf069aaf22a81c3a49376a5519e701ba29fc0d22c03"
}
