PREP DIAG10 0
PREP DIAG10 1
PREP DIAG10 2
PREP DIAG10 3
PREP DIAG10 4
PREP DIAG10 5
PREP DIAG10 6
PREP DIAG10 7
PREP DIAG10 8
PREP DIAG10 9
PREP A 0
PREP A 1
PREP A 2
PREP A 3
PREP A 4
PREP B 0
PREP B 1
PREP B 2
PREP B 3
PREP B 4
PREP EXT10 0
PREP EXT12 0
REPAIR_PREP DIAG10 0 splits 3
REPAIR_PREP DIAG10 1 splits 0
REPAIR_PREP DIAG10 2 splits 0
REPAIR_PREP DIAG10 3 splits 0
REPAIR_PREP DIAG10 4 splits 0
REPAIR_PREP DIAG10 5 splits 0
REPAIR_PREP DIAG10 6 splits 0
REPAIR_PREP DIAG10 7 splits 3
REPAIR_PREP DIAG10 8 splits 0
REPAIR_PREP DIAG10 9 splits 0
REPAIR_PREP A 0 splits 0
REPAIR_PREP A 1 splits 0
REPAIR_PREP A 2 splits 0
REPAIR_PREP A 3 splits 0
REPAIR_PREP A 4 splits 0
REPAIR_PREP B 0 splits 3
REPAIR_PREP B 1 splits 3
REPAIR_PREP B 2 splits 3
REPAIR_PREP B 3 splits 0
REPAIR_PREP B 4 splits 0
