PREP DIAG10 0
PREP DIAG10 1
PREP DIAG10 2
PREP DIAG10 3
PREP DIAG10 4
PREP DIAG10 5
PREP DIAG10 6
PREP DIAG10 7
PREP DIAG10 8
PREP DIAG10 9
PREP A 0
PREP A 1
PREP A 2
PREP A 3
PREP A 4
PREP B 0
PREP B 1
PREP B 2
PREP B 3
PREP B 4
PREP EXT10 0
PREP EXT12 0
REPAIR_PREP DIAG10 0 splits 3
REPAIR_PREP DIAG10 1 splits 0
REPAIR_PREP DIAG10 2 splits 0
REPAIR_PREP DIAG10 3 splits 0
REPAIR_PREP DIAG10 4 splits 0
REPAIR_PREP DIAG10 5 splits 0
REPAIR_PREP DIAG10 6 splits 0
REPAIR_PREP DIAG10 7 splits 3
REPAIR_PREP DIAG10 8 splits 0
REPAIR_PREP DIAG10 9 splits 0
REPAIR_PREP A 0 splits 0
REPAIR_PREP A 1 splits 0
REPAIR_PREP A 2 splits 0
REPAIR_PREP A 3 splits 0
REPAIR_PREP A 4 splits 0
REPAIR_PREP B 0 splits 3
REPAIR_PREP B 1 splits 3
REPAIR_PREP B 2 splits 3
REPAIR_PREP B 3 splits 0
REPAIR_PREP B 4 splits 0
REPAIR_FIT DIAG10 0 7 4 {'SPLIT': False, 'GUARD': False}
REPAIR_FIT DIAG10 0 101 4 {'SPLIT': False, 'GUARD': False}
REPAIR_FIT DIAG10 0 2024 4 {'SPLIT': False, 'GUARD': False}
REPAIR_FIT DIAG10 1 7 0 {'SPLIT': True, 'GUARD': True}
REPAIR_FIT DIAG10 1 101 0 {'SPLIT': True, 'GUARD': True}
REPAIR_FIT DIAG10 1 2024 0 {'SPLIT': True, 'GUARD': True}
REPAIR_FIT DIAG10 2 7 0 {'SPLIT': True, 'GUARD': True}
REPAIR_FIT DIAG10 2 101 0 {'SPLIT': True, 'GUARD': True}
REPAIR_FIT DIAG10 2 2024 0 {'SPLIT': True, 'GUARD': True}
REPAIR_FIT DIAG10 3 7 0 {'SPLIT': True, 'GUARD': True}
REPAIR_FIT DIAG10 3 101 0 {'SPLIT': True, 'GUARD': True}
REPAIR_FIT DIAG10 3 2024 0 {'SPLIT': True, 'GUARD': True}
REPAIR_FIT DIAG10 4 7 0 {'SPLIT': True, 'GUARD': True}
REPAIR_FIT DIAG10 4 101 0 {'SPLIT': True, 'GUARD': True}
REPAIR_FIT DIAG10 4 2024 0 {'SPLIT': True, 'GUARD': True}
REPAIR_FIT DIAG10 5 7 0 {'SPLIT': True, 'GUARD': True}
REPAIR_FIT DIAG10 5 101 0 {'SPLIT': True, 'GUARD': True}
REPAIR_FIT DIAG10 5 2024 0 {'SPLIT': True, 'GUARD': True}
REPAIR_FIT DIAG10 6 7 0 {'SPLIT': True, 'GUARD': True}
REPAIR_FIT DIAG10 6 101 0 {'SPLIT': True, 'GUARD': True}
REPAIR_FIT DIAG10 6 2024 0 {'SPLIT': True, 'GUARD': True}
REPAIR_FIT DIAG10 7 7 4 {'SPLIT': False, 'GUARD': False}
REPAIR_FIT DIAG10 7 101 4 {'SPLIT': False, 'GUARD': False}
REPAIR_FIT DIAG10 7 2024 4 {'SPLIT': False, 'GUARD': False}
REPAIR_FIT DIAG10 8 7 0 {'SPLIT': True, 'GUARD': True}
REPAIR_FIT DIAG10 8 101 0 {'SPLIT': True, 'GUARD': True}
REPAIR_FIT DIAG10 8 2024 0 {'SPLIT': True, 'GUARD': True}
REPAIR_FIT DIAG10 9 7 0 {'SPLIT': True, 'GUARD': True}
REPAIR_FIT DIAG10 9 101 0 {'SPLIT': True, 'GUARD': True}
REPAIR_FIT DIAG10 9 2024 0 {'SPLIT': True, 'GUARD': True}
REPAIR_FIT A 0 7 0 {'SPLIT': True, 'GUARD': True}
REPAIR_FIT A 0 101 0 {'SPLIT': True, 'GUARD': True}
REPAIR_FIT A 0 2024 0 {'SPLIT': True, 'GUARD': True}
REPAIR_FIT A 1 7 0 {'SPLIT': True, 'GUARD': True}
REPAIR_FIT A 1 101 0 {'SPLIT': True, 'GUARD': True}
REPAIR_FIT A 1 2024 0 {'SPLIT': True, 'GUARD': True}
REPAIR_FIT A 2 7 0 {'SPLIT': True, 'GUARD': True}
REPAIR_FIT A 2 101 0 {'SPLIT': True, 'GUARD': True}
REPAIR_FIT A 2 2024 0 {'SPLIT': True, 'GUARD': True}
REPAIR_FIT A 3 7 0 {'SPLIT': True, 'GUARD': True}
REPAIR_FIT A 3 101 0 {'SPLIT': True, 'GUARD': True}
REPAIR_FIT A 3 2024 0 {'SPLIT': True, 'GUARD': True}
REPAIR_FIT A 4 7 0 {'SPLIT': True, 'GUARD': True}
REPAIR_FIT A 4 101 0 {'SPLIT': True, 'GUARD': True}
REPAIR_FIT A 4 2024 0 {'SPLIT': True, 'GUARD': True}
REPAIR_FIT B 0 7 4 {'SPLIT': False, 'GUARD': False}
REPAIR_FIT B 0 101 4 {'SPLIT': False, 'GUARD': False}
REPAIR_FIT B 0 2024 4 {'SPLIT': False, 'GUARD': False}
REPAIR_FIT B 1 7 4 {'SPLIT': False, 'GUARD': False}
REPAIR_FIT B 1 101 4 {'SPLIT': False, 'GUARD': False}
REPAIR_FIT B 1 2024 4 {'SPLIT': False, 'GUARD': False}
REPAIR_FIT B 2 7 4 {'SPLIT': False, 'GUARD': False}
REPAIR_FIT B 2 101 4 {'SPLIT': False, 'GUARD': False}
REPAIR_FIT B 2 2024 4 {'SPLIT': False, 'GUARD': False}
REPAIR_FIT B 3 7 0 {'SPLIT': True, 'GUARD': True}
REPAIR_FIT B 3 101 0 {'SPLIT': True, 'GUARD': True}
REPAIR_FIT B 3 2024 0 {'SPLIT': True, 'GUARD': True}
REPAIR_FIT B 4 7 0 {'SPLIT': True, 'GUARD': True}
REPAIR_FIT B 4 101 0 {'SPLIT': True, 'GUARD': True}
REPAIR_FIT B 4 2024 0 {'SPLIT': True, 'GUARD': True}
