PREP DIAG10 0
PREP DIAG10 1
PREP DIAG10 2
PREP DIAG10 3
PREP DIAG10 4
PREP DIAG10 5
PREP DIAG10 6
PREP DIAG10 7
PREP DIAG10 8
PREP DIAG10 9
PREP A 0
PREP A 1
PREP A 2
PREP A 3
PREP A 4
PREP B 0
PREP B 1
PREP B 2
PREP B 3
PREP B 4
PREP EXT10 0
PREP EXT12 0
B_PROBE DIAG10 0 7 COMPLETE
B_PROBE DIAG10 0 101 COMPLETE
B_PROBE DIAG10 0 2024 COMPLETE
B_PROBE DIAG10 1 7 COMPLETE
B_PROBE DIAG10 1 101 COMPLETE
B_PROBE DIAG10 1 2024 COMPLETE
B_PROBE DIAG10 2 7 COMPLETE
B_PROBE DIAG10 2 101 COMPLETE
B_PROBE DIAG10 2 2024 COMPLETE
B_PROBE DIAG10 3 7 COMPLETE
B_PROBE DIAG10 3 101 COMPLETE
B_PROBE DIAG10 3 2024 COMPLETE
B_PROBE DIAG10 4 7 COMPLETE
B_PROBE DIAG10 4 101 COMPLETE
B_PROBE DIAG10 4 2024 COMPLETE
B_PROBE DIAG10 5 7 COMPLETE
B_PROBE DIAG10 5 101 COMPLETE
B_PROBE DIAG10 5 2024 COMPLETE
B_PROBE DIAG10 6 7 COMPLETE
B_PROBE DIAG10 6 101 COMPLETE
B_PROBE DIAG10 6 2024 COMPLETE
B_PROBE DIAG10 7 7 COMPLETE
B_PROBE DIAG10 7 101 COMPLETE
B_PROBE DIAG10 7 2024 COMPLETE
B_PROBE DIAG10 8 7 COMPLETE
B_PROBE DIAG10 8 101 COMPLETE
B_PROBE DIAG10 8 2024 COMPLETE
B_PROBE DIAG10 9 7 COMPLETE
B_PROBE DIAG10 9 101 COMPLETE
B_PROBE DIAG10 9 2024 COMPLETE
B_PROBE A 0 7 COMPLETE
B_PROBE A 0 101 COMPLETE
B_PROBE A 0 2024 COMPLETE
B_PROBE A 1 7 COMPLETE
B_PROBE A 1 101 COMPLETE
B_PROBE A 1 2024 COMPLETE
B_PROBE A 2 7 COMPLETE
B_PROBE A 2 101 COMPLETE
B_PROBE A 2 2024 COMPLETE
B_PROBE A 3 7 COMPLETE
B_PROBE A 3 101 COMPLETE
B_PROBE A 3 2024 COMPLETE
B_PROBE A 4 7 COMPLETE
B_PROBE A 4 101 COMPLETE
B_PROBE A 4 2024 COMPLETE
B_PROBE B 0 7 COMPLETE
B_PROBE B 0 101 COMPLETE
B_PROBE B 0 2024 COMPLETE
B_PROBE B 1 7 COMPLETE
B_PROBE B 1 101 COMPLETE
B_PROBE B 1 2024 COMPLETE
B_PROBE B 2 7 COMPLETE
B_PROBE B 2 101 COMPLETE
B_PROBE B 2 2024 COMPLETE
B_PROBE B 3 7 COMPLETE
B_PROBE B 3 101 COMPLETE
B_PROBE B 3 2024 COMPLETE
B_PROBE B 4 7 COMPLETE
B_PROBE B 4 101 COMPLETE
B_PROBE B 4 2024 COMPLETE
B_PROBE EXT10 0 7 COMPLETE
B_PROBE EXT10 0 101 COMPLETE
B_PROBE EXT10 0 2024 COMPLETE
B_PROBE EXT12 0 7 COMPLETE
B_PROBE EXT12 0 101 COMPLETE
B_PROBE EXT12 0 2024 COMPLETE
B_PROBE_COMPLETE
