PREP DIAG10 0
PREP DIAG10 1
PREP DIAG10 2
PREP DIAG10 3
PREP DIAG10 4
PREP DIAG10 5
PREP DIAG10 6
PREP DIAG10 7
PREP DIAG10 8
PREP DIAG10 9
PREP A 0
PREP A 1
PREP A 2
PREP A 3
PREP A 4
PREP B 0
PREP B 1
PREP B 2
PREP B 3
PREP B 4
PREP EXT10 0
PREP EXT12 0
VERIFY_B outer MEAN DIAG10 0 7
VERIFY_B excluded MEAN DIAG10 0 7
VERIFY_B included_equal_n MEAN DIAG10 0 7
VERIFY_B outer STATE DIAG10 0 7
VERIFY_B excluded STATE DIAG10 0 7
VERIFY_B included_equal_n STATE DIAG10 0 7
VERIFY_B outer MEAN DIAG10 0 101
VERIFY_B excluded MEAN DIAG10 0 101
VERIFY_B included_equal_n MEAN DIAG10 0 101
VERIFY_B outer STATE DIAG10 0 101
VERIFY_B excluded STATE DIAG10 0 101
VERIFY_B included_equal_n STATE DIAG10 0 101
VERIFY_B outer MEAN DIAG10 0 2024
VERIFY_B excluded MEAN DIAG10 0 2024
VERIFY_B included_equal_n MEAN DIAG10 0 2024
VERIFY_B outer STATE DIAG10 0 2024
VERIFY_B excluded STATE DIAG10 0 2024
VERIFY_B included_equal_n STATE DIAG10 0 2024
VERIFY_B outer MEAN DIAG10 1 7
VERIFY_B excluded MEAN DIAG10 1 7
VERIFY_B included_equal_n MEAN DIAG10 1 7
VERIFY_B outer STATE DIAG10 1 7
VERIFY_B excluded STATE DIAG10 1 7
VERIFY_B included_equal_n STATE DIAG10 1 7
VERIFY_B outer MEAN DIAG10 1 101
VERIFY_B excluded MEAN DIAG10 1 101
VERIFY_B included_equal_n MEAN DIAG10 1 101
VERIFY_B outer STATE DIAG10 1 101
VERIFY_B excluded STATE DIAG10 1 101
VERIFY_B included_equal_n STATE DIAG10 1 101
VERIFY_B outer MEAN DIAG10 1 2024
VERIFY_B excluded MEAN DIAG10 1 2024
VERIFY_B included_equal_n MEAN DIAG10 1 2024
VERIFY_B outer STATE DIAG10 1 2024
VERIFY_B excluded STATE DIAG10 1 2024
VERIFY_B included_equal_n STATE DIAG10 1 2024
VERIFY_B outer MEAN DIAG10 2 7
VERIFY_B excluded MEAN DIAG10 2 7
VERIFY_B included_equal_n MEAN DIAG10 2 7
VERIFY_B outer STATE DIAG10 2 7
VERIFY_B excluded STATE DIAG10 2 7
VERIFY_B included_equal_n STATE DIAG10 2 7
VERIFY_B outer MEAN DIAG10 2 101
VERIFY_B excluded MEAN DIAG10 2 101
VERIFY_B included_equal_n MEAN DIAG10 2 101
VERIFY_B outer STATE DIAG10 2 101
VERIFY_B excluded STATE DIAG10 2 101
VERIFY_B included_equal_n STATE DIAG10 2 101
VERIFY_B outer MEAN DIAG10 2 2024
VERIFY_B excluded MEAN DIAG10 2 2024
VERIFY_B included_equal_n MEAN DIAG10 2 2024
VERIFY_B outer STATE DIAG10 2 2024
VERIFY_B excluded STATE DIAG10 2 2024
VERIFY_B included_equal_n STATE DIAG10 2 2024
VERIFY_B outer MEAN DIAG10 3 7
VERIFY_B excluded MEAN DIAG10 3 7
VERIFY_B included_equal_n MEAN DIAG10 3 7
VERIFY_B outer STATE DIAG10 3 7
VERIFY_B excluded STATE DIAG10 3 7
VERIFY_B included_equal_n STATE DIAG10 3 7
VERIFY_B outer MEAN DIAG10 3 101
VERIFY_B excluded MEAN DIAG10 3 101
VERIFY_B included_equal_n MEAN DIAG10 3 101
VERIFY_B outer STATE DIAG10 3 101
VERIFY_B excluded STATE DIAG10 3 101
VERIFY_B included_equal_n STATE DIAG10 3 101
VERIFY_B outer MEAN DIAG10 3 2024
VERIFY_B excluded MEAN DIAG10 3 2024
VERIFY_B included_equal_n MEAN DIAG10 3 2024
VERIFY_B outer STATE DIAG10 3 2024
VERIFY_B excluded STATE DIAG10 3 2024
VERIFY_B included_equal_n STATE DIAG10 3 2024
VERIFY_B outer MEAN DIAG10 4 7
VERIFY_B excluded MEAN DIAG10 4 7
VERIFY_B included_equal_n MEAN DIAG10 4 7
VERIFY_B outer STATE DIAG10 4 7
VERIFY_B excluded STATE DIAG10 4 7
VERIFY_B included_equal_n STATE DIAG10 4 7
VERIFY_B outer MEAN DIAG10 4 101
VERIFY_B excluded MEAN DIAG10 4 101
VERIFY_B included_equal_n MEAN DIAG10 4 101
VERIFY_B outer STATE DIAG10 4 101
VERIFY_B excluded STATE DIAG10 4 101
VERIFY_B included_equal_n STATE DIAG10 4 101
VERIFY_B outer MEAN DIAG10 4 2024
VERIFY_B excluded MEAN DIAG10 4 2024
VERIFY_B included_equal_n MEAN DIAG10 4 2024
VERIFY_B outer STATE DIAG10 4 2024
VERIFY_B excluded STATE DIAG10 4 2024
VERIFY_B included_equal_n STATE DIAG10 4 2024
VERIFY_B outer MEAN DIAG10 5 7
VERIFY_B excluded MEAN DIAG10 5 7
VERIFY_B included_equal_n MEAN DIAG10 5 7
VERIFY_B outer STATE DIAG10 5 7
VERIFY_B excluded STATE DIAG10 5 7
VERIFY_B included_equal_n STATE DIAG10 5 7
VERIFY_B outer MEAN DIAG10 5 101
VERIFY_B excluded MEAN DIAG10 5 101
VERIFY_B included_equal_n MEAN DIAG10 5 101
VERIFY_B outer STATE DIAG10 5 101
VERIFY_B excluded STATE DIAG10 5 101
VERIFY_B included_equal_n STATE DIAG10 5 101
VERIFY_B outer MEAN DIAG10 5 2024
VERIFY_B excluded MEAN DIAG10 5 2024
VERIFY_B included_equal_n MEAN DIAG10 5 2024
VERIFY_B outer STATE DIAG10 5 2024
VERIFY_B excluded STATE DIAG10 5 2024
VERIFY_B included_equal_n STATE DIAG10 5 2024
VERIFY_B outer MEAN DIAG10 6 7
VERIFY_B excluded MEAN DIAG10 6 7
VERIFY_B included_equal_n MEAN DIAG10 6 7
VERIFY_B outer STATE DIAG10 6 7
VERIFY_B excluded STATE DIAG10 6 7
VERIFY_B included_equal_n STATE DIAG10 6 7
VERIFY_B outer MEAN DIAG10 6 101
VERIFY_B excluded MEAN DIAG10 6 101
VERIFY_B included_equal_n MEAN DIAG10 6 101
VERIFY_B outer STATE DIAG10 6 101
VERIFY_B excluded STATE DIAG10 6 101
VERIFY_B included_equal_n STATE DIAG10 6 101
VERIFY_B outer MEAN DIAG10 6 2024
VERIFY_B excluded MEAN DIAG10 6 2024
VERIFY_B included_equal_n MEAN DIAG10 6 2024
VERIFY_B outer STATE DIAG10 6 2024
VERIFY_B excluded STATE DIAG10 6 2024
VERIFY_B included_equal_n STATE DIAG10 6 2024
VERIFY_B outer MEAN DIAG10 7 7
VERIFY_B excluded MEAN DIAG10 7 7
VERIFY_B included_equal_n MEAN DIAG10 7 7
VERIFY_B outer STATE DIAG10 7 7
VERIFY_B excluded STATE DIAG10 7 7
VERIFY_B included_equal_n STATE DIAG10 7 7
VERIFY_B outer MEAN DIAG10 7 101
VERIFY_B excluded MEAN DIAG10 7 101
VERIFY_B included_equal_n MEAN DIAG10 7 101
VERIFY_B outer STATE DIAG10 7 101
VERIFY_B excluded STATE DIAG10 7 101
VERIFY_B included_equal_n STATE DIAG10 7 101
VERIFY_B outer MEAN DIAG10 7 2024
VERIFY_B excluded MEAN DIAG10 7 2024
VERIFY_B included_equal_n MEAN DIAG10 7 2024
VERIFY_B outer STATE DIAG10 7 2024
VERIFY_B excluded STATE DIAG10 7 2024
VERIFY_B included_equal_n STATE DIAG10 7 2024
VERIFY_B outer MEAN DIAG10 8 7
VERIFY_B excluded MEAN DIAG10 8 7
VERIFY_B included_equal_n MEAN DIAG10 8 7
VERIFY_B outer STATE DIAG10 8 7
VERIFY_B excluded STATE DIAG10 8 7
VERIFY_B included_equal_n STATE DIAG10 8 7
VERIFY_B outer MEAN DIAG10 8 101
VERIFY_B excluded MEAN DIAG10 8 101
VERIFY_B included_equal_n MEAN DIAG10 8 101
VERIFY_B outer STATE DIAG10 8 101
VERIFY_B excluded STATE DIAG10 8 101
VERIFY_B included_equal_n STATE DIAG10 8 101
VERIFY_B outer MEAN DIAG10 8 2024
VERIFY_B excluded MEAN DIAG10 8 2024
VERIFY_B included_equal_n MEAN DIAG10 8 2024
VERIFY_B outer STATE DIAG10 8 2024
VERIFY_B excluded STATE DIAG10 8 2024
VERIFY_B included_equal_n STATE DIAG10 8 2024
VERIFY_B outer MEAN DIAG10 9 7
VERIFY_B excluded MEAN DIAG10 9 7
VERIFY_B included_equal_n MEAN DIAG10 9 7
VERIFY_B outer STATE DIAG10 9 7
VERIFY_B excluded STATE DIAG10 9 7
VERIFY_B included_equal_n STATE DIAG10 9 7
VERIFY_B outer MEAN DIAG10 9 101
VERIFY_B excluded MEAN DIAG10 9 101
VERIFY_B included_equal_n MEAN DIAG10 9 101
VERIFY_B outer STATE DIAG10 9 101
VERIFY_B excluded STATE DIAG10 9 101
VERIFY_B included_equal_n STATE DIAG10 9 101
VERIFY_B outer MEAN DIAG10 9 2024
VERIFY_B excluded MEAN DIAG10 9 2024
VERIFY_B included_equal_n MEAN DIAG10 9 2024
VERIFY_B outer STATE DIAG10 9 2024
VERIFY_B excluded STATE DIAG10 9 2024
VERIFY_B included_equal_n STATE DIAG10 9 2024
VERIFY_B outer MEAN A 0 7
VERIFY_B outer STATE A 0 7
VERIFY_B outer MEAN A 0 101
VERIFY_B outer STATE A 0 101
VERIFY_B outer MEAN A 0 2024
VERIFY_B outer STATE A 0 2024
VERIFY_B outer MEAN A 1 7
VERIFY_B outer STATE A 1 7
VERIFY_B outer MEAN A 1 101
VERIFY_B outer STATE A 1 101
VERIFY_B outer MEAN A 1 2024
VERIFY_B outer STATE A 1 2024
VERIFY_B outer MEAN A 2 7
VERIFY_B outer STATE A 2 7
VERIFY_B outer MEAN A 2 101
VERIFY_B outer STATE A 2 101
VERIFY_B outer MEAN A 2 2024
VERIFY_B outer STATE A 2 2024
VERIFY_B outer MEAN A 3 7
VERIFY_B outer STATE A 3 7
VERIFY_B outer MEAN A 3 101
VERIFY_B outer STATE A 3 101
VERIFY_B outer MEAN A 3 2024
VERIFY_B outer STATE A 3 2024
VERIFY_B outer MEAN A 4 7
VERIFY_B outer STATE A 4 7
VERIFY_B outer MEAN A 4 101
VERIFY_B outer STATE A 4 101
VERIFY_B outer MEAN A 4 2024
VERIFY_B outer STATE A 4 2024
VERIFY_B outer MEAN B 0 7
VERIFY_B outer STATE B 0 7
VERIFY_B outer MEAN B 0 101
VERIFY_B outer STATE B 0 101
VERIFY_B outer MEAN B 0 2024
VERIFY_B outer STATE B 0 2024
VERIFY_B outer MEAN B 1 7
VERIFY_B outer STATE B 1 7
VERIFY_B outer MEAN B 1 101
VERIFY_B outer STATE B 1 101
VERIFY_B outer MEAN B 1 2024
VERIFY_B outer STATE B 1 2024
VERIFY_B outer MEAN B 2 7
VERIFY_B outer STATE B 2 7
VERIFY_B outer MEAN B 2 101
VERIFY_B outer STATE B 2 101
VERIFY_B outer MEAN B 2 2024
VERIFY_B outer STATE B 2 2024
VERIFY_B outer MEAN B 3 7
VERIFY_B outer STATE B 3 7
VERIFY_B outer MEAN B 3 101
VERIFY_B outer STATE B 3 101
VERIFY_B outer MEAN B 3 2024
VERIFY_B outer STATE B 3 2024
VERIFY_B outer MEAN B 4 7
VERIFY_B outer STATE B 4 7
VERIFY_B outer MEAN B 4 101
VERIFY_B outer STATE B 4 101
VERIFY_B outer MEAN B 4 2024
VERIFY_B outer STATE B 4 2024
VERIFY_B outer MEAN EXT10 0 7
VERIFY_B outer STATE EXT10 0 7
VERIFY_B outer MEAN EXT10 0 101
VERIFY_B outer STATE EXT10 0 101
VERIFY_B outer MEAN EXT10 0 2024
VERIFY_B outer STATE EXT10 0 2024
VERIFY_B outer MEAN EXT12 0 7
VERIFY_B outer STATE EXT12 0 7
VERIFY_B outer MEAN EXT12 0 101
VERIFY_B outer STATE EXT12 0 101
VERIFY_B outer MEAN EXT12 0 2024
VERIFY_B outer STATE EXT12 0 2024
VERIFIED_B_NEXT False
