NESTED_R3 DIAG10 0 0 7 44.875
NESTED_R3 DIAG10 0 0 101 23.734000000171363
NESTED_R3 DIAG10 0 0 2024 22.734999999869615
NESTED_PFN DIAG10 0 0 1 866.4689999998081
NESTED_PFN DIAG10 0 0 2 430.25
NESTED_PFN DIAG10 0 0 3 420.76600000006147
NESTED_PFN DIAG10 0 0 4 425.9069999998901
NESTED_CONTEXT_COMPLETE DIAG10 0 0
NESTED_R3 DIAG10 0 1 7 22.234999999869615
NESTED_R3 DIAG10 0 1 101 21.343000000109896
NESTED_R3 DIAG10 0 1 2024 21.266000000061467
NESTED_PFN DIAG10 0 1 1 424.8279999999795
NESTED_PFN DIAG10 0 1 2 401.405999999959
NESTED_PFN DIAG10 0 1 3 318.2819999998901
NESTED_PFN DIAG10 0 1 4 319.1720000000205
NESTED_CONTEXT_COMPLETE DIAG10 0 1
NESTED_R3 DIAG10 0 2 7 23.95299999997951
NESTED_R3 DIAG10 0 2 101 22.125
NESTED_R3 DIAG10 0 2 2024 29.969000000040978
NESTED_PFN DIAG10 0 2 1 313.68800000008196
NESTED_PFN DIAG10 0 2 2 314.15600000019185
NESTED_PFN DIAG10 0 2 3 312.6879999998491
NESTED_PFN DIAG10 0 2 4 315.0470000000205
NESTED_CONTEXT_COMPLETE DIAG10 0 2
NESTED_R3 DIAG10 0 3 7 21.109999999869615
NESTED_R3 DIAG10 0 3 101 22.438000000081956
NESTED_R3 DIAG10 0 3 2024 20.140000000130385
NESTED_PFN DIAG10 0 3 1 327.93699999991804
NESTED_PFN DIAG10 0 3 2 321.9529999999795
NESTED_PFN DIAG10 0 3 3 325.0470000000205
NESTED_PFN DIAG10 0 3 4 325.5
NESTED_CONTEXT_COMPLETE DIAG10 0 3
NESTED_OUTER_COMPLETE DIAG10 0
NESTED_R3 DIAG10 1 0 7 25.0
NESTED_R3 DIAG10 1 0 101 20.45300000021234
NESTED_R3 DIAG10 1 0 2024 22.641000000061467
NESTED_PFN DIAG10 1 0 1 339.26600000006147
NESTED_PFN DIAG10 1 0 2 336.469000000041
NESTED_PFN DIAG10 1 0 3 340.01600000006147
NESTED_PFN DIAG10 1 0 4 337.98399999993853
NESTED_CONTEXT_COMPLETE DIAG10 1 0
NESTED_R3 DIAG10 1 1 7 21.921000000089407
NESTED_R3 DIAG10 1 1 101 23.905999999959022
NESTED_R3 DIAG10 1 1 2024 20.640000000130385
NESTED_PFN DIAG10 1 1 1 336.61000000010245
NESTED_PFN DIAG10 1 1 2 334.8120000001509
NESTED_PFN DIAG10 1 1 3 336.7650000001304
NESTED_PFN DIAG10 1 1 4 333.375
NESTED_CONTEXT_COMPLETE DIAG10 1 1
NESTED_R3 DIAG10 1 2 7 23.703999999910593
NESTED_R3 DIAG10 1 2 101 18.781999999890104
NESTED_R3 DIAG10 1 2 2024 24.359999999869615
NESTED_PFN DIAG10 1 2 1 330.46899999980815
NESTED_PFN DIAG10 1 2 2 328.85899999993853
NESTED_PFN DIAG10 1 2 3 329.8129999998491
NESTED_PFN DIAG10 1 2 4 329.344000000041
NESTED_CONTEXT_COMPLETE DIAG10 1 2
NESTED_R3 DIAG10 1 3 7 18.155999999959022
NESTED_R3 DIAG10 1 3 101 22.04700000002049
NESTED_R3 DIAG10 1 3 2024 22.406000000191852
NESTED_PFN DIAG10 1 3 1 329.0620000001509
NESTED_PFN DIAG10 1 3 2 327.93699999991804
NESTED_PFN DIAG10 1 3 3 327.9529999999795
NESTED_PFN DIAG10 1 3 4 329.5789999999106
NESTED_CONTEXT_COMPLETE DIAG10 1 3
NESTED_OUTER_COMPLETE DIAG10 1
NESTED_R3 DIAG10 2 0 7 22.531000000191852
NESTED_R3 DIAG10 2 0 101 19.29700000002049
NESTED_R3 DIAG10 2 0 2024 21.312999999849126
NESTED_PFN DIAG10 2 0 1 333.68699999991804
NESTED_PFN DIAG10 2 0 2 336.38999999989755
NESTED_PFN DIAG10 2 0 3 335.0460000000894
NESTED_PFN DIAG10 2 0 4 334.719000000041
NESTED_CONTEXT_COMPLETE DIAG10 2 0
NESTED_R3 DIAG10 2 1 7 18.094000000040978
NESTED_R3 DIAG10 2 1 101 19.125
NESTED_R3 DIAG10 2 1 2024 23.29700000002049
NESTED_PFN DIAG10 2 1 1 330.01599999982864
NESTED_PFN DIAG10 2 1 2 328.9069999998901
NESTED_PFN DIAG10 2 1 3 328.344000000041
NESTED_PFN DIAG10 2 1 4 327.4849999998696
NESTED_CONTEXT_COMPLETE DIAG10 2 1
NESTED_R3 DIAG10 2 2 7 20.54700000002049
NESTED_R3 DIAG10 2 2 101 24.406999999890104
NESTED_R3 DIAG10 2 2 2024 19.92200000002049
NESTED_PFN DIAG10 2 2 1 325.9529999999795
NESTED_PFN DIAG10 2 2 2 326.625
NESTED_PFN DIAG10 2 2 3 325.7029999999795
NESTED_PFN DIAG10 2 2 4 324.5
NESTED_CONTEXT_COMPLETE DIAG10 2 2
NESTED_R3 DIAG10 2 3 7 20.54700000002049
NESTED_R3 DIAG10 2 3 101 20.141000000061467
NESTED_R3 DIAG10 2 3 2024 22.280999999959022
NESTED_PFN DIAG10 2 3 1 325.25
NESTED_PFN DIAG10 2 3 2 324.67199999978766
NESTED_PFN DIAG10 2 3 3 325.344000000041
NESTED_PFN DIAG10 2 3 4 325.6879999998491
NESTED_CONTEXT_COMPLETE DIAG10 2 3
NESTED_OUTER_COMPLETE DIAG10 2
NESTED_R3 DIAG10 3 0 7 19.515999999828637
NESTED_R3 DIAG10 3 0 101 21.031999999890104
NESTED_R3 DIAG10 3 0 2024 24.484000000171363
NESTED_PFN DIAG10 3 0 1 339.68800000008196
NESTED_PFN DIAG10 3 0 2 338.1099999998696
NESTED_PFN DIAG10 3 0 3 343.15600000019185
NESTED_PFN DIAG10 3 0 4 341.25
NESTED_CONTEXT_COMPLETE DIAG10 3 0
NESTED_R3 DIAG10 3 1 7 19.015000000130385
NESTED_R3 DIAG10 3 1 101 19.906000000191852
NESTED_R3 DIAG10 3 1 2024 21.92200000002049
NESTED_PFN DIAG10 3 1 1 331.155999999959
NESTED_PFN DIAG10 3 1 2 334.2970000000205
NESTED_PFN DIAG10 3 1 3 333.56199999991804
NESTED_PFN DIAG10 3 1 4 330.780999999959
NESTED_CONTEXT_COMPLETE DIAG10 3 1
NESTED_R3 DIAG10 3 2 7 21.483999999938533
NESTED_R3 DIAG10 3 2 101 20.5
NESTED_R3 DIAG10 3 2 2024 23.04700000002049
NESTED_PFN DIAG10 3 2 1 331.60900000017136
NESTED_PFN DIAG10 3 2 2 331.4529999999795
NESTED_PFN DIAG10 3 2 3 332.65600000019185
NESTED_PFN DIAG10 3 2 4 330.594000000041
NESTED_CONTEXT_COMPLETE DIAG10 3 2
NESTED_R3 DIAG10 3 3 7 21.186999999918044
NESTED_R3 DIAG10 3 3 101 23.125
NESTED_R3 DIAG10 3 3 2024 24.280999999959022
NESTED_PFN DIAG10 3 3 1 328.7819999998901
NESTED_PFN DIAG10 3 3 2 332.01600000006147
NESTED_PFN DIAG10 3 3 3 327.56300000008196
NESTED_PFN DIAG10 3 3 4 328.405999999959
NESTED_CONTEXT_COMPLETE DIAG10 3 3
NESTED_OUTER_COMPLETE DIAG10 3
NESTED_R3 DIAG10 4 0 7 19.04700000002049
NESTED_R3 DIAG10 4 0 101 19.405999999959022
NESTED_R3 DIAG10 4 0 2024 18.061999999918044
NESTED_PFN DIAG10 4 0 1 333.1569999998901
NESTED_PFN DIAG10 4 0 2 332.56300000008196
NESTED_PFN DIAG10 4 0 3 337.2970000000205
NESTED_PFN DIAG10 4 0 4 338.18800000008196
NESTED_CONTEXT_COMPLETE DIAG10 4 0
NESTED_R3 DIAG10 4 1 7 21.625
NESTED_R3 DIAG10 4 1 101 22.218000000109896
NESTED_R3 DIAG10 4 1 2024 22.265000000130385
NESTED_PFN DIAG10 4 1 1 335.0779999999795
NESTED_PFN DIAG10 4 1 2 332.125
NESTED_PFN DIAG10 4 1 3 332.85900000017136
NESTED_PFN DIAG10 4 1 4 334.2029999999795
NESTED_CONTEXT_COMPLETE DIAG10 4 1
NESTED_R3 DIAG10 4 2 7 20.405999999959022
NESTED_R3 DIAG10 4 2 101 19.70299999997951
NESTED_R3 DIAG10 4 2 2024 17.844000000040978
NESTED_PFN DIAG10 4 2 1 265.81300000008196
NESTED_PFN DIAG10 4 2 2 229.53099999995902
NESTED_PFN DIAG10 4 2 3 228.28100000019185
NESTED_PFN DIAG10 4 2 4 227.56200000015087
NESTED_CONTEXT_COMPLETE DIAG10 4 2
NESTED_R3 DIAG10 4 3 7 14.702999999979511
NESTED_R3 DIAG10 4 3 101 16.733999999938533
NESTED_R3 DIAG10 4 3 2024 18.234000000171363
NESTED_PFN DIAG10 4 3 1 245.71900000004098
NESTED_PFN DIAG10 4 3 2 329.155999999959
NESTED_PFN DIAG10 4 3 3 333.61000000010245
NESTED_PFN DIAG10 4 3 4 330.625
NESTED_CONTEXT_COMPLETE DIAG10 4 3
NESTED_OUTER_COMPLETE DIAG10 4
NESTED_R3 DIAG10 5 0 7 26.531999999890104
NESTED_R3 DIAG10 5 0 101 23.32799999997951
NESTED_R3 DIAG10 5 0 2024 22.25
NESTED_PFN DIAG10 5 0 1 343.0470000000205
NESTED_PFN DIAG10 5 0 2 343.469000000041
NESTED_PFN DIAG10 5 0 3 340.5930000001099
NESTED_PFN DIAG10 5 0 4 341.0930000001099
NESTED_CONTEXT_COMPLETE DIAG10 5 0
NESTED_R3 DIAG10 5 1 7 18.906999999890104
NESTED_R3 DIAG10 5 1 101 20.140000000130385
NESTED_R3 DIAG10 5 1 2024 25.125
NESTED_PFN DIAG10 5 1 1 341.60900000017136
NESTED_PFN DIAG10 5 1 2 343.7970000000205
NESTED_PFN DIAG10 5 1 3 339.1720000000205
NESTED_PFN DIAG10 5 1 4 338.0319999998901
NESTED_CONTEXT_COMPLETE DIAG10 5 1
NESTED_R3 DIAG10 5 2 7 20.844000000040978
NESTED_R3 DIAG10 5 2 101 22.734999999869615
NESTED_R3 DIAG10 5 2 2024 24.594000000040978
NESTED_PFN DIAG10 5 2 1 337.344000000041
NESTED_PFN DIAG10 5 2 2 335.60899999993853
NESTED_PFN DIAG10 5 2 3 343.2029999999795
NESTED_PFN DIAG10 5 2 4 343.46899999980815
NESTED_CONTEXT_COMPLETE DIAG10 5 2
NESTED_R3 DIAG10 5 3 7 20.719000000040978
NESTED_R3 DIAG10 5 3 101 24.108999999938533
NESTED_R3 DIAG10 5 3 2024 23.312999999849126
NESTED_PFN DIAG10 5 3 1 337.6720000000205
NESTED_PFN DIAG10 5 3 2 336.3599999998696
NESTED_PFN DIAG10 5 3 3 339.85900000017136
NESTED_PFN DIAG10 5 3 4 337.6569999998901
NESTED_CONTEXT_COMPLETE DIAG10 5 3
NESTED_OUTER_COMPLETE DIAG10 5
NESTED_R3 DIAG10 6 0 7 21.57799999997951
NESTED_R3 DIAG10 6 0 101 21.266000000061467
NESTED_R3 DIAG10 6 0 2024 27.29700000002049
NESTED_PFN DIAG10 6 0 1 345.14099999982864
NESTED_PFN DIAG10 6 0 2 345.2039999999106
NESTED_PFN DIAG10 6 0 3 344.5
NESTED_PFN DIAG10 6 0 4 339.3279999999795
NESTED_CONTEXT_COMPLETE DIAG10 6 0
NESTED_R3 DIAG10 6 1 7 19.57799999997951
NESTED_R3 DIAG10 6 1 101 19.906000000191852
NESTED_R3 DIAG10 6 1 2024 23.515000000130385
NESTED_PFN DIAG10 6 1 1 338.75
NESTED_PFN DIAG10 6 1 2 338.93800000008196
NESTED_PFN DIAG10 6 1 3 337.875
NESTED_PFN DIAG10 6 1 4 340.0629999998491
NESTED_CONTEXT_COMPLETE DIAG10 6 1
NESTED_R3 DIAG10 6 2 7 20.171000000089407
NESTED_R3 DIAG10 6 2 101 22.531000000191852
NESTED_R3 DIAG10 6 2 2024 20.719000000040978
NESTED_PFN DIAG10 6 2 1 333.7180000001099
NESTED_PFN DIAG10 6 2 2 333.875
NESTED_PFN DIAG10 6 2 3 333.8430000001099
NESTED_PFN DIAG10 6 2 4 334.5930000001099
NESTED_CONTEXT_COMPLETE DIAG10 6 2
NESTED_R3 DIAG10 6 3 7 24.437999999849126
NESTED_R3 DIAG10 6 3 101 19.483999999938533
NESTED_R3 DIAG10 6 3 2024 22.656999999890104
NESTED_PFN DIAG10 6 3 1 326.76600000006147
NESTED_PFN DIAG10 6 3 2 326.6720000000205
NESTED_PFN DIAG10 6 3 3 327.51599999982864
NESTED_PFN DIAG10 6 3 4 325.4220000000205
NESTED_CONTEXT_COMPLETE DIAG10 6 3
NESTED_OUTER_COMPLETE DIAG10 6
NESTED_R3 DIAG10 7 0 7 24.187999999849126
NESTED_R3 DIAG10 7 0 101 19.67199999978766
NESTED_R3 DIAG10 7 0 2024 22.639999999897555
NESTED_PFN DIAG10 7 0 1 336.85899999993853
NESTED_PFN DIAG10 7 0 2 339.96899999980815
NESTED_PFN DIAG10 7 0 3 338.64099999982864
NESTED_PFN DIAG10 7 0 4 340.1400000001304
NESTED_CONTEXT_COMPLETE DIAG10 7 0
NESTED_R3 DIAG10 7 1 7 21.125
NESTED_R3 DIAG10 7 1 101 21.969000000040978
NESTED_R3 DIAG10 7 1 2024 21.484000000171363
NESTED_PFN DIAG10 7 1 1 338.40600000019185
NESTED_PFN DIAG10 7 1 2 336.43699999991804
NESTED_PFN DIAG10 7 1 3 341.2029999999795
NESTED_PFN DIAG10 7 1 4 339.48400000017136
NESTED_CONTEXT_COMPLETE DIAG10 7 1
NESTED_R3 DIAG10 7 2 7 22.281000000191852
NESTED_R3 DIAG10 7 2 101 23.0
NESTED_R3 DIAG10 7 2 2024 25.891000000061467
NESTED_PFN DIAG10 7 2 1 339.7039999999106
NESTED_PFN DIAG10 7 2 2 340.63999999989755
NESTED_PFN DIAG10 7 2 3 340.280999999959
NESTED_PFN DIAG10 7 2 4 338.594000000041
NESTED_CONTEXT_COMPLETE DIAG10 7 2
NESTED_R3 DIAG10 7 3 7 27.375
NESTED_R3 DIAG10 7 3 101 19.671000000089407
NESTED_R3 DIAG10 7 3 2024 27.45299999997951
NESTED_PFN DIAG10 7 3 1 329.1099999998696
NESTED_PFN DIAG10 7 3 2 328.98400000017136
NESTED_PFN DIAG10 7 3 3 330.6400000001304
NESTED_PFN DIAG10 7 3 4 326.0779999999795
NESTED_CONTEXT_COMPLETE DIAG10 7 3
NESTED_OUTER_COMPLETE DIAG10 7
NESTED_R3 DIAG10 8 0 7 21.45299999997951
NESTED_R3 DIAG10 8 0 101 22.889999999897555
NESTED_R3 DIAG10 8 0 2024 19.218000000109896
NESTED_PFN DIAG10 8 0 1 335.8430000001099
NESTED_PFN DIAG10 8 0 2 337.1879999998491
NESTED_PFN DIAG10 8 0 3 335.28100000019185
NESTED_PFN DIAG10 8 0 4 335.2029999999795
NESTED_CONTEXT_COMPLETE DIAG10 8 0
NESTED_R3 DIAG10 8 1 7 22.015999999828637
NESTED_R3 DIAG10 8 1 101 21.390999999828637
NESTED_R3 DIAG10 8 1 2024 27.031999999890104
NESTED_PFN DIAG10 8 1 1 332.01600000006147
NESTED_PFN DIAG10 8 1 2 330.85900000017136
NESTED_PFN DIAG10 8 1 3 329.5
NESTED_PFN DIAG10 8 1 4 330.89100000006147
NESTED_CONTEXT_COMPLETE DIAG10 8 1
NESTED_R3 DIAG10 8 2 7 18.0
NESTED_R3 DIAG10 8 2 101 25.344000000040978
NESTED_R3 DIAG10 8 2 2024 20.375
NESTED_PFN DIAG10 8 2 1 328.4680000001099
NESTED_PFN DIAG10 8 2 2 329.0779999999795
NESTED_PFN DIAG10 8 2 3 329.9849999998696
NESTED_PFN DIAG10 8 2 4 331.35900000017136
NESTED_CONTEXT_COMPLETE DIAG10 8 2
NESTED_R3 DIAG10 8 3 7 20.92200000002049
NESTED_R3 DIAG10 8 3 101 25.483999999938533
NESTED_R3 DIAG10 8 3 2024 25.625
NESTED_PFN DIAG10 8 3 1 321.405999999959
NESTED_PFN DIAG10 8 3 2 319.84399999980815
NESTED_PFN DIAG10 8 3 3 319.88999999989755
NESTED_PFN DIAG10 8 3 4 320.905999999959
NESTED_CONTEXT_COMPLETE DIAG10 8 3
NESTED_OUTER_COMPLETE DIAG10 8
NESTED_R3 DIAG10 9 0 7 22.280999999959022
NESTED_R3 DIAG10 9 0 101 18.187999999849126
NESTED_R3 DIAG10 9 0 2024 20.719000000040978
NESTED_PFN DIAG10 9 0 1 334.75
NESTED_PFN DIAG10 9 0 2 335.594000000041
NESTED_PFN DIAG10 9 0 3 338.6720000000205
NESTED_PFN DIAG10 9 0 4 338.6400000001304
NESTED_CONTEXT_COMPLETE DIAG10 9 0
NESTED_R3 DIAG10 9 1 7 23.29700000002049
NESTED_R3 DIAG10 9 1 101 31.125
NESTED_R3 DIAG10 9 1 2024 22.219000000040978
NESTED_PFN DIAG10 9 1 1 333.40600000019185
NESTED_PFN DIAG10 9 1 2 334.094000000041
NESTED_PFN DIAG10 9 1 3 334.64100000006147
NESTED_PFN DIAG10 9 1 4 335.76600000006147
NESTED_CONTEXT_COMPLETE DIAG10 9 1
NESTED_R3 DIAG10 9 2 7 28.406000000191852
NESTED_R3 DIAG10 9 2 101 21.187000000150874
NESTED_R3 DIAG10 9 2 2024 21.734000000171363
NESTED_PFN DIAG10 9 2 1 327.6099999998696
NESTED_PFN DIAG10 9 2 2 328.03100000019185
NESTED_PFN DIAG10 9 2 3 328.43800000008196
NESTED_PFN DIAG10 9 2 4 326.094000000041
NESTED_CONTEXT_COMPLETE DIAG10 9 2
NESTED_R3 DIAG10 9 3 7 26.358999999938533
NESTED_R3 DIAG10 9 3 101 23.639999999897555
NESTED_R3 DIAG10 9 3 2024 23.0
NESTED_PFN DIAG10 9 3 1 326.0470000000205
NESTED_PFN DIAG10 9 3 2 326.65600000019185
NESTED_PFN DIAG10 9 3 3 324.6720000000205
NESTED_PFN DIAG10 9 3 4 324.89100000006147
NESTED_CONTEXT_COMPLETE DIAG10 9 3
NESTED_OUTER_COMPLETE DIAG10 9
NESTED_R3 A 0 0 7 18.625
NESTED_R3 A 0 0 101 19.530999999959022
NESTED_R3 A 0 0 2024 23.82799999997951
NESTED_PFN A 0 0 1 330.594000000041
NESTED_PFN A 0 0 2 330.905999999959
NESTED_PFN A 0 0 3 331.9680000001099
NESTED_PFN A 0 0 4 331.31300000008196
NESTED_CONTEXT_COMPLETE A 0 0
NESTED_R3 A 0 1 7 19.139999999897555
NESTED_R3 A 0 1 101 20.734000000171363
NESTED_R3 A 0 1 2024 21.655999999959022
NESTED_PFN A 0 1 1 330.625
NESTED_PFN A 0 1 2 334.280999999959
NESTED_PFN A 0 1 3 332.8430000001099
NESTED_PFN A 0 1 4 333.28100000019185
NESTED_CONTEXT_COMPLETE A 0 1
NESTED_R3 A 0 2 7 20.468999999808148
NESTED_R3 A 0 2 101 21.32799999997951
NESTED_R3 A 0 2 2024 24.187999999849126
NESTED_PFN A 0 2 1 330.01599999982864
NESTED_PFN A 0 2 2 331.0779999999795
NESTED_PFN A 0 2 3 330.219000000041
NESTED_PFN A 0 2 4 329.3900000001304
NESTED_CONTEXT_COMPLETE A 0 2
NESTED_R3 A 0 3 7 23.125
NESTED_R3 A 0 3 101 20.734000000171363
NESTED_R3 A 0 3 2024 24.594000000040978
NESTED_PFN A 0 3 1 327.625
NESTED_PFN A 0 3 2 328.4069999998901
NESTED_PFN A 0 3 3 328.6720000000205
NESTED_PFN A 0 3 4 328.64100000006147
NESTED_CONTEXT_COMPLETE A 0 3
NESTED_OUTER_COMPLETE A 0
NESTED_R3 A 1 0 7 22.438000000081956
NESTED_R3 A 1 0 101 23.891000000061467
NESTED_R3 A 1 0 2024 24.29700000002049
NESTED_PFN A 1 0 1 336.4680000001099
NESTED_PFN A 1 0 2 334.2970000000205
NESTED_PFN A 1 0 3 332.9529999999795
NESTED_PFN A 1 0 4 334.2029999999795
NESTED_CONTEXT_COMPLETE A 1 0
NESTED_R3 A 1 1 7 24.141000000061467
NESTED_R3 A 1 1 101 24.125
NESTED_R3 A 1 1 2024 24.405999999959022
NESTED_PFN A 1 1 1 333.01600000006147
NESTED_PFN A 1 1 2 332.06199999991804
NESTED_PFN A 1 1 3 333.9220000000205
NESTED_PFN A 1 1 4 331.40600000019185
NESTED_CONTEXT_COMPLETE A 1 1
NESTED_R3 A 1 2 7 25.0
NESTED_R3 A 1 2 101 22.57799999997951
NESTED_R3 A 1 2 2024 21.703999999910593
NESTED_PFN A 1 2 1 326.7029999999795
NESTED_PFN A 1 2 2 326.094000000041
NESTED_PFN A 1 2 3 327.09399999980815
NESTED_PFN A 1 2 4 329.6720000000205
NESTED_CONTEXT_COMPLETE A 1 2
NESTED_R3 A 1 3 7 20.890999999828637
NESTED_R3 A 1 3 101 23.79699999978766
NESTED_R3 A 1 3 2024 21.70299999997951
NESTED_PFN A 1 3 1 330.26599999982864
NESTED_PFN A 1 3 2 324.6569999998901
NESTED_PFN A 1 3 3 326.7819999998901
NESTED_PFN A 1 3 4 326.81300000008196
NESTED_CONTEXT_COMPLETE A 1 3
NESTED_OUTER_COMPLETE A 1
NESTED_R3 A 2 0 7 22.844000000040978
NESTED_R3 A 2 0 101 21.891000000061467
NESTED_R3 A 2 0 2024 18.234000000171363
NESTED_PFN A 2 0 1 333.9680000001099
NESTED_PFN A 2 0 2 336.5779999999795
NESTED_PFN A 2 0 3 333.46899999980815
NESTED_PFN A 2 0 4 333.155999999959
NESTED_CONTEXT_COMPLETE A 2 0
NESTED_R3 A 2 1 7 24.844000000040978
NESTED_R3 A 2 1 101 23.20300000021234
NESTED_R3 A 2 1 2024 18.686999999918044
NESTED_PFN A 2 1 1 331.4529999999795
NESTED_PFN A 2 1 2 331.18800000008196
NESTED_PFN A 2 1 3 332.280999999959
NESTED_PFN A 2 1 4 301.9529999999795
NESTED_CONTEXT_COMPLETE A 2 1
NESTED_R3 A 2 2 7 25.719000000040978
NESTED_R3 A 2 2 101 24.20300000021234
NESTED_R3 A 2 2 2024 25.406999999890104
NESTED_PFN A 2 2 1 327.46899999980815
NESTED_PFN A 2 2 2 331.0
NESTED_PFN A 2 2 3 335.85900000017136
NESTED_PFN A 2 2 4 332.405999999959
NESTED_CONTEXT_COMPLETE A 2 2
NESTED_R3 A 2 3 7 24.82799999997951
NESTED_R3 A 2 3 101 19.25
NESTED_R3 A 2 3 2024 23.735000000102445
NESTED_PFN A 2 3 1 331.48400000017136
NESTED_PFN A 2 3 2 331.625
NESTED_PFN A 2 3 3 331.4529999999795
NESTED_PFN A 2 3 4 328.125
NESTED_CONTEXT_COMPLETE A 2 3
NESTED_OUTER_COMPLETE A 2
NESTED_R3 A 3 0 7 18.780999999959022
NESTED_R3 A 3 0 101 21.406999999890104
NESTED_R3 A 3 0 2024 18.062000000150874
NESTED_PFN A 3 0 1 337.0620000001509
NESTED_PFN A 3 0 2 336.75
NESTED_PFN A 3 0 3 333.375
NESTED_PFN A 3 0 4 334.9370000001509
NESTED_CONTEXT_COMPLETE A 3 0
NESTED_R3 A 3 1 7 20.0
NESTED_R3 A 3 1 101 23.891000000061467
NESTED_R3 A 3 1 2024 23.031999999890104
NESTED_PFN A 3 1 1 333.78100000019185
NESTED_PFN A 3 1 2 331.8430000001099
NESTED_PFN A 3 1 3 331.3900000001304
NESTED_PFN A 3 1 4 331.344000000041
NESTED_CONTEXT_COMPLETE A 3 1
NESTED_R3 A 3 2 7 23.141000000061467
NESTED_R3 A 3 2 101 21.95300000021234
NESTED_R3 A 3 2 2024 27.0
NESTED_PFN A 3 2 1 329.14099999982864
NESTED_PFN A 3 2 2 326.71899999980815
NESTED_PFN A 3 2 3 275.73400000017136
