validator  seed    n  baseline  candidate  change_pct
        A     7 6336  0.214685   0.216629    0.905400
        A   101 6336  0.216246   0.216446    0.092733
        A  2024 6336  0.215872   0.215867   -0.002344
        B     7 6312  0.200013   0.201535    0.760813
        B   101 6312  0.199782   0.201711    0.965710
        B  2024 6312  0.199705   0.200642    0.469199
   DIAG10     7 8640  0.181125   0.182307    0.652904
   DIAG10   101 8640  0.181679   0.181437   -0.133297
   DIAG10  2024 8640  0.181728   0.181149   -0.318319
    EXT10     7 1800  0.396781   0.397712    0.234630
    EXT10   101 1800  0.400067   0.400786    0.179806
    EXT10  2024 1800  0.399158   0.399465    0.076891
    EXT12     7 4632  0.414170   0.413355   -0.196735
    EXT12   101 4632  0.412661   0.409800   -0.693245
    EXT12  2024 4632  0.410576   0.410179   -0.096621
{
  "status": "PASS",
  "decision": "REJECT",
  "public_pass": false,
  "family": 12,
  "alpha": 0.0020833333333333333,
  "bootstrap": {
    "7": {
      "p_worse": 0.93945,
      "ci": [
        -0.00042971872149294725,
        0.0011748650927636754
      ]
    },
    "101": {
      "p_worse": 0.4635,
      "ci": [
        -0.0020250002087192666,
        0.0008111274702103544
      ]
    },
    "2024": {
      "p_worse": 0.3406,
      "ci": [
        -0.001736574103423505,
        0.0007416456645088702
      ]
    }
  },
  "checks": 86702,
  "rows": 83160,
  "scalar_clipped_maxdiff": 2.220446049250313e-16,
  "split_audit": [
    {
      "validator": "DIAG10",
      "fold": 0,
      "train_days": 262,
      "valid_days": 38
    },
    {
      "validator": "DIAG10",
      "fold": 1,
      "train_days": 273,
      "valid_days": 30
    },
    {
      "validator": "DIAG10",
      "fold": 2,
      "train_days": 259,
      "valid_days": 40
    },
    {
      "validator": "DIAG10",
      "fold": 3,
      "train_days": 267,
      "valid_days": 33
    },
    {
      "validator": "DIAG10",
      "fold": 4,
      "train_days": 255,
      "valid_days": 40
    },
    {
      "validator": "DIAG10",
      "fold": 5,
      "train_days": 274,
      "valid_days": 28
    },
    {
      "validator": "DIAG10",
      "fold": 6,
      "train_days": 262,
      "valid_days": 40
    },
    {
      "validator": "DIAG10",
      "fold": 7,
      "train_days": 274,
      "valid_days": 31
    },
    {
      "validator": "DIAG10",
      "fold": 8,
      "train_days": 258,
      "valid_days": 40
    },
    {
      "validator": "DIAG10",
      "fold": 9,
      "train_days": 258,
      "valid_days": 40
    },
    {
      "validator": "A",
      "fold": 0,
      "train_days": 253,
      "valid_days": 53
    },
    {
      "validator": "A",
      "fold": 1,
      "train_days": 247,
      "valid_days": 55
    },
    {
      "validator": "A",
      "fold": 2,
      "train_days": 250,
      "valid_days": 53
    },
    {
      "validator": "A",
      "fold": 3,
      "train_days": 251,
      "valid_days": 52
    },
    {
      "validator": "A",
      "fold": 4,
      "train_days": 254,
      "valid_days": 51
    },
    {
      "validator": "B",
      "fold": 0,
      "train_days": 248,
      "valid_days": 53
    },
    {
      "validator": "B",
      "fold": 1,
      "train_days": 246,
      "valid_days": 55
    },
    {
      "validator": "B",
      "fold": 2,
      "train_days": 255,
      "valid_days": 51
    },
    {
      "validator": "B",
      "fold": 3,
      "train_days": 249,
      "valid_days": 54
    },
    {
      "validator": "B",
      "fold": 4,
      "train_days": 255,
      "valid_days": 50
    },
    {
      "validator": "EXT10",
      "fold": 0,
      "train_days": 191,
      "valid_days": 75
    },
    {
      "validator": "EXT12",
      "fold": 0,
      "train_days": 100,
      "valid_days": 193
    }
  ],
  "source_sha256": "8fec23ac9922c5397d2f8e02d6866e796a57aa5e6c2f819f320e8237f1fca627",
  "analyzer_sha256": "44996cdc31cbdcab30fe5cf069aaf22a81c3a49376a5519e701ba29fc0d22c03"
}
