           var  median_high  median_normal  AUC  high_on_side  normal_on_side
   in_out_diff        12.68           5.71 0.82          0.94            0.50
        recday       147.00          95.00 0.78          1.00            0.50
 out_temp_mean         2.56           9.75 0.23          0.97            0.49
  out_temp_day         5.69          14.52 0.24          0.97            0.50
out_temp_night        -0.06           6.47 0.25          0.90            0.49
  in_co2_night       379.29         422.00 0.31          0.77            0.50
    in_co2_day       422.38         403.62 0.67          0.81            0.50
 out_hum_night        74.14          80.00 0.33          0.81            0.49
  out_hum_mean        64.25          67.92 0.35          0.74            0.49
  in_hum_night        71.14          76.07 0.36          0.71            0.50
out_wspd_night         1.13           0.86 0.62          0.65            0.49
 out_rad_night         4.29           4.71 0.40          0.65            0.47
  out_rad_mean       102.33         115.21 0.40          0.65            0.49
 out_wspd_mean         1.25           1.19 0.60          0.58            0.50
   in_hum_mean        67.50          70.00 0.41          0.61            0.50
   in_temp_day        19.25          20.62 0.42          0.61            0.50
   out_rad_day       290.62         318.00 0.42          0.55            0.49
   in_co2_mean       389.79         409.46 0.42          0.61            0.50
 in_temp_night        11.51          11.90 0.43          0.55            0.49
   out_hum_day        51.50          52.00 0.43          0.61            0.50
  in_temp_mean        14.46          15.28 0.43          0.71            0.50
 in_temp_range        13.20          12.60 0.56          0.61            0.50
  out_wspd_day         1.44           1.49 0.56          0.52            0.50
    in_hum_day        60.62          58.94 0.51          0.58            0.50

high days by period (record day): <120 1, 120-178 25, >=179 5 | all days by period: 209 / 105 / 46

within SEALED days only (n 85, high 24): AUC of indoor/outdoor variables
in_out_diff 0.67; in_co2_day 0.65; recday 0.64; in_temp_mean 0.64; in_temp_day 0.62; out_temp_mean 0.39; in_co2_mean 0.61; out_hum_day 0.39; in_co2_night 0.61; out_temp_day 0.39
