cal range all days 0 126
high sealed cal: [74, 75, 79, 88, 89, 90, 92, 93, 94, 95, 96, 98, 99, 100, 109, 110]
normal sealed cal: [36, 46, 53, 60, 61, 62, 63, 64, 66, 67, 68, 69, 70, 71, 72, 72, 73, 74, 75, 76, 77, 78, 79, 80, 81, 86, 87, 90, 91, 92, 93, 112, 116, 119, 120, 123, 125]
test sealed cal: [('F13', 200, 40), ('F13', 204, 51), ('F13', 205, 55), ('F13', 206, 56), ('F13', 208, 104), ('F13', 221, 81), ('F13', 223, 82), ('F13', 225, 83), ('F13', 226, 83), ('F13', 227, 84), ('F13', 229, 85), ('F13', 235, 88), ('F13', 237, 89), ('F47', 206, 73), ('F47', 218, 82), ('F47', 221, 84), ('F47', 223, 85), ('F47', 225, 86), ('F47', 227, 87), ('F47', 235, 101)]

labelled train days by calendar window: mean EC, share >=1.2, n (F13 | F47)
farm          F13          F47
w                             
0      0.35/0%/18   0.20/0%/17
10     0.34/0%/14   0.24/0%/16
20     0.28/0%/14   0.22/0%/17
30     0.38/0%/17   0.26/0%/17
40     0.48/0%/16   0.24/0%/16
50     0.51/0%/14   0.37/0%/15
60     0.42/0%/17   0.54/0%/16
70    0.78/29%/14   0.56/0%/15
80      0.60/0%/4   1.04/33%/6
90    0.87/12%/16  1.27/54%/13
100   0.97/36%/14   0.73/22%/9
110    0.56/0%/11   0.67/7%/14
120   0.88/18%/11   0.82/11%/9

test days per calendar window: {10: 7, 20: 3, 40: 4, 50: 9, 60: 3, 70: 3, 80: 24, 90: 3, 100: 4}
