days with both labels (DIAG10): 360 (temp 400, EC 360)

group         n r(res,ec) r(res,ecP) r(gap,ec) r(|e|,ecP) |  nHiP   resHiP   resOth
ALL         360      0.05      0.06     -0.19      0.16 |    42   -0.012   -0.015
F13 early   156     -0.10     -0.05     -0.12      0.06 |    18   -0.002    0.054
F13 late     24      0.16      0.06      0.09      0.35 |     5   -0.135   -0.039
F47 early   158      0.16      0.12     -0.18      0.21 |    16    0.135   -0.082
F47 late     22     -0.09      0.07     -0.39      0.33 |     3   -0.646    0.004

largest temperature error days (day RMSE) with EC label / pred:
farm  day    res    gap  absres    ec   ecp
 F47  178  2.723  2.531   3.312 0.306 0.784
 F47  191  3.201  2.333   3.309 0.290 0.455
 F13  109  2.092  3.119   2.950 0.345 0.509
 F47  158 -2.284 -3.569   2.502 0.410 0.446
 F47  112 -0.750 -1.392   2.261 0.776 0.581
 F47  123 -1.729 -1.798   1.972 0.440 0.657
 F13   48 -1.690 -1.806   1.944 0.425 0.404
 F13  139  1.824  0.675   1.926 1.303 0.957
 F47  122 -1.789 -1.836   1.882 0.600 0.568
 F47  241 -1.711 -2.750   1.799 0.652 0.939
 F47   18 -1.662 -2.480   1.703 0.203 0.244
 F47  240 -1.361 -2.554   1.696 0.473 0.460
 F47  105 -1.149 -2.341   1.664 0.684 0.572
 F47  114  0.228  0.356   1.658 0.767 0.914
 F47   85 -0.671 -2.634   1.491 0.194 0.205

CX0 clues: [('F47 early', 'hi-diff', np.float64(0.217))]
