
==== F47 day 193 and neighbours (day-level) ====
 day  cal  chain   ec   r3   v2  pfn   tin  tmin   hum    co2  tout    rad  A_vent  A_shade  A_thermal  A_heating  A_circfan  A_co2  A_fog
 189   32     26  NaN  NaN  NaN  NaN 18.91  12.5 63.50 396.50 12.90 2719.0   12.33    37.12      37.17       8.25      41.50   0.00   6.33
 190   30     26  NaN  NaN  NaN  NaN 16.75   9.1 65.29 406.50 12.05 3497.0   43.54    25.92      27.46       7.50      21.62   0.00   4.25
 191   30     28 0.29 0.95 0.95 0.96 17.97  12.8 67.54 429.58 12.05 3497.0   20.75    40.25      40.25       0.00       5.58   0.00   4.17
 192   36     26 0.14 0.33 0.34 0.39 15.86  11.6 78.17 457.67 14.95 1552.0   70.83    37.25      40.46       2.08       4.58   0.00   0.00
 193   38     28 0.38 0.98 1.03 1.25 15.07   9.5 68.88 423.33 10.68 3508.0   11.12    39.58      39.58       8.29       5.54   0.00   2.00
 194   42     26 0.25 0.54 0.56 0.61 17.49  11.9 63.67 406.38  9.75 3322.0    8.12    37.96      37.96      14.54      52.33   0.29   5.83
 195   44     28 0.19 0.41 0.41 0.40 16.71  11.0 67.71 445.17 12.57 3366.0   38.79    38.17      42.75      32.46      37.58   0.00   1.88
 196   47     28 0.18 0.47 0.49 0.55 13.88  11.3 61.29 417.88  8.01 2639.0   23.83    29.75      42.25      34.54      34.54   0.00   0.67
-- hourly F47 193 --
      ec    r3    v2   pfn  A_in_temp  A_in_hum  A_in_co2  A_vent  A_shade  A_thermal  A_heating  A_circfan  A_co2  A_fog
0   0.38  0.93  1.01  1.34       13.5      89.0     440.0     0.0      0.0        0.0        0.0        0.0    0.0    0.0
1   0.38  0.92  1.00  1.30       12.2      87.0     443.0     0.0      0.0        0.0        0.0        0.0    0.0    0.0
2   0.37  0.92  0.99  1.29       11.5      87.0     446.0     0.0      0.0        0.0        0.0        0.0    0.0    0.0
3   0.36  0.93  1.00  1.27       10.6      88.0     451.0     0.0      0.0        0.0        0.0        0.0    0.0    0.0
4   0.35  0.94  1.00  1.27        9.8      87.0     455.0     0.0      0.0        0.0        0.0        0.0    0.0    0.0
5   0.35  0.94  1.00  1.26        9.5      87.0     458.0     0.0      0.0        0.0        0.0        0.0    0.0    0.0
6   0.35  0.95  1.00  1.22       12.2      75.0     452.0     0.0      0.0        0.0       85.0        0.0    0.0    0.0
7   0.34  0.97  1.01  1.21       12.6      75.0     448.0     0.0      0.0        0.0       33.0        0.0    0.0    0.0
8   0.35  0.86  0.91  1.13       14.3      75.0     448.0     0.0     77.0       77.0       15.0       85.0    0.0    0.0
9   0.35  0.87  0.92  1.12       18.6      64.0     426.0    16.0    100.0      100.0        0.0       15.0    0.0    0.0
10  0.36  0.91  0.96  1.14       22.3      48.0     393.0    20.0    100.0      100.0        0.0        0.0    0.0    0.0
11  0.38  0.91  0.97  1.17       23.4      43.0     388.0    39.0    100.0      100.0        0.0        0.0    0.0    8.0
12  0.39  0.94  0.99  1.20       22.9      40.0     386.0    49.0    100.0      100.0        0.0        0.0    0.0    7.0
13  0.40  0.96  1.01  1.23       23.9      40.0     388.0    49.0    100.0      100.0        0.0        0.0    0.0   15.0
14  0.41  0.97  1.02  1.25       23.8      44.0     390.0    49.0    100.0      100.0        0.0        0.0    0.0   18.0
15  0.42  0.98  1.03  1.25       21.9      44.0     390.0    35.0    100.0      100.0        0.0        0.0    0.0    0.0
16  0.42  0.98  1.03  1.26       18.5      52.0     392.0    10.0    100.0      100.0        0.0       18.0    0.0    0.0
17  0.42  1.01  1.06  1.28       15.6      64.0     399.0     0.0     73.0       73.0        0.0       15.0    0.0    0.0
18  0.41  1.15  1.18  1.31       12.9      72.0     410.0     0.0      0.0        0.0        0.0        0.0    0.0    0.0
19  0.41  1.12  1.16  1.31       11.1      78.0     417.0     0.0      0.0        0.0        0.0        0.0    0.0    0.0
20  0.40  1.10  1.14  1.30        9.9      81.0     424.0     0.0      0.0        0.0        0.0        0.0    0.0    0.0
21  0.39  1.12  1.15  1.29       10.2      78.0     432.0     0.0      0.0        0.0       33.0        0.0    0.0    0.0
22  0.38  1.09  1.13  1.29        9.8      79.0     439.0     0.0      0.0        0.0        0.0        0.0    0.0    0.0
23  0.37  1.10  1.13  1.27       10.7      76.0     445.0     0.0      0.0        0.0       33.0        0.0    0.0    0.0

==== F47 day 241 and neighbours (day-level) ====
 day  cal  chain   ec   r3   v2  pfn   tin  tmin   hum    co2  tout    rad  A_vent  A_shade  A_thermal  A_heating  A_circfan  A_co2  A_fog
 239  103     34 0.43 0.52 0.57 0.77 13.27   9.5 63.38 346.71  4.45 2834.0   20.33    25.25      35.67      54.25      45.88   0.00   0.00
 240  113     38 0.47 0.45 0.47 0.52 12.00   7.7 63.08 366.00 -0.19 3191.0    9.08    12.21      20.71      76.00      75.54   0.00   0.00
 241  117     39 0.65 1.19 1.25 1.49 14.78  10.2 66.79 392.46 -0.00 3230.0    5.12    54.88      36.00       0.00       0.00  10.50   0.58
 242  119     45 0.72 1.14 1.18 1.37 13.63   9.1 63.96 418.12 -1.38 2630.0    0.00    53.29      38.46      40.33       0.00   2.25   0.00
 243  126     43 0.45 0.49 0.53 0.68 14.99  10.7 71.17 381.17  6.75 3209.0   21.29    31.71      43.29      32.42      30.67   0.00   0.00
-- hourly F47 241 --
      ec    r3    v2   pfn  A_in_temp  A_in_hum  A_in_co2  A_vent  A_shade  A_thermal  A_heating  A_circfan  A_co2  A_fog
0   0.58  1.23  1.29  1.52       12.2      73.0     378.0     0.0      0.0        0.0        0.0        0.0    0.0    0.0
1   0.58  1.27  1.32  1.50       12.9      73.0     390.0     0.0      0.0        0.0        0.0        0.0    0.0    0.0
2   0.58  1.27  1.32  1.48       12.7      74.0     409.0     0.0      0.0        0.0        0.0        0.0    0.0    0.0
3   0.58  1.25  1.29  1.46       11.8      75.0     404.0     0.0      0.0        0.0        0.0        0.0    0.0    0.0
4   0.58  1.26  1.30  1.45       12.1      74.0     402.0     0.0      0.0        0.0        0.0        0.0    0.0    0.0
5   0.58  1.30  1.32  1.44       12.4      73.0     435.0     0.0      0.0        0.0        0.0        0.0    0.0    0.0
6   0.58  1.30  1.32  1.43       11.9      73.0     437.0     0.0      0.0        0.0        0.0        0.0    0.0    0.0
7   0.58  1.20  1.24  1.42       11.1      75.0     467.0     0.0     19.0        0.0        0.0        0.0   30.0    0.0
8   0.59  1.18  1.23  1.42       10.2      74.0     508.0     0.0    100.0        0.0        0.0        0.0    0.0    0.0
9   0.63  1.19  1.24  1.44       12.2      72.0     473.0     0.0    100.0       51.0        0.0        0.0    0.0    0.0
10  0.66  1.19  1.24  1.46       19.1      64.0     424.0     0.0    100.0      100.0        0.0        0.0    0.0    0.0
11  0.68  1.12  1.19  1.47       23.3      56.0     427.0     9.0    100.0      100.0        0.0        0.0    8.0    0.0
12  0.69  1.02  1.10  1.40       22.6      47.0     434.0    38.0    100.0      100.0        0.0        0.0   57.0    5.0
13  0.69  1.01  1.09  1.42       22.9      48.0     449.0    38.0    100.0      100.0        0.0        0.0   65.0    7.0
14  0.70  1.00  1.09  1.42       21.4      46.0     414.0    36.0    100.0      100.0        0.0        0.0   92.0    2.0
15  0.70  1.12  1.19  1.47       21.6      55.0     399.0     2.0    100.0      100.0        0.0        0.0    0.0    0.0
16  0.70  1.12  1.20  1.51       18.8      64.0     367.0     0.0    100.0      100.0        0.0        0.0    0.0    0.0
17  0.71  1.08  1.18  1.56       13.9      70.0     335.0     0.0    100.0      100.0        0.0        0.0    0.0    0.0
18  0.73  1.14  1.22  1.55       10.9      73.0     344.0     0.0    100.0       13.0        0.0        0.0    0.0    0.0
19  0.72  1.20  1.28  1.59       11.6      71.0     318.0     0.0    100.0        0.0        0.0        0.0    0.0    0.0
20  0.71  1.22  1.30  1.62       11.8      70.0     295.0     0.0     97.0        0.0        0.0        0.0    0.0    0.0
21  0.70  1.23  1.30  1.56       12.4      70.0     326.0     0.0      1.0        0.0        0.0        0.0    0.0    0.0
22  0.70  1.27  1.34  1.61       12.4      68.0     298.0     0.0      0.0        0.0        0.0        0.0    0.0    0.0
23  0.69  1.30  1.36  1.61       12.4      65.0     286.0     0.0      0.0        0.0        0.0        0.0    0.0    0.0

==== F13 day 197 and neighbours (day-level) ====
 day  cal  chain   ec   r3   v2  pfn   tin  tmin   hum    co2  tout    rad  A_vent  A_shade  A_thermal  A_heating  A_circfan  A_co2  A_fog
 193   31      4  NaN  NaN  NaN  NaN 21.80  14.9 49.29 388.96  8.85 3709.0   14.00    34.21      34.21       8.33      46.50   0.00   7.79
 194   30      3  NaN  NaN  NaN  NaN 21.15  16.1 56.25 418.88 12.05 3497.0   26.12    70.04      49.12       0.00       0.00   0.00   1.62
 195   34      3 0.56 1.14 1.15 1.21 20.35  14.1 59.42 435.88 12.87 3298.0   25.88    70.25      47.12       0.00       0.00   0.00   1.46
 196   35      3 0.55 0.88 0.92 1.09 17.98  11.7 71.71 440.00 13.99 3140.0   20.50    70.21      40.75       0.00       0.00   0.00   0.21
 197   36      3 0.55 0.87 0.94 1.25 17.66  13.1 77.67 424.38 14.95 1552.0    5.67    70.08      56.17       0.00       1.25   0.00   0.00
 198   38      4 0.28 0.63 0.64 0.70 17.53  11.8 61.88 386.58 10.68 3508.0    8.25    38.29      38.29      10.08      51.67   0.29   6.29
-- hourly F13 197 --
      ec    r3    v2   pfn  A_in_temp  A_in_hum  A_in_co2  A_vent  A_shade  A_thermal  A_heating  A_circfan  A_co2  A_fog
0   0.55  0.82  0.90  1.22       14.0      85.0     445.0     0.0      9.0        0.0        0.0        0.0    0.0    0.0
1   0.54  0.86  0.94  1.25       13.6      85.0     454.0     0.0      0.0        0.0        0.0        0.0    0.0    0.0
2   0.54  0.87  0.94  1.25       13.2      85.0     461.0     0.0      0.0        0.0        0.0        0.0    0.0    0.0
3   0.53  0.87  0.95  1.24       13.2      86.0     465.0     0.0      0.0        0.0        0.0        0.0    0.0    0.0
4   0.53  0.87  0.94  1.23       13.1      86.0     468.0     0.0      0.0        0.0        0.0        0.0    0.0    0.0
5   0.52  0.87  0.94  1.22       13.3      86.0     472.0     0.0      0.0        0.0        0.0        0.0    0.0    0.0
6   0.52  0.86  0.93  1.22       13.5      88.0     473.0     0.0      0.0        0.0        0.0        0.0    0.0    0.0
7   0.52  0.82  0.89  1.18       13.4      91.0     470.0     0.0     73.0       89.0        0.0       17.0    0.0    0.0
8   0.53  0.82  0.89  1.15       14.0      91.0     459.0     0.0    100.0      100.0        0.0       13.0    0.0    0.0
9   0.54  0.82  0.89  1.19       16.2      87.0     448.0     0.0    100.0      100.0        0.0        0.0    0.0    0.0
10  0.54  0.86  0.93  1.22       21.1      75.0     431.0     0.0    100.0      100.0        0.0        0.0    0.0    0.0
11  0.54  0.87  0.95  1.25       23.2      68.0     407.0     0.0    100.0      100.0        0.0        0.0    0.0    0.0
12  0.55  0.88  0.96  1.27       23.5      66.0     392.0     0.0    100.0      100.0        0.0        0.0    0.0    0.0
13  0.56  0.89  0.96  1.23       25.7      55.0     383.0    48.0    100.0      100.0        0.0        0.0    0.0    0.0
14  0.56  0.89  0.95  1.23       24.1      51.0     375.0    83.0    100.0      100.0        0.0        0.0    0.0    0.0
15  0.57  0.92  0.99  1.27       23.2      53.0     373.0     5.0    100.0      100.0        0.0        0.0    0.0    0.0
16  0.57  0.97  1.04  1.30       21.7      60.0     377.0     0.0    100.0      100.0        0.0        0.0    0.0    0.0
17  0.57  0.96  1.03  1.31       19.8      68.0     381.0     0.0    100.0      100.0        0.0        0.0    0.0    0.0
18  0.57  0.93  1.00  1.32       18.1      76.0     389.0     0.0    100.0      100.0        0.0        0.0    0.0    0.0
19  0.57  0.85  0.94  1.31       17.4      81.0     399.0     0.0    100.0      100.0        0.0        0.0    0.0    0.0
20  0.57  0.82  0.92  1.30       17.0      84.0     408.0     0.0    100.0       59.0        0.0        0.0    0.0    0.0
21  0.56  0.84  0.93  1.31       17.2      84.0     413.0     0.0    100.0        0.0        0.0        0.0    0.0    0.0
22  0.56  0.83  0.92  1.30       17.2      86.0     420.0     0.0    100.0        0.0        0.0        0.0    0.0    0.0
23  0.56  0.82  0.91  1.28       17.1      87.0     422.0     0.0    100.0        0.0        0.0        0.0    0.0    0.0
