seed 7: clip-bound rows 0, reconstruction max err 4.44e-16
seed 101: clip-bound rows 0, reconstruction max err 4.44e-16
seed 2024: clip-bound rows 0, reconstruction max err 4.44e-16

[P1 a=0.25] pooled RMSE v2 -> candidate (relative %)
  DIAG10 s7 0.2141->0.2119 (-1.05%)  s101 0.2145->0.2124 (-1.01%)  s2024 0.2135->0.2113 (-1.02%)
  A      s7 0.2297->0.2280 (-0.74%)  s101 0.2313->0.2296 (-0.75%)  s2024 0.2304->0.2288 (-0.69%)
  B      s7 0.2193->0.2180 (-0.58%)  s101 0.2176->0.2162 (-0.64%)  s2024 0.2198->0.2185 (-0.61%)
  EXT10  s7 0.4152->0.4114 (-0.91%)  s101 0.4126->0.4087 (-0.93%)  s2024 0.4148->0.4116 (-0.76%)
  EXT12  s7 0.4155->0.4178 (+0.56%)  s101 0.4161->0.4185 (+0.57%)  s2024 0.4170->0.4195 (+0.60%)
  DIAG10 P(worse) by seed [0.0325, 0.0366, 0.0271] (threshold 0.0083)
  DIAG10 late>=179  v2 0.3835 -> 0.3832
  DIAG10 sealed     v2 0.4269 -> 0.4234
  DIAG10 early      v2 0.1760 -> 0.1730
  -> rule (15 cells + P): FAIL | descriptive 3-validator view (no EXT): fail

[P1 a=0.75] pooled RMSE v2 -> candidate (relative %)
  DIAG10 s7 0.2141->0.2173 (+1.50%)  s101 0.2145->0.2177 (+1.46%)  s2024 0.2135->0.2166 (+1.45%)
  A      s7 0.2297->0.2325 (+1.21%)  s101 0.2313->0.2341 (+1.22%)  s2024 0.2304->0.2331 (+1.17%)
  B      s7 0.2193->0.2217 (+1.09%)  s101 0.2176->0.2202 (+1.19%)  s2024 0.2198->0.2223 (+1.14%)
  EXT10  s7 0.4152->0.4199 (+1.15%)  s101 0.4126->0.4175 (+1.19%)  s2024 0.4148->0.4189 (+1.01%)
  EXT12  s7 0.4155->0.4141 (-0.34%)  s101 0.4161->0.4147 (-0.34%)  s2024 0.4170->0.4154 (-0.38%)
  DIAG10 P(worse) by seed [0.9976, 0.9965, 0.9981] (threshold 0.0083)
  DIAG10 late>=179  v2 0.3835 -> 0.3849
  DIAG10 sealed     v2 0.4269 -> 0.4314
  DIAG10 early      v2 0.1760 -> 0.1799
  -> rule (15 cells + P): FAIL | descriptive 3-validator view (no EXT): fail

[P1 a=1.00] pooled RMSE v2 -> candidate (relative %)
  DIAG10 s7 0.2141->0.2215 (+3.42%)  s101 0.2145->0.2217 (+3.34%)  s2024 0.2135->0.2205 (+3.30%)
  A      s7 0.2297->0.2363 (+2.88%)  s101 0.2313->0.2380 (+2.89%)  s2024 0.2304->0.2369 (+2.81%)
  B      s7 0.2193->0.2252 (+2.69%)  s101 0.2176->0.2239 (+2.91%)  s2024 0.2198->0.2260 (+2.80%)
  EXT10  s7 0.4152->0.4257 (+2.53%)  s101 0.4126->0.4234 (+2.62%)  s2024 0.4148->0.4241 (+2.25%)
  EXT12  s7 0.4155->0.4136 (-0.45%)  s101 0.4161->0.4143 (-0.45%)  s2024 0.4170->0.4148 (-0.52%)
  DIAG10 P(worse) by seed [0.9997, 0.9994, 0.9998] (threshold 0.0083)
  DIAG10 late>=179  v2 0.3835 -> 0.3874
  DIAG10 sealed     v2 0.4269 -> 0.4368
  DIAG10 early      v2 0.1760 -> 0.1847
  -> rule (15 cells + P): FAIL | descriptive 3-validator view (no EXT): fail

P1 decision: {0.25: False, 0.75: False, 1.0: False}
