
[P1b posthoc a=0.000] pooled RMSE v2 -> candidate (relative %)
  DIAG10 s7 0.2141->0.2106 (-1.64%)  s101 0.2145->0.2112 (-1.57%)  s2024 0.2135->0.2100 (-1.60%)
  A      s7 0.2297->0.2274 (-0.99%)  s101 0.2313->0.2290 (-1.01%)  s2024 0.2304->0.2283 (-0.89%)
  B      s7 0.2193->0.2179 (-0.63%)  s101 0.2176->0.2160 (-0.73%)  s2024 0.2198->0.2183 (-0.68%)
  EXT10  s7 0.4152->0.4086 (-1.58%)  s101 0.4126->0.4060 (-1.60%)  s2024 0.4148->0.4095 (-1.27%)
  EXT12  s7 0.4155->0.4211 (+1.35%)  s101 0.4161->0.4218 (+1.37%)  s2024 0.4170->0.4229 (+1.43%)
  DIAG10 P(worse) by seed [0.0779, 0.0873, 0.0693] (threshold 0.0250)
  DIAG10 late>=179  v2 0.3835 -> 0.3839
  DIAG10 sealed     v2 0.4269 -> 0.4209
  DIAG10 early      v2 0.1760 -> 0.1711
  -> rule (15 cells + P): FAIL | descriptive 3-validator view (no EXT): fail

[P1b posthoc a=0.125] pooled RMSE v2 -> candidate (relative %)
  DIAG10 s7 0.2141->0.2111 (-1.40%)  s101 0.2145->0.2116 (-1.35%)  s2024 0.2135->0.2105 (-1.37%)
  A      s7 0.2297->0.2275 (-0.92%)  s101 0.2313->0.2291 (-0.94%)  s2024 0.2304->0.2284 (-0.85%)
  B      s7 0.2193->0.2178 (-0.67%)  s101 0.2176->0.2160 (-0.75%)  s2024 0.2198->0.2183 (-0.71%)
  EXT10  s7 0.4152->0.4099 (-1.28%)  s101 0.4126->0.4072 (-1.30%)  s2024 0.4148->0.4104 (-1.05%)
  EXT12  s7 0.4155->0.4193 (+0.93%)  s101 0.4161->0.4201 (+0.94%)  s2024 0.4170->0.4211 (+0.99%)
  DIAG10 P(worse) by seed [0.0522, 0.0585, 0.0449] (threshold 0.0250)
  DIAG10 late>=179  v2 0.3835 -> 0.3834
  DIAG10 sealed     v2 0.4269 -> 0.4220
  DIAG10 early      v2 0.1760 -> 0.1719
  -> rule (15 cells + P): FAIL | descriptive 3-validator view (no EXT): fail
