gap<=3             days 12  s7 R3 0.3013 -> R3S 0.2038 (-32.4%)  s101 R3 0.2903 -> R3S 0.2199 (-24.2%)  s2024 R3 0.2988 -> R3S 0.2154 (-27.9%)
gap<=6             days 20  s7 R3 0.2875 -> R3S 0.1747 (-39.2%)  s101 R3 0.2807 -> R3S 0.1864 (-33.6%)  s2024 R3 0.2869 -> R3S 0.1835 (-36.1%)
gap>6              days 26  s7 R3 0.3912 -> R3S 0.3758 (-3.9%)  s101 R3 0.3939 -> R3S 0.3789 (-3.8%)  s2024 R3 0.3933 -> R3S 0.3777 (-4.0%)
gap<=6 & cal<70    days  7  s7 R3 0.3271 -> R3S 0.0873 (-73.3%)  s101 R3 0.3170 -> R3S 0.0876 (-72.4%)  s2024 R3 0.3292 -> R3S 0.0893 (-72.9%)
gap<=6 & cal>=70   days 13  s7 R3 0.2638 -> R3S 0.2071 (-21.5%)  s101 R3 0.2590 -> R3S 0.2221 (-14.2%)  s2024 R3 0.2613 -> R3S 0.2179 (-16.6%)
          gap  cal      y     r3    r3s
farm day                               
F13  211    2   68  0.540  0.647  0.505
     218    4   80  0.389  0.412  0.413
     241    2  102  1.432  1.335  1.601
F47  191    4   30  0.291  0.927  0.476
     192    3   36  0.144  0.321  0.158
     193    2   38  0.381  0.814  0.479
     194    2   42  0.253  0.367  0.254
     195    3   44  0.192  0.351  0.202
     196    4   47  0.184  0.431  0.249
     209    6   74  0.655  0.652  0.464
     210    5   78  0.518  0.618  0.490
     212    3   79  0.521  0.610  0.511
     214    5   80  0.531  0.772  0.522
     215    6   81  0.705  0.586  0.630
     229    2   88  1.788  1.143  1.239
     239    4  103  0.434  0.457  0.579
     240    3  113  0.473  0.445  0.447
     241    2  117  0.652  1.104  0.996
     242    2  119  0.724  1.103  0.744
     243    3  126  0.449  0.494  0.513
