pass1 n=310: corr(y, same-parity prev) 0.62 | corr(y, opposite-parity prev) 0.26 | MAE same 0.163 opp 0.279
pass2 n=26: corr(y, same-parity prev) 0.65 | corr(y, opposite-parity prev) 0.01 | MAE same 0.229 opp 0.387
  seg farm  day     y  same   opp
pass2  F13  181 0.384 0.401 0.292
pass2  F13  182 0.335 0.292 0.384
pass2  F13  183 0.357 0.384 0.335
pass2  F13  197 0.548 0.556 0.547
pass2  F13  198 0.276 0.547 0.548
pass2  F13  213 0.292 0.540 0.294
pass2  F13  214 0.918 0.294 0.292
pass2  F13  215 0.327 0.292 0.918
pass2  F13  217 1.693 0.327 0.918
pass2  F13  218 0.389 0.918 1.693
pass2  F13  233 0.634 0.621 0.739
pass2  F13  243 1.719 1.432 0.432
pass2  F13  244 0.440 0.432 1.719
pass2  F13  245 0.840 1.719 0.440
pass2  F47  193 0.381 0.291 0.144
pass2  F47  194 0.253 0.144 0.381
pass2  F47  195 0.192 0.381 0.253
pass2  F47  196 0.184 0.253 0.192
pass2  F47  212 0.521 0.518 0.655
pass2  F47  214 0.531 0.521 0.655
pass2  F47  215 0.705 0.655 0.531
pass2  F47  216 0.556 0.531 0.705
pass2  F47  231 2.177 1.788 0.461
pass2  F47  241 0.652 0.434 0.473
pass2  F47  242 0.724 0.473 0.652
pass2  F47  243 0.449 0.652 0.724
