   F13 anchors 13 of 21 pass-2 training days
   F47 anchors 10 of 17 pass-2 training days
DIAG10/0 done (specialist days 40)
   F13 anchors 14 of 21 pass-2 training days
   F47 anchors 11 of 17 pass-2 training days
DIAG10/1 done (specialist days 41)
   F13 anchors 13 of 21 pass-2 training days
   F47 anchors 10 of 17 pass-2 training days
DIAG10/2 done (specialist days 34)
   F13 anchors 12 of 21 pass-2 training days
   F47 anchors 10 of 17 pass-2 training days
DIAG10/3 done (specialist days 35)
   F13 anchors 11 of 16 pass-2 training days
   F47 anchors 9 of 16 pass-2 training days
DIAG10/4 done (specialist days 36)
   F13 anchors 14 of 19 pass-2 training days
   F47 anchors 10 of 15 pass-2 training days
DIAG10/5 done (specialist days 36)
   F13 anchors 11 of 16 pass-2 training days
   F47 anchors 6 of 11 pass-2 training days
DIAG10/6 done (specialist days 37)
   F13 anchors 12 of 17 pass-2 training days
   F47 anchors 11 of 15 pass-2 training days
DIAG10/7 done (specialist days 39)
   F13 anchors 14 of 17 pass-2 training days
   F47 anchors 11 of 12 pass-2 training days
DIAG10/8 done (specialist days 34)
   F13 anchors 12 of 16 pass-2 training days
   F47 anchors 7 of 12 pass-2 training days
DIAG10/9 done (specialist days 33)
   F13 anchors 13 of 21 pass-2 training days
   F47 anchors 10 of 17 pass-2 training days
A/0 done (specialist days 39)
   F13 anchors 13 of 21 pass-2 training days
   F47 anchors 11 of 17 pass-2 training days
A/1 done (specialist days 33)
   F13 anchors 10 of 21 pass-2 training days
   F47 anchors 10 of 17 pass-2 training days
A/2 done (specialist days 23)
   F13 anchors 12 of 21 pass-2 training days
   F47 anchors 9 of 17 pass-2 training days
A/3 done (specialist days 23)
   F13 anchors 11 of 18 pass-2 training days
   F47 anchors 7 of 16 pass-2 training days
A/4 done (specialist days 29)
   F13 anchors 15 of 21 pass-2 training days
   F47 anchors 10 of 17 pass-2 training days
B/0 done (specialist days 40)
   F13 anchors 12 of 21 pass-2 training days
   F47 anchors 11 of 17 pass-2 training days
B/1 done (specialist days 35)
   F13 anchors 15 of 21 pass-2 training days
   F47 anchors 12 of 17 pass-2 training days
B/2 done (specialist days 32)
   F13 anchors 11 of 21 pass-2 training days
   F47 anchors 10 of 17 pass-2 training days
B/3 done (specialist days 31)
   F13 anchors 13 of 21 pass-2 training days
   F47 anchors 10 of 17 pass-2 training days
B/4 done (specialist days 22)
   F13 anchors 12 of 16 pass-2 training days
   F47 anchors 7 of 9 pass-2 training days
EXT10/0 done (specialist days 15)
   F13 anchors 8 of 10 pass-2 training days
   F47: <2 exact-twin anchors -> nearest-match fallback (DC3 rule)
   F47 anchors 2 of 2 pass-2 training days
EXT12/0 done (specialist days 4)
   F13 anchors 11 of 16 pass-2 training days
   F47 anchors 12 of 17 pass-2 training days
EL1/0 done (specialist days 41)
   F13 anchors 11 of 16 pass-2 training days
   F47 anchors 12 of 17 pass-2 training days
EL1/1 done (specialist days 42)
   F13 anchors 12 of 16 pass-2 training days
   F47 anchors 12 of 17 pass-2 training days
EL1/2 done (specialist days 41)
   F13 anchors 14 of 15 pass-2 training days
   F47 anchors 12 of 17 pass-2 training days
EL1/3 done (specialist days 41)
   F13 anchors 12 of 16 pass-2 training days
   F47 anchors 12 of 17 pass-2 training days
EL1/4 done (specialist days 39)
   F13 anchors 16 of 21 pass-2 training days
   F47 anchors 8 of 13 pass-2 training days
EL1/5 done (specialist days 42)
   F13 anchors 16 of 21 pass-2 training days
   F47 anchors 7 of 12 pass-2 training days
EL1/6 done (specialist days 42)
   F13 anchors 16 of 21 pass-2 training days
   F47 anchors 12 of 13 pass-2 training days
EL1/7 done (specialist days 41)
   F13 anchors 16 of 21 pass-2 training days
   F47 anchors 8 of 10 pass-2 training days
EL1/8 done (specialist days 40)
   F13 anchors 16 of 21 pass-2 training days
   F47 anchors 9 of 14 pass-2 training days
EL1/9 done (specialist days 42)
flagged share (seed 7): {'A': 0.182, 'B': 0.129, 'DIAG10': 0.107, 'EL1': 0.136, 'EXT10': 0.049, 'EXT12': 0.064}

pooled RMSE R3S -> HM1 (judge: DIAG10/A/B; others reported)
  DIAG10 s7 0.1877->0.1924 (+2.5%)  s101 0.1885->0.1967 (+4.3%)  s2024 0.1885->0.1963 (+4.1%)
  A      s7 0.2209->0.2244 (+1.6%)  s101 0.2228->0.2258 (+1.3%)  s2024 0.2223->0.2247 (+1.1%)
  B      s7 0.2036->0.2067 (+1.5%)  s101 0.2035->0.2054 (+0.9%)  s2024 0.2034->0.2046 (+0.6%)
  EXT10  s7 0.4084->0.4087 (+0.1%)  s101 0.4134->0.4148 (+0.3%)  s2024 0.4115->0.4120 (+0.1%)
  EXT12  s7 0.4112->0.4065 (-1.1%)  s101 0.4095->0.4050 (-1.1%)  s2024 0.4068->0.4025 (-1.0%)
  EL1    s7 0.3051->0.3047 (-0.1%)  s101 0.3103->0.3039 (-2.0%)  s2024 0.3087->0.3024 (-2.0%)
  DIAG10 late R3S 0.2681 -> HM1 0.2621
  DIAG10 high-EC days (rows 744): label 1.549  R3S 1.224  HM1 1.323  specialist 1.454
  DIAG10 P(worse) by seed: [0.7842, 0.8702, 0.8628]
  guard changes (EL1, DIAG10-late per seed, %): [-0.13, -8.42, -2.05, 1.66, -2.04, 0.01]

HM1 decision: FAIL (judge False, guard trip False)
