   F13 anchors 13 of 21 pass-2 training days
   F47 anchors 10 of 17 pass-2 training days
DIAG10/0 done (rows with twin season 0.00)
   F13 anchors 14 of 21 pass-2 training days
   F47 anchors 11 of 17 pass-2 training days
DIAG10/1 done (rows with twin season 0.00)
   F13 anchors 13 of 21 pass-2 training days
   F47 anchors 10 of 17 pass-2 training days
DIAG10/2 done (rows with twin season 0.00)
   F13 anchors 12 of 21 pass-2 training days
   F47 anchors 10 of 17 pass-2 training days
DIAG10/3 done (rows with twin season 0.00)
   F13 anchors 11 of 16 pass-2 training days
   F47 anchors 9 of 16 pass-2 training days
DIAG10/4 done (rows with twin season 0.12)
   F13 anchors 14 of 19 pass-2 training days
   F47 anchors 10 of 15 pass-2 training days
DIAG10/5 done (rows with twin season 0.08)
   F13 anchors 11 of 16 pass-2 training days
   F47 anchors 6 of 11 pass-2 training days
DIAG10/6 done (rows with twin season 0.20)
   F13 anchors 12 of 17 pass-2 training days
   F47 anchors 11 of 15 pass-2 training days
DIAG10/7 done (rows with twin season 0.13)
   F13 anchors 14 of 17 pass-2 training days
   F47 anchors 11 of 12 pass-2 training days
DIAG10/8 done (rows with twin season 0.00)
   F13 anchors 12 of 16 pass-2 training days
   F47 anchors 7 of 12 pass-2 training days
DIAG10/9 done (rows with twin season 0.14)
   F13 anchors 13 of 21 pass-2 training days
   F47 anchors 10 of 17 pass-2 training days
A/0 done (rows with twin season 0.00)
   F13 anchors 13 of 21 pass-2 training days
   F47 anchors 11 of 17 pass-2 training days
A/1 done (rows with twin season 0.00)
   F13 anchors 10 of 21 pass-2 training days
   F47 anchors 10 of 17 pass-2 training days
A/2 done (rows with twin season 0.00)
   F13 anchors 12 of 21 pass-2 training days
   F47 anchors 9 of 17 pass-2 training days
A/3 done (rows with twin season 0.00)
   F13 anchors 11 of 18 pass-2 training days
   F47 anchors 7 of 16 pass-2 training days
A/4 done (rows with twin season 0.06)
   F13 anchors 15 of 21 pass-2 training days
   F47 anchors 10 of 17 pass-2 training days
B/0 done (rows with twin season 0.00)
   F13 anchors 12 of 21 pass-2 training days
   F47 anchors 11 of 17 pass-2 training days
B/1 done (rows with twin season 0.00)
   F13 anchors 15 of 21 pass-2 training days
   F47 anchors 12 of 17 pass-2 training days
B/2 done (rows with twin season 0.00)
   F13 anchors 11 of 21 pass-2 training days
   F47 anchors 10 of 17 pass-2 training days
B/3 done (rows with twin season 0.00)
   F13 anchors 13 of 21 pass-2 training days
   F47 anchors 10 of 17 pass-2 training days
B/4 done (rows with twin season 0.00)
   F13 anchors 12 of 16 pass-2 training days
   F47 anchors 7 of 9 pass-2 training days
EXT10/0 done (rows with twin season 0.00)
   F13 anchors 8 of 10 pass-2 training days
   F47: <2 exact-twin anchors -> nearest-match fallback (DC3 rule)
   F47 anchors 2 of 2 pass-2 training days
EXT12/0 done (rows with twin season 0.01)
   F13 anchors 11 of 16 pass-2 training days
   F47 anchors 12 of 17 pass-2 training days
EL1/0 done (rows with twin season 0.79)
   F13 anchors 11 of 16 pass-2 training days
   F47 anchors 12 of 17 pass-2 training days
EL1/1 done (rows with twin season 0.79)
   F13 anchors 12 of 16 pass-2 training days
   F47 anchors 12 of 17 pass-2 training days
EL1/2 done (rows with twin season 0.63)
   F13 anchors 14 of 15 pass-2 training days
   F47 anchors 12 of 17 pass-2 training days
EL1/3 done (rows with twin season 0.16)
   F13 anchors 12 of 16 pass-2 training days
   F47 anchors 12 of 17 pass-2 training days
EL1/4 done (rows with twin season 0.59)
   F13 anchors 16 of 21 pass-2 training days
   F47 anchors 8 of 13 pass-2 training days
EL1/5 done (rows with twin season 0.79)
   F13 anchors 16 of 21 pass-2 training days
   F47 anchors 7 of 12 pass-2 training days
EL1/6 done (rows with twin season 0.79)
   F13 anchors 16 of 21 pass-2 training days
   F47 anchors 12 of 13 pass-2 training days
EL1/7 done (rows with twin season 0.00)
   F13 anchors 16 of 21 pass-2 training days
   F47 anchors 8 of 10 pass-2 training days
EL1/8 done (rows with twin season 0.47)
   F13 anchors 16 of 21 pass-2 training days
   F47 anchors 9 of 14 pass-2 training days
EL1/9 done (rows with twin season 0.79)
rows with twin season by validator: {'A': 0.012, 'B': 0.0, 'DIAG10': 0.068, 'EL1': 0.568, 'EXT10': 0.0, 'EXT12': 0.012}

pooled RMSE R3S -> DC7 (judge: DIAG10/A/B; others reported)
  DIAG10 s7 0.1877->0.1840 (-2.0%)  s101 0.1885->0.1851 (-1.8%)  s2024 0.1885->0.1850 (-1.9%)
  A      s7 0.2209->0.2208 (-0.0%)  s101 0.2228->0.2228 (-0.0%)  s2024 0.2223->0.2223 (-0.0%)
  B      s7 0.2036->0.2036 (+0.0%)  s101 0.2035->0.2035 (+0.0%)  s2024 0.2034->0.2034 (+0.0%)
  EXT10  s7 0.4084->0.4084 (+0.0%)  s101 0.4134->0.4134 (+0.0%)  s2024 0.4115->0.4115 (+0.0%)
  EXT12  s7 0.4112->0.4135 (+0.6%)  s101 0.4095->0.4116 (+0.5%)  s2024 0.4068->0.4088 (+0.5%)
  EL1    s7 0.3051->0.2802 (-8.2%)  s101 0.3103->0.2855 (-8.0%)  s2024 0.3087->0.2831 (-8.3%)
  DIAG10 late R3S 0.2681 -> DC7 0.2480
  DIAG10 P(worse) by seed: [0.2024, 0.2585, 0.1893]
  guard changes (EL1, DIAG10-late per seed, %): [-8.17, -7.91, -7.98, -7.25, -8.3, -7.37]

DC7 decision: FAIL (judge False, guard trip False)
