Traceback (most recent call last):
  File "C:\work\farmai\집\클로드\research\ec3_SE3_same_dong_residual_carry_v1.py", line 177, in <module>
    main()
  File "C:\work\farmai\집\클로드\research\ec3_SE3_same_dong_residual_carry_v1.py", line 144, in main
    O["se_%d" % s] = np.maximum(O["r3s_%d" % s] + O.corr, 0)
                                ~~~~~~~~~~~~~~~~^~~~~~~~
  File "C:\work\farmai\.analysis-tools\python\pandas\core\ops\common.py", line 85, in new_method
    return method(self, other)
           ^^^^^^^^^^^^^^^^^^^
  File "C:\work\farmai\.analysis-tools\python\pandas\core\arraylike.py", line 190, in __add__
    return self._arith_method(other, operator.add)
           ^^^^^^^^^^^^^^^^^^^^^^^^^^^^^^^^^^^^^^^
  File "C:\work\farmai\.analysis-tools\python\pandas\core\series.py", line 6751, in _arith_method
    return base.IndexOpsMixin._arith_method(self, other, op)
           ^^^^^^^^^^^^^^^^^^^^^^^^^^^^^^^^^^^^^^^^^^^^^^^^^
  File "C:\work\farmai\.analysis-tools\python\pandas\core\base.py", line 1644, in _arith_method
    result = ops.arithmetic_op(lvalues, rvalues, op)
             ^^^^^^^^^^^^^^^^^^^^^^^^^^^^^^^^^^^^^^^
  File "C:\work\farmai\.analysis-tools\python\pandas\core\ops\array_ops.py", line 289, in arithmetic_op
    res_values = _na_arithmetic_op(left, right, op)  # type: ignore[arg-type]
                 ^^^^^^^^^^^^^^^^^^^^^^^^^^^^^^^^^^
  File "C:\work\farmai\.analysis-tools\python\pandas\core\ops\array_ops.py", line 220, in _na_arithmetic_op
    result = func(left, right)
             ^^^^^^^^^^^^^^^^^
  File "C:\work\farmai\.analysis-tools\python\pandas\core\computation\expressions.py", line 243, in evaluate
    return _evaluate(op, op_str, left_op, right_op)  # type: ignore[misc]
           ^^^^^^^^^^^^^^^^^^^^^^^^^^^^^^^^^^^^^^^^
  File "C:\work\farmai\.analysis-tools\python\pandas\core\computation\expressions.py", line 74, in _evaluate_standard
    return op(left_op, right_op)
           ^^^^^^^^^^^^^^^^^^^^^
TypeError: unsupported operand type(s) for +: 'float' and 'method'
