R3S (season) day-level residual vs past-weather features, Spearman (n=360 days)
grp             F13   F47   all  late
feat                                 
heat_prev10    0.05 -0.06  0.03 -0.02
heat_prev2     0.02 -0.06  0.00 -0.13
heat_prev4     0.04 -0.07  0.02 -0.14
heat_prev6     0.06 -0.07  0.02 -0.10
lowrad_prev10  0.06 -0.10 -0.02 -0.26
lowrad_prev2   0.01 -0.09 -0.04 -0.14
lowrad_prev4   0.07 -0.10 -0.02 -0.31
lowrad_prev6   0.07 -0.10 -0.02 -0.38
rad_prev10    -0.12  0.11  0.01  0.09
rad_prev2     -0.01  0.13  0.07  0.17
rad_prev4     -0.05  0.12  0.05  0.29
rad_prev6     -0.06  0.10  0.03  0.29
tout_prev10   -0.18  0.08 -0.03 -0.10
tout_prev2    -0.24  0.08 -0.07 -0.02
tout_prev4    -0.23  0.09 -0.05 -0.11
tout_prev6    -0.22  0.10 -0.04 -0.16

min p over 64 tests: 0.0014 (['tout_prev2', 'F13'])
