dropped: ['act_vent_h0', 'act_shade_h0', 'act_thermal_h0', 'act_heating_h0', 'act_circfan_h0', 'act_co2_h0', 'act_fog_h0', 'in_temp_h0', 'in_hum_h0', 'in_co2_h0']
   F13 anchors 13 of 21 pass-2 training days
   F47 anchors 10 of 17 pass-2 training days
DIAG10/0 done
   F13 anchors 14 of 21 pass-2 training days
   F47 anchors 11 of 17 pass-2 training days
DIAG10/1 done
   F13 anchors 13 of 21 pass-2 training days
   F47 anchors 10 of 17 pass-2 training days
DIAG10/2 done
   F13 anchors 12 of 21 pass-2 training days
   F47 anchors 10 of 17 pass-2 training days
DIAG10/3 done
   F13 anchors 11 of 16 pass-2 training days
   F47 anchors 9 of 16 pass-2 training days
DIAG10/4 done
   F13 anchors 14 of 19 pass-2 training days
   F47 anchors 10 of 15 pass-2 training days
DIAG10/5 done
   F13 anchors 11 of 16 pass-2 training days
   F47 anchors 6 of 11 pass-2 training days
DIAG10/6 done
   F13 anchors 12 of 17 pass-2 training days
   F47 anchors 11 of 15 pass-2 training days
DIAG10/7 done
   F13 anchors 14 of 17 pass-2 training days
   F47 anchors 11 of 12 pass-2 training days
DIAG10/8 done
   F13 anchors 12 of 16 pass-2 training days
   F47 anchors 7 of 12 pass-2 training days
DIAG10/9 done
   F13 anchors 13 of 21 pass-2 training days
   F47 anchors 10 of 17 pass-2 training days
A/0 done
   F13 anchors 13 of 21 pass-2 training days
   F47 anchors 11 of 17 pass-2 training days
A/1 done
   F13 anchors 10 of 21 pass-2 training days
   F47 anchors 10 of 17 pass-2 training days
A/2 done
   F13 anchors 12 of 21 pass-2 training days
   F47 anchors 9 of 17 pass-2 training days
A/3 done
   F13 anchors 11 of 18 pass-2 training days
   F47 anchors 7 of 16 pass-2 training days
A/4 done
   F13 anchors 15 of 21 pass-2 training days
   F47 anchors 10 of 17 pass-2 training days
B/0 done
   F13 anchors 12 of 21 pass-2 training days
   F47 anchors 11 of 17 pass-2 training days
B/1 done
   F13 anchors 15 of 21 pass-2 training days
   F47 anchors 12 of 17 pass-2 training days
B/2 done
   F13 anchors 11 of 21 pass-2 training days
   F47 anchors 10 of 17 pass-2 training days
B/3 done
   F13 anchors 13 of 21 pass-2 training days
   F47 anchors 10 of 17 pass-2 training days
B/4 done
   F13 anchors 12 of 16 pass-2 training days
   F47 anchors 7 of 9 pass-2 training days
EXT10/0 done
   F13 anchors 8 of 10 pass-2 training days
   F47: <2 exact-twin anchors -> nearest-match fallback (DC3 rule)
   F47 anchors 2 of 2 pass-2 training days
EXT12/0 done
   F13 anchors 11 of 16 pass-2 training days
   F47 anchors 12 of 17 pass-2 training days
EL1/0 done
   F13 anchors 11 of 16 pass-2 training days
   F47 anchors 12 of 17 pass-2 training days
EL1/1 done
   F13 anchors 12 of 16 pass-2 training days
   F47 anchors 12 of 17 pass-2 training days
EL1/2 done
   F13 anchors 14 of 15 pass-2 training days
   F47 anchors 12 of 17 pass-2 training days
EL1/3 done
   F13 anchors 12 of 16 pass-2 training days
   F47 anchors 12 of 17 pass-2 training days
EL1/4 done
   F13 anchors 16 of 21 pass-2 training days
   F47 anchors 8 of 13 pass-2 training days
EL1/5 done
   F13 anchors 16 of 21 pass-2 training days
   F47 anchors 7 of 12 pass-2 training days
EL1/6 done
   F13 anchors 16 of 21 pass-2 training days
   F47 anchors 12 of 13 pass-2 training days
EL1/7 done
   F13 anchors 16 of 21 pass-2 training days
   F47 anchors 8 of 10 pass-2 training days
EL1/8 done
   F13 anchors 16 of 21 pass-2 training days
   F47 anchors 9 of 14 pass-2 training days
EL1/9 done

pooled RMSE R3S -> R3S without *_h0 in ET
  DIAG10 s7 0.1877->0.1981 (+5.6%)  s101 0.1885->0.1983 (+5.2%)  s2024 0.1885->0.1982 (+5.1%)
  A      s7 0.2209->0.2423 (+9.7%)  s101 0.2228->0.2428 (+9.0%)  s2024 0.2223->0.2420 (+8.8%)
  B      s7 0.2036->0.2098 (+3.0%)  s101 0.2035->0.2111 (+3.8%)  s2024 0.2034->0.2098 (+3.2%)
  EXT10  s7 0.4084->0.3928 (-3.8%)  s101 0.4134->0.3897 (-5.7%)  s2024 0.4115->0.3906 (-5.1%)
  EXT12  s7 0.4112->0.4150 (+0.9%)  s101 0.4095->0.4125 (+0.7%)  s2024 0.4068->0.4113 (+1.1%)
  EL1    s7 0.3051->0.3335 (+9.3%)  s101 0.3103->0.3355 (+8.1%)  s2024 0.3087->0.3350 (+8.5%)
  DIAG10 late R3S 0.2681 -> DI 0.2903
  DIAG10 P(worse) by seed: [0.9617, 0.9526, 0.9537]

DI1 decision: FAIL (rule False, EL1 False)
