   F13 anchors 13 of 21 pass-2 training days
   F47 anchors 10 of 17 pass-2 training days
DIAG10/0 done (train A 132 / B 130 days)
   F13 anchors 14 of 21 pass-2 training days
   F47 anchors 11 of 17 pass-2 training days
DIAG10/1 done (train A 138 / B 135 days)
   F13 anchors 13 of 21 pass-2 training days
   F47 anchors 10 of 17 pass-2 training days
DIAG10/2 done (train A 128 / B 131 days)
   F13 anchors 12 of 21 pass-2 training days
   F47 anchors 10 of 17 pass-2 training days
DIAG10/3 done (train A 136 / B 131 days)
   F13 anchors 11 of 16 pass-2 training days
   F47 anchors 9 of 16 pass-2 training days
DIAG10/4 done (train A 129 / B 126 days)
   F13 anchors 14 of 19 pass-2 training days
   F47 anchors 10 of 15 pass-2 training days
DIAG10/5 done (train A 142 / B 132 days)
   F13 anchors 11 of 16 pass-2 training days
   F47 anchors 6 of 11 pass-2 training days
DIAG10/6 done (train A 134 / B 128 days)
   F13 anchors 12 of 17 pass-2 training days
   F47 anchors 11 of 15 pass-2 training days
DIAG10/7 done (train A 137 / B 137 days)
   F13 anchors 14 of 17 pass-2 training days
   F47 anchors 11 of 12 pass-2 training days
DIAG10/8 done (train A 133 / B 125 days)
   F13 anchors 12 of 16 pass-2 training days
   F47 anchors 7 of 12 pass-2 training days
DIAG10/9 done (train A 126 / B 132 days)
   F13 anchors 13 of 21 pass-2 training days
   F47 anchors 10 of 17 pass-2 training days
A/0 done (train A 130 / B 123 days)
   F13 anchors 13 of 21 pass-2 training days
   F47 anchors 11 of 17 pass-2 training days
A/1 done (train A 131 / B 116 days)
   F13 anchors 10 of 21 pass-2 training days
   F47 anchors 10 of 17 pass-2 training days
A/2 done (train A 129 / B 121 days)
   F13 anchors 12 of 21 pass-2 training days
   F47 anchors 9 of 17 pass-2 training days
A/3 done (train A 126 / B 125 days)
   F13 anchors 11 of 18 pass-2 training days
   F47 anchors 7 of 16 pass-2 training days
A/4 done (train A 129 / B 125 days)
   F13 anchors 15 of 21 pass-2 training days
   F47 anchors 10 of 17 pass-2 training days
B/0 done (train A 129 / B 119 days)
   F13 anchors 12 of 21 pass-2 training days
   F47 anchors 11 of 17 pass-2 training days
B/1 done (train A 128 / B 118 days)
   F13 anchors 15 of 21 pass-2 training days
   F47 anchors 12 of 17 pass-2 training days
B/2 done (train A 133 / B 122 days)
   F13 anchors 11 of 21 pass-2 training days
   F47 anchors 10 of 17 pass-2 training days
B/3 done (train A 130 / B 119 days)
   F13 anchors 13 of 21 pass-2 training days
   F47 anchors 10 of 17 pass-2 training days
B/4 done (train A 129 / B 126 days)
   F13 anchors 12 of 16 pass-2 training days
   F47 anchors 7 of 9 pass-2 training days
EXT10/0 done (train A 100 / B 91 days)
   F13 anchors 8 of 10 pass-2 training days
   F47: <2 exact-twin anchors -> nearest-match fallback (DC3 rule)
   F47 anchors 2 of 2 pass-2 training days
EXT12/0 done (train A 52 / B 48 days)
   F13 anchors 11 of 16 pass-2 training days
   F47 anchors 12 of 17 pass-2 training days
EL1/0 done (train A 152 / B 148 days)
   F13 anchors 11 of 16 pass-2 training days
   F47 anchors 12 of 17 pass-2 training days
EL1/1 done (train A 152 / B 149 days)
   F13 anchors 12 of 16 pass-2 training days
   F47 anchors 12 of 17 pass-2 training days
EL1/2 done (train A 152 / B 149 days)
   F13 anchors 14 of 15 pass-2 training days
   F47 anchors 12 of 17 pass-2 training days
EL1/3 done (train A 151 / B 149 days)
   F13 anchors 12 of 16 pass-2 training days
   F47 anchors 12 of 17 pass-2 training days
EL1/4 done (train A 150 / B 151 days)
   F13 anchors 16 of 21 pass-2 training days
   F47 anchors 8 of 13 pass-2 training days
EL1/5 done (train A 153 / B 148 days)
   F13 anchors 16 of 21 pass-2 training days
   F47 anchors 7 of 12 pass-2 training days
EL1/6 done (train A 152 / B 149 days)
   F13 anchors 16 of 21 pass-2 training days
   F47 anchors 12 of 13 pass-2 training days
EL1/7 done (train A 153 / B 149 days)
   F13 anchors 16 of 21 pass-2 training days
   F47 anchors 8 of 10 pass-2 training days
EL1/8 done (train A 152 / B 147 days)
   F13 anchors 16 of 21 pass-2 training days
   F47 anchors 9 of 14 pass-2 training days
EL1/9 done (train A 154 / B 149 days)

pooled RMSE R3S -> DB1 (judge: DIAG10/A/B; others reported)
  DIAG10 s7 0.1877->0.2020 (+7.6%)  s101 0.1885->0.2031 (+7.7%)  s2024 0.1885->0.2025 (+7.4%)
  A      s7 0.2209->0.2477 (+12.1%)  s101 0.2228->0.2455 (+10.2%)  s2024 0.2223->0.2485 (+11.8%)
  B      s7 0.2036->0.2211 (+8.6%)  s101 0.2035->0.2205 (+8.4%)  s2024 0.2034->0.2219 (+9.1%)
  EXT10  s7 0.4084->0.3665 (-10.3%)  s101 0.4134->0.3643 (-11.9%)  s2024 0.4115->0.3653 (-11.2%)
  EXT12  s7 0.4112->0.4062 (-1.2%)  s101 0.4095->0.4038 (-1.4%)  s2024 0.4068->0.4043 (-0.6%)
  EL1    s7 0.3051->0.2983 (-2.2%)  s101 0.3103->0.3041 (-2.0%)  s2024 0.3087->0.2999 (-2.8%)
  DIAG10 late R3S 0.2681 -> DB1 0.2824
  DIAG10 high-EC days (rows 744): label 1.549  R3S 1.224  DB1 1.181
  DIAG10 P(worse) by seed: [0.9899, 0.9905, 0.9824]
  guard changes (EL1, DIAG10-late per seed, %): [-2.21, 5.69, -1.97, 6.4, -2.85, 3.85]

DB1 decision: FAIL (judge False, guard trip True)
