DIAG10/0 done
DIAG10/1 done
DIAG10/2 done
DIAG10/3 done
DIAG10/4 done
DIAG10/5 done
DIAG10/6 done
DIAG10/7 done
DIAG10/8 done
DIAG10/9 done
EL1/56 done
EL1/57 done
EL1/58 done
EL1/59 done
EL1/60 done
EL1/61 done
EL1/62 done
EL1/63 done
EL1/64 done
EL1/65 done
P2LOO/10 done
P2LOO/11 done
P2LOO/12 done
P2LOO/13 done
P2LOO/14 done
P2LOO/15 done
P2LOO/16 done
P2LOO/17 done
P2LOO/18 done
P2LOO/19 done
P2LOO/20 done
P2LOO/21 done
P2LOO/22 done
P2LOO/23 done
P2LOO/24 done
P2LOO/25 done
P2LOO/26 done
P2LOO/27 done
P2LOO/28 done
P2LOO/29 done
P2LOO/30 done
P2LOO/31 done
P2LOO/32 done
P2LOO/33 done
P2LOO/34 done
P2LOO/35 done
P2LOO/36 done
P2LOO/37 done
P2LOO/38 done
P2LOO/39 done
P2LOO/40 done
P2LOO/41 done
P2LOO/42 done
P2LOO/43 done
P2LOO/44 done
P2LOO/45 done
P2LOO/46 done
P2LOO/47 done
P2LOO/48 done
P2LOO/49 done
P2LOO/50 done
P2LOO/51 done
P2LOO/52 done
P2LOO/53 done
P2LOO/54 done
P2LOO/55 done

CORE+SG2 -> CORE+SG3 (core alone in brackets)
  TM     s47 [0.2129] 0.2054->0.2105 (+2.5%)  s1414 [0.2104] 0.2028->0.2055 (+1.3%)  s6464 [0.2104] 0.2019->0.2059 (+1.9%)
         normal seed-mean SG2 0.0998 -> SG3 0.1023
         high   seed-mean SG2 0.6667 -> SG3 0.6784
  P2LOO  s47 [0.2094] 0.1949->0.2009 (+3.1%)  s1414 [0.2097] 0.1940->0.2015 (+3.9%)  s6464 [0.2114] 0.1950->0.2046 (+4.9%)
         normal seed-mean SG2 0.1368 -> SG3 0.1391
         high   seed-mean SG2 0.4411 -> SG3 0.4658
  EL1    s47 [0.2933] 0.2900->0.2946 (+1.6%)  s1414 [0.2916] 0.2878->0.2927 (+1.7%)  s6464 [0.2924] 0.2883->0.2933 (+1.7%)
         normal seed-mean SG2 0.1559 -> SG3 0.1659
         high   seed-mean SG2 0.7526 -> SG3 0.7525
  TM seed-mean 0.2032 -> 0.2071  P(worse) 0.9597

SG3 decision: KEEP SG2 (all better False, P 0.9597)
