   F13 anchors 11 of 16 pass-2 training days
   F47 anchors 9 of 16 pass-2 training days
DIAG10/4 done
   F13 anchors 14 of 19 pass-2 training days
   F47 anchors 10 of 15 pass-2 training days
DIAG10/5 done
   F13 anchors 11 of 16 pass-2 training days
   F47 anchors 6 of 11 pass-2 training days
DIAG10/6 done
   F13 anchors 12 of 17 pass-2 training days
   F47 anchors 11 of 15 pass-2 training days
DIAG10/7 done
   F13 anchors 14 of 17 pass-2 training days
   F47 anchors 11 of 12 pass-2 training days
DIAG10/8 done
   F13 anchors 12 of 16 pass-2 training days
   F47 anchors 7 of 12 pass-2 training days
DIAG10/9 done
   F13 anchors 11 of 16 pass-2 training days
   F47 anchors 11 of 16 pass-2 training days
DIAG10q/0 done
   F13 anchors 11 of 18 pass-2 training days
   F47 anchors 6 of 12 pass-2 training days
DIAG10q/1 done
   F13 anchors 12 of 19 pass-2 training days
   F47 anchors 12 of 17 pass-2 training days
DIAG10q/2 done
   F13 anchors 12 of 17 pass-2 training days
   F47 anchors 11 of 14 pass-2 training days
DIAG10q/3 done
   F13 anchors 16 of 20 pass-2 training days
   F47 anchors 12 of 15 pass-2 training days
DIAG10q/4 done
   F13 anchors 16 of 18 pass-2 training days
   F47 anchors 12 of 14 pass-2 training days
DIAG10q/5 done
   F13 anchors 12 of 18 pass-2 training days
   F47 anchors 7 of 12 pass-2 training days
DIAG10q/6 done
   F13 anchors 12 of 17 pass-2 training days
   F47 anchors 8 of 15 pass-2 training days
DIAG10q/7 done
   F13 anchors 14 of 19 pass-2 training days
   F47 anchors 10 of 16 pass-2 training days
DIAG10q/9 done
   F13 anchors 11 of 16 pass-2 training days
   F47 anchors 12 of 17 pass-2 training days
EL1/20 done
   F13 anchors 11 of 16 pass-2 training days
   F47 anchors 12 of 17 pass-2 training days
EL1/21 done
   F13 anchors 12 of 16 pass-2 training days
   F47 anchors 12 of 17 pass-2 training days
EL1/22 done
   F13 anchors 14 of 15 pass-2 training days
   F47 anchors 12 of 17 pass-2 training days
EL1/23 done
   F13 anchors 12 of 16 pass-2 training days
   F47 anchors 12 of 17 pass-2 training days
EL1/24 done
   F13 anchors 16 of 21 pass-2 training days
   F47 anchors 8 of 13 pass-2 training days
EL1/25 done
   F13 anchors 16 of 21 pass-2 training days
   F47 anchors 7 of 12 pass-2 training days
EL1/26 done
   F13 anchors 16 of 21 pass-2 training days
   F47 anchors 12 of 13 pass-2 training days
EL1/27 done
   F13 anchors 16 of 21 pass-2 training days
   F47 anchors 8 of 10 pass-2 training days
EL1/28 done
   F13 anchors 16 of 21 pass-2 training days
   F47 anchors 9 of 14 pass-2 training days
EL1/29 done

PASS-2 rows: R3S+SG2 -> HG2 (new seeds)
  DIAG10   days 46  s37 0.2646->0.2131 (-19.5%)  s1212 0.2585->0.2097 (-18.9%)  s4242 0.2627->0.2127 (-19.0%)
  DIAG10q  days 46  s37 0.2579->0.2611 (+1.3%)  s1212 0.2581->0.2614 (+1.3%)  s4242 0.2634->0.2666 (+1.2%)
  EL1      days 46  s37 0.3052->0.2747 (-10.0%)  s1212 0.3014->0.2719 (-9.8%)  s4242 0.3076->0.2776 (-9.7%)
  DIAG10q pass-2 seed-mean RMSE 0.2593 -> 0.2625  P(worse) 0.8045
  DIAG10   normal days: s37 0.1341->0.1341  s1212 0.1407->0.1407  s4242 0.1401->0.1401
  DIAG10   high days: s37 0.7049->0.5198  s1212 0.6724->0.4920  s4242 0.6883->0.5053
  DIAG10q  normal days: s37 0.1931->0.1984  s1212 0.1962->0.2015  s4242 0.1989->0.2040
  DIAG10q  high days: s37 0.5532->0.5518  s1212 0.5452->0.5439  s4242 0.5604->0.5591
  EL1      normal days: s37 0.1479->0.1516  s1212 0.1452->0.1495  s4242 0.1547->0.1588
  EL1      high days: s37 0.8232->0.7113  s1212 0.8141->0.7050  s4242 0.8210->0.7088
  normal-day protection (<= +2 % in every cell): False

HG2 decision: FAIL (all better False, P 0.8045, normal protected False)
