   F13 anchors 11 of 16 pass-2 training days
   F47 anchors 9 of 16 pass-2 training days
DIAG10/4 done
   F13 anchors 14 of 19 pass-2 training days
   F47 anchors 10 of 15 pass-2 training days
DIAG10/5 done
   F13 anchors 11 of 16 pass-2 training days
   F47 anchors 6 of 11 pass-2 training days
DIAG10/6 done
   F13 anchors 12 of 17 pass-2 training days
   F47 anchors 11 of 15 pass-2 training days
DIAG10/7 done
   F13 anchors 14 of 17 pass-2 training days
   F47 anchors 11 of 12 pass-2 training days
DIAG10/8 done
   F13 anchors 12 of 16 pass-2 training days
   F47 anchors 7 of 12 pass-2 training days
DIAG10/9 done
   F13 anchors 14 of 19 pass-2 training days
   F47 anchors 12 of 17 pass-2 training days
P2LOO/10 done
   F13 anchors 13 of 18 pass-2 training days
   F47 anchors 12 of 17 pass-2 training days
P2LOO/11 done
   F13 anchors 13 of 18 pass-2 training days
   F47 anchors 12 of 17 pass-2 training days
P2LOO/12 done
   F13 anchors 13 of 18 pass-2 training days
   F47 anchors 12 of 17 pass-2 training days
P2LOO/13 done
   F13 anchors 14 of 19 pass-2 training days
   F47 anchors 12 of 17 pass-2 training days
P2LOO/14 done
   F13 anchors 15 of 20 pass-2 training days
   F47 anchors 12 of 17 pass-2 training days
P2LOO/15 done
   F13 anchors 14 of 19 pass-2 training days
   F47 anchors 12 of 17 pass-2 training days
P2LOO/16 done
   F13 anchors 13 of 18 pass-2 training days
   F47 anchors 12 of 17 pass-2 training days
P2LOO/17 done
   F13 anchors 14 of 19 pass-2 training days
   F47 anchors 12 of 17 pass-2 training days
P2LOO/18 done
   F13 anchors 14 of 19 pass-2 training days
   F47 anchors 12 of 17 pass-2 training days
P2LOO/19 done
   F13 anchors 13 of 18 pass-2 training days
   F47 anchors 12 of 17 pass-2 training days
P2LOO/20 done
   F13 anchors 13 of 18 pass-2 training days
   F47 anchors 12 of 17 pass-2 training days
P2LOO/21 done
   F13 anchors 14 of 19 pass-2 training days
   F47 anchors 12 of 17 pass-2 training days
P2LOO/22 done
   F13 anchors 15 of 20 pass-2 training days
   F47 anchors 12 of 17 pass-2 training days
P2LOO/23 done
   F13 anchors 16 of 20 pass-2 training days
   F47 anchors 12 of 17 pass-2 training days
P2LOO/24 done
   F13 anchors 16 of 20 pass-2 training days
   F47 anchors 12 of 17 pass-2 training days
P2LOO/25 done
   F13 anchors 16 of 19 pass-2 training days
   F47 anchors 12 of 17 pass-2 training days
P2LOO/26 done
   F13 anchors 16 of 18 pass-2 training days
   F47 anchors 12 of 17 pass-2 training days
P2LOO/27 done
   F13 anchors 16 of 19 pass-2 training days
   F47 anchors 12 of 17 pass-2 training days
P2LOO/28 done
   F13 anchors 14 of 19 pass-2 training days
   F47 anchors 12 of 17 pass-2 training days
P2LOO/29 done
   F13 anchors 13 of 18 pass-2 training days
   F47 anchors 12 of 17 pass-2 training days
P2LOO/30 done
   F13 anchors 14 of 18 pass-2 training days
   F47 anchors 12 of 17 pass-2 training days
P2LOO/31 done
   F13 anchors 14 of 18 pass-2 training days
   F47 anchors 12 of 17 pass-2 training days
P2LOO/32 done
   F13 anchors 15 of 19 pass-2 training days
   F47 anchors 12 of 17 pass-2 training days
P2LOO/33 done
   F13 anchors 16 of 21 pass-2 training days
   F47 anchors 11 of 16 pass-2 training days
P2LOO/34 done
   F13 anchors 16 of 21 pass-2 training days
   F47 anchors 11 of 16 pass-2 training days
P2LOO/35 done
   F13 anchors 16 of 21 pass-2 training days
   F47 anchors 11 of 16 pass-2 training days
P2LOO/36 done
   F13 anchors 16 of 21 pass-2 training days
   F47 anchors 10 of 15 pass-2 training days
P2LOO/37 done
   F13 anchors 16 of 21 pass-2 training days
   F47 anchors 9 of 14 pass-2 training days
P2LOO/38 done
   F13 anchors 16 of 21 pass-2 training days
   F47 anchors 9 of 14 pass-2 training days
P2LOO/39 done
   F13 anchors 16 of 21 pass-2 training days
   F47 anchors 9 of 14 pass-2 training days
P2LOO/40 done
   F13 anchors 16 of 21 pass-2 training days
   F47 anchors 10 of 15 pass-2 training days
P2LOO/41 done
   F13 anchors 16 of 21 pass-2 training days
   F47 anchors 11 of 16 pass-2 training days
P2LOO/42 done
   F13 anchors 16 of 21 pass-2 training days
   F47 anchors 11 of 16 pass-2 training days
P2LOO/43 done
   F13 anchors 16 of 21 pass-2 training days
   F47 anchors 12 of 17 pass-2 training days
P2LOO/44 done
   F13 anchors 16 of 21 pass-2 training days
   F47 anchors 12 of 16 pass-2 training days
P2LOO/45 done
   F13 anchors 16 of 21 pass-2 training days
   F47 anchors 12 of 15 pass-2 training days
P2LOO/46 done
   F13 anchors 16 of 21 pass-2 training days
   F47 anchors 12 of 15 pass-2 training days
P2LOO/47 done
   F13 anchors 16 of 21 pass-2 training days
   F47 anchors 12 of 15 pass-2 training days
P2LOO/48 done
   F13 anchors 16 of 21 pass-2 training days
   F47 anchors 12 of 14 pass-2 training days
P2LOO/49 done
   F13 anchors 16 of 21 pass-2 training days
   F47 anchors 12 of 15 pass-2 training days
P2LOO/50 done
   F13 anchors 16 of 21 pass-2 training days
   F47 anchors 10 of 15 pass-2 training days
P2LOO/51 done
   F13 anchors 16 of 21 pass-2 training days
   F47 anchors 9 of 14 pass-2 training days
P2LOO/52 done
   F13 anchors 16 of 21 pass-2 training days
   F47 anchors 9 of 14 pass-2 training days
P2LOO/53 done
   F13 anchors 16 of 21 pass-2 training days
   F47 anchors 9 of 14 pass-2 training days
P2LOO/54 done
   F13 anchors 16 of 21 pass-2 training days
   F47 anchors 10 of 15 pass-2 training days
P2LOO/55 done
   F13 anchors 11 of 16 pass-2 training days
   F47 anchors 12 of 17 pass-2 training days
EL1/56 done
   F13 anchors 11 of 16 pass-2 training days
   F47 anchors 12 of 17 pass-2 training days
EL1/57 done
   F13 anchors 12 of 16 pass-2 training days
   F47 anchors 12 of 17 pass-2 training days
EL1/58 done
   F13 anchors 14 of 15 pass-2 training days
   F47 anchors 12 of 17 pass-2 training days
EL1/59 done
   F13 anchors 12 of 16 pass-2 training days
   F47 anchors 12 of 17 pass-2 training days
EL1/60 done
   F13 anchors 16 of 21 pass-2 training days
   F47 anchors 8 of 13 pass-2 training days
EL1/61 done
   F13 anchors 16 of 21 pass-2 training days
   F47 anchors 7 of 12 pass-2 training days
EL1/62 done
   F13 anchors 16 of 21 pass-2 training days
   F47 anchors 12 of 13 pass-2 training days
EL1/63 done
   F13 anchors 16 of 21 pass-2 training days
   F47 anchors 8 of 10 pass-2 training days
EL1/64 done
   F13 anchors 16 of 21 pass-2 training days
   F47 anchors 9 of 14 pass-2 training days
EL1/65 done

[HG4 structure-matched P2LOO] PASS-2 rows: R3S+SG2 -> HG4 (seeds (53, 1515, 7575))
  DIAG10   days 46  s53 0.2625->0.2412 (-8.1%)  s1515 0.2597->0.2377 (-8.5%)  s7575 0.2613->0.2384 (-8.8%)
  P2LOO    days 46  s53 0.2142->0.1994 (-6.9%)  s1515 0.2156->0.2003 (-7.1%)  s7575 0.2131->0.1989 (-6.7%)
  EL1      days 46  s53 0.3023->0.2858 (-5.4%)  s1515 0.3053->0.2904 (-4.9%)  s7575 0.3050->0.2888 (-5.3%)
  P2LOO pass-2 seed-mean RMSE 0.2139 -> 0.1991  P(worse) 0.0386
  DIAG10   normal days: s53 0.1395->0.1395  s1515 0.1353->0.1353  s7575 0.1331->0.1331
  DIAG10   high days: s53 0.6887->0.6128  s1515 0.6859->0.6080  s7575 0.6948->0.6144
  P2LOO    normal days: s53 0.1217->0.1217  s1515 0.1238->0.1238  s7575 0.1214->0.1214
  P2LOO    high days: s53 0.5483->0.4942  s1515 0.5497->0.4933  s7575 0.5451->0.4932
  EL1      normal days: s53 0.1478->0.1478  s1515 0.1560->0.1560  s7575 0.1472->0.1472
  EL1      high days: s53 0.8133->0.7566  s1515 0.8112->0.7590  s7575 0.8236->0.7678
  normal-day protection: True
[HG4 structure-matched P2LOO] HG4 decision: FAIL (all better True, P 0.0386, normal protected True)
