   F13 anchors 13 of 21 pass-2 training days
   F47 anchors 10 of 17 pass-2 training days
DIAG10/0 done
   F13 anchors 14 of 21 pass-2 training days
   F47 anchors 11 of 17 pass-2 training days
DIAG10/1 done
   F13 anchors 13 of 21 pass-2 training days
   F47 anchors 10 of 17 pass-2 training days
DIAG10/2 done
   F13 anchors 12 of 21 pass-2 training days
   F47 anchors 10 of 17 pass-2 training days
DIAG10/3 done
   F13 anchors 11 of 16 pass-2 training days
   F47 anchors 9 of 16 pass-2 training days
DIAG10/4 done
   F13 anchors 14 of 19 pass-2 training days
   F47 anchors 10 of 15 pass-2 training days
DIAG10/5 done
   F13 anchors 11 of 16 pass-2 training days
   F47 anchors 6 of 11 pass-2 training days
DIAG10/6 done
   F13 anchors 12 of 17 pass-2 training days
   F47 anchors 11 of 15 pass-2 training days
DIAG10/7 done
   F13 anchors 14 of 17 pass-2 training days
   F47 anchors 11 of 12 pass-2 training days
DIAG10/8 done
   F13 anchors 12 of 16 pass-2 training days
   F47 anchors 7 of 12 pass-2 training days
DIAG10/9 done
   F13 anchors 13 of 21 pass-2 training days
   F47 anchors 10 of 17 pass-2 training days
A/0 done
   F13 anchors 13 of 21 pass-2 training days
   F47 anchors 11 of 17 pass-2 training days
A/1 done
   F13 anchors 10 of 21 pass-2 training days
   F47 anchors 10 of 17 pass-2 training days
A/2 done
   F13 anchors 12 of 21 pass-2 training days
   F47 anchors 9 of 17 pass-2 training days
A/3 done
   F13 anchors 11 of 18 pass-2 training days
   F47 anchors 7 of 16 pass-2 training days
A/4 done
   F13 anchors 15 of 21 pass-2 training days
   F47 anchors 10 of 17 pass-2 training days
B/0 done
   F13 anchors 12 of 21 pass-2 training days
   F47 anchors 11 of 17 pass-2 training days
B/1 done
   F13 anchors 15 of 21 pass-2 training days
   F47 anchors 12 of 17 pass-2 training days
B/2 done
   F13 anchors 11 of 21 pass-2 training days
   F47 anchors 10 of 17 pass-2 training days
B/3 done
   F13 anchors 13 of 21 pass-2 training days
   F47 anchors 10 of 17 pass-2 training days
B/4 done
   F13 anchors 12 of 16 pass-2 training days
   F47 anchors 7 of 9 pass-2 training days
EXT10/0 done
   F13 anchors 8 of 10 pass-2 training days
   F47: <2 exact-twin anchors -> nearest-match fallback (DC3 rule)
   F47 anchors 2 of 2 pass-2 training days
EXT12/0 done
   F13 anchors 11 of 16 pass-2 training days
   F47 anchors 12 of 17 pass-2 training days
EL1/0 done
   F13 anchors 11 of 16 pass-2 training days
   F47 anchors 12 of 17 pass-2 training days
EL1/1 done
   F13 anchors 12 of 16 pass-2 training days
   F47 anchors 12 of 17 pass-2 training days
EL1/2 done
   F13 anchors 14 of 15 pass-2 training days
   F47 anchors 12 of 17 pass-2 training days
EL1/3 done
   F13 anchors 12 of 16 pass-2 training days
   F47 anchors 12 of 17 pass-2 training days
EL1/4 done
   F13 anchors 16 of 21 pass-2 training days
   F47 anchors 8 of 13 pass-2 training days
EL1/5 done
   F13 anchors 16 of 21 pass-2 training days
   F47 anchors 7 of 12 pass-2 training days
EL1/6 done
   F13 anchors 16 of 21 pass-2 training days
   F47 anchors 12 of 13 pass-2 training days
EL1/7 done
   F13 anchors 16 of 21 pass-2 training days
   F47 anchors 8 of 10 pass-2 training days
EL1/8 done
   F13 anchors 16 of 21 pass-2 training days
   F47 anchors 9 of 14 pass-2 training days
EL1/9 done

pooled RMSE R3S -> R3S + within-day lag-3/6 inputs
  DIAG10 s7 0.1877->0.1861 (-0.9%)  s101 0.1885->0.1862 (-1.2%)  s2024 0.1885->0.1853 (-1.7%)
  A      s7 0.2209->0.2217 (+0.4%)  s101 0.2228->0.2218 (-0.4%)  s2024 0.2223->0.2217 (-0.2%)
  B      s7 0.2036->0.2044 (+0.4%)  s101 0.2035->0.2025 (-0.5%)  s2024 0.2034->0.2024 (-0.5%)
  EXT10  s7 0.4084->0.4063 (-0.5%)  s101 0.4134->0.4079 (-1.3%)  s2024 0.4115->0.4058 (-1.4%)
  EXT12  s7 0.4112->0.4045 (-1.6%)  s101 0.4095->0.4026 (-1.7%)  s2024 0.4068->0.4047 (-0.5%)
  EL1    s7 0.3051->0.2942 (-3.6%)  s101 0.3103->0.2970 (-4.3%)  s2024 0.3087->0.2977 (-3.5%)
  DIAG10 late R3S 0.2681 -> LG 0.2568
  DIAG10 P(worse) by seed: [0.121, 0.0486, 0.0231]

LG1 decision: FAIL (rule False, EL1 True)
