   F13 anchors 11 of 16 pass-2 training days
   F47 anchors 9 of 16 pass-2 training days
DIAG10/4 done
   F13 anchors 14 of 19 pass-2 training days
   F47 anchors 10 of 15 pass-2 training days
DIAG10/5 done
   F13 anchors 11 of 16 pass-2 training days
   F47 anchors 6 of 11 pass-2 training days
DIAG10/6 done
   F13 anchors 12 of 17 pass-2 training days
   F47 anchors 11 of 15 pass-2 training days
DIAG10/7 done
   F13 anchors 14 of 17 pass-2 training days
   F47 anchors 11 of 12 pass-2 training days
DIAG10/8 done
   F13 anchors 12 of 16 pass-2 training days
   F47 anchors 7 of 12 pass-2 training days
DIAG10/9 done
   F13 anchors 12 of 17 pass-2 training days
   F47 anchors 10 of 14 pass-2 training days
DIAG10x/0 done
   F13 anchors 10 of 20 pass-2 training days
   F47 anchors 9 of 17 pass-2 training days
DIAG10x/1 done
   F13 anchors 14 of 21 pass-2 training days
   F47 anchors 11 of 14 pass-2 training days
DIAG10x/2 done
   F13 anchors 15 of 18 pass-2 training days
   F47 anchors 10 of 15 pass-2 training days
DIAG10x/3 done
   F13 anchors 12 of 16 pass-2 training days
   F47 anchors 7 of 12 pass-2 training days
DIAG10x/4 done
   F13 anchors 11 of 15 pass-2 training days
   F47 anchors 10 of 16 pass-2 training days
DIAG10x/5 done
   F13 anchors 12 of 18 pass-2 training days
   F47 anchors 12 of 17 pass-2 training days
DIAG10x/6 done
   F13 anchors 12 of 20 pass-2 training days
   F47 anchors 6 of 12 pass-2 training days
DIAG10x/7 done
   F13 anchors 13 of 18 pass-2 training days
   F47 anchors 10 of 15 pass-2 training days
DIAG10x/8 done
   F13 anchors 15 of 21 pass-2 training days
   F47 anchors 10 of 16 pass-2 training days
DIAG10x/9 done
   F13 anchors 11 of 16 pass-2 training days
   F47 anchors 12 of 17 pass-2 training days
EL1/20 done
   F13 anchors 11 of 16 pass-2 training days
   F47 anchors 12 of 17 pass-2 training days
EL1/21 done
   F13 anchors 12 of 16 pass-2 training days
   F47 anchors 12 of 17 pass-2 training days
EL1/22 done
   F13 anchors 14 of 15 pass-2 training days
   F47 anchors 12 of 17 pass-2 training days
EL1/23 done
   F13 anchors 12 of 16 pass-2 training days
   F47 anchors 12 of 17 pass-2 training days
EL1/24 done
   F13 anchors 16 of 21 pass-2 training days
   F47 anchors 8 of 13 pass-2 training days
EL1/25 done
   F13 anchors 16 of 21 pass-2 training days
   F47 anchors 7 of 12 pass-2 training days
EL1/26 done
   F13 anchors 16 of 21 pass-2 training days
   F47 anchors 12 of 13 pass-2 training days
EL1/27 done
   F13 anchors 16 of 21 pass-2 training days
   F47 anchors 8 of 10 pass-2 training days
EL1/28 done
   F13 anchors 16 of 21 pass-2 training days
   F47 anchors 9 of 14 pass-2 training days
EL1/29 done

PASS-2 rows: refitted R3S -> SG1 (new seeds)
  DIAG10   days 46  s17 0.2639->0.2570 (-2.6%)  s606 0.2618->0.2514 (-3.9%)  s7070 0.2716->0.2699 (-0.6%)
  DIAG10x  days 46  s17 0.2758->0.2671 (-3.1%)  s606 0.2709->0.2648 (-2.2%)  s7070 0.2768->0.2727 (-1.5%)
  EL1      days 46  s17 0.3060->0.3028 (-1.1%)  s606 0.3061->0.3034 (-0.9%)  s7070 0.3079->0.3054 (-0.8%)
  DIAG10x pass-2 seed-mean RMSE 0.2744 -> 0.2679  P(worse) 0.1602
  DIAG10   normal days: s17 0.1396->0.1333  s606 0.1398->0.1305  s7070 0.1488->0.1467
  DIAG10   high days: s17 0.6935->0.6796  s606 0.6856->0.6648  s7070 0.7053->0.7027
  DIAG10x  normal days: s17 0.1662->0.1612  s606 0.1649->0.1646  s7070 0.1706->0.1719
  DIAG10x  high days: s17 0.6878->0.6660  s606 0.6724->0.6504  s7070 0.6830->0.6646
  EL1      normal days: s17 0.1533->0.1453  s606 0.1556->0.1486  s7070 0.1598->0.1534
  EL1      high days: s17 0.8179->0.8189  s606 0.8146->0.8158  s7070 0.8142->0.8154

SG1 decision: FAIL (all seeds x sets better True, P 0.1602)
