   F13 anchors 13 of 21 pass-2 training days
   F47 anchors 10 of 17 pass-2 training days
DIAG10/0 done
   F13 anchors 14 of 21 pass-2 training days
   F47 anchors 11 of 17 pass-2 training days
DIAG10/1 done
   F13 anchors 13 of 21 pass-2 training days
   F47 anchors 10 of 17 pass-2 training days
DIAG10/2 done
   F13 anchors 12 of 21 pass-2 training days
   F47 anchors 10 of 17 pass-2 training days
DIAG10/3 done
   F13 anchors 11 of 16 pass-2 training days
   F47 anchors 9 of 16 pass-2 training days
DIAG10/4 done
   F13 anchors 14 of 19 pass-2 training days
   F47 anchors 10 of 15 pass-2 training days
DIAG10/5 done
   F13 anchors 11 of 16 pass-2 training days
   F47 anchors 6 of 11 pass-2 training days
DIAG10/6 done
   F13 anchors 12 of 17 pass-2 training days
   F47 anchors 11 of 15 pass-2 training days
DIAG10/7 done
   F13 anchors 14 of 17 pass-2 training days
   F47 anchors 11 of 12 pass-2 training days
DIAG10/8 done
   F13 anchors 12 of 16 pass-2 training days
   F47 anchors 7 of 12 pass-2 training days
DIAG10/9 done
   F13 anchors 14 of 19 pass-2 training days
   F47 anchors 12 of 17 pass-2 training days
P2LOO/10 done
   F13 anchors 13 of 18 pass-2 training days
   F47 anchors 12 of 17 pass-2 training days
P2LOO/11 done
   F13 anchors 13 of 18 pass-2 training days
   F47 anchors 12 of 17 pass-2 training days
P2LOO/12 done
   F13 anchors 13 of 18 pass-2 training days
   F47 anchors 12 of 17 pass-2 training days
P2LOO/13 done
   F13 anchors 14 of 19 pass-2 training days
   F47 anchors 12 of 17 pass-2 training days
P2LOO/14 done
   F13 anchors 15 of 20 pass-2 training days
   F47 anchors 12 of 17 pass-2 training days
P2LOO/15 done
   F13 anchors 14 of 19 pass-2 training days
   F47 anchors 12 of 17 pass-2 training days
P2LOO/16 done
   F13 anchors 13 of 18 pass-2 training days
   F47 anchors 12 of 17 pass-2 training days
P2LOO/17 done
   F13 anchors 14 of 19 pass-2 training days
   F47 anchors 12 of 17 pass-2 training days
P2LOO/18 done
   F13 anchors 14 of 19 pass-2 training days
   F47 anchors 12 of 17 pass-2 training days
P2LOO/19 done
   F13 anchors 13 of 18 pass-2 training days
   F47 anchors 12 of 17 pass-2 training days
P2LOO/20 done
   F13 anchors 13 of 18 pass-2 training days
   F47 anchors 12 of 17 pass-2 training days
P2LOO/21 done
   F13 anchors 14 of 19 pass-2 training days
   F47 anchors 12 of 17 pass-2 training days
P2LOO/22 done
   F13 anchors 15 of 20 pass-2 training days
   F47 anchors 12 of 17 pass-2 training days
P2LOO/23 done
   F13 anchors 16 of 20 pass-2 training days
   F47 anchors 12 of 17 pass-2 training days
P2LOO/24 done
   F13 anchors 16 of 20 pass-2 training days
   F47 anchors 12 of 17 pass-2 training days
P2LOO/25 done
   F13 anchors 16 of 19 pass-2 training days
   F47 anchors 12 of 17 pass-2 training days
P2LOO/26 done
   F13 anchors 16 of 18 pass-2 training days
   F47 anchors 12 of 17 pass-2 training days
P2LOO/27 done
   F13 anchors 16 of 19 pass-2 training days
   F47 anchors 12 of 17 pass-2 training days
P2LOO/28 done
   F13 anchors 14 of 19 pass-2 training days
   F47 anchors 12 of 17 pass-2 training days
P2LOO/29 done
   F13 anchors 13 of 18 pass-2 training days
   F47 anchors 12 of 17 pass-2 training days
P2LOO/30 done
   F13 anchors 14 of 18 pass-2 training days
   F47 anchors 12 of 17 pass-2 training days
P2LOO/31 done
   F13 anchors 14 of 18 pass-2 training days
   F47 anchors 12 of 17 pass-2 training days
P2LOO/32 done
   F13 anchors 15 of 19 pass-2 training days
   F47 anchors 12 of 17 pass-2 training days
P2LOO/33 done
   F13 anchors 16 of 21 pass-2 training days
   F47 anchors 11 of 16 pass-2 training days
P2LOO/34 done
   F13 anchors 16 of 21 pass-2 training days
   F47 anchors 11 of 16 pass-2 training days
P2LOO/35 done
   F13 anchors 16 of 21 pass-2 training days
   F47 anchors 11 of 16 pass-2 training days
P2LOO/36 done
   F13 anchors 16 of 21 pass-2 training days
   F47 anchors 10 of 15 pass-2 training days
P2LOO/37 done
   F13 anchors 16 of 21 pass-2 training days
   F47 anchors 9 of 14 pass-2 training days
P2LOO/38 done
   F13 anchors 16 of 21 pass-2 training days
   F47 anchors 9 of 14 pass-2 training days
P2LOO/39 done
   F13 anchors 16 of 21 pass-2 training days
   F47 anchors 9 of 14 pass-2 training days
P2LOO/40 done
   F13 anchors 16 of 21 pass-2 training days
   F47 anchors 10 of 15 pass-2 training days
P2LOO/41 done
   F13 anchors 16 of 21 pass-2 training days
   F47 anchors 11 of 16 pass-2 training days
P2LOO/42 done
   F13 anchors 16 of 21 pass-2 training days
   F47 anchors 11 of 16 pass-2 training days
P2LOO/43 done
   F13 anchors 16 of 21 pass-2 training days
   F47 anchors 12 of 17 pass-2 training days
P2LOO/44 done
   F13 anchors 16 of 21 pass-2 training days
   F47 anchors 12 of 16 pass-2 training days
P2LOO/45 done
   F13 anchors 16 of 21 pass-2 training days
   F47 anchors 12 of 15 pass-2 training days
P2LOO/46 done
   F13 anchors 16 of 21 pass-2 training days
   F47 anchors 12 of 15 pass-2 training days
P2LOO/47 done
   F13 anchors 16 of 21 pass-2 training days
   F47 anchors 12 of 15 pass-2 training days
P2LOO/48 done
   F13 anchors 16 of 21 pass-2 training days
   F47 anchors 12 of 14 pass-2 training days
P2LOO/49 done
   F13 anchors 16 of 21 pass-2 training days
   F47 anchors 12 of 15 pass-2 training days
P2LOO/50 done
   F13 anchors 16 of 21 pass-2 training days
   F47 anchors 10 of 15 pass-2 training days
P2LOO/51 done
   F13 anchors 16 of 21 pass-2 training days
   F47 anchors 9 of 14 pass-2 training days
P2LOO/52 done
   F13 anchors 16 of 21 pass-2 training days
   F47 anchors 9 of 14 pass-2 training days
P2LOO/53 done
   F13 anchors 16 of 21 pass-2 training days
   F47 anchors 9 of 14 pass-2 training days
P2LOO/54 done
   F13 anchors 16 of 21 pass-2 training days
   F47 anchors 10 of 15 pass-2 training days
P2LOO/55 done
   F13 anchors 11 of 16 pass-2 training days
   F47 anchors 12 of 17 pass-2 training days
EL1/56 done
   F13 anchors 11 of 16 pass-2 training days
   F47 anchors 12 of 17 pass-2 training days
EL1/57 done
   F13 anchors 12 of 16 pass-2 training days
   F47 anchors 12 of 17 pass-2 training days
EL1/58 done
   F13 anchors 14 of 15 pass-2 training days
   F47 anchors 12 of 17 pass-2 training days
EL1/59 done
   F13 anchors 12 of 16 pass-2 training days
   F47 anchors 12 of 17 pass-2 training days
EL1/60 done
   F13 anchors 16 of 21 pass-2 training days
   F47 anchors 8 of 13 pass-2 training days
EL1/61 done
   F13 anchors 16 of 21 pass-2 training days
   F47 anchors 7 of 12 pass-2 training days
EL1/62 done
   F13 anchors 16 of 21 pass-2 training days
   F47 anchors 12 of 13 pass-2 training days
EL1/63 done
   F13 anchors 16 of 21 pass-2 training days
   F47 anchors 8 of 10 pass-2 training days
EL1/64 done
   F13 anchors 16 of 21 pass-2 training days
   F47 anchors 9 of 14 pass-2 training days
EL1/65 done

SELECTION on DIAG10 pass-1 rows: best (0.4, 0.2, 0.4) (RMSE 0.1700) | current (0.6, 0.3, 0.1) (RMSE 0.1734)
top 5: [(0.4, 0.2, 0.4), (0.5, 0.2, 0.3), (0.3, 0.2, 0.5), (0.5, 0.1, 0.4), (0.3, 0.3, 0.4)]

DESCRIPTIVE pass-2 seed-mean RMSE by weights (DIAG10 | P2LOO | EL1), best 8 by mean:
  (0.6, 0.0, 0.4)  0.2547 | 0.2212 | 0.2776
  (0.5, 0.0, 0.5)  0.2551 | 0.2227 | 0.2769
  (0.5, 0.1, 0.4)  0.2541 | 0.2197 | 0.2820
  (0.7, 0.0, 0.3)  0.2554 | 0.2210 | 0.2793
  (0.4, 0.1, 0.5)  0.2546 | 0.2211 | 0.2812
  (0.6, 0.1, 0.3)  0.2545 | 0.2196 | 0.2838
  (0.4, 0.0, 0.6)  0.2564 | 0.2256 | 0.2772
  (0.4, 0.2, 0.4)  0.2546 | 0.2190 | 0.2869
  current (0.6, 0.3, 0.1)  0.2593 | 0.2238 | 0.3007

JUDGEMENT pass-2 rows: current (0.6, 0.3, 0.1) -> (0.4, 0.2, 0.4)
  DIAG10  s47 0.2619->0.2609 (-0.4%)  s1414 0.2578->0.2533 (-1.7%)  s6464 0.2586->0.2536 (-1.9%)
  P2LOO   s47 0.2229->0.2234 (+0.2%)  s1414 0.2233->0.2140 (-4.2%)  s6464 0.2256->0.2237 (-0.8%)
  EL1     s47 0.3017->0.2879 (-4.6%)  s1414 0.2999->0.2851 (-4.9%)  s6464 0.3009->0.2914 (-3.2%)
  P2LOO seed-mean 0.2238 -> 0.2190  P(worse) 0.3626

WT0 decision: FAIL (all better False, P 0.3626)
