   F13 anchors 13 of 21 pass-2 training days
   F47 anchors 10 of 17 pass-2 training days
DIAG10/0 done (specialist days 58)
   F13 anchors 14 of 21 pass-2 training days
   F47 anchors 11 of 17 pass-2 training days
DIAG10/1 done (specialist days 64)
   F13 anchors 13 of 21 pass-2 training days
   F47 anchors 10 of 17 pass-2 training days
DIAG10/2 done (specialist days 64)
   F13 anchors 12 of 21 pass-2 training days
   F47 anchors 10 of 17 pass-2 training days
DIAG10/3 done (specialist days 62)
   F13 anchors 11 of 16 pass-2 training days
   F47 anchors 9 of 16 pass-2 training days
DIAG10/4 done (specialist days 58)
   F13 anchors 14 of 19 pass-2 training days
   F47 anchors 10 of 15 pass-2 training days
DIAG10/5 done (specialist days 62)
   F13 anchors 11 of 16 pass-2 training days
   F47 anchors 6 of 11 pass-2 training days
DIAG10/6 done (specialist days 62)
   F13 anchors 12 of 17 pass-2 training days
   F47 anchors 11 of 15 pass-2 training days
DIAG10/7 done (specialist days 63)
   F13 anchors 14 of 17 pass-2 training days
   F47 anchors 11 of 12 pass-2 training days
DIAG10/8 done (specialist days 56)
   F13 anchors 12 of 16 pass-2 training days
   F47 anchors 7 of 12 pass-2 training days
DIAG10/9 done (specialist days 60)
   F13 anchors 13 of 21 pass-2 training days
   F47 anchors 10 of 17 pass-2 training days
A/0 done (specialist days 53)
   F13 anchors 13 of 21 pass-2 training days
   F47 anchors 11 of 17 pass-2 training days
A/1 done (specialist days 45)
   F13 anchors 10 of 21 pass-2 training days
   F47 anchors 10 of 17 pass-2 training days
A/2 done (specialist days 49)
   F13 anchors 12 of 21 pass-2 training days
   F47 anchors 9 of 17 pass-2 training days
A/3 done (specialist days 46)
   F13 anchors 11 of 18 pass-2 training days
   F47 anchors 7 of 16 pass-2 training days
A/4 done (specialist days 53)
   F13 anchors 15 of 21 pass-2 training days
   F47 anchors 10 of 17 pass-2 training days
B/0 done (specialist days 60)
   F13 anchors 12 of 21 pass-2 training days
   F47 anchors 11 of 17 pass-2 training days
B/1 done (specialist days 46)
   F13 anchors 15 of 21 pass-2 training days
   F47 anchors 12 of 17 pass-2 training days
B/2 done (specialist days 45)
   F13 anchors 11 of 21 pass-2 training days
   F47 anchors 10 of 17 pass-2 training days
B/3 done (specialist days 42)
   F13 anchors 13 of 21 pass-2 training days
   F47 anchors 10 of 17 pass-2 training days
B/4 done (specialist days 52)
   F13 anchors 12 of 16 pass-2 training days
   F47 anchors 7 of 9 pass-2 training days
EXT10/0 done (specialist days 21)
   F13 anchors 8 of 10 pass-2 training days
   F47: <2 exact-twin anchors -> nearest-match fallback (DC3 rule)
   F47 anchors 2 of 2 pass-2 training days
EXT12/0 done (specialist days 6)
   F13 anchors 11 of 16 pass-2 training days
   F47 anchors 12 of 17 pass-2 training days
EL1/0 done (specialist days 69)
   F13 anchors 11 of 16 pass-2 training days
   F47 anchors 12 of 17 pass-2 training days
EL1/1 done (specialist days 69)
   F13 anchors 12 of 16 pass-2 training days
   F47 anchors 12 of 17 pass-2 training days
EL1/2 done (specialist days 69)
   F13 anchors 14 of 15 pass-2 training days
   F47 anchors 12 of 17 pass-2 training days
EL1/3 done (specialist days 67)
   F13 anchors 12 of 16 pass-2 training days
   F47 anchors 12 of 17 pass-2 training days
EL1/4 done (specialist days 68)
   F13 anchors 16 of 21 pass-2 training days
   F47 anchors 8 of 13 pass-2 training days
EL1/5 done (specialist days 70)
   F13 anchors 16 of 21 pass-2 training days
   F47 anchors 7 of 12 pass-2 training days
EL1/6 done (specialist days 70)
   F13 anchors 16 of 21 pass-2 training days
   F47 anchors 12 of 13 pass-2 training days
EL1/7 done (specialist days 68)
   F13 anchors 16 of 21 pass-2 training days
   F47 anchors 8 of 10 pass-2 training days
EL1/8 done (specialist days 67)
   F13 anchors 16 of 21 pass-2 training days
   F47 anchors 9 of 14 pass-2 training days
EL1/9 done (specialist days 69)
flagged share (seed 7): {'A': 0.182, 'B': 0.129, 'DIAG10': 0.107, 'EL1': 0.136, 'EXT10': 0.049, 'EXT12': 0.064}

pooled RMSE R3S -> HM2 (judge: DIAG10/A/B; others reported)
  DIAG10 s7 0.1877->0.1900 (+1.3%)  s101 0.1885->0.1912 (+1.4%)  s2024 0.1885->0.1910 (+1.3%)
  A      s7 0.2209->0.2249 (+1.8%)  s101 0.2228->0.2265 (+1.7%)  s2024 0.2223->0.2268 (+2.0%)
  B      s7 0.2036->0.2074 (+1.8%)  s101 0.2035->0.2082 (+2.3%)  s2024 0.2034->0.2069 (+1.8%)
  EXT10  s7 0.4084->0.4119 (+0.9%)  s101 0.4134->0.4168 (+0.8%)  s2024 0.4115->0.4152 (+0.9%)
  EXT12  s7 0.4112->0.3963 (-3.6%)  s101 0.4095->0.3953 (-3.5%)  s2024 0.4068->0.3933 (-3.3%)
  EL1    s7 0.3051->0.2993 (-1.9%)  s101 0.3103->0.3041 (-2.0%)  s2024 0.3087->0.2990 (-3.1%)
  DIAG10 late R3S 0.2681 -> HM2 0.2576
  DIAG10 high-EC days (rows 744): label 1.549  R3S 1.224  HM2 1.230  specialist 1.226
  DIAG10 P(worse) by seed: [0.7245, 0.7315, 0.711]
  guard changes (EL1, DIAG10-late per seed, %): [-1.89, -4.24, -1.99, -3.32, -3.14, -4.23]

HM2 decision: FAIL (judge False, guard trip False)
