   F13 anchors 11 of 16 pass-2 training days
   F47 anchors 9 of 16 pass-2 training days
DIAG10/4 done
   F13 anchors 14 of 19 pass-2 training days
   F47 anchors 10 of 15 pass-2 training days
DIAG10/5 done
   F13 anchors 11 of 16 pass-2 training days
   F47 anchors 6 of 11 pass-2 training days
DIAG10/6 done
   F13 anchors 12 of 17 pass-2 training days
   F47 anchors 11 of 15 pass-2 training days
DIAG10/7 done
   F13 anchors 14 of 17 pass-2 training days
   F47 anchors 11 of 12 pass-2 training days
DIAG10/8 done
   F13 anchors 12 of 16 pass-2 training days
   F47 anchors 7 of 12 pass-2 training days
DIAG10/9 done
   F13 anchors 15 of 21 pass-2 training days
   F47 anchors 11 of 16 pass-2 training days
DIAG10r/0 done
   F13 anchors 10 of 16 pass-2 training days
   F47 anchors 10 of 14 pass-2 training days
DIAG10r/1 done
   F13 anchors 12 of 21 pass-2 training days
   F47 anchors 11 of 15 pass-2 training days
DIAG10r/2 done
   F13 anchors 16 of 18 pass-2 training days
   F47 anchors 10 of 12 pass-2 training days
DIAG10r/3 done
   F13 anchors 12 of 16 pass-2 training days
   F47 anchors 7 of 12 pass-2 training days
DIAG10r/4 done
   F13 anchors 14 of 19 pass-2 training days
   F47 anchors 7 of 16 pass-2 training days
DIAG10r/7 done
   F13 anchors 11 of 16 pass-2 training days
   F47 anchors 11 of 16 pass-2 training days
DIAG10r/8 done
   F13 anchors 13 of 18 pass-2 training days
   F47 anchors 7 of 12 pass-2 training days
DIAG10r/9 done
   F13 anchors 14 of 19 pass-2 training days
   F47 anchors 12 of 17 pass-2 training days
P2LOO/20 done
   F13 anchors 13 of 18 pass-2 training days
   F47 anchors 12 of 17 pass-2 training days
P2LOO/21 done
   F13 anchors 13 of 18 pass-2 training days
   F47 anchors 12 of 17 pass-2 training days
P2LOO/22 done
   F13 anchors 13 of 18 pass-2 training days
   F47 anchors 12 of 17 pass-2 training days
P2LOO/23 done
   F13 anchors 14 of 19 pass-2 training days
   F47 anchors 12 of 17 pass-2 training days
P2LOO/24 done
   F13 anchors 15 of 20 pass-2 training days
   F47 anchors 12 of 17 pass-2 training days
P2LOO/25 done
   F13 anchors 14 of 19 pass-2 training days
   F47 anchors 12 of 17 pass-2 training days
P2LOO/26 done
   F13 anchors 13 of 18 pass-2 training days
   F47 anchors 12 of 17 pass-2 training days
P2LOO/27 done
   F13 anchors 14 of 19 pass-2 training days
   F47 anchors 12 of 17 pass-2 training days
P2LOO/28 done
   F13 anchors 14 of 19 pass-2 training days
   F47 anchors 12 of 17 pass-2 training days
P2LOO/29 done
   F13 anchors 13 of 18 pass-2 training days
   F47 anchors 12 of 17 pass-2 training days
P2LOO/30 done
   F13 anchors 13 of 18 pass-2 training days
   F47 anchors 12 of 17 pass-2 training days
P2LOO/31 done
   F13 anchors 14 of 19 pass-2 training days
   F47 anchors 12 of 17 pass-2 training days
P2LOO/32 done
   F13 anchors 15 of 20 pass-2 training days
   F47 anchors 12 of 17 pass-2 training days
P2LOO/33 done
   F13 anchors 16 of 20 pass-2 training days
   F47 anchors 12 of 17 pass-2 training days
P2LOO/34 done
   F13 anchors 16 of 20 pass-2 training days
   F47 anchors 12 of 17 pass-2 training days
P2LOO/35 done
   F13 anchors 16 of 19 pass-2 training days
   F47 anchors 12 of 17 pass-2 training days
P2LOO/36 done
   F13 anchors 16 of 18 pass-2 training days
   F47 anchors 12 of 17 pass-2 training days
P2LOO/37 done
   F13 anchors 16 of 19 pass-2 training days
   F47 anchors 12 of 17 pass-2 training days
P2LOO/38 done
   F13 anchors 14 of 19 pass-2 training days
   F47 anchors 12 of 17 pass-2 training days
P2LOO/39 done
   F13 anchors 13 of 18 pass-2 training days
   F47 anchors 12 of 17 pass-2 training days
P2LOO/40 done
   F13 anchors 14 of 18 pass-2 training days
   F47 anchors 12 of 17 pass-2 training days
P2LOO/41 done
   F13 anchors 14 of 18 pass-2 training days
   F47 anchors 12 of 17 pass-2 training days
P2LOO/42 done
   F13 anchors 15 of 19 pass-2 training days
   F47 anchors 12 of 17 pass-2 training days
P2LOO/43 done
   F13 anchors 16 of 21 pass-2 training days
   F47 anchors 11 of 16 pass-2 training days
P2LOO/44 done
   F13 anchors 16 of 21 pass-2 training days
   F47 anchors 11 of 16 pass-2 training days
P2LOO/45 done
   F13 anchors 16 of 21 pass-2 training days
   F47 anchors 11 of 16 pass-2 training days
P2LOO/46 done
   F13 anchors 16 of 21 pass-2 training days
   F47 anchors 10 of 15 pass-2 training days
P2LOO/47 done
   F13 anchors 16 of 21 pass-2 training days
   F47 anchors 9 of 14 pass-2 training days
P2LOO/48 done
   F13 anchors 16 of 21 pass-2 training days
   F47 anchors 9 of 14 pass-2 training days
P2LOO/49 done
   F13 anchors 16 of 21 pass-2 training days
   F47 anchors 9 of 14 pass-2 training days
P2LOO/50 done
   F13 anchors 16 of 21 pass-2 training days
   F47 anchors 10 of 15 pass-2 training days
P2LOO/51 done
   F13 anchors 16 of 21 pass-2 training days
   F47 anchors 11 of 16 pass-2 training days
P2LOO/52 done
   F13 anchors 16 of 21 pass-2 training days
   F47 anchors 11 of 16 pass-2 training days
P2LOO/53 done
   F13 anchors 16 of 21 pass-2 training days
   F47 anchors 12 of 17 pass-2 training days
P2LOO/54 done
   F13 anchors 16 of 21 pass-2 training days
   F47 anchors 12 of 16 pass-2 training days
P2LOO/55 done
   F13 anchors 16 of 21 pass-2 training days
   F47 anchors 12 of 15 pass-2 training days
P2LOO/56 done
   F13 anchors 16 of 21 pass-2 training days
   F47 anchors 12 of 15 pass-2 training days
P2LOO/57 done
   F13 anchors 16 of 21 pass-2 training days
   F47 anchors 12 of 15 pass-2 training days
P2LOO/58 done
   F13 anchors 16 of 21 pass-2 training days
   F47 anchors 12 of 14 pass-2 training days
P2LOO/59 done
   F13 anchors 16 of 21 pass-2 training days
   F47 anchors 12 of 15 pass-2 training days
P2LOO/60 done
   F13 anchors 16 of 21 pass-2 training days
   F47 anchors 10 of 15 pass-2 training days
P2LOO/61 done
   F13 anchors 16 of 21 pass-2 training days
   F47 anchors 9 of 14 pass-2 training days
P2LOO/62 done
   F13 anchors 16 of 21 pass-2 training days
   F47 anchors 9 of 14 pass-2 training days
P2LOO/63 done
   F13 anchors 16 of 21 pass-2 training days
   F47 anchors 9 of 14 pass-2 training days
P2LOO/64 done
   F13 anchors 16 of 21 pass-2 training days
   F47 anchors 10 of 15 pass-2 training days
P2LOO/65 done
   F13 anchors 11 of 16 pass-2 training days
   F47 anchors 12 of 17 pass-2 training days
EL1/66 done
   F13 anchors 11 of 16 pass-2 training days
   F47 anchors 12 of 17 pass-2 training days
EL1/67 done
   F13 anchors 12 of 16 pass-2 training days
   F47 anchors 12 of 17 pass-2 training days
EL1/68 done
   F13 anchors 14 of 15 pass-2 training days
   F47 anchors 12 of 17 pass-2 training days
EL1/69 done
   F13 anchors 12 of 16 pass-2 training days
   F47 anchors 12 of 17 pass-2 training days
EL1/70 done
   F13 anchors 16 of 21 pass-2 training days
   F47 anchors 8 of 13 pass-2 training days
EL1/71 done
   F13 anchors 16 of 21 pass-2 training days
   F47 anchors 7 of 12 pass-2 training days
EL1/72 done
   F13 anchors 16 of 21 pass-2 training days
   F47 anchors 12 of 13 pass-2 training days
EL1/73 done
   F13 anchors 16 of 21 pass-2 training days
   F47 anchors 8 of 10 pass-2 training days
EL1/74 done
   F13 anchors 16 of 21 pass-2 training days
   F47 anchors 9 of 14 pass-2 training days
EL1/75 done

[A simple fresh layout] PASS-2 rows: R3S+SG2 -> HG3 (seeds (41, 1313, 5353))
  DIAG10   days 46  s41 0.2560->0.2237 (-12.6%)  s1313 0.2616->0.2294 (-12.3%)  s5353 0.2615->0.2290 (-12.4%)
  DIAG10r  days 46  s41 0.2987->0.2957 (-1.0%)  s1313 0.2998->0.2972 (-0.9%)  s5353 0.2948->0.2923 (-0.8%)
  EL1      days 46  s41 0.3025->0.2787 (-7.9%)  s1313 0.3057->0.2823 (-7.7%)  s5353 0.3057->0.2806 (-8.2%)
  DIAG10r pass-2 seed-mean RMSE 0.2975 -> 0.2949  P(worse) 0.3549
  DIAG10   normal days: s41 0.1361->0.1361  s1313 0.1342->0.1342  s5353 0.1300->0.1300
  DIAG10   high days: s41 0.6715->0.5555  s1313 0.6940->0.5801  s5353 0.7003->0.5863
  DIAG10r  normal days: s41 0.1108->0.1108  s1313 0.1139->0.1139  s5353 0.1037->0.1037
  DIAG10r  high days: s41 0.8485->0.8390  s1313 0.8490->0.8404  s5353 0.8433->0.8355
  EL1      normal days: s41 0.1486->0.1486  s1313 0.1521->0.1521  s5353 0.1488->0.1488
  EL1      high days: s41 0.8129->0.7304  s1313 0.8184->0.7370  s5353 0.8234->0.7369
  normal-day protection: True
[A simple fresh layout] HG3 decision: FAIL (all better True, P 0.3549, normal protected True)

[B structure-matched P2LOO] PASS-2 rows: R3S+SG2 -> HG3 (seeds (41, 1313, 5353))
  DIAG10   days 46  s41 0.2560->0.2237 (-12.6%)  s1313 0.2616->0.2294 (-12.3%)  s5353 0.2615->0.2290 (-12.4%)
  P2LOO    days 46  s41 0.2200->0.1957 (-11.1%)  s1313 0.2152->0.1920 (-10.8%)  s5353 0.2193->0.1963 (-10.5%)
  EL1      days 46  s41 0.3025->0.2787 (-7.9%)  s1313 0.3057->0.2823 (-7.7%)  s5353 0.3057->0.2806 (-8.2%)
  P2LOO pass-2 seed-mean RMSE 0.2179 -> 0.1944  P(worse) 0.0386
  DIAG10   normal days: s41 0.1361->0.1361  s1313 0.1342->0.1342  s5353 0.1300->0.1300
  DIAG10   high days: s41 0.6715->0.5555  s1313 0.6940->0.5801  s5353 0.7003->0.5863
  P2LOO    normal days: s41 0.1298->0.1298  s1313 0.1271->0.1271  s5353 0.1255->0.1255
  P2LOO    high days: s41 0.5543->0.4626  s1313 0.5418->0.4547  s5353 0.5597->0.4747
  EL1      normal days: s41 0.1486->0.1486  s1313 0.1521->0.1521  s5353 0.1488->0.1488
  EL1      high days: s41 0.8129->0.7304  s1313 0.8184->0.7370  s5353 0.8234->0.7369
  normal-day protection: True
[B structure-matched P2LOO] HG3 decision: FAIL (all better True, P 0.0386, normal protected True)
