5
66
TM rows 2664 days 111
P2LOO rows 1104 days 46
EL1 rows 1104 days 46

A vs CUR
  TM     s47 0.2129->0.2093 (-1.7%)  s1414 0.2104->0.2111 (+0.3%)  s6464 0.2104->0.2087 (-0.8%)
  P2LOO  s47 0.2094->0.2137 (+2.1%)  s1414 0.2097->0.2104 (+0.4%)  s6464 0.2114->0.2144 (+1.4%)
  EL1    s47 0.2933->0.2976 (+1.5%)  s1414 0.2916->0.2954 (+1.3%)  s6464 0.2924->0.2966 (+1.4%)
  TM seed-mean 0.2112 -> 0.2096, normal 0.1097 -> 0.1064, P(worse) 0.1845
  A decision: KEEP CUR (TM all seeds better False, guards ok False, P 0.1845 vs .0083)

B3 vs CUR
  TM     s47 0.2129->0.2078 (-2.4%)  s1414 0.2104->0.2056 (-2.3%)  s6464 0.2104->0.2056 (-2.3%)
  P2LOO  s47 0.2094->0.2035 (-2.8%)  s1414 0.2097->0.2037 (-2.9%)  s6464 0.2114->0.2052 (-2.9%)
  EL1    s47 0.2933->0.2897 (-1.2%)  s1414 0.2916->0.2881 (-1.2%)  s6464 0.2924->0.2888 (-1.2%)
  TM seed-mean 0.2112 -> 0.2063, normal 0.1097 -> 0.1090, P(worse) 0.0045
  B3 decision: ADOPT (TM all seeds better True, guards ok True, P 0.0045 vs .0083)

B4 vs CUR
  TM     s47 0.2129->0.2032 (-4.6%)  s1414 0.2104->0.2013 (-4.3%)  s6464 0.2104->0.2012 (-4.4%)
  P2LOO  s47 0.2094->0.1982 (-5.3%)  s1414 0.2097->0.1983 (-5.4%)  s6464 0.2114->0.1996 (-5.6%)
  EL1    s47 0.2933->0.2866 (-2.3%)  s1414 0.2916->0.2851 (-2.2%)  s6464 0.2924->0.2857 (-2.3%)
  TM seed-mean 0.2112 -> 0.2018, normal 0.1097 -> 0.1085, P(worse) 0.0068
  B4 decision: ADOPT (TM all seeds better True, guards ok True, P 0.0068 vs .0083)

[exited with code 0]
