F13 test vs F09 train (shifted -3409 h = 142.0 days); F09 day 58
          in_temp  in_hum  in_co2  in_temp_F09  in_hum_F09  in_co2_F09   dT    dH     dC
d200 h15     21.9    54.0   391.0         25.0        53.0       477.0 -3.1   1.0  -86.0
d200 h16     18.8    61.0   387.0         24.0        58.0       478.0 -5.2   3.0  -91.0
d200 h17     15.5    71.0   390.0         22.0        60.0       489.0 -6.5  11.0  -99.0
d200 h18     14.3    74.0   397.0         18.0        76.0       510.0 -3.7  -2.0 -113.0
d200 h19     13.5    78.0   403.0         16.0        86.0       544.0 -2.5  -8.0 -141.0
d200 h20     12.9    80.0   412.0         16.0        89.0       566.0 -3.1  -9.0 -154.0
d200 h21     12.3    82.0   419.0         15.0        90.0       576.0 -2.7  -8.0 -157.0
d200 h22     11.7    83.0   422.0         14.0        90.0       578.0 -2.3  -7.0 -156.0
d200 h23     11.2    84.0   427.0         13.0        90.0       585.0 -1.8  -6.0 -158.0
d201 h00     10.5    83.0   430.0         12.0        90.0       593.0 -1.5  -7.0 -163.0
d201 h01     10.4    83.0   426.0         12.0        91.0       591.0 -1.6  -8.0 -165.0
d201 h02     10.1    84.0   427.0         12.0        91.0       588.0 -1.9  -7.0 -161.0
d201 h03      9.8    83.0   433.0         11.0        91.0       594.0 -1.2  -8.0 -161.0
d201 h04      9.5    83.0   440.0         11.0        91.0       600.0 -1.5  -8.0 -160.0
d201 h05      9.2    83.0   446.0         10.0        91.0       611.0 -0.8  -8.0 -165.0
d201 h06      8.7    82.0   452.0         10.0        91.0       613.0 -1.3  -9.0 -161.0
d201 h07      8.5    82.0   458.0         10.0        91.0       616.0 -1.5  -9.0 -158.0
d201 h08     10.0    81.0   459.0         11.0        91.0       613.0 -1.0 -10.0 -154.0
d201 h09     15.4    72.0   444.0         17.0        79.0       560.0 -1.6  -7.0 -116.0
d201 h10     23.5    57.0   407.0         25.0        62.0       501.0 -1.5  -5.0  -94.0

within-run sd of differences: dT 1.39 dH 4.98 dC 18.9 (a copy+offset would give ~0 / 0 / 0)
F13 day 201 out_temp vs F09 has no out_*; F13 day-201 weather is shared with its calendar siblings only
