days 360, high-EC 31 (8.6%) | F13 17/180, F47 14/180
          feature   auc dir  high_mean  other_mean  auc_F13  auc_F47
    act_vent_zero 0.867   +      0.890       0.464    0.805    0.923
    act_vent_mean 0.862   -      1.942      15.489    0.806    0.917
     act_vent_day 0.821   -      5.794      30.207    0.736    0.899
      in_out_diff 0.821   +     11.987       6.131    0.743    0.907
     act_co2_zero 0.783   -      0.862       0.953    0.786    0.778
      act_co2_day 0.780   +     10.508       3.886    0.791    0.768
           recday 0.779   +    160.323     102.100    0.770    0.790
     act_co2_mean 0.773   +      3.985       1.490    0.793    0.754
    out_temp_mean 0.773   -      2.853       9.910    0.709    0.841
     out_temp_day 0.761   -      6.340      13.541    0.695    0.835
   out_temp_night 0.754   -      0.455       7.088    0.686    0.833
 act_thermal_zero 0.747   +      0.602       0.415    0.653    0.836
 act_circfan_mean 0.742   -      5.816      25.150    0.723    0.764
   act_shade_zero 0.741   +      0.548       0.381    0.688    0.818
 act_circfan_zero 0.726   +      0.853       0.488    0.712    0.744
act_circfan_night 0.723   -      5.387      25.887    0.696    0.748
   act_vent_night 0.719   -      0.000       6.513    0.684    0.753
  act_shade_night 0.718   -      0.046      16.552    0.674    0.762
act_thermal_night 0.704   -      0.000       8.990    0.656    0.750
  act_thermal_day 0.697   +     96.702      79.776    0.756    0.627
     in_co2_night 0.694   -    382.265     420.983    0.708    0.665
    act_shade_day 0.679   +     96.556      79.582    0.714    0.635
       in_co2_day 0.674   +    414.730     399.651    0.671    0.679
  act_circfan_day 0.670   -      6.851      22.008    0.673    0.665
    out_hum_night 0.667   -     73.143      78.488    0.627    0.710
