
HIGH-EC days (ec>=1): n 31, EC q10 1.08 med 1.53 q90 1.87
          feature   rho  n
    act_shade_day -0.44 31
     act_fog_zero  0.39 31
      act_fog_day -0.38 31
     act_fog_mean -0.38 31
   act_shade_mean -0.37 31
  act_thermal_day -0.36 31
   act_shade_zero  0.34 31
  act_heating_day  0.34 31
 act_thermal_mean -0.33 31
    out_hum_night -0.33 31
act_heating_night  0.32 31
 act_heating_zero -0.31 31

SEALED days (vent zero>=.8): n 85, EC q10 0.39 med 0.69 q90 1.68
          feature   rho  n
prev_same_dong_ec  0.66 76
      in_out_diff  0.54 85
           recday  0.51 85
   act_shade_zero  0.50 85
  act_thermal_day  0.45 85
    out_temp_mean -0.43 85
     out_temp_day -0.40 85
   act_shade_mean -0.37 85
    out_rad_night -0.36 85
   out_temp_night -0.36 85
  act_heating_day  0.34 85
act_thermal_night -0.34 85

HIGH-EC days listed (low -> high):
farm  day dong   ec  act_vent_zero  out_temp_mean  in_out_diff  act_co2_day  act_heating_mean  prev_same_dong_ec
 F13  177    A 1.01           0.79           6.75        11.46        26.25              0.00               0.43
 F13  135    A 1.01           0.83           1.60        12.68        12.50              0.00               0.98
 F47  174    B 1.05           0.75           0.81        14.03         0.00              3.12               0.87
 F13  137    A 1.08           0.83          -0.08        14.16        20.62              0.00               1.01
 F13  118    B 1.10           1.00           5.15         7.26         6.38             38.71               0.94
 F47  157    B 1.21           1.00          -3.00        16.98         2.88              0.00               1.62
 F13  120    B 1.25           1.00           7.97         4.51         6.38             29.21               1.10
 F13  175    B 1.27           0.71           0.64        16.00         0.00              5.21               0.98
 F13  139    A 1.30           1.00           2.84        11.29         4.75              0.00               1.08
 F47  151    B 1.31           0.83           1.67        13.06        13.12              0.00               0.70
 F13  121    B 1.32           1.00           7.43         5.50         6.38             24.42               1.25
 F13  241    A 1.43           0.83           3.28        12.61        38.25              0.00                NaN
 F47  177    B 1.49           0.67           3.59        12.99         0.00              0.00               1.05
 F13  125    B 1.50           0.83           8.39         5.85         6.38             23.58               1.32
 F13  146    B 1.50           0.92          -1.76        16.20         7.12              0.00               0.43
 F13  143    A 1.53           0.83           2.42        12.75        32.75              0.00               1.30
 F47  154    B 1.62           0.79           3.85        12.42        26.38              0.00               0.44
 F13  153    A 1.64           1.00           2.56        11.90         3.12              0.00               0.43
 F47  136    B 1.65           1.00           0.86        13.02         3.00             14.96               2.71
 F13  151    B 1.68           0.83           4.45        13.07        18.25              0.00               0.78
 F47  139    B 1.68           0.96           1.60        12.98         3.00              4.83               1.71
 F13  217    B 1.69           1.00           3.22         8.88         6.38             48.67               0.92
 F47  138    B 1.71           1.00           4.53        10.74         3.00             15.83               1.65
 F13  243    A 1.72           0.79          10.07         8.16        50.00              0.00               0.43
 F47  147    B 1.75           1.00           5.92        10.32        13.50              0.00               2.14
 F47  229    A 1.79           1.00           2.10        10.69         3.00             43.25                NaN
 F13  178    B 1.84           0.58           6.78        12.20         0.00              0.00               1.27
 F47  141    B 1.87           0.92          -0.08        14.66         3.00             12.83               1.68
 F47  145    B 2.14           0.88          -1.30        15.13         3.00             10.33               1.87
 F47  231    B 2.18           1.00          -0.60        14.78         3.00             28.42                NaN
 F47  132    B 2.71           1.00          -3.24        15.30         3.38             44.08               0.49
