high-day mean 1.549, days 31
level    fit     
평균보다 낮음  못 맞춤(과대)     1
         못 맞춤(과소)     7
         잘 맞춤         8
평균보다 높음  못 맞춤(과소)    11
         잘 맞춤         4

==== 평균보다 낮음 / 못 맞춤(과대) (1 days)
farm  day dong  role    y    p  err  act_vent_zero  out_temp_mean  in_out_diff  act_heating_mean  act_co2_day  act_shade_day  act_thermal_day  act_fog_mean  act_circfan_mean  in_hum_mean  late
 F13  137    A first 1.08 1.28  0.2           0.83          -0.08        14.16               0.0        20.62           98.0            94.75          0.62               0.0        59.46   0.0

==== 평균보다 낮음 / 못 맞춤(과소) (7 days)
farm  day dong   role    y    p   err  act_vent_zero  out_temp_mean  in_out_diff  act_heating_mean  act_co2_day  act_shade_day  act_thermal_day  act_fog_mean  act_circfan_mean  in_hum_mean  late
 F47  157    B second 1.21 0.92 -0.29           1.00          -3.00        16.98              0.00         2.88          98.38            93.38          0.00              0.00        59.46   0.0
 F13  175    B second 1.27 0.97 -0.30           0.71           0.64        16.00              5.21         0.00          94.88            99.38          2.42             43.12        74.12   0.0
 F13  139    A  first 1.30 0.96 -0.35           1.00           2.84        11.29              0.00         4.75         100.00           100.00          0.00              0.00        63.38   0.0
 F13  121    B single 1.32 0.85 -0.47           1.00           7.43         5.50             24.42         6.38          93.75            93.75          0.00              0.71        79.96   0.0
 F13  241    A single 1.43 1.03 -0.40           0.83           3.28        12.61              0.00        38.25         100.00           100.00          0.21              0.00        59.25   1.0
 F47  177    B second 1.49 1.03 -0.46           0.67           3.59        12.99              0.00         0.00          95.50           100.00          1.38             42.96        75.92   0.0
 F13  143    A single 1.53 1.26 -0.27           0.83           2.42        12.75              0.00        32.75         100.00            99.88          0.00              0.00        59.88   0.0

==== 평균보다 낮음 / 잘 맞춤 (8 days)
farm  day dong   role    y    p   err  act_vent_zero  out_temp_mean  in_out_diff  act_heating_mean  act_co2_day  act_shade_day  act_thermal_day  act_fog_mean  act_circfan_mean  in_hum_mean  late
 F13  177    A single 1.01 0.94 -0.06           0.79           6.75        11.46              0.00        26.25         100.00           100.00          0.29              0.00        65.12   0.0
 F13  135    A  first 1.01 1.09  0.08           0.83           1.60        12.68              0.00        12.50         100.00           100.00          0.12              0.00        64.17   0.0
 F47  174    B second 1.05 0.92 -0.13           0.75           0.81        14.03              3.12         0.00          95.50           100.00          0.33             41.79        74.04   0.0
 F13  118    B second 1.10 1.03 -0.08           1.00           5.15         7.26             38.71         6.38          93.88            93.75          0.00              0.71        77.58   0.0
 F13  120    B second 1.25 1.08 -0.17           1.00           7.97         4.51             29.21         6.38          93.75            93.75          0.00              0.71        82.79   0.0
 F47  151    B single 1.31 1.35  0.04           0.83           1.67        13.06              0.00        13.12         100.00            95.50          0.71              0.00        58.54   0.0
 F13  125    B second 1.50 1.35 -0.14           0.83           8.39         5.85             23.58         6.38          93.88            93.75          0.00              0.71        75.96   0.0
 F13  146    B second 1.50 1.39 -0.10           0.92          -1.76        16.20              0.00         7.12         100.00            99.88          0.08              0.00        57.58   0.0

==== 평균보다 높음 / 못 맞춤(과소) (11 days)
farm  day dong   role    y    p   err  act_vent_zero  out_temp_mean  in_out_diff  act_heating_mean  act_co2_day  act_shade_day  act_thermal_day  act_fog_mean  act_circfan_mean  in_hum_mean  late
 F47  154    B second 1.62 1.38 -0.24           0.79           3.85        12.42              0.00        26.38         100.00           100.00          0.00              0.00        60.50   0.0
 F13  151    B second 1.68 1.36 -0.31           0.83           4.45        13.07              0.00        18.25         100.00           100.00          0.75              0.00        61.33   0.0
 F13  217    B second 1.69 1.00 -0.70           1.00           3.22         8.88             48.67         6.38          93.75            93.75          0.00              0.71        71.79   1.0
 F47  138    B second 1.71 1.47 -0.24           1.00           4.53        10.74             15.83         3.00          93.75            93.75          0.00              0.62        73.54   0.0
 F13  243    A single 1.72 1.03 -0.68           0.79          10.07         8.16              0.00        50.00         100.00           100.00          0.00              0.00        65.71   1.0
 F47  147    B second 1.75 1.43 -0.32           1.00           5.92        10.32              0.00        13.50         100.00           100.00          0.00              0.00        59.92   0.0
 F47  229    A single 1.79 1.20 -0.58           1.00           2.10        10.69             43.25         3.00          92.75            92.62          0.00              0.71        62.92   1.0
 F13  178    B single 1.84 1.10 -0.75           0.58           6.78        12.20              0.00         0.00          94.88            99.38          3.12             43.38        76.96   0.0
 F47  145    B single 2.14 1.52 -0.62           0.88          -1.30        15.13             10.33         3.00          93.75            93.75          0.00              0.71        67.88   0.0
 F47  231    B second 2.18 1.29 -0.89           1.00          -0.60        14.78             28.42         3.00          92.75            92.75          0.00              0.71        69.29   1.0
 F47  132    B single 2.71 1.18 -1.53           1.00          -3.24        15.30             44.08         3.38          92.75            92.75          0.00              0.62        72.17   0.0

==== 평균보다 높음 / 잘 맞춤 (4 days)
farm  day dong   role    y    p   err  act_vent_zero  out_temp_mean  in_out_diff  act_heating_mean  act_co2_day  act_shade_day  act_thermal_day  act_fog_mean  act_circfan_mean  in_hum_mean  late
 F13  153    A single 1.64 1.48 -0.16           1.00           2.56        11.90              0.00         3.12         100.00           100.00           0.0              0.00        65.92   0.0
 F47  136    B second 1.65 1.80  0.15           1.00           0.86        13.02             14.96         3.00          93.75            93.75           0.0              0.71        73.12   0.0
 F47  139    B single 1.68 1.59 -0.09           0.96           1.60        12.98              4.83         3.00          93.88            93.75           0.0              0.71        69.46   0.0
 F47  141    B second 1.87 1.69 -0.17           0.92          -0.08        14.66             12.83         3.00          93.75            93.75           0.0              0.71        67.50   0.0

GROUP MEANS
grp               평균보다 낮음 / 못 맞춤(과대)  평균보다 낮음 / 못 맞춤(과소)  평균보다 낮음 / 잘 맞춤  평균보다 높음 / 못 맞춤(과소)  평균보다 높음 / 잘 맞춤
y                               1.08                1.36            1.22                1.89            1.71
p                               1.28                1.00            1.14                1.27            1.64
err                             0.20               -0.36           -0.07               -0.62           -0.07
act_vent_zero                   0.83                0.86            0.87                0.90            0.97
out_temp_mean                  -0.08                2.46            3.82                3.25            1.24
in_out_diff                    14.16               12.59           10.63               11.97           13.14
act_heating_mean                0.00                4.23           11.83               17.33            8.16
act_co2_day                    20.62               12.14            9.77               11.81            3.03
act_shade_day                  98.00               97.50           97.12               95.85           95.34
act_thermal_day                94.75               98.05           97.08               96.25           95.31
act_fog_mean                    0.62                0.57            0.19                0.35            0.00
act_circfan_mean                0.00               12.40            5.49                4.31            0.53
in_hum_mean                    59.46               67.42           69.47               67.45           69.00
late                            0.00                0.14            0.00                0.36            0.00
is_B                            0.00                0.57            0.75                0.82            0.75
is_second                       0.00                0.43            0.62                0.55            0.50
F47                             0.00                0.29            0.25                0.64            0.75
