HIGH-EC days: n 31
   prev_ec_mean +0.33(n30)
   prev_ec_min +0.41(n30)
   prev_ec_max +0.28(n30)
   prev_ec_last +0.22(n30)
   prev_ec_slope +0.01(n28)
   rad3 +0.18(n28)
   rad7 +0.03(n30)
   vpd3 -0.02(n28)
   vpd7 -0.12(n30)
   ti3 +0.13(n28)
SEALED days: n 85
   prev_ec_mean +0.63(n81)
   prev_ec_min +0.36(n81)
   prev_ec_max +0.65(n81)
   prev_ec_last +0.64(n81)
   prev_ec_slope +0.44(n73)
   rad3 -0.19(n77)
   rad7 -0.31(n81)
   vpd3 -0.12(n77)
   vpd7 -0.17(n81)
   ti3 +0.10(n77)
ALL labelled days: n 360
   prev_ec_mean +0.79(n345)
   prev_ec_min +0.76(n345)
   prev_ec_max +0.78(n345)
   prev_ec_last +0.81(n345)
   prev_ec_slope +0.24(n326)
   rad3 -0.33(n342)
   rad7 -0.42(n348)
   vpd3 -0.21(n342)
   vpd7 -0.23(n348)
   ti3 -0.56(n342)
