gated days 32: true high 23, false 9
farm  day   dm   d1   d2  d21  dcal  a12   pm  apm  hi5   m5  dgap  hour  first_h
 F13  130 0.77 1.35 1.64 0.29  1.00 1.11 1.04 0.46 0.50 0.94  0.29  13.5        4
 F13  132 0.87 1.23 1.42 0.18  1.00 1.11 1.29 0.20 0.50 0.94  0.18  13.5        4
 F13  148 0.74 0.80 1.09 0.29  0.30 0.40 0.82 0.90 0.60 1.01  0.43   7.0        5
 F13  150 0.82 0.61 0.71 0.10  0.22 0.31 0.81 0.90 0.60 1.03  0.58   4.5        0
 F13  156 0.75 1.01 1.27 0.26  0.92 1.21 1.14 0.54 0.25 0.93  0.26  11.5        0
 F13  231 0.62 1.07 1.25 0.18  0.22 0.29 0.97 0.45 0.86 1.30  0.59  11.5        0
 F13  233 0.63 1.19 1.26 0.07  1.48 0.17 0.99 0.36 0.87 1.28  0.38  11.5        0
 F47  146 0.70 1.50 1.56 0.06  0.00 1.73 0.81 1.33 0.50 1.21  0.06   4.5        1
 F47  216 0.56 0.38 0.51 0.13  0.90 2.19 0.92 1.79 0.32 1.12  0.13   2.0        0

feature   median TRUE  median FALSE  AUC(false)
d1            0.654        1.068       0.80
d2            0.936        1.262       0.76
d21           0.201        0.179       0.36
dcal          1.000        0.900       0.39
a12           0.419        1.113       0.68
pm            1.264        0.971       0.20
apm           0.303        0.538       0.69
hi5           0.400        0.500       0.63
m5            1.084        1.035       0.54
dgap          0.451        0.287       0.29
hour         11.500       11.500       0.30
first_h       0.000        0.000       0.57

best d1 AUC 0.80, family-wise p 0.0674
HK1 clue: False
