A. runs 1381
   short<=4  runs  873 rows  1882  straight-line(<=0.051) 27%
   mid5      runs   94 rows   470  straight-line(<=0.051) 11%
   long>=6   runs  414 rows  3781  straight-line(<=0.051) 29%

B. long runs (>=6 h) with a copy elsewhere (temp & hum match every hour): 68 of 414
   farm  day  hour  len   n                                             where  cross
3   F01   79    14    7   1                                   [(F01, 83, 14)]      0
4   F01   80    10    7   3     [(F01, 81, 10), (F01, 83, 10), (F01, 88, 10)]      0
5   F01   80    18   20   3     [(F01, 79, 18), (F01, 82, 18), (F01, 85, 18)]      0
6   F01   81    15    8   5     [(F01, 82, 15), (F01, 83, 15), (F01, 85, 15)]      0
7   F01   82     0   14   1                                    [(F01, 81, 0)]      0
8   F01   82    15   13   3     [(F01, 80, 15), (F01, 81, 15), (F01, 83, 15)]      0
10  F01   85     0    9   3        [(F01, 82, 0), (F01, 83, 0), (F01, 84, 0)]      0
11  F01   85    10    7   5     [(F01, 84, 10), (F01, 86, 10), (F01, 87, 10)]      0
12  F01   86     7    9   3        [(F01, 81, 7), (F01, 84, 7), (F01, 85, 7)]      0
13  F01   86    18   10   5     [(F01, 81, 18), (F01, 82, 18), (F01, 83, 18)]      0
14  F01   87     5    8   2                      [(F01, 84, 5), (F01, 89, 5)]      0
15  F01   87    21   15   1                                   [(F01, 88, 21)]      0
17  F01   89    12   14   1                                   [(F01, 86, 12)]      0
18  F01   90     3    9   1                                    [(F01, 84, 3)]      0
19  F01  109    18    7  13  [(F01, 109, 17), (F01, 109, 19), (F01, 110, 21)]      8
   runs with a match in a DIFFERENT farm: 21
    farm  day  hour  len   n                                             where  cross
19   F01  109    18    7  13  [(F01, 109, 17), (F01, 109, 19), (F01, 110, 21)]      8
50   F05  266    23    7  13  [(F05, 253, 22), (F05, 253, 23), (F05, 266, 22)]      9
92   F11  152     1    8   1                                   [(F02, 95, 20)]      1
95   F12  108    18    8   1                                   [(F28, 89, 18)]      1
103  F14  152    22    9   1                                  [(F13, 120, 20)]      1
162  F20  128    22   10   3  [(F20, 128, 21), (F20, 128, 23), (F34, 173, 21)]      1
167  F20  284    23    8   5    [(F20, 284, 22), (F20, 285, 0), (F22, 86, 22)]      3
199  F25  128    19    7  98    [(F02, 94, 20), (F02, 104, 20), (F02, 113, 1)]     93
201  F25  163    18    6  20    [(F03, 203, 0), (F03, 217, 0), (F05, 157, 18)]     18
210  F26  152    18    6  12      [(F08, 57, 22), (F17, 64, 0), (F18, 37, 21)]     10
227  F28  138    21    7   6  [(F12, 221, 22), (F24, 172, 18), (F28, 138, 20)]      2
242  F30   99    21    9   3    [(F12, 104, 19), (F30, 99, 20), (F30, 99, 22)]      1
267  F34  127    22    7  33   [(F05, 107, 23), (F05, 108, 0), (F07, 108, 17)]     28
269  F34  129    12    7   2                  [(F03, 246, 20), (F06, 131, 12)]      2
315  F40  152    21    8   6  [(F40, 140, 20), (F40, 191, 11), (F40, 199, 12)]      1
336  F43  119    21    6   1                                  [(F34, 201, 20)]      1
338  F43  148     1    6   5    [(F03, 117, 1), (F05, 156, 2), (F16, 163, 22)]      5
392  F49  118    19    9   5   [(F33, 57, 18), (F49, 113, 19), (F49, 114, 19)]      1
402  F51   66     1    7   9     [(F06, 77, 22), (F35, 158, 0), (F38, 49, 21)]      6
403  F51   66    22    6  80  [(F01, 124, 21), (F01, 124, 22), (F01, 124, 23)]     73
407  F51  159     0    7  17     [(F03, 124, 2), (F03, 159, 0), (F05, 132, 1)]     17

C. mean |2nd diff| in_temp: fractional long runs 0.689 | F13/F47 days (real 0.1 res) 1.180 | integer days 1.405

D. unlabelled rows in integer farms: 4941, of which fractional in_temp 20.5%
   labelled fractional rows 5119: sub_temp fractional 0.53%
   per-farm corr(frac share, unlabelled share) 0.16
         fr    unl
farm              
F01   0.073  0.065
F49   0.069  0.059
F19   0.054  0.044
F46   0.049  0.047
F33   0.035  0.019
F09   0.029  0.002
F45   0.028  0.048
F35   0.024  0.000
