farms 48 rows 294875 fractional in_temp rows 6133 (2.09%)

1. decimal digits: {1: 6133}
   fractional part top 12: {0.5: 759, 0.8: 706, 0.2: 704, 0.3: 693, 0.6: 682, 0.4: 677, 0.7: 670, 0.1: 622, 0.9: 620}

2. runs: 1381  length distribution: {1: 346, 2: 205, 3: 162, 4: 160, 5: 94, 6: 84, 7: 63, 8: 77, 9: 54, 10: 55, 11: 24, 12: 31, 13: 5, 14: 2, 15: 3}
   runs at a time gap / missing neighbour (left gap 6, right gap 4, left neighbour NaN 6)

3. linear-interpolation test on 1372 runs with both integer neighbours:
   max |value - straight line| <= 0.051 : 26.7%
   max |value - straight line| <= 0.110 : 28.3%
   max |value - straight line| <= 0.500 : 36.5%
   by run length (share matching <= 0.051): {1: '30% (n=342)', 2: '25% (n=203)', 3: '24% (n=161)', 4: '30% (n=160)', 5: '11% (n=94)', 6: '20% (n=83)', 7: '21% (n=62)', 8: '27% (n=77)', 9: '22% (n=54)', 10: '49% (n=55)'}

4. in_hum missing on frac rows 0.0% vs others 0.3%; fractional 0.00% vs 0.00%

4. in_co2 missing on frac rows 0.1% vs others 0.2%; fractional 0.00% vs 0.00%

4. in_rad missing on frac rows 0.0% vs others 0.0%; fractional 0.00% vs 0.00%
   share of rows with 2nd difference 0:  in_hum frac 20.5% vs others 21.8% | in_co2 frac 8.7% vs others 4.0%

5. sub_temp missing on frac rows 16.5% vs others 1.4%; sub_temp fractional 0.44% vs 0.11%
   |sub_temp - in_temp| frac rows 3.67 vs others 4.02

6. hour share of frac rows: {0: 4.6, 1: 3.9, 2: 4.2, 3: 4.0, 4: 3.8, 5: 4.2, 6: 4.2, 7: 4.1, 8: 4.1, 9: 4.0, 10: 3.9, 11: 4.0, 12: 4.3, 13: 4.3, 14: 4.3, 15: 4.2, 16: 4.1, 17: 4.2, 18: 4.1, 19: 4.3, 20: 4.3, 21: 4.4, 22: 4.3, 23: 4.3}
   farm-days with any frac row: 1101 of 12299; frac rows on days with >=6 frac rows: 72.6%
   per-farm-day frac count distribution: {1: 174, 2: 133, 3: 127, 4: 106, 5: 87, 6: 102, 7: 67, 8: 88, 9: 63, 10: 60, 11: 26, 12: 23, 13: 1, 14: 2, 15: 1, 16: 1, 17: 1, 19: 2, 20: 5, 21: 5, 22: 16, 23: 9, 24: 2}

examples (3 longest runs with both neighbours):
F46 day 43 hour 6 len 53 maxdev 11.267
   in_temp [14.5, 15.0, 16.7, 19.8, 22.5, 24.7, 26.6, 27.6, 27.8, 27.8, 27.7, 27.1, 26.7, 25.2, 23.6, 21.2, 19.5, 18.7, 17.9, 17.4, 16.7, 16.1, 15.4, 14.9, 14.4, 14.8, 16.4, 19.5, 21.9, 24.3, 26.4, 27.1, 27.6, 27.3, 26.8, 26.2, 25.8, 24.5, 22.8, 20.6, 19.2, 18.3, 17.8, 17.4, 16.5, 16.1, 15.4, 14.9, 14.6, 14.7, 16.4, 19.3, 21.9, 24.3, 26.1, 27.0, 28.7]
   in_hum  [69.0, 69.0, 67.0, 61.0, 55.0, 51.0, 49.0, 47.0, 46.0, 46.0, 44.0, 46.0, 46.0, 49.0, 51.0, 55.0, 58.0, 62.0, 64.0, 65.0, 66.0, 68.0, 68.0, 69.0, 70.0, 69.0, 67.0, 62.0, 55.0, 50.0, 47.0, 45.0, 43.0, 43.0, 41.0, 43.0, 44.0, 47.0, 50.0, 54.0, 58.0, 62.0, 64.0, 66.0, 70.0, 69.0, 70.0, 71.0, 70.0, 71.0, 68.0, 62.0, 56.0, 51.0, 49.0, 48.0, 39.0]
   in_co2  [380.0, 377.0, 363.0, 330.0, 320.0, 322.0, 326.0, 327.0, 327.0, 324.0, 318.0, 319.0, 312.0, 310.0, 303.0, 306.0, 318.0, 332.0, 345.0, 361.0, 368.0, 371.0, 375.0, 377.0, 378.0, 374.0, 362.0, 335.0, 324.0, 324.0, 329.0, 327.0, 327.0, 321.0, 317.0, 313.0, 312.0, 309.0, 301.0, 307.0, 317.0, 330.0, 345.0, 361.0, 370.0, 374.0, 378.0, 385.0, 388.0, 386.0, 366.0, 336.0, 323.0, 322.0, 322.0, 322.0, 346.0]
   sub_temp [nan, nan, nan, nan, nan, nan, nan, nan, nan, nan, nan, nan, nan, nan, nan, nan, nan, nan, nan, nan, nan, nan, nan, nan, nan, nan, nan, nan, nan, nan, nan, nan, nan, nan, nan, nan, nan, nan, nan, nan, nan, nan, nan, nan, nan, nan, nan, nan, nan, nan, nan, nan, nan, nan, nan, nan, nan]
F46 day 46 hour 20 len 50 maxdev 8.812
   in_temp [23.2, 21.0, 19.4, 18.3, 17.6, 16.9, 16.6, 15.8, 15.2, 15.1, 14.7, 15.2, 16.8, 19.5, 22.4, 24.3, 26.4, 27.3, 27.3, 27.4, 26.9, 26.4, 25.8, 24.7, 23.2, 21.2, 19.8, 18.4, 18.5, 18.5, 16.6, 16.9, 16.7, 15.3, 15.1, 15.4, 17.1, 19.6, 22.1, 24.4, 26.2, 27.1, 27.4, 27.3, 26.9, 26.4, 25.8, 24.6, 22.7, 20.8, 19.3, 18.7, 18.0, 17.7]
   in_hum  [52.0, 55.0, 60.0, 63.0, 64.0, 67.0, 67.0, 68.0, 68.0, 69.0, 69.0, 68.0, 66.0, 61.0, 54.0, 51.0, 48.0, 46.0, 45.0, 44.0, 45.0, 45.0, 46.0, 48.0, 51.0, 54.0, 59.0, 63.0, 65.0, 67.0, 68.0, 68.0, 69.0, 70.0, 69.0, 69.0, 67.0, 61.0, 55.0, 51.0, 48.0, 46.0, 46.0, 45.0, 45.0, 46.0, 48.0, 50.0, 53.0, 57.0, 61.0, 63.0, 65.0, 66.0]
   in_co2  [305.0, 311.0, 322.0, 335.0, 353.0, 372.0, 381.0, 386.0, 391.0, 394.0, 396.0, 391.0, 369.0, 340.0, 330.0, 323.0, 328.0, 326.0, 324.0, 321.0, 315.0, 317.0, 313.0, 306.0, 304.0, 307.0, 316.0, 346.0, 376.0, 391.0, 417.0, 421.0, 405.0, 399.0, 400.0, 395.0, 374.0, 342.0, 328.0, 325.0, 326.0, 326.0, 323.0, 318.0, 314.0, 315.0, 308.0, 305.0, 301.0, 309.0, 318.0, 333.0, 352.0, 367.0]
   sub_temp [nan, nan, nan, nan, nan, nan, nan, nan, nan, nan, nan, nan, nan, nan, nan, nan, nan, nan, nan, nan, nan, nan, nan, nan, nan, nan, nan, nan, nan, nan, nan, nan, nan, nan, nan, nan, nan, nan, nan, nan, nan, nan, nan, nan, nan, nan, nan, nan, nan, nan, nan, nan, nan, nan]
F01 day 83 hour 7 len 40 maxdev 7.200
   in_temp [21.4, 22.0, 23.4, 25.8, 27.4, 28.3, 29.1, 29.2, 28.7, 27.8, 27.5, 26.9, 25.9, 24.6, 23.4, 22.5, 22.2, 22.1, 21.8, 21.5, 21.3, 21.2, 21.2, 21.1, 21.3, 21.7, 23.4, 25.5, 27.3, 28.3, 29.2, 29.1, 28.8, 28.1, 27.7, 27.2, 26.2, 24.9, 23.7, 22.9, 22.4, 22.2, 22.0, 21.6]
   in_hum  [94.0, 93.0, 90.0, 83.0, 77.0, 73.0, 72.0, 70.0, 72.0, 73.0, 74.0, 77.0, 80.0, 84.0, 88.0, 90.0, 92.0, 92.0, 93.0, 93.0, 93.0, 93.0, 93.0, 93.0, 93.0, 93.0, 89.0, 82.0, 76.0, 73.0, 70.0, 69.0, 70.0, 71.0, 72.0, 75.0, 78.0, 83.0, 87.0, 90.0, 91.0, 91.0, 92.0, 93.0]
   in_co2  [526.0, 506.0, 476.0, 447.0, 433.0, 426.0, 422.0, 416.0, 413.0, 413.0, 413.0, 415.0, 421.0, 435.0, 460.0, 482.0, 499.0, 505.0, 515.0, 520.0, 522.0, 523.0, 528.0, 526.0, 521.0, 505.0, 474.0, 449.0, 431.0, 425.0, 416.0, 411.0, 408.0, 409.0, 410.0, 411.0, 419.0, 433.0, 459.0, 481.0, 494.0, 499.0, 507.0, 513.0]
   sub_temp [nan, nan, nan, nan, nan, nan, nan, nan, nan, nan, nan, nan, nan, nan, nan, nan, nan, nan, nan, nan, nan, nan, nan, nan, nan, nan, nan, nan, nan, nan, nan, nan, nan, nan, nan, nan, nan, nan, nan, nan, nan, nan, nan, nan]
