pass-2 cal: exact twin / carried {'F13': [42, 17], 'F47': [38, 19]}
pass-2 cal_c vs deep cal: exact 0.12, |diff|<=1 0.33; pass-1 Spearman 0.982
causal links 454; both labelled 321; label corr along link 0.559, mean |diff| 0.170
links cc: 454, same CH1 chain 0.66, pass-2 records linked to a pass-1 record 0.52
links cr: 447, same CH1 chain 0.70, pass-2 records linked to a pass-1 record 0.60
link keeps the same µ¿ (st_dong_assign): 0.69
anchor availability: cc_prev 335/360 (pass-2 41/46)  cc_prev2 335/360 (pass-2 41/46)  cr_prev 323/360 (pass-2 38/46)  ch_prev 285/360 (pass-2 43/46)  ch_lin 342/360 (pass-2 43/46)
CC first anchor steps back (pass 2): {1.0: 23, 2.0: 11, 3.0: 6, 4.0: 1}

day-level RMSE
segment           n        pm   cc_prev  cc_prev2   cr_prev   ch_prev    ch_lin b_cc_prev b_cc_prev2 b_cr_prev b_ch_prev  b_ch_lin
all             360    0.1724    0.3743    0.2954    0.3120    0.2541    0.2388    0.2372    0.2128    0.2105    0.1807    0.1676
pass-2           46    0.2570    0.3521    0.3270    0.3150    0.3027    0.3025    0.2612    0.2757    0.2608    0.1979    0.1977
pass-2 normal    41    0.1390    0.3007    0.1930    0.2228    0.1796    0.1793    0.1764    0.1402    0.1436    0.1174    0.1169
pass-2 high       5    0.6702    0.6319    0.8237    0.7111    0.7606    0.7606    0.6100    0.7334    0.6759    0.4973    0.4973
pass-1          314    0.1562    0.3775    0.2904    0.3116    0.2462    0.2279    0.2335    0.2019    0.2020    0.1781    0.1627
pass-1 normal   288    0.1028    0.3013    0.2208    0.2456    0.1532    0.1751    0.1692    0.1358    0.1449    0.1058    0.1122

row-level RMSE (R3S hourly shape + blended level)
  all            R3S 0.1881  cc_prev 0.2489  cc_prev2 0.2257  cr_prev 0.2235  ch_prev 0.1958  ch_lin 0.1837
  pass-2         R3S 0.2680  cc_prev 0.2719  cc_prev2 0.2859  cr_prev 0.2716  ch_prev 0.2119  ch_lin 0.2117
  pass-2 normal  R3S 0.1452  cc_prev 0.1813  cc_prev2 0.1463  cr_prev 0.1496  ch_prev 0.1246  ch_lin 0.1242

pass-2 P(worse) (cluster bootstrap): cc_prev 0.5474  cc_prev2 0.7231  cr_prev 0.5601  ch_prev 0.0819  ch_lin 0.0812

LB2 clue (calendar causal chain, previous labels): False
