   F13 anchors 13 of 21 pass-2 training days
   F47 anchors 10 of 17 pass-2 training days
DIAG10/0 done
   F13 anchors 12 of 17 pass-2 training days
   F47 anchors 11 of 15 pass-2 training days
DIAG10/7 done
   F13 anchors 12 of 16 pass-2 training days
   F47 anchors 7 of 12 pass-2 training days
DIAG10/9 done
   F13 anchors 13 of 18 pass-2 training days
   F47 anchors 12 of 17 pass-2 training days
P2LOO/11 done
   F13 anchors 13 of 18 pass-2 training days
   F47 anchors 12 of 17 pass-2 training days
P2LOO/12 done
   F13 anchors 14 of 19 pass-2 training days
   F47 anchors 12 of 17 pass-2 training days
P2LOO/14 done
   F13 anchors 15 of 20 pass-2 training days
   F47 anchors 12 of 17 pass-2 training days
P2LOO/15 done
   F13 anchors 14 of 19 pass-2 training days
   F47 anchors 12 of 17 pass-2 training days
P2LOO/18 done
   F13 anchors 13 of 18 pass-2 training days
   F47 anchors 12 of 17 pass-2 training days
P2LOO/21 done
   F13 anchors 14 of 19 pass-2 training days
   F47 anchors 12 of 17 pass-2 training days
P2LOO/22 done
   F13 anchors 15 of 20 pass-2 training days
   F47 anchors 12 of 17 pass-2 training days
P2LOO/23 done
   F13 anchors 16 of 20 pass-2 training days
   F47 anchors 12 of 17 pass-2 training days
P2LOO/24 done
   F13 anchors 13 of 18 pass-2 training days
   F47 anchors 12 of 17 pass-2 training days
P2LOO/30 done
   F13 anchors 14 of 18 pass-2 training days
   F47 anchors 12 of 17 pass-2 training days
P2LOO/31 done
   F13 anchors 14 of 18 pass-2 training days
   F47 anchors 12 of 17 pass-2 training days
P2LOO/32 done
   F13 anchors 16 of 21 pass-2 training days
   F47 anchors 11 of 16 pass-2 training days
P2LOO/36 done
   F13 anchors 16 of 21 pass-2 training days
   F47 anchors 9 of 14 pass-2 training days
P2LOO/38 done
   F13 anchors 16 of 21 pass-2 training days
   F47 anchors 11 of 16 pass-2 training days
P2LOO/43 done
   F13 anchors 16 of 21 pass-2 training days
   F47 anchors 12 of 16 pass-2 training days
P2LOO/45 done
   F13 anchors 16 of 21 pass-2 training days
   F47 anchors 12 of 15 pass-2 training days
P2LOO/48 done
   F13 anchors 16 of 21 pass-2 training days
   F47 anchors 9 of 14 pass-2 training days
P2LOO/52 done
   F13 anchors 16 of 21 pass-2 training days
   F47 anchors 9 of 14 pass-2 training days
P2LOO/54 done
   F13 anchors 14 of 15 pass-2 training days
   F47 anchors 12 of 17 pass-2 training days
EL1/59 done
   F13 anchors 12 of 16 pass-2 training days
   F47 anchors 12 of 17 pass-2 training days
EL1/60 done
   F13 anchors 16 of 21 pass-2 training days
   F47 anchors 12 of 13 pass-2 training days
EL1/63 done
   F13 anchors 16 of 21 pass-2 training days
   F47 anchors 8 of 10 pass-2 training days
EL1/64 done

PFN share 0.2: CUR -> LH1
  TM     s47 0.2129->0.2079 (-2.4%)  s1414 0.2104->0.2100 (-0.2%)  s6464 0.2104->0.2069 (-1.7%) | normal 0.1097->0.1012 high 0.6809->0.6851
  P2LOO  s47 0.2094->0.2174 (+3.8%)  s1414 0.2097->0.2155 (+2.8%)  s6464 0.2114->0.2157 (+2.1%) | normal 0.1445->0.1469 high 0.4844->0.5024
  EL1    s47 0.3089->0.2965 (-4.0%)  s1414 0.3070->0.2964 (-3.5%)  s6464 0.3079->0.2935 (-4.7%) | normal 0.1721->0.1601 high 0.7508->0.7287

PFN share 0.4: CUR -> LH1
  TM     s47 0.2032->0.1989 (-2.1%)  s1414 0.2013->0.2006 (-0.3%)  s6464 0.2012->0.1984 (-1.4%) | normal 0.1085->0.1021 high 0.6431->0.6455
  P2LOO  s47 0.1982->0.2040 (+2.9%)  s1414 0.1983->0.2025 (+2.1%)  s6464 0.1996->0.2025 (+1.5%) | normal 0.1464->0.1486 high 0.4327->0.4446
  EL1    s47 0.3019->0.2920 (-3.3%)  s1414 0.3003->0.2920 (-2.8%)  s6464 0.3010->0.2895 (-3.8%) | normal 0.1791->0.1694 high 0.7156->0.6988

TM seed-mean (PFN .2) 0.2112 -> 0.2082  P(worse) 0.2326
LH1 decision: KEEP BASE (all better False, P 0.2326)
