   F13 anchors 14 of 21 pass-2 training days
   F47 anchors 11 of 17 pass-2 training days
DIAG10/1 done
   F13 anchors 13 of 21 pass-2 training days
   F47 anchors 10 of 17 pass-2 training days
DIAG10/2 done
   F13 anchors 11 of 16 pass-2 training days
   F47 anchors 6 of 11 pass-2 training days
DIAG10/6 done
   F13 anchors 13 of 18 pass-2 training days
   F47 anchors 12 of 17 pass-2 training days
P2LOO/13 done
   F13 anchors 14 of 19 pass-2 training days
   F47 anchors 12 of 17 pass-2 training days
P2LOO/16 done
   F13 anchors 13 of 18 pass-2 training days
   F47 anchors 12 of 17 pass-2 training days
P2LOO/17 done
   F13 anchors 16 of 20 pass-2 training days
   F47 anchors 12 of 17 pass-2 training days
P2LOO/25 done
   F13 anchors 16 of 19 pass-2 training days
   F47 anchors 12 of 17 pass-2 training days
P2LOO/26 done
   F13 anchors 16 of 18 pass-2 training days
   F47 anchors 12 of 17 pass-2 training days
P2LOO/27 done
   F13 anchors 16 of 19 pass-2 training days
   F47 anchors 12 of 17 pass-2 training days
P2LOO/28 done
   F13 anchors 14 of 19 pass-2 training days
   F47 anchors 12 of 17 pass-2 training days
P2LOO/29 done
   F13 anchors 15 of 19 pass-2 training days
   F47 anchors 12 of 17 pass-2 training days
P2LOO/33 done
   F13 anchors 16 of 21 pass-2 training days
   F47 anchors 10 of 15 pass-2 training days
P2LOO/37 done
   F13 anchors 16 of 21 pass-2 training days
   F47 anchors 9 of 14 pass-2 training days
P2LOO/39 done
   F13 anchors 16 of 21 pass-2 training days
   F47 anchors 9 of 14 pass-2 training days
P2LOO/40 done
   F13 anchors 16 of 21 pass-2 training days
   F47 anchors 12 of 17 pass-2 training days
P2LOO/44 done
   F13 anchors 16 of 21 pass-2 training days
   F47 anchors 12 of 15 pass-2 training days
P2LOO/46 done
   F13 anchors 16 of 21 pass-2 training days
   F47 anchors 12 of 15 pass-2 training days
P2LOO/47 done
   F13 anchors 16 of 21 pass-2 training days
   F47 anchors 12 of 14 pass-2 training days
P2LOO/49 done
   F13 anchors 16 of 21 pass-2 training days
   F47 anchors 12 of 15 pass-2 training days
P2LOO/50 done
   F13 anchors 16 of 21 pass-2 training days
   F47 anchors 10 of 15 pass-2 training days
P2LOO/51 done
   F13 anchors 16 of 21 pass-2 training days
   F47 anchors 10 of 15 pass-2 training days
P2LOO/55 done
   F13 anchors 11 of 16 pass-2 training days
   F47 anchors 12 of 17 pass-2 training days
EL1/57 done
   F13 anchors 12 of 16 pass-2 training days
   F47 anchors 12 of 17 pass-2 training days
EL1/58 done
   F13 anchors 16 of 21 pass-2 training days
   F47 anchors 8 of 13 pass-2 training days
EL1/61 done
   F13 anchors 16 of 21 pass-2 training days
   F47 anchors 7 of 12 pass-2 training days
EL1/62 done

PFN share 0.2: CUR -> LH1
  TM     s47 0.2129->0.2079 (-2.4%)  s1414 0.2104->0.2100 (-0.2%)  s6464 0.2104->0.2069 (-1.7%) | normal 0.1097->0.1012 high 0.6809->0.6851
  P2LOO  s47 0.2094->0.2174 (+3.8%)  s1414 0.2097->0.2155 (+2.8%)  s6464 0.2114->0.2157 (+2.1%) | normal 0.1445->0.1469 high 0.4844->0.5024
  EL1    s47 0.2933->0.2816 (-4.0%)  s1414 0.2916->0.2815 (-3.4%)  s6464 0.2924->0.2789 (-4.6%) | normal 0.1647->0.1536 high 0.7508->0.7287

PFN share 0.4: CUR -> LH1
  TM     s47 0.2032->0.1989 (-2.1%)  s1414 0.2013->0.2006 (-0.3%)  s6464 0.2012->0.1984 (-1.4%) | normal 0.1085->0.1021 high 0.6431->0.6455
  P2LOO  s47 0.1982->0.2040 (+2.9%)  s1414 0.1983->0.2025 (+2.1%)  s6464 0.1996->0.2025 (+1.5%) | normal 0.1464->0.1486 high 0.4327->0.4446
  EL1    s47 0.2866->0.2773 (-3.3%)  s1414 0.2851->0.2773 (-2.7%)  s6464 0.2857->0.2750 (-3.8%) | normal 0.1708->0.1618 high 0.7156->0.6988

TM seed-mean (PFN .2) 0.2112 -> 0.2082  P(worse) 0.2326
LH1 decision: KEEP BASE (all better False, P 0.2326)
