   F13 anchors 12 of 21 pass-2 training days
   F47 anchors 10 of 17 pass-2 training days
DIAG10/3 done
   F13 anchors 11 of 16 pass-2 training days
   F47 anchors 9 of 16 pass-2 training days
DIAG10/4 done
   F13 anchors 14 of 19 pass-2 training days
   F47 anchors 10 of 15 pass-2 training days
DIAG10/5 done
   F13 anchors 14 of 17 pass-2 training days
   F47 anchors 11 of 12 pass-2 training days
DIAG10/8 done
   F13 anchors 14 of 19 pass-2 training days
   F47 anchors 12 of 17 pass-2 training days
P2LOO/10 done
   F13 anchors 14 of 19 pass-2 training days
   F47 anchors 12 of 17 pass-2 training days
P2LOO/19 done
   F13 anchors 13 of 18 pass-2 training days
   F47 anchors 12 of 17 pass-2 training days
P2LOO/20 done
   F13 anchors 16 of 21 pass-2 training days
   F47 anchors 11 of 16 pass-2 training days
P2LOO/34 done
   F13 anchors 16 of 21 pass-2 training days
   F47 anchors 11 of 16 pass-2 training days
P2LOO/35 done
   F13 anchors 16 of 21 pass-2 training days
   F47 anchors 10 of 15 pass-2 training days
P2LOO/41 done
   F13 anchors 16 of 21 pass-2 training days
   F47 anchors 11 of 16 pass-2 training days
P2LOO/42 done
   F13 anchors 16 of 21 pass-2 training days
   F47 anchors 9 of 14 pass-2 training days
P2LOO/53 done
   F13 anchors 11 of 16 pass-2 training days
   F47 anchors 12 of 17 pass-2 training days
EL1/56 done
   F13 anchors 16 of 21 pass-2 training days
   F47 anchors 9 of 14 pass-2 training days
EL1/65 done

PFN share 0.2: CUR -> LH1
  TM     s47 0.2129->0.2079 (-2.4%)  s1414 0.2104->0.2100 (-0.2%)  s6464 0.2104->0.2069 (-1.7%) | normal 0.1097->0.1012 high 0.6809->0.6851
  P2LOO  s47 0.2027->0.1995 (-1.6%)  s1414 0.2026->0.1967 (-2.9%)  s6464 0.2065->0.1977 (-4.3%) | normal 0.1643->0.1623 high 0.4097->0.3869
  EL1    s47 0.1033->0.0948 (-8.2%)  s1414 0.1047->0.0950 (-9.3%)  s6464 0.1062->0.0946 (-11.0%) | normal 0.1046->0.0947 high nan->nan

PFN share 0.4: CUR -> LH1
  TM     s47 0.2032->0.1989 (-2.1%)  s1414 0.2013->0.2006 (-0.3%)  s6464 0.2012->0.1984 (-1.4%) | normal 0.1085->0.1021 high 0.6431->0.6455
  P2LOO  s47 0.1989->0.1976 (-0.6%)  s1414 0.1986->0.1953 (-1.7%)  s6464 0.2013->0.1958 (-2.8%) | normal 0.1682->0.1675 high 0.3739->0.3591
  EL1    s47 0.1119->0.1048 (-6.4%)  s1414 0.1128->0.1048 (-7.1%)  s6464 0.1142->0.1044 (-8.6%) | normal 0.1129->0.1046 high nan->nan

TM seed-mean (PFN .2) 0.2112 -> 0.2082  P(worse) 0.2326
LH1 decision: KEEP BASE (all better True, P 0.2326)
