
[temp W40G] RMSE (n days) by segment x role
role               first      second      single
seg                                             
p1a(<60)      0.458 (33)  0.677 (33)  0.423 (28)
p1b(60-119)   0.567 (29)  0.506 (28)  0.814 (35)
p1c(120-178)  0.661 (30)  0.571 (31)  0.762 (39)
pass2          0.596 (7)   1.345 (7)  0.688 (31)
 day-level |bias| mean by seg x role:
role          first  second  single
seg                                
p1a(<60)      0.213   0.325   0.199
p1b(60-119)   0.248   0.202   0.310
p1c(120-178)  0.361   0.307   0.334
pass2         0.318   0.734   0.401

[EC R3S] RMSE (n days) by segment x role
role               first      second      single
seg                                             
p1a(<60)      0.065 (28)  0.047 (32)  0.064 (28)
p1b(60-119)   0.071 (27)  0.083 (28)  0.114 (33)
p1c(120-178)  0.154 (27)  0.273 (27)  0.342 (36)
pass2          0.196 (4)   0.488 (7)  0.206 (28)
 day-level |bias| mean by seg x role:
role          first  second  single
seg                                
p1a(<60)      0.050   0.035   0.046
p1b(60-119)   0.049   0.047   0.073
p1c(120-178)  0.107   0.183   0.166
pass2         0.127   0.359   0.118

F13 pass1 role sequence: ..[]..[][][][][][]....[][].[]...[][].[][][]......[]...[]...[].[][].[][][][][][][][]...[][][]..[][]......[].[][][].[][][][][].[][][][]....[]...[]...[]..[].[].[].[].[].[]...

F47 pass1 role sequence: ....[]..[].[][][][].[][]..[][][][].[][][].[][][][][][][][].[].[][]....[].[][]..[]...[]..[][][][][]...[]....[][].....[].[][][]..[][][].[][]..[].....[].[].....[].....[].[].[].
