DIAG10 R3S: all RMSE 0.1881 | normal days 329 RMSE 0.1127 (SSE share of all 33%)

1. normal-day SSE split
   day-level 92%  within-day 8%   (RMSE if day-level error 0: 0.0324, if within-day 0: 0.1080)
   true within-day SD 0.033, predicted within-day SD 0.026, corr(true dev, pred dev) 0.43
   between-day SD of true day mean 0.205, of day error 0.106

2. within-day error by hour (RMSE of within-day part, mean true deviation)
hour        0      1      2      3      4      5      6      7      8      9      10     11     12     13     14     15     16     17     18     19     20     21     22     23
rmse_in  0.041  0.043  0.032  0.031  0.030  0.031  0.031  0.028  0.029  0.026  0.032  0.023  0.025  0.026  0.027  0.036  0.044  0.047  0.039  0.033  0.027  0.025  0.025  0.028
ydev    -0.008 -0.011 -0.013 -0.015 -0.017 -0.018 -0.021 -0.025 -0.023 -0.018 -0.015 -0.006  0.003  0.010  0.017  0.025  0.031  0.031  0.027  0.020  0.014  0.009  0.004  0.001
pdev    -0.000 -0.003 -0.007 -0.008 -0.008 -0.010 -0.012 -0.016 -0.016 -0.013 -0.013 -0.008 -0.004  0.001  0.008  0.013  0.016  0.016  0.015  0.013  0.011  0.010  0.009  0.007

3. by ['farm', 'pass']
           days      y   bias  day_rmse  share%  per_day%  within%
farm pass                                                         
F13  p1     142  0.464  0.013     0.092  31.288     0.725    7.978
     p2      21  0.484 -0.014     0.145  11.225     1.759    5.893
F47  p1     146  0.377  0.030     0.112  48.048     1.083    8.380
     p2      20  0.429  0.030     0.132   9.439     1.553   11.134

3. by role
        days      y   bias  day_rmse  share%  per_day%  within%
role                                                           
first     99  0.416  0.023     0.093  22.023     0.732    7.111
second    92  0.457  0.015     0.110  28.676     1.025    7.871
single   138  0.409  0.021     0.117  49.300     1.175    8.949

3. by dong
      days      y   bias  day_rmse  share%  per_day%  within%
dong                                                         
A      165  0.402  0.021     0.093  37.652     0.751    8.486
B      164  0.446  0.019     0.121  62.348     1.251    8.084

3. by sealg
        days      y   bias  day_rmse  share%  per_day%  within%
sealg                                                          
open     293  0.405  0.009     0.088   60.71     0.682   11.103
sealed    36  0.582  0.109     0.210   39.29     3.591    3.804

3. by lev
       days      y   bias  day_rmse  share%  per_day%  within%
lev                                                           
<.3     109  0.216  0.030     0.059  10.119     0.305   10.984
.3-.5   122  0.399  0.026     0.107  35.431     0.955    6.569
.5-.7    54  0.592  0.015     0.145  27.998     1.706    3.197
.7-1     44  0.804 -0.016     0.146  26.452     1.978   14.748

3. by blk
     days      y   bias  day_rmse  share%  per_day%  within%
blk                                                         
0      42  0.270  0.001     0.068   4.913     0.385    4.647
30     56  0.270  0.001     0.043   3.106     0.182   20.219
60     56  0.363  0.002     0.040   2.479     0.146   15.593
90     54  0.462  0.016     0.110  18.026     1.098   13.900
120    38  0.608  0.077     0.157  23.570     2.041    5.087
150    44  0.606  0.049     0.156  27.346     2.045    5.809
180    16  0.350 -0.026     0.087   3.161     0.650    8.488
210    16  0.530  0.030     0.185  13.872     2.852    5.954
240     7  0.573  0.045     0.132   3.526     1.657   17.158

4. concentration
   top 10 days 43% of normal SSE, top 20% of days (65) 84%
farm  day   role dong pass     y   eday  sealed   sse
 F47  130 second    B   p1 0.491  0.573     1.0 8.034
 F47  161 single    B   p1 0.646  0.496     0.0 5.909
 F47  178 single    B   p1 0.306  0.479     0.0 5.567
 F13  132 single    A   p1 0.870  0.445     1.0 5.005
 F13  231  first    A   p2 0.621  0.381     1.0 3.499
 F13  233 single    B   p2 0.634  0.380     1.0 3.472
 F47  119 single    B   p1 0.922 -0.339     0.0 3.232
 F13  156 second    B   p1 0.751  0.349     0.0 2.986
 F47  216 second    B   p2 0.556  0.336     1.0 2.754
 F47  241 single    B   p2 0.652  0.287     0.0 2.251
 F13  159  first    A   p1 0.599  0.297     0.0 2.163
 F47  152 single    B   p1 0.443  0.287     0.0 2.029
 F13  160 second    B   p1 0.458  0.282     0.0 1.971
 F13  130  first    A   p1 0.773  0.276     1.0 1.886
 F13  214 second    B   p2 0.918 -0.261     1.0 1.855
