   F13 anchors 16 of 21 pass-2 training days
   F47 anchors 9 of 14 pass-2 training days
P2LOO/40 done
   F13 anchors 16 of 21 pass-2 training days
   F47 anchors 10 of 15 pass-2 training days
P2LOO/41 done
   F13 anchors 16 of 21 pass-2 training days
   F47 anchors 11 of 16 pass-2 training days
P2LOO/42 done
   F13 anchors 16 of 21 pass-2 training days
   F47 anchors 11 of 16 pass-2 training days
P2LOO/43 done
   F13 anchors 16 of 21 pass-2 training days
   F47 anchors 12 of 17 pass-2 training days
P2LOO/44 done
   F13 anchors 16 of 21 pass-2 training days
   F47 anchors 12 of 16 pass-2 training days
P2LOO/45 done
   F13 anchors 16 of 21 pass-2 training days
   F47 anchors 12 of 15 pass-2 training days
P2LOO/46 done
   F13 anchors 16 of 21 pass-2 training days
   F47 anchors 12 of 15 pass-2 training days
P2LOO/47 done
   F13 anchors 11 of 16 pass-2 training days
   F47 anchors 12 of 17 pass-2 training days
EL1/56 done
   F13 anchors 11 of 16 pass-2 training days
   F47 anchors 12 of 17 pass-2 training days
EL1/57 done
   F13 anchors 12 of 16 pass-2 training days
   F47 anchors 12 of 17 pass-2 training days
EL1/60 done
   F13 anchors 16 of 21 pass-2 training days
   F47 anchors 8 of 13 pass-2 training days
EL1/61 done
   F13 anchors 16 of 21 pass-2 training days
   F47 anchors 7 of 12 pass-2 training days
EL1/62 done
   F13 anchors 16 of 21 pass-2 training days
   F47 anchors 12 of 13 pass-2 training days
EL1/63 done
   F13 anchors 16 of 21 pass-2 training days
   F47 anchors 8 of 10 pass-2 training days
EL1/64 done
   F13 anchors 16 of 21 pass-2 training days
   F47 anchors 9 of 14 pass-2 training days
EL1/65 done

TabPFN alone (shrunk) RMSE: TM A 0.1859 B 0.2038 C 0.1893 D 0.2169 | P2LOO A 0.1554 B 0.2057 C 0.1702 D 0.1473 | EL1 A 0.2108 B 0.2345 C 0.2227 D 0.2293

B vs A (0.6 R3 + 0.4 PFN)
  TM     s47 0.2032->0.2055 (+1.2%)  s1414 0.2013->0.2035 (+1.1%)  s6464 0.2012->0.2034 (+1.1%) | normal 0.1085->0.1131 high 0.6431->0.6429
  P2LOO  s47 0.1531->0.1721 (+12.4%)  s1414 0.1522->0.1709 (+12.3%)  s6464 0.1533->0.1719 (+12.2%) | normal 0.1448->0.1638 high 0.2404->0.2589
  EL1    s47 0.2343->0.2454 (+4.8%)  s1414 0.2346->0.2460 (+4.9%)  s6464 0.2361->0.2472 (+4.7%) | normal 0.1282->0.1281 high 0.6939->0.7393
  TM P(worse) 0.8216 -> FAIL

C vs A (0.6 R3 + 0.4 PFN)
  TM     s47 0.2032->0.2053 (+1.0%)  s1414 0.2013->0.2033 (+1.0%)  s6464 0.2012->0.2032 (+1.0%) | normal 0.1085->0.1139 high 0.6431->0.6401
  P2LOO  s47 0.1531->0.1596 (+4.2%)  s1414 0.1522->0.1588 (+4.4%)  s6464 0.1533->0.1599 (+4.4%) | normal 0.1448->0.1522 high 0.2404->0.2408
  EL1    s47 0.2343->0.2382 (+1.7%)  s1414 0.2346->0.2385 (+1.7%)  s6464 0.2361->0.2402 (+1.7%) | normal 0.1282->0.1299 high 0.6939->0.7068
  TM P(worse) 0.7415 -> FAIL

D vs A (0.6 R3 + 0.4 PFN)
  TM     s47 0.2032->0.2128 (+4.7%)  s1414 0.2013->0.2110 (+4.8%)  s6464 0.2012->0.2110 (+4.9%) | normal 0.1085->0.1240 high 0.6431->0.6504
  P2LOO  s47 0.1531->0.1464 (-4.4%)  s1414 0.1522->0.1460 (-4.0%)  s6464 0.1533->0.1466 (-4.3%) | normal 0.1448->0.1368 high 0.2404->0.2459
  EL1    s47 0.2343->0.2351 (+0.4%)  s1414 0.2346->0.2352 (+0.3%)  s6464 0.2361->0.2369 (+0.3%) | normal 0.1282->0.1416 high 0.6939->0.6678
  TM P(worse) 0.9458 -> FAIL

PF1 decision: keep A
