   F13 anchors 14 of 17 pass-2 training days
   F47 anchors 11 of 12 pass-2 training days
DIAG10/8 done
   F13 anchors 12 of 16 pass-2 training days
   F47 anchors 7 of 12 pass-2 training days
DIAG10/9 done
   F13 anchors 14 of 19 pass-2 training days
   F47 anchors 12 of 17 pass-2 training days
P2LOO/18 done
   F13 anchors 14 of 19 pass-2 training days
   F47 anchors 12 of 17 pass-2 training days
P2LOO/19 done
   F13 anchors 16 of 19 pass-2 training days
   F47 anchors 12 of 17 pass-2 training days
P2LOO/28 done
   F13 anchors 14 of 19 pass-2 training days
   F47 anchors 12 of 17 pass-2 training days
P2LOO/29 done
   F13 anchors 13 of 18 pass-2 training days
   F47 anchors 12 of 17 pass-2 training days
P2LOO/30 done
   F13 anchors 14 of 18 pass-2 training days
   F47 anchors 12 of 17 pass-2 training days
P2LOO/31 done
   F13 anchors 14 of 18 pass-2 training days
   F47 anchors 12 of 17 pass-2 training days
P2LOO/32 done
   F13 anchors 15 of 19 pass-2 training days
   F47 anchors 12 of 17 pass-2 training days
P2LOO/33 done
   F13 anchors 16 of 21 pass-2 training days
   F47 anchors 11 of 16 pass-2 training days
P2LOO/34 done
   F13 anchors 16 of 21 pass-2 training days
   F47 anchors 11 of 16 pass-2 training days
P2LOO/35 done
   F13 anchors 16 of 21 pass-2 training days
   F47 anchors 11 of 16 pass-2 training days
P2LOO/36 done
   F13 anchors 16 of 21 pass-2 training days
   F47 anchors 10 of 15 pass-2 training days
P2LOO/37 done
   F13 anchors 16 of 21 pass-2 training days
   F47 anchors 9 of 14 pass-2 training days
P2LOO/40 done
   F13 anchors 16 of 21 pass-2 training days
   F47 anchors 10 of 15 pass-2 training days
P2LOO/41 done
   F13 anchors 16 of 21 pass-2 training days
   F47 anchors 11 of 16 pass-2 training days
P2LOO/42 done
   F13 anchors 16 of 21 pass-2 training days
   F47 anchors 11 of 16 pass-2 training days
P2LOO/43 done
   F13 anchors 16 of 21 pass-2 training days
   F47 anchors 12 of 17 pass-2 training days
P2LOO/44 done
   F13 anchors 16 of 21 pass-2 training days
   F47 anchors 12 of 16 pass-2 training days
P2LOO/45 done
   F13 anchors 16 of 21 pass-2 training days
   F47 anchors 12 of 15 pass-2 training days
P2LOO/46 done
   F13 anchors 16 of 21 pass-2 training days
   F47 anchors 12 of 15 pass-2 training days
P2LOO/47 done
   F13 anchors 11 of 16 pass-2 training days
   F47 anchors 12 of 17 pass-2 training days
EL1/56 done
   F13 anchors 11 of 16 pass-2 training days
   F47 anchors 12 of 17 pass-2 training days
EL1/57 done
   F13 anchors 12 of 16 pass-2 training days
   F47 anchors 12 of 17 pass-2 training days
EL1/60 done
   F13 anchors 16 of 21 pass-2 training days
   F47 anchors 8 of 13 pass-2 training days
EL1/61 done
   F13 anchors 16 of 21 pass-2 training days
   F47 anchors 7 of 12 pass-2 training days
EL1/62 done
   F13 anchors 16 of 21 pass-2 training days
   F47 anchors 12 of 13 pass-2 training days
EL1/63 done
   F13 anchors 16 of 21 pass-2 training days
   F47 anchors 8 of 10 pass-2 training days
EL1/64 done
   F13 anchors 16 of 21 pass-2 training days
   F47 anchors 9 of 14 pass-2 training days
EL1/65 done

TabPFN alone: TM A 0.1502 D 0.2016 E 0.2281 | P2LOO A 0.1373 D 0.1753 E 0.1639 | EL1 A 0.2108 D 0.2293 E 0.2215

E vs A (0.6 R3 + 0.4 PFN)
  TM     s47 0.1614->0.1857 (+15.1%)  s1414 0.1584->0.1830 (+15.5%)  s6464 0.1589->0.1833 (+15.4%) | normal 0.1300->0.1638 high 0.3404->0.3286
  P2LOO  s47 0.1532->0.1610 (+5.1%)  s1414 0.1542->0.1620 (+5.1%)  s6464 0.1543->0.1619 (+4.9%) | normal 0.1410->0.1504 high 0.2404->0.2399
  EL1    s47 0.2343->0.2342 (-0.0%)  s1414 0.2346->0.2344 (-0.0%)  s6464 0.2361->0.2358 (-0.1%) | normal 0.1282->0.1379 high 0.6939->0.6725
  TM P(worse) 0.9880
PF2 decision: KEEP A (all better False, P 0.9880)

E vs D (0.6 R3 + 0.4 PFN)
  TM     s47 0.1778->0.1857 (+4.4%)  s1414 0.1750->0.1830 (+4.5%)  s6464 0.1754->0.1833 (+4.5%) | normal 0.1541->0.1638 high 0.3280->0.3286
  P2LOO  s47 0.1652->0.1610 (-2.5%)  s1414 0.1662->0.1620 (-2.5%)  s6464 0.1661->0.1619 (-2.5%) | normal 0.1543->0.1504 high 0.2459->0.2399
  EL1    s47 0.2351->0.2342 (-0.4%)  s1414 0.2352->0.2344 (-0.3%)  s6464 0.2369->0.2358 (-0.4%) | normal 0.1416->0.1379 high 0.6678->0.6725
  TM P(worse) 0.9957
