
CALIBRATION over 360 days
 p_ge1:
               days  mean_prob  actual_rate
p_ge1                                      
(-0.01, 0.05]   280       0.00         0.00
(0.05, 0.2]      31       0.11         0.00
(0.2, 0.4]       18       0.28         0.50
(0.4, 0.6]        8       0.49         0.50
(0.6, 0.8]       13       0.71         0.62
(0.8, 1.0]       10       0.87         1.00
 p_ge15:
               days  mean_prob  actual_rate
p_ge15                                     
(-0.01, 0.05]   313       0.00         0.00
(0.05, 0.2]      22       0.10         0.14
(0.2, 0.4]       12       0.31         0.25
(0.4, 0.6]        7       0.49         0.43
(0.6, 0.8]        4       0.66         1.00
(0.8, 1.0]        2       0.86         1.00
q10-q90 interval coverage (nominal ~80%): 0.75 | high days: 0.77

HIGH-EC days by error group
              n  true  mean   q10   q90  p_ge1  p_ge15
grp                                                   
under >.5     6  2.05  1.23  0.68  1.80   0.64    0.31
under .2-.5  13  1.47  1.14  0.72  1.59   0.56    0.22
within .2    10  1.39  1.40  0.75  2.18   0.63    0.44
over          2  1.36  1.74  0.88  2.24   0.86    0.70
farm  day    y  mean  q10  q90  p_ge1  p_ge15
 F47  132 2.71  1.31 0.63 1.96   0.67    0.38
 F47  231 2.18  1.33 0.47 2.56   0.58    0.45
 F13  243 1.72  0.94 0.59 1.41   0.26    0.08
 F13  178 1.84  1.13 0.85 1.41   0.73    0.00
 F47  145 2.14  1.52 1.05 1.71   0.91    0.75
 F13  217 1.69  1.16 0.48 1.72   0.69    0.18
 F13  241 1.43  0.95 0.59 1.48   0.26    0.10
 F47  229 1.79  1.32 0.49 2.63   0.48    0.38
 F47  177 1.49  1.09 0.84 1.31   0.74    0.00
 F13  121 1.32  0.94 0.43 1.73   0.29    0.22
 F13  175 1.27  0.90 0.68 1.44   0.22    0.05
 F13  139 1.30  0.95 0.59 1.31   0.31    0.08
 F47  147 1.75  1.42 0.98 1.65   0.87    0.43
 F47  154 1.62  1.32 0.90 1.66   0.82    0.37
 F13  151 1.68  1.38 0.98 1.68   0.84    0.48
 F13  143 1.53  1.28 1.02 1.42   0.91    0.06
 F47  157 1.21  0.99 0.75 1.27   0.45    0.05
 F13  153 1.64  1.43 0.61 1.77   0.78    0.64
 F47  174 1.05  0.84 0.47 1.33   0.32    0.00
 F47  138 1.71  1.60 0.76 2.31   0.72    0.60
 F13  146 1.50  1.39 0.88 1.74   0.86    0.45
 F47  141 1.87  1.80 1.19 2.29   0.94    0.85
 F47  151 1.31  1.26 0.87 1.61   0.82    0.23
 F13  125 1.50  1.46 0.79 2.59   0.70    0.36
 F13  177 1.01  0.98 0.56 1.67   0.33    0.23
 F47  139 1.68  1.71 0.88 2.45   0.74    0.65
 F13  120 1.25  1.31 0.49 2.66   0.38    0.34
 F13  118 1.10  1.22 0.52 2.66   0.32    0.28
 F13  135 1.01  1.21 0.60 1.84   0.53    0.38
 F47  136 1.65  1.97 1.00 2.31   0.90    0.86
 F13  137 1.08  1.51 0.77 2.17   0.83    0.54
