   F13 anchors 11 of 16 pass-2 training days
   F47 anchors 9 of 16 pass-2 training days
DIAG10/4 done
   F13 anchors 14 of 19 pass-2 training days
   F47 anchors 10 of 15 pass-2 training days
DIAG10/5 done
   F13 anchors 11 of 16 pass-2 training days
   F47 anchors 6 of 11 pass-2 training days
DIAG10/6 done
   F13 anchors 12 of 17 pass-2 training days
   F47 anchors 11 of 15 pass-2 training days
DIAG10/7 done
   F13 anchors 14 of 17 pass-2 training days
   F47 anchors 11 of 12 pass-2 training days
DIAG10/8 done
   F13 anchors 12 of 16 pass-2 training days
   F47 anchors 7 of 12 pass-2 training days
DIAG10/9 done
   F13 anchors 11 of 16 pass-2 training days
   F47 anchors 12 of 17 pass-2 training days
EL1/10 done
   F13 anchors 11 of 16 pass-2 training days
   F47 anchors 12 of 17 pass-2 training days
EL1/11 done
   F13 anchors 12 of 16 pass-2 training days
   F47 anchors 12 of 17 pass-2 training days
EL1/12 done
   F13 anchors 14 of 15 pass-2 training days
   F47 anchors 12 of 17 pass-2 training days
EL1/13 done
   F13 anchors 12 of 16 pass-2 training days
   F47 anchors 12 of 17 pass-2 training days
EL1/14 done
   F13 anchors 16 of 21 pass-2 training days
   F47 anchors 8 of 13 pass-2 training days
EL1/15 done
   F13 anchors 16 of 21 pass-2 training days
   F47 anchors 7 of 12 pass-2 training days
EL1/16 done
   F13 anchors 16 of 21 pass-2 training days
   F47 anchors 12 of 13 pass-2 training days
EL1/17 done
   F13 anchors 16 of 21 pass-2 training days
   F47 anchors 8 of 10 pass-2 training days
EL1/18 done
   F13 anchors 16 of 21 pass-2 training days
   F47 anchors 9 of 14 pass-2 training days
EL1/19 done

DIAG10 pass-2 (46 days)
  all    PFN alone RND 0.2323 RET 0.3149 | blend R3S 0.2680 RND 0.2565 RET 0.2636 (+2.8% vs RND)
  normal PFN alone RND 0.1797 RET 0.2641 | blend R3S 0.1452 RND 0.1478 RET 0.1526 (+3.3% vs RND)
  high   PFN alone RND 0.4816 RET 0.5830 | blend R3S 0.6984 RND 0.6528 RET 0.6697 (+2.6% vs RND)
  DIAG10 P(worse) 0.9783

EL1 pass-2 (46 days)
  all    PFN alone RND 0.2946 RET 0.3341 | blend R3S 0.3079 RND 0.3030 RET 0.2995 (-1.2% vs RND)
  normal PFN alone RND 0.2035 RET 0.2543 | blend R3S 0.1583 RND 0.1646 RET 0.1671 (+1.5% vs RND)
  high   PFN alone RND 0.6776 RET 0.7049 | blend R3S 0.8164 RND 0.7890 RET 0.7722 (-2.1% vs RND)

RC0 clue: False
