1. last-digit share (%) train | test
   in_temp  train 10.5 10.7 10.8  9.8  9.6  9.6  9.5  9.7  9.6 10.2
   in_temp  test  10.3  9.3 12.7  9.9 10.6  7.4  9.0 10.2 10.1 10.6
   out_temp train  9.7 10.5  9.7  9.8  9.4 10.6 10.1  9.7 10.4 10.2
   out_temp test   9.4 13.1 10.4  9.9  8.2 10.6  9.8  8.1 11.2  9.2
   out_wspd train  9.1  8.0  9.7  9.3 11.3 11.4 10.9 10.7 10.2  9.3
   out_wspd test   9.6  8.6 10.5  6.8 10.2 12.1 10.6 11.6  9.4 10.6
   sub_temp train  9.3 10.1 10.3  9.6 10.7  9.5 10.3  9.3 10.0 10.9
   sub_ec   train  9.7  9.8 10.0 10.0 10.1 10.0 10.1 10.0 10.1 10.3

2. straight-line label stretches (rows in stretches of >= 6 / >= 8 h)
   F13/F47 sub_temp      71 rows >=6h,    16 rows >=8h  of 9600
   F13/F47 sub_ec      3237 rows >=6h,  1541 rows >=8h  of 9600
   48 farms sub_temp  283315 rows >=6h, 280783 rows >=8h  of 289900

3. 6-h roughness: share of TRAIN windows smoother than TEST percentile (same 6-h hour block)
   in_temp  blk0(00-05h) <q1 0.7% <q5 2.7% (test n=296) | blk1(06-11h) <q1 2.6% <q5 9.0% (test n=291) | blk2(12-17h) <q1 1.7% <q5 5.2% (test n=289) | blk3(18-23h) <q1 2.9% <q5 7.9% (test n=269)
   in_hum   blk0(00-05h) <q1 0.0% <q5 2.2% (test n=295) | blk1(06-11h) <q1 0.6% <q5 3.6% (test n=301) | blk2(12-17h) <q1 1.8% <q5 4.0% (test n=278) | blk3(18-23h) <q1 0.7% <q5 2.9% (test n=276)
   in_co2   blk0(00-05h) <q1 0.0% <q5 2.9% (test n=275) | blk1(06-11h) <q1 0.7% <q5 1.7% (test n=274) | blk2(12-17h) <q1 0.5% <q5 1.4% (test n=321) | blk3(18-23h) <q1 0.2% <q5 2.4% (test n=267)

4. rows inside TRAIN windows smoother than test 1st percentile
   in_temp  rows 606, days 95 (top {('F13', 183): 18, ('F47', 210): 14, ('F47', 10): 14, ('F13', 28): 13, ('F47', 179): 13}) | G_C2 RMSE 0.399 vs 0.680 | EC v2 RMSE 0.115 vs 0.219
   in_hum   rows 279, days 47 (top {('F13', 166): 13, ('F47', 6): 12, ('F13', 23): 11, ('F47', 165): 10, ('F13', 69): 9}) | G_C2 RMSE 0.473 vs 0.671 | EC v2 RMSE 0.152 vs 0.215
   in_co2   rows 140, days 24 (top {('F13', 36): 12, ('F47', 169): 8, ('F47', 24): 7, ('F47', 144): 7, ('F13', 245): 7}) | G_C2 RMSE 0.472 vs 0.668 | EC v2 RMSE 0.230 vs 0.214
