1. stretches >= 6 h: 427 (rows 3308 = 34.5%)
   constant 10, sloped 417; length quantiles [6.0, 7.0, 8.0, 14.0, 33.0]; crossing midnight 39
   |slope| per h of sloped stretches: median 0.0010, quantiles [0.0002, 0.001, 0.004]
   by farm rows: {'F47': 1796, 'F13': 1512}  late(>=179) share 11.8% (all rows 14.0%)
   hour share of straight rows: {0: 6.3, 1: 6.9, 2: 7.5, 3: 7.6, 4: 7.6, 5: 7.5, 6: 6.2, 7: 3.6, 8: 1.6, 9: 1.2, 10: 0.8, 11: 0.9, 12: 1.0, 13: 1.1, 14: 1.1, 15: 1.4, 16: 2.6, 17: 3.8, 18: 5.3, 19: 5.3, 20: 5.4, 21: 5.4, 22: 5.2, 23: 4.7}
   per-day coverage: days with 0% 108, 1-49% 149, 50-99% 140, 100% 3
   level of straight rows mean EC 0.345 vs others 0.617
2. straight-stretch rows  pooled within-day slope dlogEC/dT 0.0106  corr 0.359  (n=3308)
2. other rows             pooled within-day slope dlogEC/dT 0.0243  corr 0.509  (n=6292)
   days >=99% straight    n=3  median slope 0.0042  positive 100%
   days with no straight  n=108  median slope 0.0210  positive 93%
   corr(d2 EC, d2 sub_temp) straight 0.282 (n=3306)
   corr(d2 EC, d2 sub_temp) other    0.312 (n=6290)

3. control: shuffled real increments of non-straight days -> rows in >=6h straight runs 0.4%
4. EC v2 DIAG10 straight rows 2962 RMSE 0.118  level part 0.113  shape part 0.030
4. EC v2 DIAG10 other    rows 5678 RMSE 0.250  level part 0.232  shape part 0.093

5. examples (longest stretches)
  F13 day 52 hour 1 len 33 const False
    sub_ec   [0.497, 0.229, 0.235, 0.234, 0.233, 0.233, 0.232, 0.231, 0.231, 0.231, 0.231, 0.232, 0.233, 0.235, 0.237, 0.238, 0.238, 0.237, 0.237, 0.236, 0.235, 0.235, 0.234, 0.233, 0.232, 0.232, 0.231, 0.231, 0.231, 0.23, 0.23, 0.23, 0.23, 0.23, 0.23, 0.233, 0.235]
    sub_temp [20.23, 19.33, 19.7, 19.25, 18.86, 18.45, 18.05, 17.83, 17.9, 17.59, 18.18, 20.19, 22.3, 23.56, 24.51, 25.01, 25.36, 25.46, 25.39, 25.13, 24.36, 23.62, 23.14, 22.82, 22.55, 22.28, 22.01, 21.79, 21.6, 21.36, 21.07, 20.8, 20.76, 20.35, 20.76, 22.23, 23.2]
  F47 day 9 hour 8 len 23 const False
    sub_ec   [0.189, 0.178, 0.165, 0.165, 0.165, 0.165, 0.166, 0.167, 0.167, 0.168, 0.168, 0.169, 0.169, 0.168, 0.167, 0.166, 0.165, 0.164, 0.163, 0.161, 0.16, 0.16, 0.159, 0.158, 0.157, 0.148, 0.137]
    sub_temp [20.18, 20.11, 20.17, 20.38, 20.98, 22.21, 22.99, 23.88, 24.89, 25.44, 25.96, 26.04, 25.48, 24.69, 23.88, 23.09, 22.39, 21.72, 21.15, 20.72, 20.39, 20.13, 19.93, 19.74, 19.57, 19.51, 19.64]
  F47 day 25 hour 9 len 22 const False
    sub_ec   [0.23, 0.229, 0.226, 0.226, 0.227, 0.229, 0.23, 0.232, 0.234, 0.235, 0.236, 0.236, 0.236, 0.236, 0.236, 0.236, 0.235, 0.235, 0.235, 0.235, 0.235, 0.235, 0.235, 0.236, 0.243, 0.257]
    sub_temp [17.09, 17.21, 17.91, 19.1, 20.41, 21.36, 22.06, 22.58, 22.59, 22.36, 22.04, 21.64, 21.2, 20.79, 20.48, 20.24, 20.04, 20.4, 20.14, 19.87, 19.63, 19.42, 19.24, 19.1, 19.0, 19.03]
  F13 day 58 hour 14 len 19 const False
    sub_ec   [0.261, 0.26, 0.263, 0.264, 0.265, 0.265, 0.265, 0.265, 0.264, 0.263, 0.263, 0.262, 0.261, 0.26, 0.26, 0.259, 0.258, 0.258, 0.257, 0.257, 0.258, 0.257, 0.257]
    sub_temp [23.4, 24.43, 25.06, 25.37, 25.32, 25.33, 25.08, 24.21, 23.26, 22.38, 21.61, 20.93, 20.34, 19.79, 19.32, 18.88, 18.48, 18.13, 17.9, 18.05, 17.8, 18.1, 19.4]
