
====================================================================================================
S pool: 20 experts ['base', 'DB1', 'DC6', 'DC7', 'DI1', 'DP1', 'DP2', 'HM1', 'HM2', 'LG1', 'LR1', 'MW1', 'SB1', 'SE3', 'ST5', 'ST8', 'TF1', 'TS1', 'TS2', 'PAR1']
rows 28824

[A] rows 6336, days 264 (pass-2 4, high 43)
   seed 7 S1 picks (truth cell: most frequent): {'p1-normal': 'LR1', 'p1-high': 'HM1', 'p2-normal': 'ST5'}
   seed 7 S3 picks (gate cell : most frequent): {'p1-gate<.9': 'DP1', 'p1-gate>=.9': 'DC6', 'p2-gate<.9': 'ST5'}
C:\work\farmai\집\클로드\research\rt1_regime_routing_upper_bound_v1.py:139: RuntimeWarning: Mean of empty slice
  sg = np.nanmean(np.array(seg[k], float), 0)
   S0  RMSE 0.2209 0.2228 0.2223  mean 0.2220 (+0.0%) | p2-normal 0.0637 p2-high nan p1-normal 0.1369 p1-high 0.4555
   S1  RMSE 0.2157 0.2253 0.2172  mean 0.2194 (-1.2%) | p2-normal 0.0637 p2-high nan p1-normal 0.1328 p1-high 0.4540
   S2  RMSE 0.2092 0.2114 0.2099  mean 0.2102 (-5.3%) | p2-normal 0.0501 p2-high nan p1-normal 0.1290 p1-high 0.4324
   S3  RMSE 0.2122 0.2130 0.2138  mean 0.2130 (-4.1%) | p2-normal 0.0637 p2-high nan p1-normal 0.1329 p1-high 0.4347
   S4  RMSE 0.1644 0.1639 0.1654  mean 0.1645 (-25.9%) | p2-normal 0.0426 p2-high nan p1-normal 0.0892 p1-high 0.3548
   S3 captures 351% of S1 gain; S3 better than S0 in 3/3 seeds

[B] rows 6312, days 263 (pass-2 0, high 29)
   seed 7 S1 picks (truth cell: most frequent): {'p1-normal': 'DC6', 'p1-high': 'HM1'}
   seed 7 S3 picks (gate cell : most frequent): {'p1-gate<.9': 'TS1', 'p1-gate>=.9': 'DC6'}
C:\work\farmai\집\클로드\research\rt1_regime_routing_upper_bound_v1.py:139: RuntimeWarning: Mean of empty slice
  sg = np.nanmean(np.array(seg[k], float), 0)
   S0  RMSE 0.2036 0.2035 0.2034  mean 0.2035 (+0.0%) | p2-normal nan p2-high nan p1-normal 0.1392 p1-high 0.4682
   S1  RMSE 0.2086 0.2094 0.2092  mean 0.2091 (+2.8%) | p2-normal nan p2-high nan p1-normal 0.1432 p1-high 0.4805
   S2  RMSE 0.1927 0.1925 0.1917  mean 0.1923 (-5.5%) | p2-normal nan p2-high nan p1-normal 0.1344 p1-high 0.4355
   S3  RMSE 0.2120 0.2116 0.2161  mean 0.2132 (+4.8%) | p2-normal nan p2-high nan p1-normal 0.1452 p1-high 0.4920
   S4  RMSE 0.1516 0.1510 0.1501  mean 0.1509 (-25.8%) | p2-normal nan p2-high nan p1-normal 0.0855 p1-high 0.3842
   S3 captures nan% of S1 gain; S3 better than S0 in 0/3 seeds

[DIAG10] rows 8640, days 360 (pass-2 46, high 31)
   seed 7 S1 picks (truth cell: most frequent): {'p1-normal': 'DC6', 'p1-high': 'HM1', 'p2-normal': 'TS2', 'p2-high': 'HM1'}
   seed 7 S3 picks (gate cell : most frequent): {'p1-gate<.9': 'DP1', 'p1-gate>=.9': 'LR1', 'p2-gate<.9': 'TS2', 'p2-gate>=.9': 'HM1'}
   S0  RMSE 0.1877 0.1885 0.1885  mean 0.1883 (+0.0%) | p2-normal 0.1455 p2-high 0.6985 p1-normal 0.1075 p1-high 0.4852
   S1  RMSE 0.1923 0.1916 0.1941  mean 0.1927 (+2.3%) | p2-normal 0.1184 p2-high 0.6705 p1-normal 0.1153 p1-high 0.5082
   S2  RMSE 0.1743 0.1742 0.1741  mean 0.1742 (-7.5%) | p2-normal 0.1184 p2-high 0.5324 p1-normal 0.1035 p1-high 0.4741
   S3  RMSE 0.1884 0.1893 0.1893  mean 0.1890 (+0.4%) | p2-normal 0.1348 p2-high 0.6984 p1-normal 0.1038 p1-high 0.5025
   S4  RMSE 0.1389 0.1398 0.1391  mean 0.1393 (-26.0%) | p2-normal 0.0686 p2-high 0.4727 p1-normal 0.0675 p1-high 0.4094
   S3 captures nan% of S1 gain; S3 better than S0 in 0/3 seeds

[EL1] rows 1104, days 46 (pass-2 46, high 5)
   seed 7 S1 picks (truth cell: most frequent): {'p2-normal': 'TS2', 'p2-high': 'HM1'}
   seed 7 S3 picks (gate cell : most frequent): {'p2-gate<.9': 'DC7', 'p2-gate>=.9': 'DP1'}
C:\work\farmai\집\클로드\research\rt1_regime_routing_upper_bound_v1.py:139: RuntimeWarning: Mean of empty slice
  sg = np.nanmean(np.array(seg[k], float), 0)
   S0  RMSE 0.3051 0.3103 0.3087  mean 0.3080 (+0.0%) | p2-normal 0.1585 p2-high 0.8165 p1-normal nan p1-high nan
   S1  RMSE 0.3119 0.3372 0.3277  mean 0.3256 (+5.7%) | p2-normal 0.1872 p2-high 0.8279 p1-normal nan p1-high nan
   S2  RMSE 0.2669 0.2691 0.2696  mean 0.2686 (-12.8%) | p2-normal 0.1354 p2-high 0.7164 p1-normal nan p1-high nan
   S3  RMSE 0.3483 0.3508 0.3503  mean 0.3498 (+13.6%) | p2-normal 0.1865 p2-high 0.9167 p1-normal nan p1-high nan
   S4  RMSE 0.2015 0.2046 0.2048  mean 0.2036 (-33.9%) | p2-normal 0.0810 p2-high 0.5724 p1-normal nan p1-high nan
   S3 captures nan% of S1 gain; S3 better than S0 in 0/3 seeds

[EXT10] rows 1800, days 75 (pass-2 11, high 10)
   seed 7 S1 picks (truth cell: most frequent): {}
   seed 7 S3 picks (gate cell : most frequent): {}
   S0  RMSE 0.4084 0.4134 0.4115  mean 0.4111 (+0.0%) | p2-normal 0.1184 p2-high 1.1466 p1-normal 0.1242 p1-high 1.0514
   S1  RMSE 0.4084 0.4134 0.4115  mean 0.4111 (+0.0%) | p2-normal 0.1184 p2-high 1.1466 p1-normal 0.1242 p1-high 1.0514
   S2  RMSE 0.3472 0.3467 0.3470  mean 0.3469 (-15.6%) | p2-normal 0.1113 p2-high 0.9460 p1-normal 0.1215 p1-high 0.8785
   S3  RMSE 0.4084 0.4134 0.4115  mean 0.4111 (+0.0%) | p2-normal 0.1184 p2-high 1.1466 p1-normal 0.1242 p1-high 1.0514
   S4  RMSE 0.3296 0.3285 0.3287  mean 0.3289 (-20.0%) | p2-normal 0.0778 p2-high 0.8884 p1-normal 0.0807 p1-high 0.8724
   S3 captures nan% of S1 gain; S3 better than S0 in 0/3 seeds

[EXT12] rows 4632, days 193 (pass-2 26, high 18)
   seed 7 S1 picks (truth cell: most frequent): {}
   seed 7 S3 picks (gate cell : most frequent): {}
   S0  RMSE 0.4112 0.4095 0.4068  mean 0.4091 (+0.0%) | p2-normal 0.1888 p2-high 1.5459 p1-normal 0.2384 p1-high 1.0225
   S1  RMSE 0.4112 0.4095 0.4068  mean 0.4091 (+0.0%) | p2-normal 0.1888 p2-high 1.5459 p1-normal 0.2384 p1-high 1.0225
   S2  RMSE 0.3563 0.3585 0.3592  mean 0.3580 (-12.5%) | p2-normal 0.1544 p2-high 1.3424 p1-normal 0.2058 p1-high 0.9070
   S3  RMSE 0.4112 0.4095 0.4068  mean 0.4091 (+0.0%) | p2-normal 0.1888 p2-high 1.5459 p1-normal 0.2384 p1-high 1.0225
   S4  RMSE 0.3180 0.3202 0.3209  mean 0.3197 (-21.9%) | p2-normal 0.1091 p2-high 1.3354 p1-normal 0.1422 p1-high 0.8573
   S3 captures nan% of S1 gain; S3 better than S0 in 0/3 seeds

====================================================================================================
W pool: 15 experts ['base', 'pfn04', 'pfn06', 'pfn08', 'pfn10', 'r3only', 'LH1', 'noDP1', 'PF_B', 'PF_C', 'PF_D', 'PF_E', 'et', 'lgb', 'mlp']
rows 13512

[DIAG10] rows 8640, days 360 (pass-2 46, high 31)
   seed 47 S1 picks (truth cell: most frequent): {'p1-normal': 'PF_C', 'p1-high': 'pfn10', 'p2-normal': 'LH1', 'p2-high': 'pfn10'}
   seed 47 S3 picks (gate cell : most frequent): {'p1-gate<.9': 'PF_C', 'p1-gate>=.9': 'pfn10', 'p2-gate<.9': 'PF_E', 'p2-gate>=.9': 'pfn10'}
   S0  RMSE 0.1810 0.1796 0.1800  mean 0.1802 (+0.0%) | p2-normal 0.1493 p2-high 0.6211 p1-normal 0.1035 p1-high 0.4707
   S1  RMSE 0.1842 0.1798 0.1801  mean 0.1814 (+0.7%) | p2-normal 0.1612 p2-high 0.7443 p1-normal 0.1072 p1-high 0.4245
   S2  RMSE 0.1647 0.1641 0.1644  mean 0.1644 (-8.8%) | p2-normal 0.1340 p2-high 0.5054 p1-normal 0.1025 p1-high 0.4245
   S3  RMSE 0.1731 0.1750 0.1753  mean 0.1745 (-3.2%) | p2-normal 0.1457 p2-high 0.6746 p1-normal 0.1008 p1-high 0.4336
   S4  RMSE 0.1296 0.1297 0.1296  mean 0.1296 (-28.1%) | p2-normal 0.0884 p2-high 0.4021 p1-normal 0.0641 p1-high 0.3791
   S3 captures nan% of S1 gain; S3 better than S0 in 3/3 seeds

[EL1] rows 1104, days 46 (pass-2 46, high 5)
   seed 47 S1 picks (truth cell: most frequent): {'p2-normal': 'LH1', 'p2-high': 'pfn10'}
   seed 47 S3 picks (gate cell : most frequent): {'p2-gate<.9': 'PF_D', 'p2-gate>=.9': 'pfn10'}
C:\work\farmai\집\클로드\research\rt1_regime_routing_upper_bound_v1.py:139: RuntimeWarning: Mean of empty slice
  sg = np.nanmean(np.array(seg[k], float), 0)
   S0  RMSE 0.2933 0.2916 0.2924  mean 0.2924 (+0.0%) | p2-normal 0.1648 p2-high 0.7509 p1-normal nan p1-high nan
   S1  RMSE 0.2848 0.2819 0.2829  mean 0.2832 (-3.1%) | p2-normal 0.1701 p2-high 0.7074 p1-normal nan p1-high nan
   S2  RMSE 0.2570 0.2554 0.2543  mean 0.2555 (-12.6%) | p2-normal 0.1537 p2-high 0.6379 p1-normal nan p1-high nan
   S3  RMSE 0.2997 0.2926 0.2939  mean 0.2954 (+1.0%) | p2-normal 0.1871 p2-high 0.7179 p1-normal nan p1-high nan
   S4  RMSE 0.2143 0.2070 0.2082  mean 0.2098 (-28.2%) | p2-normal 0.1009 p2-high 0.5664 p1-normal nan p1-high nan
   S3 captures -33% of S1 gain; S3 better than S0 in 0/3 seeds

[P2LOO] rows 1104, days 46 (pass-2 46, high 5)
   seed 47 S1 picks (truth cell: most frequent): {'p2-normal': 'noDP1', 'p2-high': 'pfn10'}
   seed 47 S3 picks (gate cell : most frequent): {'p2-gate<.9': 'lgb', 'p2-gate>=.9': 'pfn10'}
C:\work\farmai\집\클로드\research\rt1_regime_routing_upper_bound_v1.py:139: RuntimeWarning: Mean of empty slice
  sg = np.nanmean(np.array(seg[k], float), 0)
   S0  RMSE 0.2094 0.2097 0.2114  mean 0.2101 (+0.0%) | p2-normal 0.1446 p2-high 0.4845 p1-normal nan p1-high nan
   S1  RMSE 0.1950 0.1897 0.1925  mean 0.1924 (-8.5%) | p2-normal 0.1716 p2-high 0.3145 p1-normal nan p1-high nan
   S2  RMSE 0.1668 0.1644 0.1659  mean 0.1657 (-21.2%) | p2-normal 0.1369 p2-high 0.3145 p1-normal nan p1-high nan
   S3  RMSE 0.1846 0.1834 0.1857  mean 0.1846 (-12.2%) | p2-normal 0.1617 p2-high 0.3145 p1-normal nan p1-high nan
   S4  RMSE 0.1236 0.1166 0.1189  mean 0.1197 (-43.0%) | p2-normal 0.0726 p2-high 0.2975 p1-normal nan p1-high nan
   S3 captures 144% of S1 gain; S3 better than S0 in 3/3 seeds

[TM] rows 2664, days 111 (pass-2 10, high 8)
   seed 47 S1 picks (truth cell: most frequent): {'p1-normal': 'LH1', 'p1-high': 'pfn10', 'p2-normal': 'LH1', 'p2-high': 'pfn10'}
   seed 47 S3 picks (gate cell : most frequent): {'p1-gate<.9': 'LH1', 'p1-gate>=.9': 'pfn10', 'p2-gate<.9': 'noDP1', 'p2-gate>=.9': 'pfn10'}
   S0  RMSE 0.2129 0.2104 0.2104  mean 0.2112 (+0.0%) | p2-normal 0.2263 p2-high 0.5422 p1-normal 0.0937 p1-high 0.7213
   S1  RMSE 0.2128 0.2023 0.2117  mean 0.2089 (-1.1%) | p2-normal 0.2485 p2-high 0.5422 p1-normal 0.0881 p1-high 0.7102
   S2  RMSE 0.1801 0.1801 0.1806  mean 0.1802 (-14.7%) | p2-normal 0.2005 p2-high 0.2147 p1-normal 0.0881 p1-high 0.6397
   S3  RMSE 0.2181 0.2181 0.2175  mean 0.2179 (+3.2%) | p2-normal 0.2607 p2-high 0.5422 p1-normal 0.0881 p1-high 0.7530
   S4  RMSE 0.1567 0.1565 0.1585  mean 0.1572 (-25.6%) | p2-normal 0.1446 p2-high 0.2147 p1-normal 0.0630 p1-high 0.5926
   S3 captures -290% of S1 gain; S3 better than S0 in 0/3 seeds
