   F13 anchors 11 of 16 pass-2 training days
   F47 anchors 9 of 16 pass-2 training days
   F13 anchors 14 of 19 pass-2 training days
   F47 anchors 10 of 15 pass-2 training days
   F13 anchors 11 of 16 pass-2 training days
   F47 anchors 6 of 11 pass-2 training days
   F13 anchors 12 of 17 pass-2 training days
   F47 anchors 11 of 15 pass-2 training days
   F13 anchors 14 of 17 pass-2 training days
   F47 anchors 11 of 12 pass-2 training days
   F13 anchors 12 of 16 pass-2 training days
   F47 anchors 7 of 12 pass-2 training days
DIAG10 late validation days 46 (exact same-farm twin 22)
  |interp - twin| median 28.9, mean 28.2, max 61.9 record days
  twin same-farm vs any-farm (DC4 rule) |diff| median 1.5, max 91.5
  Spearman(gap, resid) 0.04 | (|gap|, |resid|) -0.04 | exact twins only 0.19 (n 22)
farm  day  fold  s_interp  s_twin  exact  dist  s_twin_any  resid    y    gap
 F47  214     7    108.06   170.0  False  0.35      137.00   0.12 0.53 -61.94
 F47  242     9    121.00   168.0   True  0.00      167.50  -0.11 0.72 -47.00
 F47  241     9    121.00   166.0   True  0.00      166.00  -0.29 0.65 -45.00
 F47  240     9    121.00   166.0  False  0.43      159.50   0.01 0.47 -45.00
 F47  209     6     80.25   124.0   True  0.00      121.00   0.21 0.65 -43.75
 F47  196     6     49.81    92.0  False  0.40       77.50  -0.06 0.18 -42.19
 F13  213     7     94.98   133.0  False  0.64      121.00   0.03 0.29 -38.02
 F13  231     8    139.17   176.0  False  0.57      176.00  -0.38 0.62 -36.83
 F13  214     7     96.94   133.0  False  0.64      121.00   0.26 0.92 -36.06
 F13  232     8    140.24   176.0  False  0.57      176.00   0.04 0.74 -35.76
 F47  195     6     47.47    78.0   True  0.00       75.00  -0.01 0.19 -30.53
 F47  194     6     45.12    75.0   True  0.01       72.00   0.00 0.25 -29.88
 F47  210     7    101.27   131.0   True  0.00      131.00   0.01 0.52 -29.73
 F13  243     9    121.00   149.0   True  0.00      149.00   0.68 1.72 -28.00
 F13  241     9    121.00   148.0   True  0.00      148.00   0.40 1.43 -27.00
 F47  193     6     42.78    67.0   True  0.00       65.50   0.01 0.38 -24.22
 F13  215     7     98.91   121.0   True  0.00      124.00   0.08 0.33 -22.09
 F47  229     8    145.84   166.0  False  0.57      166.00   0.58 1.79 -20.16
 F13  212     7     93.01   110.0  False  0.33      120.00   0.04 0.29 -16.99
 F13  242     9    121.00   137.0  False  0.52      137.00  -0.09 0.43 -16.00
 F13  245     9    121.00   135.0  False  0.66      135.00   0.12 0.84 -14.00
 F13  218     8    125.28   137.0  False  0.36      137.00  -0.01 0.39 -11.72
 F47  239     9    121.00   127.0  False  0.41      150.50  -0.17 0.43  -6.00
 F47  191     5     59.60    60.0  False  0.25       56.00  -0.16 0.29  -0.40
 F47  192     5     63.73    64.0   True  0.00       62.50  -0.01 0.14  -0.27
 F47  212     7    104.66   102.0  False  0.60       99.00   0.13 0.52   2.66
 F13  211     6    114.82   111.0   True  0.00      114.00   0.01 0.54   3.82
 F13  244     9    121.00   117.0  False  0.50      127.00   0.06 0.44   4.00
 F13  195     6     65.40    59.0   True  0.00       60.00   0.11 0.56   6.40
 F47  215     8    128.45   121.0  False  0.73      121.00   0.07 0.71   7.45
 F13  196     6     68.49    60.0   True  0.00       61.67   0.12 0.55   8.49
 F47  216     8    129.69   121.0  False  0.73      121.00  -0.34 0.56   8.69
 F13  197     6     71.58    61.0   True  0.00       62.50   0.09 0.55  10.58
 F13  198     6     74.67    64.0   True  0.00       65.50   0.02 0.28  10.67
 F13  183     5     41.16    26.0   True  0.00       24.33   0.07 0.36  15.16
 F13  217     8    124.21   109.0  False  0.67      102.00   0.70 1.69  15.21
 F47  243     9    121.00    86.0  False  0.47      177.50  -0.02 0.45  35.00
 F47  230     8    147.08   102.0  False  0.59      102.00   0.03 0.46  45.08
 F47  231     8    148.32   102.0  False  0.59      102.00   0.89 2.18  46.32
 F13  182     4     61.67    13.0   True  0.00       13.00   0.05 0.34  48.67
 F13  181     4     61.67    12.0   True  0.00       11.00   0.06 0.38  49.67
 F47  180     4     62.50    10.0  False  0.85       13.00  -0.03 0.20  52.50
 F13  180     4     61.67     9.0   True  0.00        8.50  -0.03 0.29  52.67
 F47  179     4     62.50     9.0   True  0.00       10.00   0.02 0.25  53.50
 F13  179     4     61.67     8.0   True  0.00        7.00   0.06 0.40  53.67
 F13  233     8    141.31    85.0  False  0.78       85.00  -0.38 0.63  56.31
   F13 anchors 16 of 21 pass-2 training days
   F47 anchors 12 of 17 pass-2 training days

TEST days 60 (exact same-farm twin 23): |interp - twin| median 10.2, mean 15.7, max 49.7
farm  day  s_interp  s_twin  exact  dist    gap
 F13  185     33.46    27.0  False  0.55   6.46
 F13  186     36.03    34.0   True  0.00   2.03
 F13  187     38.59    37.0   True  0.00   1.59
 F13  188     41.15    38.0   True  0.00   3.15
 F13  189     43.72    39.0   True  0.00   4.72
 F13  200     72.96    66.0   True  0.00   6.96
 F13  201     76.69    69.0   True  0.02   7.69
 F13  202     80.42    98.0  False  0.62 -17.58
 F13  203     84.15    81.0  False  0.26   3.15
 F13  204     87.88    81.0  False  0.26   6.88
 F13  205     91.62    91.0   True  0.01   0.62
 F13  206     95.35    92.0   True  0.01   3.35
 F13  207     99.08    93.0   True  0.00   6.08
 F13  208    102.81   108.0  False  0.07  -5.19
 F13  209    106.54   109.0   True  0.00  -2.46
 F13  220    127.22   133.0  False  0.76  -5.78
 F13  221    128.26   133.0  False  0.76  -4.74
 F13  222    129.30   119.0  False  0.62  10.30
 F13  223    130.33   119.0  False  0.62  11.33
 F13  224    131.37    93.0  False  0.76  38.37
 F13  225    132.41    93.0  False  0.76  39.41
 F13  226    133.44    93.0  False  0.76  40.44
 F13  227    134.48   154.0  False  0.32 -19.52
 F13  228    135.52   154.0  False  0.32 -18.48
 F13  229    136.56   110.0  False  0.43  26.56
 F13  235    142.78   159.0  False  0.56 -16.22
 F13  236    143.81   159.0  False  0.56 -15.19
 F13  237    144.85    98.0  False  0.57  46.85
 F13  238    145.89    98.0  False  0.57  47.89
 F13  239    146.93   132.0   True  0.00  14.93
 F47  183     26.15    25.0   True  0.00   1.15
 F47  184     30.19    31.0   True  0.00  -0.81
 F47  185     34.23    48.0  False  0.51 -13.77
 F47  186     38.27    48.0  False  0.51  -9.73
 F47  187     42.31    36.0  False  0.40   6.31
 F47  198     84.19    87.0   True  0.00  -2.81
 F47  199     87.54    88.0   True  0.00  -0.46
 F47  200     90.88    89.0   True  0.00   1.88
 F47  201     94.23    92.0   True  0.00   2.23
 F47  202     97.58    90.0  False  0.84   7.58
 F47  203    100.92   108.0  False  0.54  -7.08
 F47  204    104.27   117.0   True  0.00 -12.73
 F47  205    107.62   120.0   True  0.02 -12.38
 F47  206    110.96   121.0   True  0.00 -10.04
 F47  207    114.31   125.0  False  0.48 -10.69
 F47  218    129.85    90.0  False  0.51  39.85
 F47  219    130.83    96.0  False  0.76  34.83
 F47  220    131.82   156.0  False  0.32 -24.18
 F47  221    132.80   156.0  False  0.32 -23.20
 F47  222    133.78   120.0  False  0.41  13.78
 F47  223    134.77   120.0  False  0.41  14.77
 F47  224    135.75   176.0  False  0.54 -40.25
 F47  225    136.73   176.0  False  0.54 -39.27
 F47  226    137.72    89.0  False  0.75  48.72
 F47  227    138.70    89.0  False  0.75  49.70
 F47  233    144.60   139.0   True  0.00   5.60
 F47  234    145.58    96.0  False  0.76  49.58
 F47  235    146.57   149.0   True  0.00  -2.43
 F47  236    147.55   151.0   True  0.00  -3.45
 F47  237    148.53   127.0  False  0.43  21.53

SE0 clue: True
