sealed OOF days 53: high 16, normal 37
farm  day  high    ec   ec0  ec23   rise  ec_m2  ec_m1    pm   tsub    tin   heat    rad  clu
 F13   76 False 0.565 0.546 0.572  0.026    NaN  0.468 0.493 11.925 12.750  0.000 2493.0    0
 F13   88 False 0.551 0.554 0.545 -0.009  0.557    NaN 0.503 13.004 12.883  0.000 1094.0    0
 F13   98 False 0.399 0.381 0.390  0.009  0.409  0.474 0.410 11.857 12.904  4.625 2771.0    0
 F13  100 False 0.406 0.382 0.393  0.011  0.399  0.461 0.357 10.863 11.592 14.250 3061.0    0
 F13  102 False 0.386 0.389 0.316 -0.073  0.406  0.451 0.375 11.540 12.112 12.458 2730.0    0
 F13  104 False 0.318 0.310 0.305 -0.005  0.386  0.447 0.416 11.211 12.117 16.833 2854.0    0
 F13  106 False 0.316 0.303 0.317  0.014  0.318  0.442 0.472 11.621 13.067 19.667 2012.0    0
 F13  109 False 0.345 0.330 0.336  0.006  0.444  0.457 0.515 13.107  9.987  3.667 2764.0    0
 F13  110 False 0.354 0.335 0.352  0.017  0.457  0.345 0.408 11.998 12.954 16.667 2683.0    0
 F13  111 False 0.371 0.350 0.367  0.017  0.345  0.354 0.490 12.164 13.312  8.417 2260.0    0
 F13  112 False 0.396 0.365 0.364 -0.001  0.354  0.371 0.686 13.203 13.642  2.708 1784.0    0
 F13  116 False 0.937 0.884 0.951  0.067    NaN    NaN 1.028 10.783 10.742 45.125  803.0    0
 F13  118 False 1.102 0.930 1.287  0.357  0.937  0.304 1.147 11.813 12.412 38.708 1776.0    0
 F13  128 False 0.782 0.721 0.802  0.081  0.382    NaN 0.803 10.763 12.308 34.917 2163.0    0
 F13  130 False 0.773 0.798 0.747 -0.051  0.782  0.721 1.097 11.522 14.183  0.000 2616.0    0
 F13  132 False 0.870 0.743 0.942  0.199  0.773  0.738 1.350 13.406 15.229  0.000 1947.0    0
 F13  133 False 0.979 0.941 0.975  0.034  0.738  0.870 1.294 14.773 16.171  0.000 1091.0    0
 F13  162 False 0.586 0.554 0.586  0.032  0.458  0.492 0.757 11.314 12.358 18.625 2005.0    0
 F13  168 False 0.669 0.688 0.630 -0.058  0.728  0.432 0.864 12.650 13.600 26.833 2780.0    0
 F13  197 False 0.548 0.545 0.556  0.011  0.556  0.547 0.945 16.835 17.658  0.000 1552.0    0
 F13  214 False 0.918 0.805 0.907  0.102  0.294  0.292 1.318 11.416 11.383 40.917  787.0    0
 F13  231 False 0.621 0.581 0.632  0.051    NaN    NaN 0.749 11.513 12.525  0.000 1960.0    0
 F13  233 False 0.634 0.627 0.643  0.016  0.621  0.739 0.858 10.782 11.579 31.875 1745.0    1
 F47  120 False 0.405 0.386 0.395  0.009  0.286  0.922 0.610 11.858 12.550 14.375 2656.0    0
 F47  123 False 0.440 0.415 0.440  0.025  0.598  0.600 0.696  8.968 10.767  6.167  803.0    0
 F47  124 False 0.479 0.455 0.500  0.045  0.600  0.440 0.720 10.500 11.400  1.875  857.0    0
 F47  126 False 0.497 0.498 0.467 -0.031  0.479  0.672 0.616 11.928 12.479  3.625 2045.0    0
 F47  128 False 0.480 0.461 0.471  0.010  0.497  0.688 0.722 11.540 12.754 22.042 2727.0    0
 F47  130 False 0.491 0.465 0.503  0.038  0.480  0.711 1.074 12.323 13.829 23.583 2257.0    0
 F47  160 False 0.694 0.705 0.669 -0.036  0.410  0.721 0.749 11.895 13.333 40.167 3253.0    1
 F47  173 False 0.925 0.882 0.929  0.047  0.866    NaN 0.839 13.785 14.904  0.000 3381.0    0
 F47  176 False 0.980 0.957 0.984  0.027  1.053  0.405 0.889 15.063 16.404  0.000 2788.0    0
 F47  210 False 0.518 0.496 0.530  0.034    NaN  0.655 0.579 13.001 13.471  0.000  688.0    0
 F47  212 False 0.521 0.526 0.504 -0.022  0.518    NaN 0.620 10.573 10.946 13.792 2176.0    0
 F47  214 False 0.531 0.498 0.538  0.040  0.521    NaN 0.652 10.911 12.763 25.917 2635.0    0
 F47  216 False 0.556 0.531 0.572  0.041  0.531  0.705 0.786 10.838 11.758 13.000  837.0    0
 F47  242 False 0.724 0.736 0.695 -0.041  0.473  0.652 1.158 12.474 13.633 40.333 2630.0    1
 F13  120  True 1.250 1.227 1.415  0.188  1.102  0.311 1.144 11.975 12.479 29.208  857.0    0
 F13  121  True 1.318 1.355 1.407  0.052  0.311  1.250 0.806 12.824 12.938 24.417 2045.0    0
 F13  139  True 1.303 1.048 1.388  0.340  1.076  0.722 1.040 14.808 14.133  0.000 2334.0    0
 F13  146  True 1.496 1.616 1.450 -0.166    NaN  0.689 1.401 13.128 14.442  0.000 2854.0    0
 F13  153  True 1.637 1.645 1.545 -0.100  1.677  0.433 1.516 14.408 14.462  0.000 1458.0    0
 F13  217  True 1.693 1.665 1.663 -0.002  0.327    NaN 0.826 12.154 12.096 48.667 2176.0    0
 F47  132  True 2.712 2.796 2.771 -0.025  0.491  0.703 1.183 12.131 12.067 44.083 2163.0    0
 F47  136  True 1.653 1.656 1.731  0.075    NaN  0.491 1.850 13.198 13.888 14.958 1947.0    0
 F47  138  True 1.710 1.745 1.684 -0.061  1.653  0.511 1.516 14.844 15.271 15.833 1091.0    0
 F47  139  True 1.684 1.672 1.903  0.231  0.511  1.710 1.634 14.499 14.583  4.833 2456.0    0
 F47  141  True 1.866 1.869 2.198  0.329  1.684  0.403 1.755 13.932 14.579 12.833 2699.0    0
 F47  145  True 2.142 2.300 2.144 -0.156    NaN  0.410 1.626 13.770 13.829 10.333 2883.0    0
 F47  147  True 1.750 1.850 1.631 -0.219  2.142  0.700 1.387 14.971 16.233  0.000 1959.0    0
 F47  157  True 1.211 1.524 0.795 -0.729  0.416  0.832 0.980 12.878 13.983  0.000 3039.0    0
 F47  229  True 1.788 1.716 1.979  0.263    NaN    NaN 0.835 12.340 12.796 43.250 2806.0    0
 F47  231  True 2.177 2.057 2.750  0.693  1.788  0.461 0.850 12.340 14.179 28.417 2697.0    0

== S1 accumulated state ==
  high days with ec0/daymean >= 0.85: 15 of 16 (rule >= 12)
  d-2 label EC: high median 1.089 (n=12) vs normal 0.480 (n=33), MW p 0.0321 (rule < 0.01, high > normal)
  (descr) d-1 label EC: high 0.600 (n=14) vs normal 0.483 (n=30) p 0.4128 | d-4 high 0.644 normal 0.454
  -> S1 FAIL

== S2 within-day concentration ==
  rise (23h-0h): high median +0.025 vs normal +0.017, MW p 0.9923
  spearman(rise, rad    ) -0.27 p 0.050
  spearman(rise, tin_max) -0.07 p 0.604
  spearman(rise, heat   ) +0.19 p 0.171
  -> S2 FAIL

== S3 step changes (descriptive) ==
  change vs d-2: high median +0.308 (n=12), normal +0.010 (n=33)

== S4 temperature ==
  sub_temp mean: high 13.16 vs normal 11.86 p 0.000

== S5 source / place ==
  high by cluster: {0: 16}  normal by cluster: {0: 34, 1: 3}
  high by farm x late: {('F13', False): 5, ('F13', True): 1, ('F47', False): 8, ('F47', True): 2}  normal: {('F13', False): 19, ('F13', True): 4, ('F47', False): 9, ('F47', True): 5}
  -> S5 PASS (max concentration 16 of 16, rule >= 12)

== other inputs (high vs normal medians, MW p) ==
  heat        13.90    13.00  p 0.702
  co2sup       1.25     2.54  p 0.004
  shade       31.25    52.92  p 0.000
  thermal     31.25    31.25  p 0.307
  fog          0.00     0.00  p 0.010
  tin         14.06    12.75  p 0.012
  tin_min      9.25     8.80  p 0.019
  tin_max     22.30    22.90  p 0.394
  hum         68.58    66.21  p 0.977
  co2        421.52   397.88  p 0.226
  rad       2255.00  2176.00  p 0.535
  tout         1.85     4.39  p 0.073
  fan          0.71     0.00  p 0.017
  vent0        1.00     1.00  p 0.660
  day        143.00   128.00  p 0.100

== v2 residual by hour block on sealed days ==
blk        0      1      2      3
high                             
False  0.179  0.168  0.143  0.156
True  -0.446 -0.394 -0.393 -0.527

== test inputs: sealed days 20 of 60 ==
  dh = np.sqrt(((z - ch) ** 2).sum(1))
  dn = np.sqrt(((z - cn) ** 2).sum(1))
  nearest centroid: high-like 3, normal-like 17
  test sealed days: farm  day   near   tin  heat  clu  ec_m2
 F13  200 normal 14.02  0.00    0   0.28
 F13  204   high 12.88  0.00    0    NaN
 F13  205 normal 12.15  2.50    0    NaN
 F13  206 normal 12.89  3.25    0    NaN
 F13  208 normal 14.93  0.00    0    NaN
 F13  221 normal 10.98 47.96    0    NaN
 F13  223 normal  9.50 55.50    0    NaN
 F13  225 normal  7.61 95.12    1    NaN
 F13  226 normal  8.72 46.83    1    NaN
 F13  227 normal  8.79 59.17    1    NaN
 F13  229 normal 10.39 32.00    1    NaN
 F13  235 normal 12.88 40.83    1   0.63
 F13  237 normal 13.28  3.62    0    NaN
 F47  206 normal 10.52  6.08    0    NaN
 F47  218 normal 10.70  7.62    3   0.56
 F47  221 normal  7.74 86.79    1    NaN
 F47  223   high 10.47 53.50    1    NaN
 F47  225   high 12.07 33.33    0    NaN
 F47  227 normal 11.11 67.12    1    NaN
 F47  235 normal 13.95  0.00    0    NaN
