single-feature AUC (high vs normal, sealed days; 0.5 = none; <0.5 means lower in high)
  pm      n=53 AUC 0.875
  ec_m2   n=45 AUC 0.712
  ec_m4   n=38 AUC 0.673
  ec_m1   n=44 AUC 0.579
  shade   n=53 AUC 0.195
  co2sup  n=53 AUC 0.251
  tin     n=53 AUC 0.720
  tin_min n=53 AUC 0.704
  fan     n=53 AUC 0.680
  fog     n=53 AUC 0.317
  tout    n=53 AUC 0.343
  day     n=53 AUC 0.644
  heat    n=53 AUC 0.534
  tsub    n=53 AUC 0.812

LOO logistic AUC: pm 0.855
  pm + shade                            0.878
  pm + co2sup                           0.861
  pm + tin                              0.845
  pm + shade+co2sup                     0.880
  pm + shade+co2sup+tin+fan+tout        0.856
  pm + day                              0.831
  inputs only shade+co2sup+tin+fan+tout      0.865

high sealed days by day index: [('F13', 120), ('F13', 121), ('F13', 139), ('F13', 146), ('F13', 153), ('F13', 217), ('F47', 132), ('F47', 136), ('F47', 138), ('F47', 139), ('F47', 141), ('F47', 145), ('F47', 147), ('F47', 157), ('F47', 229), ('F47', 231)]
sealed days per 20-day window (high/all):
w      60   80   100  120  140  160  180  200  220  240
sum      0    0    0    7    6    0    0    1    2    0
count    1    2   10   17    6    5    1    6    4    1
