
F13: train days 200 (range 8-245), neighbour pairs checked 195, identical-weather pairs 58
pas  phase
0    0        29
     1        26
1    0         1
     1         2
phase runs (first d, last d, phase, n pairs):
   (10, 32, 0, 9)
   (35, 35, 1, 1)
   (40, 42, 0, 2)
   (45, 57, 1, 4)
   (62, 62, 0, 1)
   (67, 67, 1, 1)
   (70, 72, 0, 2)
   (75, 89, 1, 8)
   (94, 112, 0, 6)
   (115, 119, 1, 3)
   (122, 130, 0, 5)
   (133, 145, 1, 5)
   (150, 150, 0, 1)
   (155, 159, 1, 2)
   (162, 162, 0, 1)
   (165, 165, 1, 1)
   (168, 168, 0, 1)
   (171, 171, 1, 1)
   (174, 174, 0, 1)
   (213, 213, 1, 1)
   (216, 216, 0, 1)
   (231, 231, 1, 1)
triples (d,d+1,d+2 identical): [] ... n 0

F47: train days 200 (range 6-243), neighbour pairs checked 195, identical-weather pairs 59
pas  phase
0    0        32
     1        23
1    0         2
     1         2
phase runs (first d, last d, phase, n pairs):
   (10, 14, 0, 2)
   (17, 23, 1, 4)
   (26, 38, 0, 6)
   (41, 45, 1, 3)
   (48, 62, 0, 8)
   (65, 65, 1, 1)
   (68, 76, 0, 3)
   (79, 85, 1, 3)
   (90, 102, 0, 6)
   (107, 115, 1, 3)
   (122, 122, 0, 1)
   (125, 137, 1, 6)
   (140, 146, 0, 3)
   (153, 153, 1, 1)
   (156, 156, 0, 1)
   (163, 163, 1, 1)
   (170, 170, 0, 1)
   (173, 173, 1, 1)
   (176, 190, 0, 2)
   (211, 215, 1, 2)
   (230, 230, 0, 1)
triples (d,d+1,d+2 identical): [] ... n 0
