
F13 neighbour (d,d+1) distance quantiles: [0.    0.    0.    0.003 0.308 0.548 0.816 0.989]
F13 (d,d+2) distance quantiles: [0.261 0.476 0.567 0.732 0.939 1.072]
F13 share (d,d+1) < .05: 0.328, < .2: 0.328; (d,d+2) < .05: 0.000
sequence (day:dist to next):
   8:0.70  9:0.37  10:=  11:0.85  12:0.88  13:0.82  14:=  15:0.70  16:=  17:0.94  18:=  19:0.74
   20:=  21:0.94  22:=  23:0.72  24:=  25:0.65  26:0.83  27:0.91  28:0.01  29:0.59  30:=  31:0.73
   32:=  33:0.80  34:0.55  35:=  36:0.52  37:0.35  38:0.42  39:0.57  40:=  41:0.53  42:=  43:1.04
   44:0.71  45:=  46:0.49  47:=  48:0.39  49:=  50:0.64  51:0.00  52:0.84  53:0.98  54:0.84  55:0.46
   56:0.30  57:=  58:0.27  59:0.31  60:0.51  61:0.59  62:=  63:0.97  64:0.60  65:0.75  66:0.42  67:=
   68:0.35  69:0.26  70:=  71:0.51  72:=  73:0.99  74:0.69  75:=  76:0.66  77:=  78:0.58  79:=
   80:0.74  81:=  82:0.78  83:=  84:0.65  85:=  86:1.03  87:=  88:0.87  89:=  90:1.26  91:1.30
   92:0.94  93:0.73  94:=  95:1.31  96:=  97:1.02  98:=  99:0.95  100:0.05  101:0.79  102:=  103:0.55
   104:=  105:0.95  106:0.03  107:0.97  108:1.48  109:0.75  110:0.57  111:0.98  112:=  113:0.96  114:0.86  115:=
   116:0.56  117:=  118:0.73  119:=  120:0.77

F47 neighbour (d,d+1) distance quantiles: [0.    0.    0.    0.    0.046 0.518 0.789 0.969]
F47 (d,d+2) distance quantiles: [0.013 0.424 0.53  0.71  0.925 1.054]
F47 share (d,d+1) < .05: 0.359, < .2: 0.359; (d,d+2) < .05: 0.005
sequence (day:dist to next):
   6:0.00  7:0.69  8:0.37  9:0.83  10:=  11:0.87  12:0.81  13:0.69  14:=  15:0.92  16:0.73  17:=
   18:0.92  19:=  20:0.71  21:=  22:0.64  23:=  24:0.81  25:0.89  26:=  27:1.04  28:=  29:0.01
   30:0.89  31:0.72  32:=  33:0.52  34:=  35:0.51  36:=  37:0.35  38:=  39:0.42  40:0.56  41:=
   42:0.52  43:=  44:1.02  45:=  46:0.70  47:0.49  48:=  49:0.60  50:=  51:0.82  52:=  53:0.96
   54:=  55:0.83  56:=  57:0.53  58:=  59:0.26  60:=  61:0.30  62:=  63:0.50  64:0.58  65:=
   66:0.95  67:0.59  68:=  69:0.73  70:=  71:0.41  72:0.00  73:0.38  74:0.39  75:0.26  76:=  77:0.50
   78:0.97  79:=  80:0.67  81:=  82:0.65  83:0.57  84:0.68  85:=  86:0.26  87:0.76  88:0.64  89:1.01
   90:=  91:0.86  92:1.24  93:1.28  94:=  95:0.92  96:=  97:0.72  98:=  99:1.29  100:=  101:1.01
   102:=  103:0.93  104:0.05  105:0.78  106:0.54  107:=  108:0.94  109:0.03  110:0.96  111:0.05  112:1.45  113:=
   114:0.73  115:=  116:0.56  117:0.96  118:0.01  119:0.95  120:0.89
