
F13 pairs 58 (first record even 30 / odd 28)
  quantity        n  mean2-1  share>0  wilcox p
  sub_temp       58    0.292     0.64    0.0922
  gap            58    0.110     0.62    0.1301
  sub_ec         58    0.171     0.64    0.0017
  in_temp        58    0.214     0.53    0.3050
  in_hum         58    1.698     0.62    0.0453
  in_co2         58  -13.695     0.22    0.0031
  act_heating    58   -2.850     0.40    0.0771
  act_vent       58    3.274     0.57    0.2580
  act_thermal    58   -1.969     0.38    0.1116
  act_shade      58    9.774     0.62    0.0323
  act_circfan    58   -0.993     0.40    0.6958
  act_fog        58    1.015     0.60    0.0001
  act_co2        58    0.001     0.41    0.4719

F47 pairs 59 (first record even 34 / odd 25)
  quantity        n  mean2-1  share>0  wilcox p
  sub_temp       59    0.703     0.61    0.0303
  gap            59    0.271     0.66    0.0092
  sub_ec         59    0.276     0.71    0.0001
  in_temp        59    0.416     0.53    0.2048
  in_hum         59    2.412     0.64    0.0045
  in_co2         59    2.751     0.59    0.1515
  act_heating    59  -12.542     0.15    0.0000
  act_vent       59  -10.049     0.20    0.0000
  act_thermal    59    8.631     0.63    0.0000
  act_shade      59    0.351     0.68    0.5163
  act_circfan    59  -14.982     0.27    0.0038
  act_fog        59    0.962     0.42    0.0093
  act_co2        59    0.275     0.32    0.5506
