nearest-pair input distance (z-RMS): median 0.49, 10% 0.35, 25% 0.40 | random pairs median 1.14
closest  10% of nearest pairs (n 37): |dEC| median 0.021, share |dEC|>=.3 0.00, classes differ 0.14
closest  25% of nearest pairs (n 90): |dEC| median 0.024, share |dEC|>=.3 0.02, classes differ 0.12
closest 100% of nearest pairs (n 360): |dEC| median 0.045, share |dEC|>=.3 0.10, classes differ 0.18
random same-farm pairs: |dEC| median 0.225, share >=.3 0.40, classes differ 0.29
class mix of all days: {'ok': 303, 'over': 30, 'under': 27}

12 most input-similar pairs with |dEC| >= .3:
farm  day  nn  dist    y  y_nn   cls cls_nn   res  res_nn
 F13  160 172  0.37 0.46  0.98  over     ok -0.28    0.11
 F47  174 166  0.39 1.05  0.65    ok     ok  0.13   -0.09
 F13  241 159  0.42 1.43  0.60 under   over  0.40   -0.30
 F47  117  71  0.42 0.91  0.40    ok     ok  0.03   -0.03
 F13  151 135  0.42 1.68  1.01 under     ok  0.31   -0.08
 F13  135 151  0.42 1.01  1.68    ok  under -0.08    0.31
 F47  153 177  0.43 0.84  1.49    ok  under  0.05    0.46
 F47  177 153  0.43 1.49  0.84 under     ok  0.46    0.05
 F13  178 175  0.44 1.84  1.27 under  under  0.75    0.30
 F13  120 214  0.44 1.25  0.92 under  under  0.17    0.26
 F13  139 153  0.46 1.30  1.64 under  under  0.35    0.16
 F13  153 139  0.46 1.64  1.30 under  under  0.16    0.35
