rows 27720; clip-bound rows 0; bag consistency across seeds (non-clip): max |diff| 5.55e-15
inverse-shrink check max |shrink(t) - S| 4.44e-16

pooled RMSE (relative change vs v2 of the same seed)
  G1 DIAG10 s7 0.2141->0.2144 (+0.11%)  s101 0.2145->0.2144 (-0.04%)  s2024 0.2135->0.2138 (+0.14%)
  G1 A      s7 0.2297->0.2236 (-2.64%)  s101 0.2313->0.2249 (-2.79%)  s2024 0.2304->0.2241 (-2.75%)
  G1 B      s7 0.2193->0.2169 (-1.10%)  s101 0.2176->0.2158 (-0.85%)  s2024 0.2198->0.2175 (-1.07%)
  G1 EXT10  s7 0.4152->0.4106 (-1.11%)  s101 0.4126->0.4085 (-0.98%)  s2024 0.4148->0.4102 (-1.11%)
  G1 EXT12  s7 0.4155->0.4173 (+0.43%)  s101 0.4161->0.4179 (+0.43%)  s2024 0.4170->0.4185 (+0.37%)
  H4 DIAG10 s7 0.2141->0.2140 (-0.06%)  s101 0.2145->0.2142 (-0.14%)  s2024 0.2135->0.2134 (-0.03%)
  H4 A      s7 0.2297->0.2243 (-2.35%)  s101 0.2313->0.2259 (-2.35%)  s2024 0.2304->0.2249 (-2.39%)
  H4 B      s7 0.2193->0.2179 (-0.63%)  s101 0.2176->0.2166 (-0.47%)  s2024 0.2198->0.2186 (-0.56%)
  H4 EXT10  s7 0.4152->0.4116 (-0.85%)  s101 0.4126->0.4098 (-0.67%)  s2024 0.4148->0.4113 (-0.83%)
  H4 EXT12  s7 0.4155->0.4153 (-0.05%)  s101 0.4161->0.4159 (-0.05%)  s2024 0.4170->0.4167 (-0.08%)

DIAG10 paired bootstrap (farm x 5-day blocks, 20000), threshold 0.0125
  G1 P(worse) by seed [0.5526, 0.4764, 0.5615]  all-15-cells-better False -> FAIL
  H4 P(worse) by seed [0.4718, 0.433, 0.4815]  all-15-cells-better True -> FAIL

DIAG10 segments (mean of seeds): old-234 days 234
  all              rows  8640  v2 0.2140  G1 0.2142  H4 0.2139
  126 unused days  rows  3024  v2 0.2037  G1 0.2012  H4 0.2029
  234 old days     rows  5616  v2 0.2194  G1 0.2209  H4 0.2196
  late>=179        rows  1104  v2 0.3835  G1 0.3949  H4 0.3932
  sealed           rows  1272  v2 0.4269  G1 0.4233  H4 0.4250
  in_temp<10       rows  1040  v2 0.3177  G1 0.3156  H4 0.3177
  gate rows (H4, seed 7): 875 of 8640 DIAG10 rows
