
=== F47 231  truth 2.18  model 1.67  (UNDER)
      subset  nb_mean  nb_min  nb_max  n_high  right                  nb
   INDOOR(3)     1.10    0.40    2.14       2  False 175,243,150,143,145
ACTUATORS(7)     2.11    1.65    2.71       5   True 138,136,132,134,145
  OUTDOOR(4)     0.51    0.21    0.69       0  False 102,103,212,211,167
      IN+ACT     2.18    1.65    2.71       5   True 143,145,134,136,132
     ALL(14)     1.98    0.67    2.71       4   True 132,103,145,143,134
  single columns closest to truth: act_shade 2.04; act_thermal 2.03; act_co2 1.91; act_circfan 1.87 | farthest: act_vent 0.41; in_co2 0.40; act_fog 0.22
  pairs pointing right: 37 of 91; best pairs: in_hum+act_heating 2.19; act_heating+out_hum 2.14; act_co2+out_temp 2.13

=== F13 217  truth 1.69  model 1.19  (UNDER)
      subset  nb_mean  nb_min  nb_max  n_high  right                  nb
   INDOOR(3)     0.56    0.30    1.10       1  False   118,89,117,77,215
ACTUATORS(7)     1.10    0.92    1.32       3  False 116,118,214,121,120
  OUTDOOR(4)     0.68    0.35    1.50       1  False   98,99,109,146,145
      IN+ACT     1.15    0.92    1.45       3  False 118,116,121,123,214
     ALL(14)     0.96    0.47    1.45       3  False   118,123,121,77,75
  single columns closest to truth: act_thermal 1.42; act_shade 1.42; act_circfan 1.29; act_co2 1.29 | farthest: in_hum 0.55; act_vent 0.48; act_fog 0.32
  pairs pointing right: 18 of 91; best pairs: act_shade+act_fog 1.42; act_thermal+act_fog 1.42; act_shade+act_thermal 1.42

=== F47 229  truth 1.79  model 1.34  (UNDER)
      subset  nb_mean  nb_min  nb_max  n_high  right                  nb
   INDOOR(3)     0.47    0.41    0.57       0  False 128,144,172,150,163
ACTUATORS(7)     1.50    0.74    2.71       2   True 134,110,117,116,132
  OUTDOOR(4)     0.77    0.39    1.68       1  False  241,166,240,139,69
      IN+ACT     1.58    0.74    2.32       3   True 134,110,116,145,141
     ALL(14)     1.28    0.67    2.32       2  False 116,141,213,103,134
  single columns closest to truth: act_circfan 1.94; act_co2 1.99; act_thermal 2.11; act_shade 2.11 | farthest: act_vent 0.41; out_wspd 0.26; act_fog 0.22
  pairs pointing right: 28 of 91; best pairs: act_vent+out_rad 1.78; act_co2+out_temp 1.80; act_circfan+out_rad 1.80

=== F13 243  truth 1.72  model 1.46  (UNDER)
      subset  nb_mean  nb_min  nb_max  n_high  right                  nb
   INDOOR(3)     1.19    0.87    1.68       3  False 133,177,241,151,132
ACTUATORS(7)     0.96    0.40    1.53       2  False   241,86,94,143,171
  OUTDOOR(4)     0.71    0.40    1.25       1  False  149,113,112,91,120
      IN+ACT     1.08    0.56    1.53       3  False  241,86,143,177,171
     ALL(14)     0.73    0.52    1.43       1  False    86,241,74,80,192
  single columns closest to truth: act_shade 1.52; act_thermal 1.37; in_co2 1.11; act_vent 0.84 | farthest: act_circfan 0.34; act_fog 0.32; act_heating 0.31
  pairs pointing right: 2 of 91; best pairs: act_shade+act_circfan 1.52; act_shade+act_heating 1.52; act_shade+act_thermal 1.46

=== F13 233  truth 0.63  model 1.11  (OVER)
      subset  nb_mean  nb_min  nb_max  n_high  right                  nb
   INDOOR(3)     0.66    0.54    0.82       0   True 231,232,163,113,169
ACTUATORS(7)     1.01    0.52    1.72       2   True 231,243,192,165,241
  OUTDOOR(4)     0.61    0.54    0.74       0   True    231,232,86,85,83
      IN+ACT     0.84    0.54    1.72       1   True   231,243,80,165,84
     ALL(14)     0.61    0.54    0.74       0   True    231,232,84,80,86
  single columns closest to truth: out_wspd 0.61; in_co2 0.60; act_co2 0.75; out_hum 0.76 | farthest: out_rad 1.03; act_shade 1.14; act_circfan 1.20
  pairs pointing right: 87 of 91; best pairs: act_vent+act_fog 0.63; in_co2+out_hum 0.64; act_fog+out_temp 0.64

=== F13 214  truth 0.92  model 1.28  (OVER)
      subset  nb_mean  nb_min  nb_max  n_high  right                  nb
   INDOOR(3)     1.09    0.56    1.58       3   True  116,120,118,127,87
ACTUATORS(7)     1.26    0.94    1.69       4   True 116,120,118,217,121
  OUTDOOR(4)     0.81    0.29    1.10       1   True 116,115,134,133,118
      IN+ACT     1.24    0.94    1.58       4   True 116,120,118,127,121
     ALL(14)     1.24    0.94    1.58       4   True 116,120,118,121,127
  single columns closest to truth: in_co2 0.99; out_hum 0.77; in_hum 1.10; in_temp 0.70 | farthest: act_vent 0.48; out_wspd 0.45; act_fog 0.32
  pairs pointing right: 79 of 91; best pairs: in_temp+in_hum 0.91; in_hum+act_vent 0.91; in_co2+out_hum 0.90

=== F47 241  truth 0.65  model 1.00  (OVER)
      subset  nb_mean  nb_min  nb_max  n_high  right                  nb
   INDOOR(3)     0.96    0.19    1.79       2   True  150,85,229,170,154
ACTUATORS(7)     0.99    0.57    1.62       2   True 151,163,154,170,160
  OUTDOOR(4)     0.67    0.47    0.87       0   True 166,164,163,170,171
      IN+ACT     1.05    0.57    1.62       2  False 151,163,154,170,176
     ALL(14)     0.98    0.57    1.62       2   True 163,151,154,170,161
  single columns closest to truth: out_rad 0.66; out_hum 0.58; act_fog 0.54; act_vent 0.78 | farthest: act_shade 1.05; act_circfan 0.22; act_heating 0.21
  pairs pointing right: 77 of 91; best pairs: act_fog+out_hum 0.65; act_vent+out_temp 0.66; act_vent+out_rad 0.64

=== F47 216  truth 0.56  model 0.84  (OVER)
      subset  nb_mean  nb_min  nb_max  n_high  right                  nb
   INDOOR(3)     0.59    0.48    0.70       0   True 131,122,124,209,137
ACTUATORS(7)     0.82    0.49    1.62       1   True 163,154,130,241,170
  OUTDOOR(4)     0.77    0.44    1.71       1   True 121,137,138,122,123
      IN+ACT     0.82    0.49    1.62       1   True 163,130,241,154,170
     ALL(14)     0.82    0.49    1.62       1   True 130,154,163,241,170
  single columns closest to truth: out_rad 0.57; act_heating 0.52; in_temp 0.51; act_thermal 0.46 | farthest: out_temp 0.89; act_fog 0.22; act_circfan 0.21
  pairs pointing right: 84 of 91; best pairs: in_co2+out_hum 0.55; act_vent+act_heating 0.56; in_temp+out_rad 0.57

=== F47 132  truth 2.71  model 1.24  (UNDER)
      subset  nb_mean  nb_min  nb_max  n_high  right                  nb
   INDOOR(3)     1.57    0.82    2.32       3   True 134,145,117,136,116
ACTUATORS(7)     1.93    1.65    2.32       5   True 231,134,138,136,229
  OUTDOOR(4)     0.53    0.41    0.72       0  False 160,159,169,158,144
      IN+ACT     2.00    1.65    2.32       5   True 134,231,138,136,145
     ALL(14)     2.03    1.65    2.32       5   True 134,145,136,141,231
  single columns closest to truth: in_co2 2.02; act_co2 2.00; act_shade 1.93; act_thermal 1.92 | farthest: act_vent 0.41; out_wspd 0.39; act_fog 0.22
  pairs pointing right: 59 of 91; best pairs: act_heating+out_temp 2.03; in_co2+act_fog 2.02; in_co2+act_vent 2.02

how often each single column's neighbours point closer to the truth than the model (9 days):
subset
1:act_thermal    0.89
1:act_co2        0.78
1:act_shade      0.78
1:in_co2         0.56
1:in_hum         0.56
1:act_circfan    0.44
1:out_rad        0.44
1:out_hum        0.44
1:in_temp        0.44
1:act_heating    0.33
1:out_temp       0.33
1:act_vent       0.33
1:out_wspd       0.33
1:act_fog        0.22
  g = raw.loc[(f, d)]; v = "P2LOO" if d >= 179 else "DIAG10"
  g = raw.loc[(f, d)]; v = "P2LOO" if d >= 179 else "DIAG10"
  g = raw.loc[(f, d)]; v = "P2LOO" if d >= 179 else "DIAG10"
  g = raw.loc[(f, d)]; v = "P2LOO" if d >= 179 else "DIAG10"
  g = raw.loc[(f, d)]; v = "P2LOO" if d >= 179 else "DIAG10"
  g = raw.loc[(f, d)]; v = "P2LOO" if d >= 179 else "DIAG10"
  g = raw.loc[(f, d)]; v = "P2LOO" if d >= 179 else "DIAG10"
  g = raw.loc[(f, d)]; v = "P2LOO" if d >= 179 else "DIAG10"
  g = raw.loc[(f, d)]; v = "P2LOO" if d >= 179 else "DIAG10"

figure: C:\work\farmai\집\클로드\research\local\tw2_problem_days_flows_v1.png
