   F13 anchors 12 of 17 pass-2 training days
   F47 anchors 11 of 15 pass-2 training days
DIAG10/7 done
   F13 anchors 12 of 16 pass-2 training days
   F47 anchors 7 of 12 pass-2 training days
DIAG10/9 done
   F13 anchors 13 of 18 pass-2 training days
   F47 anchors 12 of 17 pass-2 training days
P2LOO/11 done
   F13 anchors 13 of 18 pass-2 training days
   F47 anchors 12 of 17 pass-2 training days
P2LOO/12 done
   F13 anchors 14 of 19 pass-2 training days
   F47 anchors 12 of 17 pass-2 training days
P2LOO/14 done
   F13 anchors 15 of 20 pass-2 training days
   F47 anchors 12 of 17 pass-2 training days
P2LOO/15 done
   F13 anchors 14 of 19 pass-2 training days
   F47 anchors 12 of 17 pass-2 training days
P2LOO/18 done
   F13 anchors 13 of 18 pass-2 training days
   F47 anchors 12 of 17 pass-2 training days
P2LOO/21 done
   F13 anchors 14 of 19 pass-2 training days
   F47 anchors 12 of 17 pass-2 training days
P2LOO/22 done
   F13 anchors 15 of 20 pass-2 training days
   F47 anchors 12 of 17 pass-2 training days
P2LOO/23 done
   F13 anchors 16 of 20 pass-2 training days
   F47 anchors 12 of 17 pass-2 training days
P2LOO/24 done
   F13 anchors 13 of 18 pass-2 training days
   F47 anchors 12 of 17 pass-2 training days
P2LOO/30 done
   F13 anchors 14 of 18 pass-2 training days
   F47 anchors 12 of 17 pass-2 training days
P2LOO/31 done
   F13 anchors 14 of 18 pass-2 training days
   F47 anchors 12 of 17 pass-2 training days
P2LOO/32 done
   F13 anchors 16 of 21 pass-2 training days
   F47 anchors 11 of 16 pass-2 training days
P2LOO/36 done
   F13 anchors 16 of 21 pass-2 training days
   F47 anchors 9 of 14 pass-2 training days
P2LOO/38 done
   F13 anchors 16 of 21 pass-2 training days
   F47 anchors 11 of 16 pass-2 training days
P2LOO/43 done
   F13 anchors 16 of 21 pass-2 training days
   F47 anchors 12 of 16 pass-2 training days
P2LOO/45 done
   F13 anchors 16 of 21 pass-2 training days
   F47 anchors 12 of 15 pass-2 training days
P2LOO/48 done
   F13 anchors 16 of 21 pass-2 training days
   F47 anchors 9 of 14 pass-2 training days
P2LOO/52 done
   F13 anchors 16 of 21 pass-2 training days
   F47 anchors 9 of 14 pass-2 training days
P2LOO/54 done
   F13 anchors 14 of 15 pass-2 training days
   F47 anchors 12 of 17 pass-2 training days
EL1/59 done
   F13 anchors 12 of 16 pass-2 training days
   F47 anchors 12 of 17 pass-2 training days
EL1/60 done
   F13 anchors 16 of 21 pass-2 training days
   F47 anchors 12 of 13 pass-2 training days
EL1/63 done
   F13 anchors 16 of 21 pass-2 training days
   F47 anchors 8 of 10 pass-2 training days
EL1/64 done
TM rows 2664 days 111
P2LOO rows 1104 days 46
EL1 rows 1104 days 46

A vs CUR
  TM     s47 0.2129->0.2093 (-1.7%)  s1414 0.2104->0.2111 (+0.3%)  s6464 0.2104->0.2087 (-0.8%)
  P2LOO  s47 0.2094->0.2137 (+2.1%)  s1414 0.2097->0.2104 (+0.4%)  s6464 0.2114->0.2144 (+1.4%)
  EL1    s47 0.2933->0.2976 (+1.5%)  s1414 0.2916->0.2954 (+1.3%)  s6464 0.2924->0.2966 (+1.4%)
  TM seed-mean 0.2112 -> 0.2096, normal 0.1097 -> 0.1064, P(worse) 0.1845
  A decision: KEEP CUR (TM all seeds better False, guards ok False, P 0.1845 vs .0083)

B3 vs CUR
  TM     s47 0.2129->0.2078 (-2.4%)  s1414 0.2104->0.2056 (-2.3%)  s6464 0.2104->0.2056 (-2.3%)
  P2LOO  s47 0.2094->0.2035 (-2.8%)  s1414 0.2097->0.2037 (-2.9%)  s6464 0.2114->0.2052 (-2.9%)
  EL1    s47 0.2933->0.2897 (-1.2%)  s1414 0.2916->0.2881 (-1.2%)  s6464 0.2924->0.2888 (-1.2%)
  TM seed-mean 0.2112 -> 0.2063, normal 0.1097 -> 0.1090, P(worse) 0.0045
  B3 decision: ADOPT (TM all seeds better True, guards ok True, P 0.0045 vs .0083)

B4 vs CUR
  TM     s47 0.2129->0.2032 (-4.6%)  s1414 0.2104->0.2013 (-4.3%)  s6464 0.2104->0.2012 (-4.4%)
  P2LOO  s47 0.2094->0.1982 (-5.3%)  s1414 0.2097->0.1983 (-5.4%)  s6464 0.2114->0.1996 (-5.6%)
  EL1    s47 0.2933->0.2866 (-2.3%)  s1414 0.2916->0.2851 (-2.2%)  s6464 0.2924->0.2857 (-2.3%)
  TM seed-mean 0.2112 -> 0.2018, normal 0.1097 -> 0.1085, P(worse) 0.0068
  B4 decision: ADOPT (TM all seeds better True, guards ok True, P 0.0068 vs .0083)
