   F13 anchors 14 of 19 pass-2 training days
   F47 anchors 10 of 15 pass-2 training days
DIAG10/5 done
   F13 anchors 14 of 17 pass-2 training days
   F47 anchors 11 of 12 pass-2 training days
DIAG10/8 done
   F13 anchors 14 of 19 pass-2 training days
   F47 anchors 12 of 17 pass-2 training days
P2LOO/10 done
   F13 anchors 14 of 19 pass-2 training days
   F47 anchors 12 of 17 pass-2 training days
P2LOO/19 done
   F13 anchors 13 of 18 pass-2 training days
   F47 anchors 12 of 17 pass-2 training days
P2LOO/20 done
   F13 anchors 16 of 21 pass-2 training days
   F47 anchors 11 of 16 pass-2 training days
P2LOO/34 done
   F13 anchors 16 of 21 pass-2 training days
   F47 anchors 11 of 16 pass-2 training days
P2LOO/35 done
   F13 anchors 16 of 21 pass-2 training days
   F47 anchors 10 of 15 pass-2 training days
P2LOO/41 done
   F13 anchors 16 of 21 pass-2 training days
   F47 anchors 11 of 16 pass-2 training days
P2LOO/42 done
   F13 anchors 16 of 21 pass-2 training days
   F47 anchors 9 of 14 pass-2 training days
P2LOO/53 done
   F13 anchors 11 of 16 pass-2 training days
   F47 anchors 12 of 17 pass-2 training days
EL1/56 done
   F13 anchors 16 of 21 pass-2 training days
   F47 anchors 9 of 14 pass-2 training days
EL1/65 done
TM rows 2664 days 111
P2LOO rows 888 days 37
EL1 rows 648 days 27

A vs CUR
  TM     s47 0.2129->0.2093 (-1.7%)  s1414 0.2104->0.2111 (+0.3%)  s6464 0.2104->0.2087 (-0.8%)
  P2LOO  s47 0.2138->0.2176 (+1.8%)  s1414 0.2150->0.2151 (+0.1%)  s6464 0.2171->0.2180 (+0.4%)
  EL1    s47 0.2262->0.2222 (-1.8%)  s1414 0.2247->0.2233 (-0.6%)  s6464 0.2241->0.2234 (-0.3%)
  TM seed-mean 0.2112 -> 0.2096, normal 0.1097 -> 0.1064, P(worse) 0.1845
  A decision: KEEP CUR (TM all seeds better False, guards ok False, P 0.1845 vs .0083)

B3 vs CUR
  TM     s47 0.2129->0.2078 (-2.4%)  s1414 0.2104->0.2056 (-2.3%)  s6464 0.2104->0.2056 (-2.3%)
  P2LOO  s47 0.2138->0.2100 (-1.7%)  s1414 0.2150->0.2110 (-1.9%)  s6464 0.2171->0.2127 (-2.0%)
  EL1    s47 0.2262->0.2264 (+0.1%)  s1414 0.2247->0.2250 (+0.2%)  s6464 0.2241->0.2246 (+0.2%)
  TM seed-mean 0.2112 -> 0.2063, normal 0.1097 -> 0.1090, P(worse) 0.0045
  B3 decision: ADOPT (TM all seeds better True, guards ok True, P 0.0045 vs .0083)

B4 vs CUR
  TM     s47 0.2129->0.2032 (-4.6%)  s1414 0.2104->0.2013 (-4.3%)  s6464 0.2104->0.2012 (-4.4%)
  P2LOO  s47 0.2138->0.2068 (-3.3%)  s1414 0.2150->0.2074 (-3.5%)  s6464 0.2171->0.2089 (-3.8%)
  EL1    s47 0.2262->0.2267 (+0.2%)  s1414 0.2247->0.2255 (+0.4%)  s6464 0.2241->0.2252 (+0.5%)
  TM seed-mean 0.2112 -> 0.2018, normal 0.1097 -> 0.1085, P(worse) 0.0068
  B4 decision: ADOPT (TM all seeds better True, guards ok True, P 0.0068 vs .0083)
