   F13 anchors 11 of 16 pass-2 training days
   F47 anchors 6 of 11 pass-2 training days
DIAG10/6 done
   F13 anchors 13 of 18 pass-2 training days
   F47 anchors 12 of 17 pass-2 training days
P2LOO/13 done
   F13 anchors 14 of 19 pass-2 training days
   F47 anchors 12 of 17 pass-2 training days
P2LOO/16 done
   F13 anchors 13 of 18 pass-2 training days
   F47 anchors 12 of 17 pass-2 training days
P2LOO/17 done
   F13 anchors 16 of 20 pass-2 training days
   F47 anchors 12 of 17 pass-2 training days
P2LOO/25 done
   F13 anchors 16 of 19 pass-2 training days
   F47 anchors 12 of 17 pass-2 training days
P2LOO/26 done
   F13 anchors 16 of 18 pass-2 training days
   F47 anchors 12 of 17 pass-2 training days
P2LOO/27 done
   F13 anchors 16 of 19 pass-2 training days
   F47 anchors 12 of 17 pass-2 training days
P2LOO/28 done
   F13 anchors 14 of 19 pass-2 training days
   F47 anchors 12 of 17 pass-2 training days
P2LOO/29 done
   F13 anchors 15 of 19 pass-2 training days
   F47 anchors 12 of 17 pass-2 training days
P2LOO/33 done
   F13 anchors 16 of 21 pass-2 training days
   F47 anchors 10 of 15 pass-2 training days
P2LOO/37 done
   F13 anchors 16 of 21 pass-2 training days
   F47 anchors 9 of 14 pass-2 training days
P2LOO/39 done
   F13 anchors 16 of 21 pass-2 training days
   F47 anchors 9 of 14 pass-2 training days
P2LOO/40 done
   F13 anchors 16 of 21 pass-2 training days
   F47 anchors 12 of 17 pass-2 training days
P2LOO/44 done
   F13 anchors 16 of 21 pass-2 training days
   F47 anchors 12 of 15 pass-2 training days
P2LOO/46 done
   F13 anchors 16 of 21 pass-2 training days
   F47 anchors 12 of 15 pass-2 training days
P2LOO/47 done
   F13 anchors 16 of 21 pass-2 training days
   F47 anchors 12 of 14 pass-2 training days
P2LOO/49 done
   F13 anchors 16 of 21 pass-2 training days
   F47 anchors 12 of 15 pass-2 training days
P2LOO/50 done
   F13 anchors 16 of 21 pass-2 training days
   F47 anchors 10 of 15 pass-2 training days
P2LOO/51 done
   F13 anchors 16 of 21 pass-2 training days
   F47 anchors 10 of 15 pass-2 training days
P2LOO/55 done
   F13 anchors 11 of 16 pass-2 training days
   F47 anchors 12 of 17 pass-2 training days
EL1/57 done
   F13 anchors 12 of 16 pass-2 training days
   F47 anchors 12 of 17 pass-2 training days
EL1/58 done
   F13 anchors 16 of 21 pass-2 training days
   F47 anchors 8 of 13 pass-2 training days
EL1/61 done
   F13 anchors 16 of 21 pass-2 training days
   F47 anchors 7 of 12 pass-2 training days
EL1/62 done
TM rows 2664 days 111
P2LOO rows 552 days 23
EL1 rows 480 days 20

A vs CUR
  TM     s47 0.2129->0.2093 (-1.7%)  s1414 0.2104->0.2111 (+0.3%)  s6464 0.2104->0.2087 (-0.8%)
  P2LOO  s47 0.2023->0.2158 (+6.6%)  s1414 0.2068->0.2111 (+2.1%)  s6464 0.2056->0.2122 (+3.2%)
  EL1    s47 0.2556->0.2535 (-0.8%)  s1414 0.2536->0.2548 (+0.5%)  s6464 0.2527->0.2549 (+0.9%)
  TM seed-mean 0.2112 -> 0.2096, normal 0.1097 -> 0.1064, P(worse) 0.1845
  A decision: KEEP CUR (TM all seeds better False, guards ok False, P 0.1845 vs .0083)

B3 vs CUR
  TM     s47 0.2129->0.2078 (-2.4%)  s1414 0.2104->0.2056 (-2.3%)  s6464 0.2104->0.2056 (-2.3%)
  P2LOO  s47 0.2023->0.1981 (-2.1%)  s1414 0.2068->0.2020 (-2.3%)  s6464 0.2056->0.2009 (-2.3%)
  EL1    s47 0.2556->0.2553 (-0.1%)  s1414 0.2536->0.2535 (-0.0%)  s6464 0.2527->0.2527 (+0.0%)
  TM seed-mean 0.2112 -> 0.2063, normal 0.1097 -> 0.1090, P(worse) 0.0045
  B3 decision: ADOPT (TM all seeds better True, guards ok True, P 0.0045 vs .0083)

B4 vs CUR
  TM     s47 0.2129->0.2032 (-4.6%)  s1414 0.2104->0.2013 (-4.3%)  s6464 0.2104->0.2012 (-4.4%)
  P2LOO  s47 0.2023->0.1943 (-4.0%)  s1414 0.2068->0.1976 (-4.4%)  s6464 0.2056->0.1966 (-4.4%)
  EL1    s47 0.2556->0.2550 (-0.2%)  s1414 0.2536->0.2534 (-0.1%)  s6464 0.2527->0.2528 (+0.0%)
  TM seed-mean 0.2112 -> 0.2018, normal 0.1097 -> 0.1085, P(worse) 0.0068
  B4 decision: ADOPT (TM all seeds better True, guards ok True, P 0.0068 vs .0083)
