{
  "status": "PASS",
  "checks": 96,
  "names": [
    "new_RMSE_baseline",
    "new_RMSE_candidate",
    "new_RMSE_baseline",
    "new_RMSE_candidate",
    "new_RMSE_baseline",
    "new_RMSE_candidate",
    "new_RMSE_baseline",
    "new_RMSE_candidate",
    "new_RMSE_baseline",
    "new_RMSE_candidate",
    "new_RMSE_baseline",
    "new_RMSE_candidate",
    "new_RMSE_baseline",
    "new_RMSE_candidate",
    "new_RMSE_baseline",
    "new_RMSE_candidate",
    "new_RMSE_baseline",
    "new_RMSE_candidate",
    "new_RMSE_baseline",
    "new_RMSE_candidate",
    "new_RMSE_baseline",
    "new_RMSE_candidate",
    "new_RMSE_baseline",
    "new_RMSE_candidate",
    "new_RMSE_baseline",
    "new_RMSE_candidate",
    "new_RMSE_baseline",
    "new_RMSE_candidate",
    "new_RMSE_baseline",
    "new_RMSE_candidate",
    "ST8_numpy",
    "ST8_numpy",
    "ST8_numpy",
    "ST8_numpy",
    "ST8_numpy",
    "ST8_numpy",
    "ST8_numpy",
    "ST8_numpy",
    "ST8_numpy",
    "ST8_numpy",
    "ST8_numpy",
    "ST8_numpy",
    "ST8_numpy",
    "ST8_numpy",
    "ST8_numpy",
    "pair_enumeration",
    "pair_enumeration",
    "rank_correlation",
    "rank_correlation",
    "rank_correlation",
    "rank_correlation",
    "prefix_scalar",
    "past_only",
    "missing_history_no_change",
    "past_only",
    "missing_history_no_change",
    "past_only",
    "missing_history_no_change",
    "past_only",
    "missing_history_no_change",
    "past_only",
    "missing_history_no_change",
    "past_only",
    "missing_history_no_change",
    "past_only",
    "missing_history_no_change",
    "past_only",
    "missing_history_no_change",
    "past_only",
    "missing_history_no_change",
    "past_only",
    "missing_history_no_change",
    "past_only",
    "missing_history_no_change",
    "past_only",
    "missing_history_no_change",
    "past_only",
    "missing_history_no_change",
    "past_only",
    "missing_history_no_change",
    "past_only",
    "missing_history_no_change",
    "past_only",
    "missing_history_no_change",
    "past_only",
    "missing_history_no_change",
    "past_only",
    "missing_history_no_change",
    "past_only",
    "missing_history_no_change",
    "past_only",
    "missing_history_no_change",
    "past_only",
    "missing_history_no_change",
    "past_only",
    "missing_history_no_change"
  ],
  "persistence_public_only": [
    {
      "farm": "F13",
      "role": 0,
      "n": 43,
      "level_rho": 0.8396254907882815,
      "residual_rho": 0.3311688311688311
    },
    {
      "farm": "F13",
      "role": 1,
      "n": 43,
      "level_rho": 0.8230008306275014,
      "residual_rho": 0.2629115070975536
    },
    {
      "farm": "F47",
      "role": 0,
      "n": 44,
      "level_rho": 0.9172656800563778,
      "residual_rho": 0.5529245947850598
    },
    {
      "farm": "F47",
      "role": 1,
      "n": 44,
      "level_rho": 0.933615221987315,
      "residual_rho": 0.5041578576462298
    }
  ],
  "ST8_public_rows": 27720,
  "ST8_query_pB_exact_one_share": 0.3161976911976912,
  "history_DIAG_row_share": 0.48055555555555557,
  "decision": "REJECT",
  "limitations": [
    "paired role is a proxy, not verified physical identity",
    "SE2 full-history diagnostic not independent nested validation",
    "inner model has fewer training days and sparse residual history",
    "No EL1 or final lock scored; no new submission"
  ]
}
