Running analyze.py
{"TK2_W30G": "REJECT", "TK3_TC2_W30G": "REJECT"}
{"variant": "TK2_PFN", "validator": "DIAG10", "seed": 0, "context": "1-8", "segment": "all", "n": 9600, "days": 400, "baseline_rmse": 0.6648860529515791, "candidate_rmse": 0.6620421177951124, "delta_pct": -0.42773271357428033, "fold_rmse_std": 0.13037006140376325, "p_worse": 0.17765, "mse_ci": [-0.015608879227435668, 0.010772370390382872]}
{"variant": "TK2_PFN", "validator": "DIAG10", "seed": 0, "context": "17-24", "segment": "all", "n": 9600, "days": 400, "baseline_rmse": 0.6656810816079884, "candidate_rmse": 0.6606422357994703, "delta_pct": -0.7569459231658637, "fold_rmse_std": 0.12085580224187323, "p_worse": 0.0755, "mse_ci": [-0.02431889058201281, 0.007199070485114338]}
{"variant": "TK2_PFN", "validator": "EL1", "seed": 0, "context": "1-8", "segment": "all", "n": 1344, "days": 56, "baseline_rmse": 0.8039081113897059, "candidate_rmse": 0.8094844550823221, "delta_pct": 0.6936543634292303, "fold_rmse_std": 0.40698538705399157}
{"variant": "TK2_PFN", "validator": "EL1", "seed": 0, "context": "17-24", "segment": "all", "n": 1344, "days": 56, "baseline_rmse": 0.8021870449150637, "candidate_rmse": 0.8078950456859388, "delta_pct": 0.7115548433569652, "fold_rmse_std": 0.410690340055456}
{"variant": "TK2_PFN", "validator": "EXT10", "seed": 0, "context": "1-8", "segment": "all", "n": 2040, "days": 85, "baseline_rmse": 0.9426413442617694, "candidate_rmse": 0.9421360598910103, "delta_pct": -0.05360303511350306, "fold_rmse_std": 0.0}
{"variant": "TK2_PFN", "validator": "EXT10", "seed": 0, "context": "17-24", "segment": "all", "n": 2040, "days": 85, "baseline_rmse": 0.9997900089362634, "candidate_rmse": 1.0015969723459621, "delta_pct": 0.18073429355642823, "fold_rmse_std": 0.0}
{"variant": "TK2_PFN", "validator": "EXT12", "seed": 0, "context": "1-8", "segment": "all", "n": 5256, "days": 219, "baseline_rmse": 0.9813855461050595, "candidate_rmse": 0.9573173806891029, "delta_pct": -2.452467892102017, "fold_rmse_std": 0.0}
{"variant": "TK2_PFN", "validator": "EXT12", "seed": 0, "context": "17-24", "segment": "all", "n": 5256, "days": 219, "baseline_rmse": 1.0012609152133018, "candidate_rmse": 0.9793586349645644, "delta_pct": -2.187469810910525, "fold_rmse_std": 0.0}
{"variant": "TK2_W30G", "validator": "DIAG10", "seed": 7, "context": "1-8", "segment": "all", "n": 9600, "days": 400, "baseline_rmse": 0.6585665029322774, "candidate_rmse": 0.6583746689909225, "delta_pct": -0.02912901590056416, "fold_rmse_std": 0.10042580542653837, "p_worse": 0.40575, "mse_ci": [-0.004559424186821227, 0.006629009080372113]}
{"variant": "TK2_W30G", "validator": "DIAG10", "seed": 7, "context": "17-24", "segment": "all", "n": 9600, "days": 400, "baseline_rmse": 0.6605670427263336, "candidate_rmse": 0.6595211677568281, "delta_pct": -0.1583298744649575, "fold_rmse_std": 0.09745166988173529, "p_worse": 0.2058, "mse_ci": [-0.006947049401530333, 0.004009728477983931]}
{"variant": "TK2_W30G", "validator": "DIAG10", "seed": 101, "context": "1-8", "segment": "all", "n": 9600, "days": 400, "baseline_rmse": 0.6587854055590155, "candidate_rmse": 0.6586207560414113, "delta_pct": -0.024992890889030672, "fold_rmse_std": 0.09959738684713451, "p_worse": 0.4132, "mse_ci": [-0.004529872729749683, 0.006681241538013816]}
{"variant": "TK2_W30G", "validator": "DIAG10", "seed": 101, "context": "17-24", "segment": "all", "n": 9600, "days": 400, "baseline_rmse": 0.6608244876577456, "candidate_rmse": 0.6597971826390747, "delta_pct": -0.15545807364253372, "fold_rmse_std": 0.09661759321923646, "p_worse": 0.21095, "mse_ci": [-0.006952994489605573, 0.00404635229039106]}
{"variant": "TK2_W30G", "validator": "EL1", "seed": 7, "context": "1-8", "segment": "all", "n": 1344, "days": 56, "baseline_rmse": 0.7805057593185715, "candidate_rmse": 0.7816230883428529, "delta_pct": 0.14315448809203435, "fold_rmse_std": 0.3805047025260281}
{"variant": "TK2_W30G", "validator": "EL1", "seed": 7, "context": "17-24", "segment": "all", "n": 1344, "days": 56, "baseline_rmse": 0.7801341474084468, "candidate_rmse": 0.7817041338432931, "delta_pct": 0.20124570114790075, "fold_rmse_std": 0.3819439546697546}
{"variant": "TK2_W30G", "validator": "EL1", "seed": 101, "context": "1-8", "segment": "all", "n": 1344, "days": 56, "baseline_rmse": 0.7799537011332269, "candidate_rmse": 0.7811939763181724, "delta_pct": 0.15901907807391868, "fold_rmse_std": 0.3828044148184684}
{"variant": "TK2_W30G", "validator": "EL1", "seed": 101, "context": "17-24", "segment": "all", "n": 1344, "days": 56, "baseline_rmse": 0.7796878206368013, "candidate_rmse": 0.7813283211069412, "delta_pct": 0.21040478339138247, "fold_rmse_std": 0.3843081969555578}
{"variant": "TK2_W30G", "validator": "EXT10", "seed": 7, "context": "1-8", "segment": "all", "n": 2040, "days": 85, "baseline_rmse": 0.8460110604053742, "candidate_rmse": 0.8467795395536099, "delta_pct": 0.09083559118805429, "fold_rmse_std": 0.0}
{"variant": "TK2_W30G", "validator": "EXT10", "seed": 7, "context": "17-24", "segment": "all", "n": 2040, "days": 85, "baseline_rmse": 0.844861146894635, "candidate_rmse": 0.8453202036413361, "delta_pct": 0.05433517074235894, "fold_rmse_std": 0.0}
{"variant": "TK2_W30G", "validator": "EXT10", "seed": 101, "context": "1-8", "segment": "all", "n": 2040, "days": 85, "baseline_rmse": 0.8449746415394027, "candidate_rmse": 0.8457650123593538, "delta_pct": 0.09353781534924277, "fold_rmse_std": 0.0}
{"variant": "TK2_W30G", "validator": "EXT10", "seed": 101, "context": "17-24", "segment": "all", "n": 2040, "days": 85, "baseline_rmse": 0.844507277983621, "candidate_rmse": 0.8449419015139608, "delta_pct": 0.051464746565299535, "fold_rmse_std": 0.0}
{"variant": "TK2_W30G", "validator": "EXT12", "seed": 7, "context": "1-8", "segment": "all", "n": 5256, "days": 219, "baseline_rmse": 0.8098664956233621, "candidate_rmse": 0.8077405003006114, "delta_pct": -0.262511825620626, "fold_rmse_std": 0.0}
{"variant": "TK2_W30G", "validator": "EXT12", "seed": 7, "context": "17-24", "segment": "all", "n": 5256, "days": 219, "baseline_rmse": 0.8104227223412102, "candidate_rmse": 0.8087080913458093, "delta_pct": -0.21157242364175932, "fold_rmse_std": 0.0}
{"variant": "TK2_W30G", "validator": "EXT12", "seed": 101, "context": "1-8", "segment": "all", "n": 5256, "days": 219, "baseline_rmse": 0.8134254825087196, "candidate_rmse": 0.81138699926082, "delta_pct": -0.25060479315358597, "fold_rmse_std": 0.0}
{"variant": "TK2_W30G", "validator": "EXT12", "seed": 101, "context": "17-24", "segment": "all", "n": 5256, "days": 219, "baseline_rmse": 0.8138706720618553, "candidate_rmse": 0.812301333803937, "delta_pct": -0.19282403357065991, "fold_rmse_std": 0.0}
{"variant": "TK3_TC2_W30G", "validator": "DIAG10", "seed": 7, "context": "1-8", "segment": "all", "n": 9600, "days": 400, "baseline_rmse": 0.6585665029322774, "candidate_rmse": 0.6570766556151857, "delta_pct": -0.2262257965532921, "fold_rmse_std": 0.09996971277927945, "p_worse": 0.18895, "mse_ci": [-0.00945574107091979, 0.004101401498110586]}
{"variant": "TK3_TC2_W30G", "validator": "DIAG10", "seed": 7, "context": "17-24", "segment": "all", "n": 9600, "days": 400, "baseline_rmse": 0.6605670427263336, "candidate_rmse": 0.6590243487017355, "delta_pct": -0.23354087092067877, "fold_rmse_std": 0.09795453903252062, "p_worse": 0.1826, "mse_ci": [-0.009660929392597342, 0.004083999714135993]}
{"variant": "TK3_TC2_W30G", "validator": "DIAG10", "seed": 101, "context": "1-8", "segment": "all", "n": 9600, "days": 400, "baseline_rmse": 0.6587854055590155, "candidate_rmse": 0.6566473613648108, "delta_pct": -0.32454334539947505, "fold_rmse_std": 0.09864190043183485, "p_worse": 0.09615, "mse_ci": [-0.009898891075559395, 0.0033266222454710797]}
{"variant": "TK3_TC2_W30G", "validator": "DIAG10", "seed": 101, "context": "17-24", "segment": "all", "n": 9600, "days": 400, "baseline_rmse": 0.6608244876577456, "candidate_rmse": 0.6586564449618398, "delta_pct": -0.3280814704052948, "fold_rmse_std": 0.09664602784760455, "p_worse": 0.09565, "mse_ci": [-0.010108870629244872, 0.003385872413255597]}
{"variant": "TK3_TC2_W30G", "validator": "EL1", "seed": 7, "context": "1-8", "segment": "all", "n": 1344, "days": 56, "baseline_rmse": 0.7805057593185715, "candidate_rmse": 0.774226467129128, "delta_pct": -0.8045158045887679, "fold_rmse_std": 0.37833598096300736}
{"variant": "TK3_TC2_W30G", "validator": "EL1", "seed": 7, "context": "17-24", "segment": "all", "n": 1344, "days": 56, "baseline_rmse": 0.7801341474084468, "candidate_rmse": 0.7741613535441245, "delta_pct": -0.7656111303630864, "fold_rmse_std": 0.3808930395445712}
{"variant": "TK3_TC2_W30G", "validator": "EL1", "seed": 101, "context": "1-8", "segment": "all", "n": 1344, "days": 56, "baseline_rmse": 0.7799537011332269, "candidate_rmse": 0.7744652321475085, "delta_pct": -0.7036916393555193, "fold_rmse_std": 0.37794761094243673}
{"variant": "TK3_TC2_W30G", "validator": "EL1", "seed": 101, "context": "17-24", "segment": "all", "n": 1344, "days": 56, "baseline_rmse": 0.7796878206368013, "candidate_rmse": 0.7744579750516339, "delta_pct": -0.6707614825759323, "fold_rmse_std": 0.38044575117891566}
{"variant": "TK3_TC2_W30G", "validator": "EXT10", "seed": 7, "context": "1-8", "segment": "all", "n": 2040, "days": 85, "baseline_rmse": 0.8460110604053742, "candidate_rmse": 0.8387993697151906, "delta_pct": -0.85243456353018, "fold_rmse_std": 0.0}
{"variant": "TK3_TC2_W30G", "validator": "EXT10", "seed": 7, "context": "17-24", "segment": "all", "n": 2040, "days": 85, "baseline_rmse": 0.844861146894635, "candidate_rmse": 0.838201855354317, "delta_pct": -0.7882113605051866, "fold_rmse_std": 0.0}
{"variant": "TK3_TC2_W30G", "validator": "EXT10", "seed": 101, "context": "1-8", "segment": "all", "n": 2040, "days": 85, "baseline_rmse": 0.8449746415394027, "candidate_rmse": 0.8424719171393962, "delta_pct": -0.29618929101197233, "fold_rmse_std": 0.0}
{"variant": "TK3_TC2_W30G", "validator": "EXT10", "seed": 101, "context": "17-24", "segment": "all", "n": 2040, "days": 85, "baseline_rmse": 0.844507277983621, "candidate_rmse": 0.842583304771322, "delta_pct": -0.22782198122587305, "fold_rmse_std": 0.0}
{"variant": "TK3_TC2_W30G", "validator": "EXT12", "seed": 7, "context": "1-8", "segment": "all", "n": 5256, "days": 219, "baseline_rmse": 0.8098664956233621, "candidate_rmse": 0.8159709763695687, "delta_pct": 0.7537638338165786, "fold_rmse_std": 0.0}
{"variant": "TK3_TC2_W30G", "validator": "EXT12", "seed": 7, "context": "17-24", "segment": "all", "n": 5256, "days": 219, "baseline_rmse": 0.8104227223412102, "candidate_rmse": 0.8169378648351037, "delta_pct": 0.8039190306846411, "fold_rmse_std": 0.0}
{"variant": "TK3_TC2_W30G", "validator": "EXT12", "seed": 101, "context": "1-8", "segment": "all", "n": 5256, "days": 219, "baseline_rmse": 0.8134254825087196, "candidate_rmse": 0.8216493518113213, "delta_pct": 1.0110169252674606, "fold_rmse_std": 0.0}
{"variant": "TK3_TC2_W30G", "validator": "EXT12", "seed": 101, "context": "17-24", "segment": "all", "n": 5256, "days": 219, "baseline_rmse": 0.8138706720618553, "candidate_rmse": 0.8225433463964191, "delta_pct": 1.065608410804697, "fold_rmse_std": 0.0}
Running verify.py
VERIFICATION PASS
ALL TK1 TK2 TK3 NUMERICAL AUDITS DONE
