{
  "status": "PASS",
  "checks": 56250,
  "overlap": [
    {
      "seed": 7,
      "hour": 0,
      "inner_coverage": 217,
      "outer_coverage": 360,
      "inner_high": 27,
      "outer_high": 39,
      "common": 21,
      "inner_only": 6,
      "outer_only": 18
    },
    {
      "seed": 7,
      "hour": 23,
      "inner_coverage": 217,
      "outer_coverage": 360,
      "inner_high": 25,
      "outer_high": 42,
      "common": 21,
      "inner_only": 4,
      "outer_only": 21
    },
    {
      "seed": 101,
      "hour": 0,
      "inner_coverage": 217,
      "outer_coverage": 360,
      "inner_high": 26,
      "outer_high": 39,
      "common": 22,
      "inner_only": 4,
      "outer_only": 17
    },
    {
      "seed": 101,
      "hour": 23,
      "inner_coverage": 217,
      "outer_coverage": 360,
      "inner_high": 24,
      "outer_high": 41,
      "common": 21,
      "inner_only": 3,
      "outer_only": 20
    },
    {
      "seed": 2024,
      "hour": 0,
      "inner_coverage": 217,
      "outer_coverage": 360,
      "inner_high": 28,
      "outer_high": 38,
      "common": 21,
      "inner_only": 7,
      "outer_only": 17
    },
    {
      "seed": 2024,
      "hour": 23,
      "inner_coverage": 217,
      "outer_coverage": 360,
      "inner_high": 26,
      "outer_high": 41,
      "common": 21,
      "inner_only": 5,
      "outer_only": 20
    }
  ],
  "selected": [
    {
      "seed": 7,
      "hour": 0,
      "group": "actual_high",
      "n": 20,
      "x_inner": 1.261064205174696,
      "x_outer": 1.2465084265875044,
      "x_delta": -0.014555778587191736,
      "required_shift_inner": 0.28203787815863735,
      "required_shift_outer": 0.29659365674582905,
      "needed_shift_delta": 0.014555778587191736,
      "learned_correction_inner": -0.004054722278011234,
      "learned_correction_outer": -0.008648845653496764,
      "x_delta_median": -0.0009152973380649465,
      "outer_prediction_higher_n": 10
    },
    {
      "seed": 7,
      "hour": 0,
      "group": "both_high",
      "n": 21,
      "x_inner": 1.2957864107433121,
      "x_outer": 1.3071149387499643,
      "x_delta": 0.011328528006652152,
      "required_shift_inner": 0.12029890671700545,
      "required_shift_outer": 0.1089703787103533,
      "needed_shift_delta": -0.011328528006652152,
      "learned_correction_inner": -0.003868322265377506,
      "learned_correction_outer": -0.011239905208590806,
      "x_delta_median": 0.03283806949915924,
      "outer_prediction_higher_n": 12
    },
    {
      "seed": 7,
      "hour": 23,
      "group": "actual_high",
      "n": 20,
      "x_inner": 1.2788895613850984,
      "x_outer": 1.265050479536164,
      "x_delta": -0.013839081848934277,
      "required_shift_inner": 0.26421252194823486,
      "required_shift_outer": 0.27805160379716914,
      "needed_shift_delta": 0.013839081848934277,
      "learned_correction_inner": -0.0006948186462602942,
      "learned_correction_outer": -0.0061215058519339515,
      "x_delta_median": 0.009914326559139153,
      "outer_prediction_higher_n": 10
    },
    {
      "seed": 7,
      "hour": 23,
      "group": "both_high",
      "n": 21,
      "x_inner": 1.3054537084584157,
      "x_outer": 1.2916688471738602,
      "x_delta": -0.013784861284555402,
      "required_shift_inner": 0.17503835503364779,
      "required_shift_outer": 0.1888232163182032,
      "needed_shift_delta": 0.013784861284555402,
      "learned_correction_inner": -0.0007472810075737427,
      "learned_correction_outer": -0.007781305059143451,
      "x_delta_median": -0.008144648414149636,
      "outer_prediction_higher_n": 9
    },
    {
      "seed": 101,
      "hour": 0,
      "group": "actual_high",
      "n": 20,
      "x_inner": 1.2667402164124903,
      "x_outer": 1.2504380023524502,
      "x_delta": -0.01630221406003999,
      "required_shift_inner": 0.2763618669208431,
      "required_shift_outer": 0.2926640809808831,
      "needed_shift_delta": 0.016302214060039982,
      "learned_correction_inner": -0.004731657699223966,
      "learned_correction_outer": -0.008427827311578593,
      "x_delta_median": 0.030880263101087047,
      "outer_prediction_higher_n": 11
    },
    {
      "seed": 101,
      "hour": 0,
      "group": "both_high",
      "n": 22,
      "x_inner": 1.2952378769632977,
      "x_outer": 1.28322361919155,
      "x_delta": -0.012014257771748048,
      "required_shift_inner": 0.10856704727912629,
      "required_shift_outer": 0.12058130505087435,
      "needed_shift_delta": 0.012014257771748043,
      "learned_correction_inner": -0.004345788158847862,
      "learned_correction_outer": -0.010501281888854888,
      "x_delta_median": 0.005193466082609177,
      "outer_prediction_higher_n": 11
    },
    {
      "seed": 101,
      "hour": 23,
      "group": "actual_high",
      "n": 20,
      "x_inner": 1.2783108491479385,
      "x_outer": 1.2644558681632483,
      "x_delta": -0.01385498098468998,
      "required_shift_inner": 0.26479123418539496,
      "required_shift_outer": 0.2786462151700849,
      "needed_shift_delta": 0.013854980984689968,
      "learned_correction_inner": -0.00045050445714407824,
      "learned_correction_outer": -0.005647160570682444,
      "x_delta_median": 0.005204246880698538,
      "outer_prediction_higher_n": 10
    },
    {
      "seed": 101,
      "hour": 23,
      "group": "both_high",
      "n": 21,
      "x_inner": 1.3044818049474771,
      "x_outer": 1.291676475968399,
      "x_delta": -0.012805328979078035,
      "required_shift_inner": 0.17601025854458646,
      "required_shift_outer": 0.18881558752366448,
      "needed_shift_delta": 0.012805328979078014,
      "learned_correction_inner": -0.0005037919404890899,
      "learned_correction_outer": -0.007356209072040934,
      "x_delta_median": -0.015650429765910356,
      "outer_prediction_higher_n": 9
    },
    {
      "seed": 2024,
      "hour": 0,
      "group": "actual_high",
      "n": 20,
      "x_inner": 1.2693146230943029,
      "x_outer": 1.247533490852234,
      "x_delta": -0.021781132242068662,
      "required_shift_inner": 0.2737874602390305,
      "required_shift_outer": 0.29556859248109923,
      "needed_shift_delta": 0.021781132242068645,
      "learned_correction_inner": -0.005473896400933811,
      "learned_correction_outer": -0.009256722254862028,
      "x_delta_median": 0.01458503202027972,
      "outer_prediction_higher_n": 11
    },
    {
      "seed": 2024,
      "hour": 0,
      "group": "both_high",
      "n": 21,
      "x_inner": 1.300766978940595,
      "x_outer": 1.3032031080361592,
      "x_delta": 0.002436129095564486,
      "required_shift_inner": 0.10730643375781794,
      "required_shift_outer": 0.10487030466225346,
      "needed_shift_delta": -0.002436129095564502,
      "learned_correction_inner": -0.005246963462027769,
      "learned_correction_outer": -0.011341074163073535,
      "x_delta_median": 0.03710543485382334,
      "outer_prediction_higher_n": 12
    },
    {
      "seed": 2024,
      "hour": 23,
      "group": "actual_high",
      "n": 20,
      "x_inner": 1.2796548708267361,
      "x_outer": 1.2626667870639785,
      "x_delta": -0.016988083762757865,
      "required_shift_inner": 0.2634472125065969,
      "required_shift_outer": 0.2804352962693548,
      "needed_shift_delta": 0.01698808376275789,
      "learned_correction_inner": -0.0012879710634927297,
      "learned_correction_outer": -0.0062333611690174335,
      "x_delta_median": 0.005591027700488638,
      "outer_prediction_higher_n": 10
    },
    {
      "seed": 2024,
      "hour": 23,
      "group": "both_high",
      "n": 21,
      "x_inner": 1.3051819695936644,
      "x_outer": 1.2889496592908682,
      "x_delta": -0.01623231030279615,
      "required_shift_inner": 0.17531009389839897,
      "required_shift_outer": 0.19154240420119512,
      "needed_shift_delta": 0.016232310302796177,
      "learned_correction_inner": -0.0013522633358435713,
      "learned_correction_outer": -0.007969129116123238,
      "x_delta_median": -0.01136420273797567,
      "outer_prediction_higher_n": 9
    }
  ]
}
