ACTUAL_CASE DIAG10 0 7
ACTUAL_CASE DIAG10 0 101
ACTUAL_CASE DIAG10 0 2024
ACTUAL_CASE DIAG10 1 7
ACTUAL_CASE DIAG10 1 101
ACTUAL_CASE DIAG10 1 2024
ACTUAL_CASE DIAG10 2 7
ACTUAL_CASE DIAG10 2 101
ACTUAL_CASE DIAG10 2 2024
ACTUAL_CASE DIAG10 3 7
ACTUAL_CASE DIAG10 3 101
ACTUAL_CASE DIAG10 3 2024
ACTUAL_CASE DIAG10 4 7
ACTUAL_CASE DIAG10 4 101
ACTUAL_CASE DIAG10 4 2024
ACTUAL_CASE DIAG10 5 7
ACTUAL_CASE DIAG10 5 101
ACTUAL_CASE DIAG10 5 2024
ACTUAL_CASE DIAG10 6 7
ACTUAL_CASE DIAG10 6 101
ACTUAL_CASE DIAG10 6 2024
ACTUAL_CASE DIAG10 7 7
ACTUAL_CASE DIAG10 7 101
ACTUAL_CASE DIAG10 7 2024
ACTUAL_CASE DIAG10 8 7
ACTUAL_CASE DIAG10 8 101
ACTUAL_CASE DIAG10 8 2024
ACTUAL_CASE DIAG10 9 7
ACTUAL_CASE DIAG10 9 101
ACTUAL_CASE DIAG10 9 2024
ACTUAL_CASE A 0 7
ACTUAL_CASE A 0 101
ACTUAL_CASE A 0 2024
ACTUAL_CASE A 1 7
ACTUAL_CASE A 1 101
ACTUAL_CASE A 1 2024
ACTUAL_CASE A 2 7
ACTUAL_CASE A 2 101
ACTUAL_CASE A 2 2024
ACTUAL_CASE A 3 7
ACTUAL_CASE A 3 101
ACTUAL_CASE A 3 2024
ACTUAL_CASE A 4 7
ACTUAL_CASE A 4 101
ACTUAL_CASE A 4 2024
ACTUAL_CASE B 0 7
ACTUAL_CASE B 0 101
ACTUAL_CASE B 0 2024
ACTUAL_CASE B 1 7
ACTUAL_CASE B 1 101
ACTUAL_CASE B 1 2024
ACTUAL_CASE B 2 7
ACTUAL_CASE B 2 101
ACTUAL_CASE B 2 2024
ACTUAL_CASE B 3 7
ACTUAL_CASE B 3 101
ACTUAL_CASE B 3 2024
ACTUAL_CASE B 4 7
ACTUAL_CASE B 4 101
ACTUAL_CASE B 4 2024
