EC_DAY20 DIAG10/0 done train=262 query=38
EC_DAY20 DIAG10/1 done train=273 query=30
EC_DAY20 DIAG10/2 done train=259 query=40
EC_DAY20 DIAG10/3 done train=267 query=33
EC_DAY20 DIAG10/4 done train=255 query=40
EC_DAY20 DIAG10/5 done train=274 query=28
EC_DAY20 DIAG10/6 done train=262 query=40
EC_DAY20 DIAG10/7 done train=274 query=31
EC_DAY20 DIAG10/8 done train=258 query=40
EC_DAY20 DIAG10/9 done train=258 query=40
EC_DAY20 A/0 done train=253 query=53
EC_DAY20 A/1 done train=247 query=55
EC_DAY20 A/2 done train=250 query=53
EC_DAY20 A/3 done train=251 query=52
EC_DAY20 A/4 done train=254 query=51
EC_DAY20 B/0 done train=248 query=53
EC_DAY20 B/1 done train=246 query=55
EC_DAY20 B/2 done train=255 query=51
EC_DAY20 B/3 done train=249 query=54
EC_DAY20 B/4 done train=255 query=50
EC_DAY20 EXT10/0 done train=191 query=75
EC_DAY20 EXT12/0 done train=100 query=193
EC_DAY20_DONE
