EC_RARE_ET DIAG10/0 done train=262 query=38
EC_RARE_ET DIAG10/1 done train=273 query=30
EC_RARE_ET DIAG10/2 done train=259 query=40
EC_RARE_ET DIAG10/3 done train=267 query=33
EC_RARE_ET DIAG10/4 done train=255 query=40
EC_RARE_ET DIAG10/5 done train=274 query=28
EC_RARE_ET DIAG10/6 done train=262 query=40
EC_RARE_ET DIAG10/7 done train=274 query=31
EC_RARE_ET DIAG10/8 done train=258 query=40
EC_RARE_ET DIAG10/9 done train=258 query=40
EC_RARE_ET A/0 done train=253 query=53
EC_RARE_ET A/1 done train=247 query=55
EC_RARE_ET A/2 done train=250 query=53
EC_RARE_ET A/3 done train=251 query=52
EC_RARE_ET A/4 done train=254 query=51
EC_RARE_ET B/0 done train=248 query=53
EC_RARE_ET B/1 done train=246 query=55
EC_RARE_ET B/2 done train=255 query=51
EC_RARE_ET B/3 done train=249 query=54
EC_RARE_ET B/4 done train=255 query=50
EC_RARE_ET EXT10/0 done train=191 query=75
EC_RARE_ET EXT12/0 done train=100 query=193
EC_RARE_ET_DONE
