RISK EC DIAG10/0 done inner_days=70
RISK EC DIAG10/1 done inner_days=71
RISK EC DIAG10/2 done inner_days=70
RISK EC DIAG10/3 done inner_days=72
RISK EC DIAG10/4 done inner_days=69
RISK EC DIAG10/5 done inner_days=70
RISK EC DIAG10/6 done inner_days=70
RISK EC DIAG10/7 done inner_days=70
RISK EC DIAG10/8 done inner_days=69
RISK EC DIAG10/9 done inner_days=70
RISK EC A/0 done inner_days=66
RISK EC A/1 done inner_days=65
RISK EC A/2 done inner_days=66
RISK EC A/3 done inner_days=66
RISK EC A/4 done inner_days=68
RISK EC B/0 done inner_days=67
RISK EC B/1 done inner_days=65
RISK EC B/2 done inner_days=70
RISK EC B/3 done inner_days=65
RISK EC B/4 done inner_days=70
RISK EC EXT10/0 done inner_days=50
RISK EC EXT12/0 done inner_days=29
RISK TEMP DIAG10/0 done inner_days=90
RISK TEMP DIAG10/1 done inner_days=90
RISK TEMP DIAG10/2 done inner_days=90
RISK TEMP DIAG10/3 done inner_days=90
RISK TEMP DIAG10/4 done inner_days=90
RISK TEMP DIAG10/5 done inner_days=90
RISK TEMP DIAG10/6 done inner_days=90
RISK TEMP DIAG10/7 done inner_days=90
RISK TEMP DIAG10/8 done inner_days=90
RISK TEMP DIAG10/9 done inner_days=90
RISK TEMP EXT10/0 done inner_days=65
RISK TEMP EXT12/0 done inner_days=35
risk_DONE
