DIAG10 0 7 done weight 0.29037282890969635
DIAG10 0 101 done weight 0.21087891004214968
DIAG10 0 2024 done weight 0.32320319576683204
DIAG10 1 7 done weight 0.02240550729692416
DIAG10 1 101 done weight 0.012828429792904038
DIAG10 1 2024 done weight 0.009936664754092911
DIAG10 2 7 done weight 0.009618888781010016
DIAG10 2 101 done weight 0.0
DIAG10 2 2024 done weight 0.02361876821764456
DIAG10 3 7 done weight 0.06398013169178492
DIAG10 3 101 done weight 0.08017383242859392
DIAG10 3 2024 done weight 0.07222625271494579
DIAG10 4 7 done weight 0.11171910270181812
DIAG10 4 101 done weight 0.1025627182924113
DIAG10 4 2024 done weight 0.1329119777571777
DIAG10 5 7 done weight 0.0
DIAG10 5 101 done weight 0.0
DIAG10 5 2024 done weight 0.0
DIAG10 6 7 done weight 0.0
DIAG10 6 101 done weight 0.0
DIAG10 6 2024 done weight 0.0
DIAG10 7 7 done weight 0.03884244428603265
DIAG10 7 101 done weight 0.050070649678046114
DIAG10 7 2024 done weight 0.05715575414453786
DIAG10 8 7 done weight 0.0
DIAG10 8 101 done weight 0.0
DIAG10 8 2024 done weight 0.0
DIAG10 9 7 done weight 0.0
DIAG10 9 101 done weight 0.0
DIAG10 9 2024 done weight 0.0
A 0 7 done weight 0.06733164216208437
A 0 101 done weight 0.09293891281136332
A 0 2024 done weight 0.06485308782964481
A 1 7 done weight 0.10016577640272263
A 1 101 done weight 0.12375909087394371
A 1 2024 done weight 0.09643181033064673
A 2 7 done weight 0.08352355590984598
A 2 101 done weight 0.06333705502979747
A 2 2024 done weight 0.07155150429450233
A 3 7 done weight 0.08964147496714502
A 3 101 done weight 0.05914517147171392
A 3 2024 done weight 0.0698363294780769
A 4 7 done weight 0.021786582712118162
A 4 101 done weight 0.01657484111262966
A 4 2024 done weight 0.010568869006924051
B 0 7 done weight 0.06089374551920038
B 0 101 done weight 0.05010516021871686
B 0 2024 done weight 0.061214550985326105
B 1 7 done weight 0.0
B 1 101 done weight 0.0
B 1 2024 done weight 0.0
B 2 7 done weight 0.5551924673794525
B 2 101 done weight 0.4779232026344125
B 2 2024 done weight 0.554122822335947
B 3 7 done weight 0.1875840326928173
B 3 101 done weight 0.17905591490645517
B 3 2024 done weight 0.22888302309651112
B 4 7 done weight 0.0
B 4 101 done weight 0.0
B 4 2024 done weight 0.0
EXT10 0 7 done weight 0.0
EXT10 0 101 done weight 0.0
EXT10 0 2024 done weight 0.0
EXT12 0 7 done weight 0.0
EXT12 0 101 done weight 0.0
EXT12 0 2024 done weight 0.0
ALL_FITS_COMPLETE
