validator  seed    n  baseline  candidate  change_pct
        A     7 6336  0.214685   0.214174   -0.237902
        A   101 6336  0.216246   0.215641   -0.279606
        A  2024 6336  0.215872   0.215293   -0.268386
        B     7 6312  0.200013   0.200250    0.118435
        B   101 6312  0.199782   0.200218    0.218401
        B  2024 6312  0.199705   0.200019    0.157100
   DIAG10     7 8640  0.181125   0.181044   -0.044896
   DIAG10   101 8640  0.181679   0.181577   -0.055984
   DIAG10  2024 8640  0.181728   0.181567   -0.088573
    EXT10     7 1800  0.396781   0.396781    0.000000
    EXT10   101 1800  0.400067   0.400067    0.000000
    EXT10  2024 1800  0.399158   0.399158    0.000000
    EXT12     7 4632  0.414170   0.414170    0.000000
    EXT12   101 4632  0.412661   0.412661    0.000000
    EXT12  2024 4632  0.410576   0.410576    0.000000
{
  "status": "PASS",
  "decision": "REJECT",
  "public_pass": false,
  "recipe": "logblend",
  "family": 19,
  "alpha": 0.0013157894736842105,
  "rows": 83160,
  "checks": 1864728,
  "bootstrap": {
    "7": {
      "p_worse": 0.385,
      "ci": [
        -0.0003452018143266982,
        0.00023380377731647094
      ]
    },
    "101": {
      "p_worse": 0.3264,
      "ci": [
        -0.0002991683740912224,
        0.00018283512428266847
      ]
    },
    "2024": {
      "p_worse": 0.3078,
      "ci": [
        -0.0004319578369163694,
        0.000252531709242745
      ]
    }
  },
  "scalar_maxdiff": 0,
  "source_sha256": "f3a66402c3dba9fff5585d9c64e478d2f271fb57593c2f683682d72db0d9f542",
  "verifier_sha256": "b42d26642aa5c6adce7438bb587e966e449a1a08c348ab544ebf25b8a3ec892d",
  "limitations": [
    "repeated public validation, not untouched holdout",
    "no EL1/test/new lock scoring",
    "inner fitting gains are not independent performance"
  ]
}
