T_DIAG10_0 meta evaluation done
T_DIAG10_1 meta evaluation done
T_DIAG10_2 meta evaluation done
T_DIAG10_3 meta evaluation done
T_DIAG10_4 meta evaluation done
T_DIAG10_5 meta evaluation done
T_DIAG10_6 meta evaluation done
T_DIAG10_7 meta evaluation done
T_DIAG10_8 meta evaluation done
T_DIAG10_9 meta evaluation done
T_EXT10_0 meta evaluation done
T_EXT12_0 meta evaluation done
E_DIAG10_0 state evaluation done
E_DIAG10_1 state evaluation done
E_DIAG10_2 state evaluation done
E_DIAG10_3 state evaluation done
E_DIAG10_4 state evaluation done
E_DIAG10_5 state evaluation done
E_DIAG10_6 state evaluation done
E_DIAG10_7 state evaluation done
E_DIAG10_8 state evaluation done
E_DIAG10_9 state evaluation done
E_A_0 state evaluation done
E_A_1 state evaluation done
E_A_2 state evaluation done
E_A_3 state evaluation done
E_A_4 state evaluation done
E_B_0 state evaluation done
E_B_1 state evaluation done
E_B_2 state evaluation done
E_B_3 state evaluation done
E_B_4 state evaluation done
E_EXT10_0 state evaluation done
E_EXT12_0 state evaluation done
{"TBIAS": "REJECT", "TGATE": "REJECT", "ESTATE": "REJECT"}
