T_DIAG10_0/PFN1 done elapsed50s
T_DIAG10_0/PFN2 done elapsed82s
T_DIAG10_0/PFN3 done elapsed108s
T_DIAG10_0/PFN4 done elapsed135s
T_DIAG10_0/PFN5 done elapsed161s
T_DIAG10_0/PFN6 done elapsed187s
T_DIAG10_0/PFN7 done elapsed214s
T_DIAG10_0/PFN8 done elapsed240s
T_DIAG10_0/PFN17 done elapsed266s
T_DIAG10_0/PFN18 done elapsed292s
T_DIAG10_0/PFN19 done elapsed318s
T_DIAG10_0/PFN20 done elapsed360s
T_DIAG10_0/PFN21 done elapsed407s
T_DIAG10_0/PFN22 done elapsed440s
T_DIAG10_0/PFN23 done elapsed466s
T_DIAG10_0/PFN24 done elapsed490s
T_DIAG10_1/PFN1 done elapsed515s
T_DIAG10_1/PFN2 done elapsed541s
T_DIAG10_1/PFN3 done elapsed567s
T_DIAG10_1/PFN4 done elapsed592s
T_DIAG10_1/PFN5 done elapsed619s
T_DIAG10_1/PFN6 done elapsed644s
T_DIAG10_1/PFN7 done elapsed671s
T_DIAG10_1/PFN8 done elapsed697s
T_DIAG10_1/PFN17 done elapsed724s
T_DIAG10_1/PFN18 done elapsed750s
T_DIAG10_1/PFN19 done elapsed775s
T_DIAG10_1/PFN20 done elapsed801s
T_DIAG10_1/PFN21 done elapsed826s
T_DIAG10_1/PFN22 done elapsed853s
T_DIAG10_1/PFN23 done elapsed879s
T_DIAG10_1/PFN24 done elapsed903s
T_DIAG10_2/PFN1 done elapsed929s
T_DIAG10_2/PFN2 done elapsed954s
T_DIAG10_2/PFN3 done elapsed980s
T_DIAG10_2/PFN4 done elapsed1005s
T_DIAG10_2/PFN5 done elapsed1031s
T_DIAG10_2/PFN6 done elapsed1057s
T_DIAG10_2/PFN7 done elapsed1080s
T_DIAG10_2/PFN8 done elapsed1104s
T_DIAG10_2/PFN17 done elapsed1128s
T_DIAG10_2/PFN18 done elapsed1152s
T_DIAG10_2/PFN19 done elapsed1178s
T_DIAG10_2/PFN20 done elapsed1204s
T_DIAG10_2/PFN21 done elapsed1230s
T_DIAG10_2/PFN22 done elapsed1254s
T_DIAG10_2/PFN23 done elapsed1277s
T_DIAG10_2/PFN24 done elapsed1302s
T_DIAG10_3/PFN1 done elapsed1327s
T_DIAG10_3/PFN2 done elapsed1352s
T_DIAG10_3/PFN3 done elapsed1375s
T_DIAG10_3/PFN4 done elapsed1399s
T_DIAG10_3/PFN5 done elapsed1423s
T_DIAG10_3/PFN6 done elapsed1446s
T_DIAG10_3/PFN7 done elapsed1471s
T_DIAG10_3/PFN8 done elapsed1495s
T_DIAG10_3/PFN17 done elapsed1518s
T_DIAG10_3/PFN18 done elapsed1542s
T_DIAG10_3/PFN19 done elapsed1565s
T_DIAG10_3/PFN20 done elapsed1589s
T_DIAG10_3/PFN21 done elapsed1613s
T_DIAG10_3/PFN22 done elapsed1636s
T_DIAG10_3/PFN23 done elapsed1660s
T_DIAG10_3/PFN24 done elapsed1684s
T_DIAG10_4/PFN1 done elapsed1707s
T_DIAG10_4/PFN2 done elapsed1731s
T_DIAG10_4/PFN3 done elapsed1754s
T_DIAG10_4/PFN4 done elapsed1778s
T_DIAG10_4/PFN5 done elapsed1801s
T_DIAG10_4/PFN6 done elapsed1826s
T_DIAG10_4/PFN7 done elapsed1851s
T_DIAG10_4/PFN8 done elapsed1875s
T_DIAG10_4/PFN17 done elapsed1898s
T_DIAG10_4/PFN18 done elapsed1922s
T_DIAG10_4/PFN19 done elapsed1945s
T_DIAG10_4/PFN20 done elapsed1969s
T_DIAG10_4/PFN21 done elapsed1992s
T_DIAG10_4/PFN22 done elapsed2016s
T_DIAG10_4/PFN23 done elapsed2040s
T_DIAG10_4/PFN24 done elapsed2063s
T_DIAG10_5/PFN1 done elapsed2087s
T_DIAG10_5/PFN2 done elapsed2113s
T_DIAG10_5/PFN3 done elapsed2138s
T_DIAG10_5/PFN4 done elapsed2161s
T_DIAG10_5/PFN5 done elapsed2185s
T_DIAG10_5/PFN6 done elapsed2209s
T_DIAG10_5/PFN7 done elapsed2232s
T_DIAG10_5/PFN8 done elapsed2256s
T_DIAG10_5/PFN17 done elapsed2279s
T_DIAG10_5/PFN18 done elapsed2303s
T_DIAG10_5/PFN19 done elapsed2327s
T_DIAG10_5/PFN20 done elapsed2350s
T_DIAG10_5/PFN21 done elapsed2374s
T_DIAG10_5/PFN22 done elapsed2398s
T_DIAG10_5/PFN23 done elapsed2421s
T_DIAG10_5/PFN24 done elapsed2445s
T_DIAG10_6/PFN1 done elapsed2469s
T_DIAG10_6/PFN2 done elapsed2492s
T_DIAG10_6/PFN3 done elapsed2516s
T_DIAG10_6/PFN4 done elapsed2539s
T_DIAG10_6/PFN5 done elapsed2563s
T_DIAG10_6/PFN6 done elapsed2587s
T_DIAG10_6/PFN7 done elapsed2610s
T_DIAG10_6/PFN8 done elapsed2634s
T_DIAG10_6/PFN17 done elapsed2658s
T_DIAG10_6/PFN18 done elapsed2681s
T_DIAG10_6/PFN19 done elapsed2705s
T_DIAG10_6/PFN20 done elapsed2728s
T_DIAG10_6/PFN21 done elapsed2752s
T_DIAG10_6/PFN22 done elapsed2776s
T_DIAG10_6/PFN23 done elapsed2800s
T_DIAG10_6/PFN24 done elapsed2824s
T_DIAG10_7/PFN1 done elapsed2847s
T_DIAG10_7/PFN2 done elapsed2871s
T_DIAG10_7/PFN3 done elapsed2895s
T_DIAG10_7/PFN4 done elapsed2918s
T_DIAG10_7/PFN5 done elapsed2942s
T_DIAG10_7/PFN6 done elapsed2965s
T_DIAG10_7/PFN7 done elapsed2989s
T_DIAG10_7/PFN8 done elapsed3012s
T_DIAG10_7/PFN17 done elapsed3036s
T_DIAG10_7/PFN18 done elapsed3059s
T_DIAG10_7/PFN19 done elapsed3083s
T_DIAG10_7/PFN20 done elapsed3106s
T_DIAG10_7/PFN21 done elapsed3130s
T_DIAG10_7/PFN22 done elapsed3154s
T_DIAG10_7/PFN23 done elapsed3179s
T_DIAG10_7/PFN24 done elapsed3202s
T_DIAG10_8/PFN1 done elapsed3226s
T_DIAG10_8/PFN2 done elapsed3249s
T_DIAG10_8/PFN3 done elapsed3273s
T_DIAG10_8/PFN4 done elapsed3296s
T_DIAG10_8/PFN5 done elapsed3320s
T_DIAG10_8/PFN6 done elapsed3344s
T_DIAG10_8/PFN7 done elapsed3368s
T_DIAG10_8/PFN8 done elapsed3391s
T_DIAG10_8/PFN17 done elapsed3415s
T_DIAG10_8/PFN18 done elapsed3439s
T_DIAG10_8/PFN19 done elapsed3462s
T_DIAG10_8/PFN20 done elapsed3486s
T_DIAG10_8/PFN21 done elapsed3509s
T_DIAG10_8/PFN22 done elapsed3533s
T_DIAG10_8/PFN23 done elapsed3557s
T_DIAG10_8/PFN24 done elapsed3580s
T_DIAG10_9/PFN1 done elapsed3604s
T_DIAG10_9/PFN2 done elapsed3627s
T_DIAG10_9/PFN3 done elapsed3651s
T_DIAG10_9/PFN4 done elapsed3675s
T_DIAG10_9/PFN5 done elapsed3698s
T_DIAG10_9/PFN6 done elapsed3722s
T_DIAG10_9/PFN7 done elapsed3745s
T_DIAG10_9/PFN8 done elapsed3769s
T_DIAG10_9/PFN17 done elapsed3792s
T_DIAG10_9/PFN18 done elapsed3816s
T_DIAG10_9/PFN19 done elapsed3840s
T_DIAG10_9/PFN20 done elapsed3863s
T_DIAG10_9/PFN21 done elapsed3887s
T_DIAG10_9/PFN22 done elapsed3910s
T_DIAG10_9/PFN23 done elapsed3934s
T_DIAG10_9/PFN24 done elapsed3957s
T_EXT10_0/PFN1 done elapsed3978s
T_EXT10_0/PFN2 done elapsed3998s
T_EXT10_0/PFN3 done elapsed4019s
T_EXT10_0/PFN4 done elapsed4039s
T_EXT10_0/PFN5 done elapsed4060s
T_EXT10_0/PFN6 done elapsed4080s
T_EXT10_0/PFN7 done elapsed4101s
T_EXT10_0/PFN8 done elapsed4121s
T_EXT10_0/PFN17 done elapsed4142s
T_EXT10_0/PFN18 done elapsed4164s
T_EXT10_0/PFN19 done elapsed4186s
T_EXT10_0/PFN20 done elapsed4207s
T_EXT10_0/PFN21 done elapsed4229s
T_EXT10_0/PFN22 done elapsed4250s
T_EXT10_0/PFN23 done elapsed4271s
T_EXT10_0/PFN24 done elapsed4292s
T_EXT12_0/PFN1 done elapsed4308s
T_EXT12_0/PFN2 done elapsed4324s
T_EXT12_0/PFN3 done elapsed4340s
T_EXT12_0/PFN4 done elapsed4356s
T_EXT12_0/PFN5 done elapsed4372s
T_EXT12_0/PFN6 done elapsed4388s
T_EXT12_0/PFN7 done elapsed4404s
T_EXT12_0/PFN8 done elapsed4419s
T_EXT12_0/PFN17 done elapsed4435s
T_EXT12_0/PFN18 done elapsed4451s
T_EXT12_0/PFN19 done elapsed4466s
T_EXT12_0/PFN20 done elapsed4482s
T_EXT12_0/PFN21 done elapsed4498s
T_EXT12_0/PFN22 done elapsed4514s
T_EXT12_0/PFN23 done elapsed4530s
T_EXT12_0/PFN24 done elapsed4545s
E_DIAG10_0/PFN1 done elapsed4555s
E_DIAG10_0/PFN2 done elapsed4564s
E_DIAG10_0/PFN3 done elapsed4573s
E_DIAG10_0/PFN4 done elapsed4582s
E_DIAG10_1/PFN1 done elapsed4591s
E_DIAG10_1/PFN2 done elapsed4601s
E_DIAG10_1/PFN3 done elapsed4610s
E_DIAG10_1/PFN4 done elapsed4621s
E_DIAG10_2/PFN1 done elapsed4630s
E_DIAG10_2/PFN2 done elapsed4639s
E_DIAG10_2/PFN3 done elapsed4648s
E_DIAG10_2/PFN4 done elapsed4657s
E_DIAG10_3/PFN1 done elapsed4666s
E_DIAG10_3/PFN2 done elapsed4675s
E_DIAG10_3/PFN3 done elapsed4684s
E_DIAG10_3/PFN4 done elapsed4693s
E_DIAG10_4/PFN1 done elapsed4701s
E_DIAG10_4/PFN2 done elapsed4710s
E_DIAG10_4/PFN3 done elapsed4719s
E_DIAG10_4/PFN4 done elapsed4728s
E_DIAG10_5/PFN1 done elapsed4737s
E_DIAG10_5/PFN2 done elapsed4746s
E_DIAG10_5/PFN3 done elapsed4755s
E_DIAG10_5/PFN4 done elapsed4764s
E_DIAG10_6/PFN1 done elapsed4773s
E_DIAG10_6/PFN2 done elapsed4782s
E_DIAG10_6/PFN3 done elapsed4791s
E_DIAG10_6/PFN4 done elapsed4801s
E_DIAG10_7/PFN1 done elapsed4810s
E_DIAG10_7/PFN2 done elapsed4820s
E_DIAG10_7/PFN3 done elapsed4830s
E_DIAG10_7/PFN4 done elapsed4839s
E_DIAG10_8/PFN1 done elapsed4848s
E_DIAG10_8/PFN2 done elapsed4858s
E_DIAG10_8/PFN3 done elapsed4867s
E_DIAG10_8/PFN4 done elapsed4877s
E_DIAG10_9/PFN1 done elapsed4887s
E_DIAG10_9/PFN2 done elapsed4897s
E_DIAG10_9/PFN3 done elapsed4907s
E_DIAG10_9/PFN4 done elapsed4917s
E_A_0/PFN1 done elapsed4926s
E_A_0/PFN2 done elapsed4936s
E_A_0/PFN3 done elapsed4946s
E_A_0/PFN4 done elapsed4956s
E_A_1/PFN1 done elapsed4966s
E_A_1/PFN2 done elapsed4976s
E_A_1/PFN3 done elapsed4986s
E_A_1/PFN4 done elapsed4996s
E_A_2/PFN1 done elapsed5006s
E_A_2/PFN2 done elapsed5016s
E_A_2/PFN3 done elapsed5026s
E_A_2/PFN4 done elapsed5036s
E_A_3/PFN1 done elapsed5046s
E_A_3/PFN2 done elapsed5056s
E_A_3/PFN3 done elapsed5066s
E_A_3/PFN4 done elapsed5076s
E_A_4/PFN1 done elapsed5086s
E_A_4/PFN2 done elapsed5096s
E_A_4/PFN3 done elapsed5106s
E_A_4/PFN4 done elapsed5116s
E_B_0/PFN1 done elapsed5126s
E_B_0/PFN2 done elapsed5135s
E_B_0/PFN3 done elapsed5146s
E_B_0/PFN4 done elapsed5155s
E_B_1/PFN1 done elapsed5165s
E_B_1/PFN2 done elapsed5175s
E_B_1/PFN3 done elapsed5185s
E_B_1/PFN4 done elapsed5194s
E_B_2/PFN1 done elapsed5204s
E_B_2/PFN2 done elapsed5215s
E_B_2/PFN3 done elapsed5225s
E_B_2/PFN4 done elapsed5235s
E_B_3/PFN1 done elapsed5245s
E_B_3/PFN2 done elapsed5254s
E_B_3/PFN3 done elapsed5264s
E_B_3/PFN4 done elapsed5274s
E_B_4/PFN1 done elapsed5284s
E_B_4/PFN2 done elapsed5294s
E_B_4/PFN3 done elapsed5304s
E_B_4/PFN4 done elapsed5314s
E_EXT10_0/PFN1 done elapsed5323s
E_EXT10_0/PFN2 done elapsed5331s
E_EXT10_0/PFN3 done elapsed5340s
E_EXT10_0/PFN4 done elapsed5349s
E_EXT12_0/PFN1 done elapsed5355s
E_EXT12_0/PFN2 done elapsed5360s
E_EXT12_0/PFN3 done elapsed5366s
E_EXT12_0/PFN4 done elapsed5371s
