T_DIAG10_0 CPU/inner split ready 224/90 days 29s
T_DIAG10_1 CPU/inner split ready 220/90 days 29s
T_DIAG10_2 CPU/inner split ready 220/90 days 30s
T_DIAG10_3 CPU/inner split ready 222/90 days 30s
T_DIAG10_4 CPU/inner split ready 222/90 days 30s
T_DIAG10_5 CPU/inner split ready 220/90 days 31s
T_DIAG10_6 CPU/inner split ready 220/90 days 31s
T_DIAG10_7 CPU/inner split ready 222/90 days 32s
T_DIAG10_8 CPU/inner split ready 224/90 days 32s
T_DIAG10_9 CPU/inner split ready 224/90 days 32s
T_EXT10_0 CPU/inner split ready 150/65 days 33s
T_EXT12_0 CPU/inner split ready 79/35 days 33s
E_DIAG10_0 CPU/inner split ready 172/70 days 39s
E_DIAG10_1 CPU/inner split ready 179/71 days 39s
E_DIAG10_2 CPU/inner split ready 168/70 days 40s
E_DIAG10_3 CPU/inner split ready 174/72 days 40s
E_DIAG10_4 CPU/inner split ready 164/69 days 40s
E_DIAG10_5 CPU/inner split ready 178/70 days 40s
E_DIAG10_6 CPU/inner split ready 169/70 days 40s
E_DIAG10_7 CPU/inner split ready 178/70 days 41s
E_DIAG10_8 CPU/inner split ready 167/69 days 41s
E_DIAG10_9 CPU/inner split ready 167/70 days 41s
E_A_0 CPU/inner split ready 164/66 days 41s
E_A_1 CPU/inner split ready 162/65 days 42s
E_A_2 CPU/inner split ready 163/66 days 42s
E_A_3 CPU/inner split ready 164/66 days 42s
E_A_4 CPU/inner split ready 164/68 days 43s
E_B_0 CPU/inner split ready 160/67 days 43s
E_B_1 CPU/inner split ready 160/65 days 43s
E_B_2 CPU/inner split ready 162/70 days 43s
E_B_3 CPU/inner split ready 164/65 days 44s
E_B_4 CPU/inner split ready 166/70 days 44s
E_EXT10_0 CPU/inner split ready 125/50 days 44s
E_EXT12_0 CPU/inner split ready 63/29 days 61s
CPU_DONE
