== DIAG10
DIAG10 전체                     날360  지금 0.204 | U(14일빼기) 0.248  +21.4% | A(26일빼기) 0.283  +38.4%
DIAG10 1차 보통                  날293  지금 0.109 | U(14일빼기) 0.111   +2.4% | A(26일빼기) 0.115   +5.7%
DIAG10 1차 설명가능12              날 12  지금 0.334 | U(14일빼기) 0.649  +94.0% | A(26일빼기) 0.806 +141.0%
DIAG10 1차 설명불가14              날  9  지금 0.874 | U(14일빼기) 0.980  +12.2% | A(26일빼기) 1.097  +25.6%
DIAG10 2차 보통                  날 41  지금 0.130 | U(14일빼기) 0.106  -18.8% | A(26일빼기) 0.105  -19.1%
DIAG10 2차 설명불가14              날  5  지금 0.729 | U(14일빼기) 0.932  +27.8% | A(26일빼기) 1.080  +48.1%
== A
A      전체                     날157  지금 0.278 | U(14일빼기) 0.365  +31.5% | A(26일빼기) 0.385  +38.6%
A      1차 보통                  날133  지금 0.196 | U(14일빼기) 0.161  -17.9% | A(26일빼기) 0.152  -22.4%
A      1차 설명가능12              날 12  지금 0.402 | U(14일빼기) 0.871 +116.5% | A(26일빼기) 0.922 +129.3%
A      1차 설명불가14              날  8  지금 0.817 | U(14일빼기) 1.000  +22.3% | A(26일빼기) 1.095  +34.0%
A      2차 보통                  날  4  지금 0.076 | U(14일빼기) 0.074   -3.3% | A(26일빼기) 0.075   -1.6%
== B
B      전체                     날162  지금 0.221 | U(14일빼기) 0.302  +36.7% | A(26일빼기) 0.333  +50.8%
B      1차 보통                  날146  지금 0.169 | U(14일빼기) 0.149  -11.4% | A(26일빼기) 0.157   -7.1%
B      1차 설명가능12              날 10  지금 0.329 | U(14일빼기) 0.755 +129.6% | A(26일빼기) 0.846 +157.3%
B      1차 설명불가14              날  6  지금 0.731 | U(14일빼기) 1.089  +48.8% | A(26일빼기) 1.215  +66.1%
== EL1
EL1    전체                     날 46  지금 0.288 | U(14일빼기) 0.330  +14.6% | A(26일빼기) 0.376  +30.5%
EL1    2차 보통                  날 41  지금 0.154 | U(14일빼기) 0.124  -19.4% | A(26일빼기) 0.105  -31.8%
EL1    2차 설명불가14              날  5  지금 0.754 | U(14일빼기) 0.935  +24.0% | A(26일빼기) 1.099  +45.8%
