   F13 anchors 9 of 12 pass-2 training days
   F47 anchors 11 of 12 pass-2 training days
   F13 anchors 9 of 14 pass-2 training days
   F47 anchors 11 of 12 pass-2 training days
DIAG10/8 done
   F13 anchors 12 of 16 pass-2 training days
   F47 anchors 7 of 10 pass-2 training days
   F13 anchors 12 of 16 pass-2 training days
   F47 anchors 7 of 12 pass-2 training days
DIAG10/9 done
folds: {'DIAG10': 10, 'P2LOO': 20}

== P2LOO, pass-2 normal days (20 days)
  ① R3, 고EC 제외 (0.083 방식)                    RMSE 0.0823  (seeds 0.0814 0.0840 0.0820)  bias -0.024
  ② 전체 구성, 고EC 제외 (submission_15)            RMSE 0.0745  (seeds 0.0750 0.0760 0.0735)  bias -0.010
  ③ R3, 고EC 포함                               RMSE 0.1641  (seeds 0.1639 0.1621 0.1667)  bias +0.046
  ④ 전체 구성, 고EC 포함 (submission_14)            RMSE 0.1554  (seeds 0.1543 0.1544 0.1578)  bias +0.053

== DIAG10, all normal days (334 days)
  ① R3, 고EC 제외 (0.083 방식)                    RMSE 0.1135  (seeds 0.1134 0.1135 0.1139)  bias -0.020
  ② 전체 구성, 고EC 제외 (submission_15)            RMSE 0.1116  (seeds 0.1115 0.1117 0.1118)  bias -0.017
  ③ R3, 고EC 포함                               RMSE 0.1126  (seeds 0.1138 0.1117 0.1128)  bias +0.008
  ④ 전체 구성, 고EC 포함 (submission_14)            RMSE 0.1109  (seeds 0.1119 0.1102 0.1111)  bias +0.009

== DIAG10, pass-2 normal days (41 days)
  ① R3, 고EC 제외 (0.083 방식)                    RMSE 0.1048  (seeds 0.1045 0.1046 0.1055)  bias -0.048
  ② 전체 구성, 고EC 제외 (submission_15)            RMSE 0.0936  (seeds 0.0931 0.0944 0.0937)  bias -0.031
  ③ R3, 고EC 포함                               RMSE 0.1299  (seeds 0.1321 0.1275 0.1309)  bias -0.013
  ④ 전체 구성, 고EC 포함 (submission_14)            RMSE 0.1205  (seeds 0.1225 0.1182 0.1213)  bias -0.004
