   F13 anchors 10 of 21 pass-2 training days
   F47 anchors 9 of 17 pass-2 training days
DIAG10/0 done
   F13 anchors 9 of 21 pass-2 training days
   F47 anchors 7 of 17 pass-2 training days
DIAG10/1 done
   F13 anchors 11 of 21 pass-2 training days
   F47 anchors 7 of 17 pass-2 training days
DIAG10/2 done
   F13 anchors 12 of 21 pass-2 training days
   F47 anchors 6 of 16 pass-2 training days
DIAG10/3 done
   F13 anchors 11 of 16 pass-2 training days
   F47 anchors 9 of 16 pass-2 training days
DIAG10/4 done
   F13 anchors 14 of 19 pass-2 training days
   F47 anchors 10 of 15 pass-2 training days
DIAG10/5 done
   F13 anchors 11 of 16 pass-2 training days
   F47 anchors 6 of 11 pass-2 training days
DIAG10/6 done
   F13 anchors 11 of 17 pass-2 training days
   F47 anchors 11 of 14 pass-2 training days
DIAG10/7 done
   F13 anchors 9 of 14 pass-2 training days
   F47 anchors 11 of 12 pass-2 training days
DIAG10/8 done
   F13 anchors 12 of 16 pass-2 training days
   F47 anchors 7 of 12 pass-2 training days
DIAG10/9 done
   F13 anchors 12 of 21 pass-2 training days
   F47 anchors 10 of 17 pass-2 training days
A/0 done
   F13 anchors 12 of 21 pass-2 training days
   F47 anchors 11 of 17 pass-2 training days
A/1 done
   F13 anchors 9 of 21 pass-2 training days
   F47 anchors 10 of 17 pass-2 training days
A/2 done
   F13 anchors 10 of 21 pass-2 training days
   F47 anchors 8 of 17 pass-2 training days
A/3 done
   F13 anchors 8 of 16 pass-2 training days
   F47 anchors 6 of 16 pass-2 training days
A/4 done
   F13 anchors 11 of 21 pass-2 training days
   F47 anchors 8 of 17 pass-2 training days
B/0 done
   F13 anchors 12 of 21 pass-2 training days
   F47 anchors 10 of 17 pass-2 training days
B/1 done
   F13 anchors 15 of 21 pass-2 training days
   F47 anchors 12 of 17 pass-2 training days
B/2 done
   F13 anchors 9 of 21 pass-2 training days
   F47 anchors 9 of 17 pass-2 training days
B/3 done
   F13 anchors 12 of 21 pass-2 training days
   F47 anchors 9 of 17 pass-2 training days
B/4 done
C:\work\farmai\집\클로드\research\ct1_thermal_schedule_features_v1.py:78: Pandas4Warning: Starting with pandas version 4.0 all arguments of all will be keyword-only.
  m = (P[list(range(10, 16))] >= 99.9).all(1) & (P[list(range(0, 9))] <= .1).all(1) & (P[list(range(18, 24))] <= .1).all(1)
C:\work\farmai\집\클로드\research\ct1_thermal_schedule_features_v1.py:78: Pandas4Warning: Starting with pandas version 4.0 all arguments of all will be keyword-only.
  m = (P[list(range(10, 16))] >= 99.9).all(1) & (P[list(range(0, 9))] <= .1).all(1) & (P[list(range(18, 24))] <= .1).all(1)
C:\work\farmai\집\클로드\research\ct1_thermal_schedule_features_v1.py:78: Pandas4Warning: Starting with pandas version 4.0 all arguments of all will be keyword-only.
  m = (P[list(range(10, 16))] >= 99.9).all(1) & (P[list(range(0, 9))] <= .1).all(1) & (P[list(range(18, 24))] <= .1).all(1)
folds: {'A': 5, 'B': 5, 'DIAG10': 10, 'EL1': 10, 'P2LOO': 6}
DIAG10 all                  days 360  REF 0.2046 [0.2050 0.2046 0.2046]  THS 0.1929 [0.1931 0.1930 0.1930]  -5.73%
A      all                  days 157  REF 0.2785 [0.2788 0.2790 0.2782]  THS 0.2682 [0.2685 0.2687 0.2679]  -3.69%
B      all                  days 162  REF 0.2197 [0.2205 0.2192 0.2199]  THS 0.2081 [0.2077 0.2089 0.2085]  -5.25%
DIAG10 pass2                days  46  REF 0.2732 [0.2733 0.2732 0.2733]  THS 0.2475 [0.2470 0.2493 0.2469]  -9.38%
EL1    pass2                days  46  REF 0.2871 [0.2909 0.2840 0.2871]  THS 0.2624 [0.2591 0.2637 0.2649]  -8.61%
P2LOO  pass2                days   6  REF 0.0733 [0.0741 0.0742 0.0719]  THS 0.0719 [0.0723 0.0730 0.0706]  -1.93%
DIAG10 curtain-pattern days days  34  REF 0.4267 [0.4268 0.4250 0.4289]  THS 0.3891 [0.3907 0.3864 0.3910]  -8.81%
DIAG10 other days           days 326  REF 0.1650 [0.1656 0.1655 0.1644]  THS 0.1590 [0.1589 0.1599 0.1587]  -3.65%
DIAG10 high days            days  26  REF 0.6446 [0.6448 0.6432 0.6463]  THS 0.6040 [0.6063 0.6027 0.6038]  -6.30%
DIAG10 normal days          days 334  REF 0.1130 [0.1138 0.1136 0.1123]  THS 0.1081 [0.1075 0.1090 0.1085]  -4.31%

VERDICT: seed x {DIAG10,A,B} better 9/9, DIAG10 share 0.0001 -> PASS  (guard sets not finished)
