   F13 anchors 11 of 16 pass-2 training days
   F47 anchors 9 of 16 pass-2 training days
DIAG10/4 done
   F13 anchors 14 of 19 pass-2 training days
   F47 anchors 10 of 15 pass-2 training days
DIAG10/5 done
   F13 anchors 11 of 16 pass-2 training days
   F47 anchors 6 of 11 pass-2 training days
DIAG10/6 done
   F13 anchors 11 of 17 pass-2 training days
   F47 anchors 11 of 14 pass-2 training days
DIAG10/7 done
   F13 anchors 9 of 14 pass-2 training days
   F47 anchors 11 of 12 pass-2 training days
DIAG10/8 done
   F13 anchors 12 of 16 pass-2 training days
   F47 anchors 7 of 12 pass-2 training days
DIAG10/9 done
folds: {'DIAG10': 6, 'EL1': 5}
pass-2 curtain-pattern days: [('F13', 214), ('F13', 217), ('F47', 229), ('F47', 231)]

==== THS5 vs REF (final after SG2, pass-2 rows)
  DIAG10 REF 0.2518  THS5 0.2333  -7.32%  seeds +++ | before SG2 0.2553 -> 0.2388 | high days -6.0%, normal -13.2%
  EL1    REF 0.3101  THS5 0.2913  -6.05%  seeds +++ | before SG2 0.3108 -> 0.2921 | high days -1.7%, normal -17.8%
C:\work\farmai\.analysis-tools\python\numpy\_core\fromnumeric.py:3862: RuntimeWarning: Mean of empty slice
  return _methods._mean(a, axis=axis, dtype=dtype,
C:\work\farmai\.analysis-tools\python\numpy\_core\_methods.py:142: RuntimeWarning: invalid value encountered in scalar divide
  ret = ret.dtype.type(ret / rcount)
  P2LOO  REF nan  THS5 nan  +nan%  seeds --- | before SG2 nan -> nan | high days +nan%, normal +nan%
Traceback (most recent call last):
  File "C:\work\farmai\집\클로드\research\ct2_thermal_on_submission_pipeline_v1.py", line 219, in <module>
    run_cv(); summarize()
              ^^^^^^^^^^^
  File "C:\work\farmai\집\클로드\research\ct2_thermal_on_submission_pipeline_v1.py", line 176, in summarize
    m = np.array([k not in drop for k in keys]); aux[nm] = r(mC[m] - y[m]) < r(mR[m] - y[m])
                                                             ~~^^^
IndexError: arrays used as indices must be of integer (or boolean) type
