   F13 anchors 11 of 16 pass-2 training days
   F47 anchors 11 of 16 pass-2 training days
EL1/300 done
   F13 anchors 11 of 16 pass-2 training days
   F47 anchors 6 of 11 pass-2 training days
EL1/301 done
   F13 anchors 12 of 16 pass-2 training days
   F47 anchors 11 of 14 pass-2 training days
EL1/302 done
   F13 anchors 14 of 15 pass-2 training days
   F47 anchors 7 of 7 pass-2 training days
EL1/303 done
   F13 anchors 12 of 16 pass-2 training days
   F47 anchors 7 of 12 pass-2 training days
EL1/304 done
   F13 anchors 10 of 15 pass-2 training days
   F47 anchors 7 of 13 pass-2 training days
EL1/305 done
   F13 anchors 10 of 15 pass-2 training days
   F47 anchors 7 of 12 pass-2 training days
EL1/306 done
   F13 anchors 12 of 14 pass-2 training days
   F47 anchors 12 of 13 pass-2 training days
EL1/307 done
   F13 anchors 13 of 14 pass-2 training days
   F47 anchors 8 of 10 pass-2 training days
EL1/308 done
   F13 anchors 12 of 16 pass-2 training days
   F47 anchors 9 of 14 pass-2 training days
EL1/309 done
   F13 anchors 14 of 19 pass-2 training days
   F47 anchors 11 of 16 pass-2 training days
P2LOO/310 done
   F13 anchors 13 of 18 pass-2 training days
   F47 anchors 11 of 16 pass-2 training days
P2LOO/311 done
   F13 anchors 13 of 18 pass-2 training days
   F47 anchors 11 of 16 pass-2 training days
P2LOO/312 done
   F13 anchors 13 of 18 pass-2 training days
   F47 anchors 11 of 16 pass-2 training days
P2LOO/313 done
   F13 anchors 14 of 19 pass-2 training days
   F47 anchors 12 of 17 pass-2 training days
P2LOO/314 done
   F13 anchors 15 of 20 pass-2 training days
   F47 anchors 7 of 12 pass-2 training days
P2LOO/315 done
   F13 anchors 14 of 19 pass-2 training days
   F47 anchors 8 of 13 pass-2 training days
P2LOO/316 done
   F13 anchors 13 of 18 pass-2 training days
   F47 anchors 9 of 14 pass-2 training days
P2LOO/317 done
   F13 anchors 14 of 19 pass-2 training days
   F47 anchors 10 of 15 pass-2 training days
P2LOO/318 done
   F13 anchors 14 of 19 pass-2 training days
   F47 anchors 11 of 16 pass-2 training days
P2LOO/319 done
   F13 anchors 13 of 18 pass-2 training days
   F47 anchors 11 of 15 pass-2 training days
P2LOO/320 done
   F13 anchors 13 of 18 pass-2 training days
   F47 anchors 12 of 15 pass-2 training days
P2LOO/321 done
   F13 anchors 14 of 19 pass-2 training days
   F47 anchors 12 of 15 pass-2 training days
P2LOO/322 done
   F13 anchors 15 of 20 pass-2 training days
   F47 anchors 12 of 15 pass-2 training days
P2LOO/323 done
   F13 anchors 16 of 20 pass-2 training days
   F47 anchors 12 of 15 pass-2 training days
P2LOO/324 done
   F13 anchors 16 of 20 pass-2 training days
   F47 anchors 12 of 15 pass-2 training days
P2LOO/325 done
   F13 anchors 16 of 19 pass-2 training days
   F47 anchors 12 of 14 pass-2 training days
P2LOO/326 done
   F13 anchors 16 of 18 pass-2 training days
   F47 anchors 12 of 14 pass-2 training days
P2LOO/327 done
   F13 anchors 16 of 19 pass-2 training days
   F47 anchors 12 of 15 pass-2 training days
P2LOO/328 done
   F13 anchors 14 of 19 pass-2 training days
   F47 anchors 7 of 12 pass-2 training days
P2LOO/329 done
   F13 anchors 13 of 18 pass-2 training days
   F47 anchors 7 of 12 pass-2 training days
P2LOO/330 done
   F13 anchors 14 of 18 pass-2 training days
   F47 anchors 8 of 13 pass-2 training days
P2LOO/331 done
   F13 anchors 14 of 18 pass-2 training days
   F47 anchors 9 of 14 pass-2 training days
P2LOO/332 done
   F13 anchors 15 of 19 pass-2 training days
   F47 anchors 10 of 15 pass-2 training days
P2LOO/333 done
   F13 anchors 12 of 17 pass-2 training days
   F47 anchors 10 of 16 pass-2 training days
P2LOO/334 done
   F13 anchors 11 of 16 pass-2 training days
   F47 anchors 10 of 16 pass-2 training days
P2LOO/335 done
   F13 anchors 16 of 21 pass-2 training days
   F47 anchors 11 of 16 pass-2 training days
P2LOO/336 done
   F13 anchors 16 of 21 pass-2 training days
   F47 anchors 10 of 15 pass-2 training days
P2LOO/337 done
   F13 anchors 15 of 20 pass-2 training days
   F47 anchors 9 of 14 pass-2 training days
P2LOO/338 done
   F13 anchors 14 of 19 pass-2 training days
   F47 anchors 9 of 14 pass-2 training days
P2LOO/339 done
   F13 anchors 13 of 18 pass-2 training days
   F47 anchors 9 of 14 pass-2 training days
P2LOO/340 done
   F13 anchors 13 of 18 pass-2 training days
   F47 anchors 10 of 15 pass-2 training days
P2LOO/341 done
   F13 anchors 14 of 19 pass-2 training days
   F47 anchors 11 of 16 pass-2 training days
P2LOO/342 done
   F13 anchors 13 of 18 pass-2 training days
   F47 anchors 11 of 16 pass-2 training days
P2LOO/343 done
   F13 anchors 12 of 17 pass-2 training days
   F47 anchors 12 of 17 pass-2 training days
P2LOO/344 done
   F13 anchors 12 of 17 pass-2 training days
   F47 anchors 12 of 16 pass-2 training days
P2LOO/345 done
   F13 anchors 13 of 17 pass-2 training days
   F47 anchors 12 of 15 pass-2 training days
P2LOO/346 done
   F13 anchors 14 of 18 pass-2 training days
   F47 anchors 12 of 15 pass-2 training days
P2LOO/347 done
   F13 anchors 16 of 19 pass-2 training days
   F47 anchors 12 of 15 pass-2 training days
P2LOO/348 done
   F13 anchors 16 of 18 pass-2 training days
   F47 anchors 12 of 14 pass-2 training days
P2LOO/349 done
   F13 anchors 16 of 18 pass-2 training days
   F47 anchors 12 of 15 pass-2 training days
P2LOO/350 done
   F13 anchors 14 of 19 pass-2 training days
   F47 anchors 10 of 15 pass-2 training days
P2LOO/351 done
   F13 anchors 13 of 18 pass-2 training days
   F47 anchors 9 of 14 pass-2 training days
P2LOO/352 done
   F13 anchors 13 of 17 pass-2 training days
   F47 anchors 9 of 14 pass-2 training days
P2LOO/353 done
   F13 anchors 12 of 16 pass-2 training days
   F47 anchors 9 of 14 pass-2 training days
P2LOO/354 done
   F13 anchors 12 of 16 pass-2 training days
   F47 anchors 10 of 15 pass-2 training days
P2LOO/355 done
folds: {'DIAG10': 6, 'EL1': 10, 'P2LOO': 46}
pass-2 curtain-pattern days: [('F13', 214), ('F13', 217), ('F47', 229), ('F47', 231)]

==== THS5 vs REF (final after SG2, pass-2 rows)
  DIAG10 REF 0.2518  THS5 0.2333  -7.32%  seeds +++ | before SG2 0.2553 -> 0.2388 | high days -6.0%, normal -13.2%
  EL1    REF 0.2812  THS5 0.2613  -7.06%  seeds +++ | before SG2 0.2837 -> 0.2641 | high days -5.2%, normal -12.1%
  P2LOO  REF 0.1925  THS5 0.1756  -8.80%  seeds +++ | before SG2 0.2075 -> 0.1879 | high days -10.8%, normal -6.0%
  aux without NOSIG F47 229          REF 0.1783 THS5 0.1675 -> better
  aux without pass-2 pattern days    REF 0.1313 THS5 0.1225 -> better
  (reported) without top-5 gain days [('F13', 217), ('F13', 233), ('F13', 243), ('F47', 229), ('F47', 231)]: REF 0.1148 THS5 0.1165
  VERDICT THS5: seed x set better 9/9, P2LOO day-share 0.0106, aux True -> PASS

==== THB vs REF (final after SG2, pass-2 rows)
  DIAG10 REF 0.2518  THB 0.2365  -6.07%  seeds +++ | before SG2 0.2553 -> 0.2417 | high days -4.7%, normal -12.1%
  EL1    REF 0.2812  THB 0.2661  -5.34%  seeds +++ | before SG2 0.2837 -> 0.2688 | high days -2.8%, normal -12.5%
  P2LOO  REF 0.1925  THB 0.1794  -6.81%  seeds +++ | before SG2 0.2075 -> 0.1919 | high days -7.6%, normal -5.7%
  aux without NOSIG F47 229          REF 0.1783 THB 0.1700 -> better
  aux without pass-2 pattern days    REF 0.1313 THB 0.1200 -> better
  (reported) without top-5 gain days [('F13', 217), ('F13', 233), ('F47', 216), ('F47', 229), ('F47', 231)]: REF 0.1177 THB 0.1203
  VERDICT THB: seed x set better 9/9, P2LOO day-share 0.0377, aux True -> FAIL
