neighbour normal days per high day: min 2

== per high day: EC day mean, group, number of |z|>=2.5, strongest deviations
F13 120 EXPL  EC 1.25  n|z|>=2.5:  1  closed_h +7.8
F13 121 UNEX2 EC 1.32  n|z|>=2.5:  1  closed_h +7.8
F13 125 EXPL  EC 1.50  n|z|>=2.5:  2  closed_h +6.4, co2_absd +2.9
F13 139 UNEX2 EC 1.30  n|z|>=2.5:  3  closed_h +8.1, co2_absd +4.6, act_fog -2.6
F13 143 EXPL  EC 1.53  n|z|>=2.5:  3  closed_h +6.7, co2_absd +4.2, act_fog -2.8
F13 146 EXPL  EC 1.50  n|z|>=2.5:  2  closed_h +7.4, co2_absd +5.2
F13 151 UNEX2 EC 1.68  n|z|>=2.5:  3  closed_h +6.7, co2_absd +3.8, act_heating -3.5
F13 153 UNEX2 EC 1.64  n|z|>=2.5:  1  closed_h +8.1
F13 175 UNEX2 EC 1.27  n|z|>=2.5:  1  act_fog +5.6
F13 178 UNEX2 EC 1.84  n|z|>=2.5:  2  act_fog +7.2, in_co2 -3.1
F13 217 UNEX2 EC 1.69  n|z|>=2.5:  1  closed_h +7.8
F13 241 UNEX2 EC 1.43  n|z|>=2.5:  2  closed_h +6.4, co2_absd +5.2
F13 243 UNEX2 EC 1.72  n|z|>=2.5:  4  closed_h +6.1, co2_absd +3.5, d_temp_vs_prev +3.3, night_temp +2.8
F47 132 UNEX2 EC 2.71  n|z|>=2.5:  0  
F47 136 EXPL  EC 1.65  n|z|>=2.5:  0  
F47 138 EXPL  EC 1.71  n|z|>=2.5:  0  
F47 139 EXPL  EC 1.68  n|z|>=2.5:  0  
F47 141 EXPL  EC 1.87  n|z|>=2.5:  0  
F47 145 UNEX2 EC 2.14  n|z|>=2.5:  0  
F47 147 UNEX2 EC 1.75  n|z|>=2.5:  1  co2_absd +4.8
F47 151 UNEX2 EC 1.31  n|z|>=2.5:  1  act_fog +3.8
F47 154 UNEX2 EC 1.62  n|z|>=2.5:  0  
F47 157 EXPL  EC 1.21  n|z|>=2.5:  0  
F47 177 UNEX2 EC 1.49  n|z|>=2.5:  1  act_fog +7.2
F47 229 UNEX2 EC 1.79  n|z|>=2.5:  0  
F47 231 UNEX2 EC 2.18  n|z|>=2.5:  1  d_temp_vs_prev +2.7

== days showing a change (any |z|>=2.5): EXPL 4/9, UNEX2 13/17

== features: share of high days with z >= +2 / <= -2 (EXPL | UNEX2)
  in_temp         up 0/9 down 0/9 | up  0/17 down  0/17 | median z +0.2 | +0.4
  in_hum          up 0/9 down 0/9 | up  0/17 down  1/17 | median z +0.2 | -0.1
  in_co2          up 0/9 down 0/9 | up  0/17 down  1/17 | median z +1.4 | +0.3
  out_temp        up 0/9 down 0/9 | up  0/17 down  0/17 | median z -0.0 | +0.2
  act_vent        up 0/9 down 0/9 | up  0/17 down  0/17 | median z -0.5 | -0.5
  act_circfan     up 0/9 down 0/9 | up  0/17 down  0/17 | median z -1.5 | -1.4
  act_heating     up 0/9 down 0/9 | up  0/17 down  6/17 | median z -1.0 | -2.0
  act_thermal     up 0/9 down 0/9 | up  0/17 down  0/17 | median z +0.3 | +0.6
  act_shade       up 0/9 down 0/9 | up  1/17 down  0/17 | median z +0.5 | +0.9
  act_co2         up 0/9 down 0/9 | up  0/17 down  0/17 | median z +nan | +nan
  act_fog         up 0/9 down 2/9 | up  4/17 down  1/17 | median z +0.0 | +0.0
  dT              up 0/9 down 0/9 | up  1/17 down  0/17 | median z +0.6 | +0.2
  vpd             up 0/9 down 0/9 | up  1/17 down  0/17 | median z +0.5 | +0.3
  co2_absd        up 4/9 down 0/9 | up  5/17 down  0/17 | median z +0.5 | +0.8
  out_rad_sum     up 0/9 down 0/9 | up  0/17 down  0/17 | median z +0.1 | -0.1
  closed_h        up 4/9 down 0/9 | up  7/17 down  0/17 | median z +7.1 | +6.7
  night_temp      up 0/9 down 0/9 | up  3/17 down  0/17 | median z -0.2 | +0.4
  d_temp_vs_prev  up 1/9 down 0/9 | up  2/17 down  0/17 | median z +0.4 | +0.6

== Ward clusters (3)
  cluster 1 (12 days; * = unexplained): 13120 13121* 13125 13139* 13143 13146 13151* 13153* 13217* 13241* 13243* 47147*
     mean z: closed_h +5.5, co2_absd +3.4, act_circfan -1.5, act_heating -1.2, act_shade +0.9
  cluster 2 (4 days; * = unexplained): 13175* 13178* 47151* 47177*
     mean z: act_fog +5.4, act_heating -1.9, in_co2 -1.8, dT +0.8, d_temp_vs_prev +0.6
  cluster 3 (10 days; * = unexplained): 47132* 47136 47138 47139 47141 47145* 47154* 47157 47229* 47231*
     mean z: act_circfan -1.4, act_heating -1.3, d_temp_vs_prev +1.0, in_co2 +0.9, act_shade +0.7
