closed days: spiked (>=1.2) 26, not spiked (<.8) 44; F13 13/33, F47 13/11; pass-2 4/5

== spiked vs not among closed days (AUC > .5 = higher on spiked days), sorted by p
                 feature  median_spiked  median_not   AUC     p  q_BH
partner_closed_h_max_pm2         24.000      15.000 0.788 0.000 0.001
               act_shade         31.292      53.125 0.208 0.000 0.001
LABEL_partner_ec_max_pm2          1.190       0.674 0.760 0.000 0.003
                 act_fog          0.000       0.250 0.270 0.000 0.003
             act_circfan          0.625       0.000 0.684 0.002 0.013
              record_day        143.000     111.500 0.701 0.005 0.026
                      dT         12.515       6.626 0.696 0.007 0.026
                act_vent          0.000       3.229 0.312 0.007 0.026
                out_temp          2.842       7.312 0.330 0.018 0.061
                  is_F47          0.500       0.000 0.625 0.035 0.100
            closed_h_d-2         20.000       0.000 0.646 0.037 0.100
                closed_h         23.000      20.000 0.642 0.047 0.118
          d_temp_vs_prev          0.775      -0.042 0.636 0.064 0.148
            closed_h_d-1          0.000       0.000 0.386 0.071 0.153
           LABEL_prev_ec          0.461       0.442 0.614 0.121 0.241
             out_rad_sum       2295.500    2656.500 0.390 0.129 0.241
              in_temp_h0         10.550      11.100 0.395 0.149 0.263
              night_temp         11.092      10.417 0.417 0.255 0.424
                 act_co2          2.125       2.021 0.571 0.324 0.494
             act_thermal         31.250      37.312 0.430 0.329 0.494
               in_hum_h0         71.000      69.000 0.433 0.359 0.498
                co2_absd         16.000      14.652 0.566 0.365 0.498
         closed_run_days          0.000       0.000 0.469 0.434 0.566
             act_heating          8.271       7.292 0.458 0.557 0.696
                   pass2          0.000       0.000 0.520 0.637 0.765
                  in_co2        421.521     404.521 0.514 0.846 0.958
                  in_hum         68.583      65.542 0.510 0.898 0.958
                 in_temp         14.342      13.638 0.508 0.913 0.958
               in_co2_h0        413.500     379.000 0.493 0.926 0.958
                     vpd          0.569       0.609 0.502 0.985 0.985

== listing
farm  day   ec  closed_run_days  in_temp  act_heating  act_thermal  co2_absd  partner_closed_h_max_pm2  LABEL_prev_ec
 F13    8 0.18                0    19.55         0.00        21.00      3.52                       2.0            NaN
 F13   10 0.37                0    23.45        22.92        45.83      7.09                       6.0           0.39
 F13   12 0.35                0    22.42        17.29        57.08      4.83                       6.0           0.37
 F13   13 0.40                0    22.58         1.42        21.00      3.70                       6.0           0.35
 F13   26 0.33                0    21.54         1.42        60.25      6.83                       9.0           0.34
 F13   29 0.31                0    20.94         0.71        61.08      5.74                      14.0           0.37
 F13   30 0.36                0    20.24         1.04        74.00      4.57                      14.0           0.31
 F13   37 0.34                0    18.11        25.46        51.38      5.70                      11.0           0.36
 F13   46 0.40                0    14.90        16.71        38.46      6.41                      15.0           0.15
 F13   48 0.43                0    21.28         0.00        45.46      4.83                      15.0           0.15
 F13   50 0.45                0    19.92         0.00        57.38      7.48                      15.0           0.15
 F13   51 0.49                0    21.79         0.00        46.33      5.61                      15.0           0.45
 F13   55 0.52                0    18.74         0.00        54.38      4.48                      14.0           0.24
 F13   57 0.55                0    21.45         0.00        48.46      9.83                      14.0           0.26
 F13   62 0.56                0    18.75         0.00        47.00      7.43                      14.0           0.26
 F13   64 0.54                0    15.72         0.00        38.08     13.52                      14.0           0.27
 F13   76 0.57                0    12.75         0.00        30.08     24.30                      14.0           0.47
 F13   98 0.40                0    12.90         4.62        32.00     12.00                      14.0           0.47
 F13  106 0.32                0    13.07        19.67        32.08     16.70                      14.0           0.44
 F13  109 0.35                0     9.99         3.67        32.00      1.48                      14.0           0.46
 F13  110 0.35                1    12.95        16.67        30.88     14.26                      14.0           0.35
 F13  111 0.37                2    13.31         8.42        30.25     20.96                      14.0           0.35
 F13  112 0.40                3    13.64         2.71        37.12     20.74                      14.0           0.37
 F13  120 1.25                0    12.48        29.21        31.25     15.52                      24.0           0.31
 F13  121 1.32                1    12.94        24.42        31.25     12.74                      24.0           1.25
 F13  123 1.45                0    13.32        38.17        31.25     16.48                      24.0           0.35
 F13  125 1.50                0    14.24        23.58        31.25     17.26                      24.0           0.37
 F13  127 1.58                0    13.62        14.54        31.25     10.26                      23.0           0.38
 F13  128 0.78                1    12.31        34.92        35.46     18.43                      23.0           1.58
 F13  130 0.77                0    14.18         0.00         0.00     16.52                      23.0           0.72
 F13  139 1.30                0    14.13         0.00        40.46     21.43                      23.0           0.72
 F13  143 1.53                0    15.17         0.00        41.17     19.09                      23.0           0.43
 F13  146 1.50                0    14.44         0.00        37.25     22.91                      24.0           0.69
 F13  151 1.68                0    17.51         0.00        43.21     17.74                      20.0           0.82
 F13  153 1.64                0    14.46         0.00        42.08      9.29                      20.0           0.43
 F13  156 0.75                0    12.62        38.29        38.08     24.43                      24.0           0.81
 F13  159 0.60                0    13.12         0.00        36.00     21.70                      24.0           0.45
 F13  162 0.59                0    12.36        18.62        55.17     16.61                      22.0           0.49
 F13  165 0.73                0    12.99        32.46        38.17     19.83                      19.0           0.47
 F13  168 0.67                0    13.60        26.83        38.50     26.83                      19.0           0.43
 F13  179 0.40                0    20.36        34.50        61.21      5.26                       4.0           1.84
 F13  181 0.38                0    21.16         0.00        21.00      5.87                       4.0           0.29
 F13  217 1.69                0    12.10        48.67        31.25     10.00                      17.0           0.37
 F13  233 0.63                0    11.58        31.88        28.62      4.13                      23.0           0.74
 F13  241 1.43                0    15.90         0.00        40.92     22.35                      24.0            NaN
 F13  243 1.72                0    18.23         0.00        43.42     17.78                      24.0           0.43
 F47  123 0.44                0    10.77         6.17        28.83     15.83                      23.0           0.60
 F47  124 0.48                1    11.40         1.88        28.67     21.39                      21.0           0.44
 F47  126 0.50                0    12.48         3.62        31.75     23.43                      24.0           0.67
 F47  128 0.48                0    12.75        22.04        30.75     15.04                      24.0           0.69
 F47  130 0.49                0    13.83        23.58        29.50     32.78                      24.0           0.71
 F47  132 2.71                0    12.07        44.08        30.92      8.43                      24.0           0.70
 F47  134 2.32                0    12.83        23.58        31.25      6.48                      24.0           0.47
 F47  136 1.65                0    13.89        14.96        31.25      9.65                      20.0           0.49
 F47  138 1.71                0    15.27        15.83        31.25      7.70                      24.0           0.51
 F47  139 1.68                1    14.58         4.83        31.25      9.91                      24.0           1.71
 F47  141 1.87                0    14.58        12.83        31.25      7.04                      24.0           0.40
 F47  143 2.06                0    15.15         6.21        31.25      8.00                      20.0           0.40
 F47  145 2.14                0    13.83        10.33        31.25      9.70                      22.0           0.41
 F47  147 1.75                0    16.23         0.00        41.29     32.61                      22.0           0.70
 F47  151 1.31                0    14.72         0.00        35.62     17.70                      24.0           0.43
 F47  154 1.62                0    16.27         0.00        40.21     17.39                      24.0           0.84
 F47  157 1.21                0    13.98         0.00        35.33     23.48                      20.0           0.83
 F47  160 0.69                0    13.33        40.17        37.25     41.39                      24.0           0.72
 F47  161 0.65                1    13.13        30.21        37.38     31.26                      24.0           0.69
 F47  163 0.57                0    13.17        22.79        38.12     22.74                      24.0           0.58
 F47  170 0.77                0    13.98        33.42        36.92     19.35                      24.0           0.41
 F47  212 0.52                0    10.95        13.79        28.62     22.70                      23.0           0.69
 F47  231 2.18                0    14.18        28.42        30.92     27.04                      22.0           0.46
 F47  242 0.72                0    13.63        40.33        38.46     26.26                      20.0           0.65
