== train: 보온커튼 하루평균 = 31.25 인 날 16 / 400
   그날 EC 일평균: 1.2이상 13, 0.8~1.2 2, 0.8미만 1, 정답없음 0 | 일평균 중앙 1.62
   해당 날: [('F13', 116, np.float64(0.94)), ('F13', 118, np.float64(1.1)), ('F13', 120, np.float64(1.25)), ('F13', 121, np.float64(1.32)), ('F13', 123, np.float64(1.45)), ('F13', 125, np.float64(1.5)), ('F13', 127, np.float64(1.58)), ('F13', 217, np.float64(1.69)), ('F47', 36, np.float64(0.3)), ('F47', 134, np.float64(2.32)), ('F47', 136, np.float64(1.65)), ('F47', 138, np.float64(1.71)), ('F47', 139, np.float64(1.68)), ('F47', 141, np.float64(1.87)), ('F47', 143, np.float64(2.06)), ('F47', 145, np.float64(2.14))]
   고EC 30일 중 31.25인 날 13
   시간별 act_thermal 예시 ('F13', np.int64(116)) (np.float64(0.0), np.float64(0.0), np.float64(0.0), np.float64(0.0), np.float64(0.0), np.float64(0.0), np.float64(0.0), np.float64(0.0), np.float64(0.0), np.float64(78.0), np.float64(100.0), np.float64(100.0), np.float64(100.0), np.float64(100.0), np.float64(100.0), np.float64(100.0), np.float64(72.0), np.float64(0.0), np.float64(0.0), np.float64(0.0), np.float64(0.0), np.float64(0.0), np.float64(0.0), np.float64(0.0))
   가장 흔한 24시간 패턴 개수: [3, 3, 2]
== test: 보온커튼 하루평균 = 31.25 인 날 4 / 60
   평가 해당 날: [('F13', 221), ('F13', 223), ('F47', 223), ('F47', 225)]
   시간별 act_thermal 예시 ('F13', np.int64(221)) (np.float64(0.0), np.float64(0.0), np.float64(0.0), np.float64(0.0), np.float64(0.0), np.float64(0.0), np.float64(0.0), np.float64(0.0), np.float64(0.0), np.float64(75.0), np.float64(100.0), np.float64(100.0), np.float64(100.0), np.float64(100.0), np.float64(100.0), np.float64(100.0), np.float64(75.0), np.float64(0.0), np.float64(0.0), np.float64(0.0), np.float64(0.0), np.float64(0.0), np.float64(0.0), np.float64(0.0))
   가장 흔한 24시간 패턴 개수: [2, 2]
== train: '밤 0 · 10~15시 100' 보온커튼 패턴 날 38 / 400
   EC: 1.2이상 17, .8~1.2 6, .8미만 15 | 중앙 0.93
    [('F13', 78, 0.58), ('F13', 82, 0.53), ('F13', 84, 0.54), ('F13', 93, 0.39), ('F13', 96, 0.41), ('F13', 98, 0.4), ('F13', 100, 0.41), ('F13', 106, 0.32), ('F13', 109, 0.35), ('F13', 116, 0.94), ('F13', 118, 1.1), ('F13', 120, 1.25), ('F13', 121, 1.32), ('F13', 123, 1.45), ('F13', 125, 1.5), ('F13', 127, 1.58), ('F13', 128, 0.78), ('F13', 132, 0.87), ('F13', 155, 0.81), ('F13', 214, 0.92), ('F13', 217, 1.69), ('F47', 122, 0.6), ('F47', 126, 0.5), ('F47', 132, 2.71), ('F47', 134, 2.32), ('F47', 136, 1.65), ('F47', 138, 1.71), ('F47', 139, 1.68), ('F47', 141, 1.87), ('F47', 143, 2.06), ('F47', 145, 2.14), ('F47', 146, 0.7), ('F47', 149, 0.7), ('F47', 151, 1.31), ('F47', 153, 0.84), ('F47', 159, 0.72), ('F47', 229, 1.79), ('F47', 231, 2.18)]
== test: '밤 0 · 10~15시 100' 보온커튼 패턴 날 16 / 60
    [('F13', 200), ('F13', 201), ('F13', 205), ('F13', 208), ('F13', 221), ('F13', 223), ('F13', 225), ('F13', 235), ('F13', 237), ('F47', 207), ('F47', 221), ('F47', 223), ('F47', 225), ('F47', 227), ('F47', 236), ('F47', 237)]

현재 R3 모델 (DIAG10 OOF) 그 패턴 날:
farm   F13                                                                                                               F47                                                                                    
day    78    82    84    93    96    98    100   106   109   116   118   120   121   125   128   132   155   214   217   122   126   132   136   138   139   141   145   146   149   151   153   159   229   231
y     0.58  0.53  0.54  0.39  0.41  0.40  0.41  0.32  0.35  0.94  1.10  1.25  1.32  1.50  0.78  0.87  0.81  0.92  1.69  0.60  0.50  2.71  1.65  1.71  1.68  1.87  2.14  0.70  0.70  1.31  0.84  0.72  1.79  2.18
p     0.50  0.49  0.53  0.49  0.53  0.46  0.35  0.42  0.56  0.89  1.08  1.15  0.92  1.37  0.66  1.02  0.75  0.66  0.98  0.52  0.65  1.13  1.58  1.44  1.39  1.74  1.56  0.75  0.73  1.01  0.80  0.76  1.11  1.25
   평균 편향 -0.18

9회차 제출의 평가 예측 일평균: 패턴 날 {'F13_200': np.float64(0.53), 'F13_201': np.float64(0.55), 'F13_205': np.float64(0.52), 'F13_208': np.float64(0.42), 'F13_221': np.float64(1.62), 'F13_223': np.float64(1.67), 'F13_225': np.float64(1.8), 'F13_235': np.float64(1.08), 'F13_237': np.float64(1.26), 'F47_207': np.float64(0.58), 'F47_221': np.float64(1.4), 'F47_223': np.float64(1.43), 'F47_225': np.float64(1.69), 'F47_227': np.float64(1.66), 'F47_236': np.float64(0.76), 'F47_237': np.float64(0.81)} | 평가 전체 중앙 0.51, 최대 1.80
   일평균 >1 예측한 평가일: {'F13_221': 1.62, 'F13_223': 1.67, 'F13_225': 1.8, 'F13_235': 1.08, 'F13_237': 1.26, 'F47_221': 1.4, 'F47_223': 1.43, 'F47_225': 1.69, 'F47_227': 1.66, 'F47_235': 1.3}
