   F13 anchors 8 of 14 pass-2 training days
   F47 anchors 11 of 14 pass-2 training days
EL1/300 done
   F13 anchors 8 of 14 pass-2 training days
   F47 anchors 6 of 9 pass-2 training days
EL1/301 done
   F13 anchors 9 of 14 pass-2 training days
   F47 anchors 11 of 12 pass-2 training days
EL1/302 done
   F13 anchors 12 of 13 pass-2 training days
   F47 anchors 7 of 9 pass-2 training days
EL1/303 done
   F13 anchors 12 of 17 pass-2 training days
   F47 anchors 10 of 13 pass-2 training days
EL1/304 done
   F13 anchors 7 of 13 pass-2 training days
   F47 anchors 7 of 11 pass-2 training days
EL1/305 done
   F13 anchors 7 of 13 pass-2 training days
   F47 anchors 7 of 10 pass-2 training days
EL1/306 done
   F13 anchors 9 of 11 pass-2 training days
   F47 anchors 12 of 12 pass-2 training days
EL1/307 done
   F13 anchors 12 of 16 pass-2 training days
   F47 anchors 7 of 10 pass-2 training days
EL1/308 done
   F13 anchors 11 of 17 pass-2 training days
   F47 anchors 11 of 14 pass-2 training days
P2LOO/309 done
   F13 anchors 10 of 16 pass-2 training days
   F47 anchors 11 of 14 pass-2 training days
P2LOO/310 done
   F13 anchors 10 of 16 pass-2 training days
   F47 anchors 11 of 14 pass-2 training days
P2LOO/311 done
   F13 anchors 10 of 16 pass-2 training days
   F47 anchors 11 of 14 pass-2 training days
P2LOO/312 done
   F13 anchors 11 of 17 pass-2 training days
   F47 anchors 12 of 15 pass-2 training days
P2LOO/313 done
   F13 anchors 12 of 18 pass-2 training days
   F47 anchors 7 of 10 pass-2 training days
P2LOO/314 done
   F13 anchors 11 of 17 pass-2 training days
   F47 anchors 8 of 11 pass-2 training days
P2LOO/315 done
   F13 anchors 10 of 16 pass-2 training days
   F47 anchors 9 of 12 pass-2 training days
P2LOO/316 done
   F13 anchors 11 of 17 pass-2 training days
   F47 anchors 10 of 13 pass-2 training days
P2LOO/317 done
   F13 anchors 11 of 17 pass-2 training days
   F47 anchors 11 of 14 pass-2 training days
P2LOO/318 done
   F13 anchors 10 of 16 pass-2 training days
   F47 anchors 11 of 13 pass-2 training days
P2LOO/319 done
   F13 anchors 10 of 16 pass-2 training days
   F47 anchors 12 of 13 pass-2 training days
P2LOO/320 done
   F13 anchors 11 of 17 pass-2 training days
   F47 anchors 12 of 13 pass-2 training days
P2LOO/321 done
   F13 anchors 12 of 18 pass-2 training days
   F47 anchors 12 of 13 pass-2 training days
P2LOO/322 done
   F13 anchors 13 of 18 pass-2 training days
   F47 anchors 12 of 13 pass-2 training days
P2LOO/323 done
   F13 anchors 13 of 17 pass-2 training days
   F47 anchors 12 of 14 pass-2 training days
P2LOO/324 done
   F13 anchors 13 of 16 pass-2 training days
   F47 anchors 12 of 14 pass-2 training days
P2LOO/325 done
   F13 anchors 13 of 17 pass-2 training days
   F47 anchors 12 of 14 pass-2 training days
P2LOO/326 done
   F13 anchors 13 of 18 pass-2 training days
   F47 anchors 7 of 10 pass-2 training days
P2LOO/327 done
   F13 anchors 12 of 17 pass-2 training days
   F47 anchors 9 of 12 pass-2 training days
P2LOO/328 done
   F13 anchors 12 of 17 pass-2 training days
   F47 anchors 10 of 13 pass-2 training days
P2LOO/329 done
   F13 anchors 9 of 15 pass-2 training days
   F47 anchors 10 of 14 pass-2 training days
P2LOO/330 done
   F13 anchors 8 of 14 pass-2 training days
   F47 anchors 10 of 14 pass-2 training days
P2LOO/331 done
   F13 anchors 13 of 19 pass-2 training days
   F47 anchors 11 of 14 pass-2 training days
P2LOO/332 done
   F13 anchors 13 of 19 pass-2 training days
   F47 anchors 10 of 13 pass-2 training days
P2LOO/333 done
   F13 anchors 12 of 18 pass-2 training days
   F47 anchors 9 of 12 pass-2 training days
P2LOO/334 done
   F13 anchors 11 of 17 pass-2 training days
   F47 anchors 9 of 12 pass-2 training days
P2LOO/335 done
   F13 anchors 10 of 16 pass-2 training days
   F47 anchors 9 of 12 pass-2 training days
P2LOO/336 done
   F13 anchors 10 of 16 pass-2 training days
   F47 anchors 10 of 13 pass-2 training days
P2LOO/337 done
   F13 anchors 11 of 17 pass-2 training days
   F47 anchors 11 of 14 pass-2 training days
P2LOO/338 done
   F13 anchors 10 of 16 pass-2 training days
   F47 anchors 11 of 14 pass-2 training days
P2LOO/339 done
   F13 anchors 9 of 15 pass-2 training days
   F47 anchors 12 of 15 pass-2 training days
P2LOO/340 done
   F13 anchors 9 of 15 pass-2 training days
   F47 anchors 12 of 14 pass-2 training days
P2LOO/341 done
   F13 anchors 10 of 15 pass-2 training days
   F47 anchors 12 of 13 pass-2 training days
P2LOO/342 done
   F13 anchors 11 of 16 pass-2 training days
   F47 anchors 12 of 13 pass-2 training days
P2LOO/343 done
   F13 anchors 13 of 16 pass-2 training days
   F47 anchors 12 of 14 pass-2 training days
P2LOO/344 done
   F13 anchors 13 of 18 pass-2 training days
   F47 anchors 10 of 13 pass-2 training days
P2LOO/345 done
   F13 anchors 13 of 18 pass-2 training days
   F47 anchors 9 of 12 pass-2 training days
P2LOO/346 done
   F13 anchors 13 of 17 pass-2 training days
   F47 anchors 9 of 12 pass-2 training days
P2LOO/347 done
   F13 anchors 12 of 16 pass-2 training days
   F47 anchors 9 of 12 pass-2 training days
P2LOO/348 done
   F13 anchors 12 of 16 pass-2 training days
   F47 anchors 10 of 13 pass-2 training days
P2LOO/349 done
folds: {'A': 5, 'B': 5, 'DIAG10': 10, 'EL1': 9, 'P2LOO': 41}
DIAG10 all   days 334  REF 0.1138 [0.1140 0.1136 0.1140]  PHYS 0.1128 [0.1129 0.1129 0.1128]  -0.86%
A      all   days 137  REF 0.1500 [0.1493 0.1503 0.1507]  PHYS 0.1476 [0.1476 0.1482 0.1474]  -1.58%
B      all   days 146  REF 0.1564 [0.1565 0.1558 0.1569]  PHYS 0.1574 [0.1568 0.1579 0.1576]  +0.66%
DIAG10 pass2 days  41  REF 0.1057 [0.1064 0.1057 0.1052]  PHYS 0.1014 [0.1020 0.1012 0.1013]  -4.05%
EL1    pass2 days  41  REF 0.1049 [0.1049 0.1050 0.1050]  PHYS 0.1028 [0.1021 0.1031 0.1034]  -2.00%
P2LOO  pass2 days  41  REF 0.0831 [0.0822 0.0835 0.0837]  PHYS 0.0838 [0.0837 0.0839 0.0842]  +0.90%

VERDICT: seed x {DIAG10,A,B} better 6/9, DIAG10 share 0.1797 -> FAIL
