   F13 anchors 7 of 19 pass-2 training days
   F47 anchors 9 of 15 pass-2 training days
DIAG10/0 done
   F13 anchors 6 of 19 pass-2 training days
   F47 anchors 7 of 15 pass-2 training days
DIAG10/1 done
   F13 anchors 8 of 19 pass-2 training days
   F47 anchors 7 of 15 pass-2 training days
DIAG10/2 done
   F13 anchors 9 of 19 pass-2 training days
   F47 anchors 6 of 14 pass-2 training days
DIAG10/3 done
   F13 anchors 8 of 14 pass-2 training days
   F47 anchors 9 of 14 pass-2 training days
DIAG10/4 done
   F13 anchors 11 of 17 pass-2 training days
   F47 anchors 10 of 13 pass-2 training days
DIAG10/5 done
   F13 anchors 8 of 14 pass-2 training days
   F47 anchors 6 of 9 pass-2 training days
DIAG10/6 done
   F13 anchors 9 of 15 pass-2 training days
   F47 anchors 11 of 12 pass-2 training days
DIAG10/7 done
   F13 anchors 9 of 12 pass-2 training days
   F47 anchors 11 of 12 pass-2 training days
DIAG10/8 done
   F13 anchors 12 of 16 pass-2 training days
   F47 anchors 7 of 10 pass-2 training days
DIAG10/9 done

REF all 0.1249 | pass-2 0.1359 | SHAPE 0.0871 (pass-2 0.0820)
THERM  all -0.78% folds 8/10 | pass-2 -1.10% | SHAPE -0.52% (pass-2 -1.62%) -> drop
TRANSP all -0.99% folds 6/10 | pass-2 -1.16% | SHAPE -1.05% (pass-2 -2.77%) -> drop
SHAPE  all -0.23% folds 5/10 | pass-2 +0.88% | SHAPE -0.09% (pass-2 +0.41%) -> drop
passed: []
