   F13 anchors 14 of 19 pass-2 training days
   F47 anchors 11 of 16 pass-2 training days
P2LOO/10 seed 47
P2LOO/10 seed 1414
P2LOO/10 seed 6464
P2LOO/10 done
   F13 anchors 13 of 18 pass-2 training days
   F47 anchors 11 of 16 pass-2 training days
P2LOO/11 seed 47
P2LOO/11 seed 1414
P2LOO/11 seed 6464
P2LOO/11 done
   F13 anchors 13 of 18 pass-2 training days
   F47 anchors 11 of 16 pass-2 training days
P2LOO/12 seed 47
P2LOO/12 seed 1414
P2LOO/12 seed 6464
P2LOO/12 done
   F13 anchors 13 of 18 pass-2 training days
   F47 anchors 11 of 16 pass-2 training days
P2LOO/13 seed 47
P2LOO/13 seed 1414
P2LOO/13 seed 6464
P2LOO/13 done
   F13 anchors 14 of 19 pass-2 training days
   F47 anchors 12 of 17 pass-2 training days
P2LOO/14 seed 47
P2LOO/14 seed 1414
P2LOO/14 seed 6464
P2LOO/14 done
   F13 anchors 15 of 20 pass-2 training days
   F47 anchors 7 of 12 pass-2 training days
P2LOO/15 seed 47
P2LOO/15 seed 1414
P2LOO/15 seed 6464
P2LOO/15 done
   F13 anchors 14 of 19 pass-2 training days
   F47 anchors 8 of 13 pass-2 training days
P2LOO/16 seed 47
P2LOO/16 seed 1414
P2LOO/16 seed 6464
P2LOO/16 done
   F13 anchors 13 of 18 pass-2 training days
   F47 anchors 9 of 14 pass-2 training days
P2LOO/17 seed 47
P2LOO/17 seed 1414
P2LOO/17 seed 6464
P2LOO/17 done
   F13 anchors 14 of 19 pass-2 training days
   F47 anchors 10 of 15 pass-2 training days
P2LOO/18 seed 47
P2LOO/18 seed 1414
P2LOO/18 seed 6464
P2LOO/18 done
   F13 anchors 14 of 19 pass-2 training days
   F47 anchors 11 of 16 pass-2 training days
P2LOO/19 seed 47
P2LOO/19 seed 1414
P2LOO/19 seed 6464
P2LOO/19 done
   F13 anchors 13 of 18 pass-2 training days
   F47 anchors 11 of 15 pass-2 training days
P2LOO/20 seed 47
P2LOO/20 seed 1414
P2LOO/20 seed 6464
P2LOO/20 done
   F13 anchors 13 of 18 pass-2 training days
   F47 anchors 12 of 15 pass-2 training days
P2LOO/21 seed 47
P2LOO/21 seed 1414
P2LOO/21 seed 6464
P2LOO/21 done
   F13 anchors 14 of 19 pass-2 training days
   F47 anchors 12 of 15 pass-2 training days
P2LOO/22 seed 47
P2LOO/22 seed 1414
P2LOO/22 seed 6464
P2LOO/22 done
   F13 anchors 15 of 20 pass-2 training days
   F47 anchors 12 of 15 pass-2 training days
P2LOO/23 seed 47
P2LOO/23 seed 1414
P2LOO/23 seed 6464
P2LOO/23 done
   F13 anchors 16 of 20 pass-2 training days
   F47 anchors 12 of 15 pass-2 training days
P2LOO/24 seed 47
P2LOO/24 seed 1414
P2LOO/24 seed 6464
P2LOO/24 done
   F13 anchors 16 of 20 pass-2 training days
   F47 anchors 12 of 15 pass-2 training days
P2LOO/25 seed 47
P2LOO/25 seed 1414
P2LOO/25 seed 6464
P2LOO/25 done
   F13 anchors 16 of 19 pass-2 training days
   F47 anchors 12 of 14 pass-2 training days
P2LOO/26 seed 47
P2LOO/26 seed 1414
P2LOO/26 seed 6464
P2LOO/26 done
   F13 anchors 16 of 18 pass-2 training days
   F47 anchors 12 of 14 pass-2 training days
P2LOO/27 seed 47
P2LOO/27 seed 1414
P2LOO/27 seed 6464
P2LOO/27 done
   F13 anchors 16 of 19 pass-2 training days
   F47 anchors 12 of 15 pass-2 training days
P2LOO/28 seed 47
P2LOO/28 seed 1414
P2LOO/28 seed 6464
P2LOO/28 done
   F13 anchors 14 of 19 pass-2 training days
   F47 anchors 7 of 12 pass-2 training days
P2LOO/29 seed 47
P2LOO/29 seed 1414
P2LOO/29 seed 6464
P2LOO/29 done
   F13 anchors 13 of 18 pass-2 training days
   F47 anchors 7 of 12 pass-2 training days
P2LOO/30 seed 47
P2LOO/30 seed 1414
P2LOO/30 seed 6464
P2LOO/30 done
   F13 anchors 14 of 18 pass-2 training days
   F47 anchors 8 of 13 pass-2 training days
P2LOO/31 seed 47
P2LOO/31 seed 1414
P2LOO/31 seed 6464
P2LOO/31 done
   F13 anchors 14 of 18 pass-2 training days
   F47 anchors 9 of 14 pass-2 training days
P2LOO/32 seed 47
P2LOO/32 seed 1414
P2LOO/32 seed 6464
P2LOO/32 done
   F13 anchors 15 of 19 pass-2 training days
   F47 anchors 10 of 15 pass-2 training days
P2LOO/33 seed 47
P2LOO/33 seed 1414
P2LOO/33 seed 6464
P2LOO/33 done
   F13 anchors 12 of 17 pass-2 training days
   F47 anchors 10 of 16 pass-2 training days
P2LOO/34 seed 47
P2LOO/34 seed 1414
P2LOO/34 seed 6464
P2LOO/34 done
   F13 anchors 11 of 16 pass-2 training days
   F47 anchors 10 of 16 pass-2 training days
P2LOO/35 seed 47
P2LOO/35 seed 1414
P2LOO/35 seed 6464
P2LOO/35 done
   F13 anchors 16 of 21 pass-2 training days
   F47 anchors 11 of 16 pass-2 training days
P2LOO/36 seed 47
P2LOO/36 seed 1414
P2LOO/36 seed 6464
P2LOO/36 done
   F13 anchors 16 of 21 pass-2 training days
   F47 anchors 10 of 15 pass-2 training days
P2LOO/37 seed 47
P2LOO/37 seed 1414
P2LOO/37 seed 6464
P2LOO/37 done
   F13 anchors 15 of 20 pass-2 training days
   F47 anchors 9 of 14 pass-2 training days
P2LOO/38 seed 47
P2LOO/38 seed 1414
P2LOO/38 seed 6464
P2LOO/38 done
   F13 anchors 14 of 19 pass-2 training days
   F47 anchors 9 of 14 pass-2 training days
P2LOO/39 seed 47
P2LOO/39 seed 1414
P2LOO/39 seed 6464
P2LOO/39 done
   F13 anchors 13 of 18 pass-2 training days
   F47 anchors 9 of 14 pass-2 training days
P2LOO/40 seed 47
P2LOO/40 seed 1414
P2LOO/40 seed 6464
P2LOO/40 done
   F13 anchors 13 of 18 pass-2 training days
   F47 anchors 10 of 15 pass-2 training days
P2LOO/41 seed 47
P2LOO/41 seed 1414
P2LOO/41 seed 6464
P2LOO/41 done
   F13 anchors 14 of 19 pass-2 training days
   F47 anchors 11 of 16 pass-2 training days
P2LOO/42 seed 47
P2LOO/42 seed 1414
P2LOO/42 seed 6464
P2LOO/42 done
   F13 anchors 13 of 18 pass-2 training days
   F47 anchors 11 of 16 pass-2 training days
P2LOO/43 seed 47
P2LOO/43 seed 1414
P2LOO/43 seed 6464
P2LOO/43 done
   F13 anchors 12 of 17 pass-2 training days
   F47 anchors 12 of 17 pass-2 training days
P2LOO/44 seed 47
P2LOO/44 seed 1414
P2LOO/44 seed 6464
P2LOO/44 done
   F13 anchors 12 of 17 pass-2 training days
   F47 anchors 12 of 16 pass-2 training days
P2LOO/45 seed 47
P2LOO/45 seed 1414
P2LOO/45 seed 6464
P2LOO/45 done
   F13 anchors 13 of 17 pass-2 training days
   F47 anchors 12 of 15 pass-2 training days
P2LOO/46 seed 47
P2LOO/46 seed 1414
P2LOO/46 seed 6464
P2LOO/46 done
   F13 anchors 14 of 18 pass-2 training days
   F47 anchors 12 of 15 pass-2 training days
P2LOO/47 seed 47
P2LOO/47 seed 1414
P2LOO/47 seed 6464
P2LOO/47 done
   F13 anchors 16 of 19 pass-2 training days
   F47 anchors 12 of 15 pass-2 training days
P2LOO/48 seed 47
P2LOO/48 seed 1414
P2LOO/48 seed 6464
P2LOO/48 done
   F13 anchors 16 of 18 pass-2 training days
   F47 anchors 12 of 14 pass-2 training days
P2LOO/49 seed 47
P2LOO/49 seed 1414
P2LOO/49 seed 6464
P2LOO/49 done
   F13 anchors 16 of 18 pass-2 training days
   F47 anchors 12 of 15 pass-2 training days
P2LOO/50 seed 47
P2LOO/50 seed 1414
P2LOO/50 seed 6464
P2LOO/50 done
   F13 anchors 14 of 19 pass-2 training days
   F47 anchors 10 of 15 pass-2 training days
P2LOO/51 seed 47
P2LOO/51 seed 1414
P2LOO/51 seed 6464
P2LOO/51 done
   F13 anchors 13 of 18 pass-2 training days
   F47 anchors 9 of 14 pass-2 training days
P2LOO/52 seed 47
P2LOO/52 seed 1414
P2LOO/52 seed 6464
P2LOO/52 done
   F13 anchors 13 of 17 pass-2 training days
   F47 anchors 9 of 14 pass-2 training days
P2LOO/53 seed 47
P2LOO/53 seed 1414
P2LOO/53 seed 6464
P2LOO/53 done
   F13 anchors 12 of 16 pass-2 training days
   F47 anchors 9 of 14 pass-2 training days
P2LOO/54 seed 47
P2LOO/54 seed 1414
P2LOO/54 seed 6464
P2LOO/54 done
   F13 anchors 12 of 16 pass-2 training days
   F47 anchors 10 of 15 pass-2 training days
P2LOO/55 seed 47
P2LOO/55 seed 1414
P2LOO/55 seed 6464
P2LOO/55 done
   F13 anchors 11 of 16 pass-2 training days
   F47 anchors 11 of 16 pass-2 training days
EL1/56 seed 47
EL1/56 seed 1414
EL1/56 seed 6464
EL1/56 done
   F13 anchors 11 of 16 pass-2 training days
   F47 anchors 6 of 11 pass-2 training days
EL1/57 seed 47
EL1/57 seed 1414
EL1/57 seed 6464
EL1/57 done
   F13 anchors 12 of 16 pass-2 training days
   F47 anchors 11 of 14 pass-2 training days
EL1/58 seed 47
EL1/58 seed 1414
EL1/58 seed 6464
EL1/58 done
   F13 anchors 14 of 15 pass-2 training days
   F47 anchors 7 of 7 pass-2 training days
EL1/59 seed 47
EL1/59 seed 1414
EL1/59 seed 6464
EL1/59 done
   F13 anchors 12 of 16 pass-2 training days
   F47 anchors 7 of 12 pass-2 training days
EL1/60 seed 47
EL1/60 seed 1414
EL1/60 seed 6464
EL1/60 done
   F13 anchors 10 of 15 pass-2 training days
   F47 anchors 7 of 13 pass-2 training days
EL1/61 seed 47
EL1/61 seed 1414
EL1/61 seed 6464
EL1/61 done
   F13 anchors 10 of 15 pass-2 training days
   F47 anchors 7 of 12 pass-2 training days
EL1/62 seed 47
EL1/62 seed 1414
EL1/62 seed 6464
EL1/62 done
   F13 anchors 12 of 14 pass-2 training days
   F47 anchors 12 of 13 pass-2 training days
EL1/63 seed 47
EL1/63 seed 1414
EL1/63 seed 6464
EL1/63 done
   F13 anchors 13 of 14 pass-2 training days
   F47 anchors 8 of 10 pass-2 training days
EL1/64 seed 47
EL1/64 seed 1414
EL1/64 seed 6464
EL1/64 done
   F13 anchors 12 of 16 pass-2 training days
   F47 anchors 9 of 14 pass-2 training days
EL1/65 seed 47
EL1/65 seed 1414
EL1/65 seed 6464
EL1/65 done
folds: {'DIAG10': 10, 'EL1': 10, 'P2LOO': 46}

== P2LOO rows day>=179 (PRIMARY)
F13 n=576 days=24  same-farm train rows 3713, other-farm 3512
   P RMSE 0.2111  seeds [0.2098 0.2135 0.2103]  vs P +0.00%
   S RMSE 0.1859  seeds [0.1836 0.1870 0.1875]  vs P -11.93%
   O RMSE 0.2465  seeds [0.2465 0.2428 0.2510]  vs P +16.80%
   I RMSE 0.1986  seeds [0.1979 0.1946 0.2039]  vs P -5.88%
   S vs P: seeds better 3/3, share(S not better) 0.1550, share(P not better) 0.8450  판별 불가
   I vs P: seeds better 3/3, share(I not better) 0.2071, share(P not better) 0.7930  판별 불가
   O vs P: seeds better 0/3, share(O not better) 0.9186, share(P not better) 0.0814  -
F47 n=528 days=22  same-farm train rows 3528, other-farm 3692
   P RMSE 0.2310  seeds [0.2307 0.2316 0.2310]  vs P +0.00%
   S RMSE 0.2104  seeds [0.2110 0.2126 0.2081]  vs P -8.92%
   O RMSE 0.3842  seeds [0.3857 0.3835 0.3835]  vs P +66.32%
   I RMSE 0.2272  seeds [0.2271 0.2299 0.2253]  vs P -1.64%
   S vs P: seeds better 3/3, share(S not better) 0.2238, share(P not better) 0.7762  판별 불가
   I vs P: seeds better 3/3, share(I not better) 0.3883, share(P not better) 0.6117  판별 불가
   O vs P: seeds better 0/3, share(O not better) 0.9862, share(P not better) 0.0138  -

== DIAG10 rows day>=179 (descriptive)
F13 n=576 days=24  same-farm train rows 2968, other-farm 2881
   P RMSE 0.2509  seeds [0.2488 0.2495 0.2548]  vs P +0.00%
   S RMSE 0.3013  seeds [0.2999 0.3009 0.3035]  vs P +20.09%
   O RMSE 0.2322  seeds [0.2329 0.2277 0.2365]  vs P -7.46%
   I RMSE 0.2665  seeds [0.2678 0.2688 0.2636]  vs P +6.23%
   S vs P: seeds better 0/3, share(S not better) 0.9925, share(P not better) 0.0076  -
   I vs P: seeds better 0/3, share(I not better) 0.9540, share(P not better) 0.0460  -
   O vs P: seeds better 3/3, share(O not better) 0.3189, share(P not better) 0.6812  -
F47 n=528 days=22  same-farm train rows 2880, other-farm 2963
   P RMSE 0.2893  seeds [0.2933 0.2904 0.2846]  vs P +0.00%
   S RMSE 0.2777  seeds [0.2754 0.2741 0.2843]  vs P -3.99%
   O RMSE 0.3949  seeds [0.3987 0.3925 0.3937]  vs P +36.49%
   I RMSE 0.2812  seeds [0.2804 0.2831 0.2808]  vs P -2.79%
   S vs P: seeds better 3/3, share(S not better) 0.1115, share(P not better) 0.8885  -
   I vs P: seeds better 3/3, share(I not better) 0.0321, share(P not better) 0.9679  -
   O vs P: seeds better 0/3, share(O not better) 0.9174, share(P not better) 0.0825  -

== DIAG10 rows day>=0 (descriptive)
F13 n=4320 days=180  same-farm train rows 2994, other-farm 2848
   P RMSE 0.1834  seeds [0.1845 0.1820 0.1843]  vs P +0.00%
   S RMSE 0.2254  seeds [0.2247 0.2264 0.2255]  vs P +22.90%
   O RMSE 0.2050  seeds [0.2056 0.2038 0.2064]  vs P +11.79%
   I RMSE 0.2023  seeds [0.2024 0.2034 0.2016]  vs P +10.31%
   S vs P: seeds better 0/3, share(S not better) 1.0000, share(P not better) 0.0000  -
   I vs P: seeds better 0/3, share(I not better) 1.0000, share(P not better) 0.0000  -
   O vs P: seeds better 0/3, share(O not better) 0.9868, share(P not better) 0.0132  -
F47 n=4320 days=180  same-farm train rows 2836, other-farm 2994
   P RMSE 0.2232  seeds [0.2237 0.2223 0.2239]  vs P +0.00%
   S RMSE 0.2290  seeds [0.2284 0.2288 0.2303]  vs P +2.61%
   O RMSE 0.3068  seeds [0.3075 0.3060 0.3071]  vs P +37.46%
   I RMSE 0.2212  seeds [0.2206 0.2216 0.2217]  vs P -0.90%
   S vs P: seeds better 0/3, share(S not better) 0.9003, share(P not better) 0.0997  -
   I vs P: seeds better 3/3, share(I not better) 0.2908, share(P not better) 0.7092  -
   O vs P: seeds better 0/3, share(O not better) 1.0000, share(P not better) 0.0000  -

== EL1 rows day>=179 (descriptive)
F13 n=576 days=24  same-farm train rows 3638, other-farm 3441
   P RMSE 0.3036  seeds [0.3088 0.2999 0.3024]  vs P +0.00%
   S RMSE 0.3205  seeds [0.3202 0.3195 0.3222]  vs P +5.58%
   O RMSE 0.2832  seeds [0.2810 0.2829 0.2862]  vs P -6.72%
   I RMSE 0.3099  seeds [0.3154 0.3055 0.3090]  vs P +2.07%
   S vs P: seeds better 0/3, share(S not better) 0.8474, share(P not better) 0.1527  -
   I vs P: seeds better 0/3, share(I not better) 0.6494, share(P not better) 0.3506  -
   O vs P: seeds better 3/3, share(O not better) 0.2671, share(P not better) 0.7329  -
F47 n=528 days=22  same-farm train rows 3455, other-farm 3599
   P RMSE 0.2700  seeds [0.2635 0.2726 0.2745]  vs P +0.00%
   S RMSE 0.2577  seeds [0.2561 0.2602 0.2577]  vs P -4.54%
   O RMSE 0.4072  seeds [0.4085 0.4070 0.4063]  vs P +50.80%
   I RMSE 0.2704  seeds [0.2682 0.2718 0.2719]  vs P +0.15%
   S vs P: seeds better 3/3, share(S not better) 0.2842, share(P not better) 0.7158  -
   I vs P: seeds better 2/3, share(I not better) 0.4787, share(P not better) 0.5213  -
   O vs P: seeds better 0/3, share(O not better) 0.9889, share(P not better) 0.0111  -
