   F13 anchors 10 of 21 pass-2 training days
   F47 anchors 9 of 17 pass-2 training days
DIAG10/0 seed 47
DIAG10/0 seed 1414
DIAG10/0 seed 6464
DIAG10/0 done
   F13 anchors 9 of 21 pass-2 training days
   F47 anchors 7 of 17 pass-2 training days
DIAG10/1 seed 47
DIAG10/1 seed 1414
DIAG10/1 seed 6464
DIAG10/1 done
   F13 anchors 11 of 21 pass-2 training days
   F47 anchors 7 of 17 pass-2 training days
DIAG10/2 seed 47
DIAG10/2 seed 1414
DIAG10/2 seed 6464
DIAG10/2 done
   F13 anchors 12 of 21 pass-2 training days
   F47 anchors 6 of 16 pass-2 training days
DIAG10/3 seed 47
DIAG10/3 seed 1414
DIAG10/3 seed 6464
DIAG10/3 done
   F13 anchors 11 of 16 pass-2 training days
   F47 anchors 9 of 16 pass-2 training days
DIAG10/4 seed 47
DIAG10/4 seed 1414
DIAG10/4 seed 6464
DIAG10/4 done
   F13 anchors 14 of 19 pass-2 training days
   F47 anchors 10 of 15 pass-2 training days
DIAG10/5 seed 47
DIAG10/5 seed 1414
DIAG10/5 seed 6464
DIAG10/5 done
   F13 anchors 11 of 16 pass-2 training days
   F47 anchors 6 of 11 pass-2 training days
DIAG10/6 seed 47
DIAG10/6 seed 1414
DIAG10/6 seed 6464
DIAG10/6 done
   F13 anchors 11 of 17 pass-2 training days
   F47 anchors 11 of 14 pass-2 training days
DIAG10/7 seed 47
DIAG10/7 seed 1414
DIAG10/7 seed 6464
DIAG10/7 done
   F13 anchors 9 of 14 pass-2 training days
   F47 anchors 11 of 12 pass-2 training days
DIAG10/8 seed 47
DIAG10/8 seed 1414
DIAG10/8 seed 6464
DIAG10/8 done
   F13 anchors 12 of 16 pass-2 training days
   F47 anchors 7 of 12 pass-2 training days
DIAG10/9 seed 47
DIAG10/9 seed 1414
DIAG10/9 seed 6464
DIAG10/9 done
   F13 anchors 12 of 21 pass-2 training days
   F47 anchors 10 of 17 pass-2 training days
A/0 seed 47
A/0 seed 1414
A/0 seed 6464
A/0 done
   F13 anchors 12 of 21 pass-2 training days
   F47 anchors 11 of 17 pass-2 training days
A/1 seed 47
A/1 seed 1414
A/1 seed 6464
A/1 done
   F13 anchors 9 of 21 pass-2 training days
   F47 anchors 10 of 17 pass-2 training days
A/2 seed 47
A/2 seed 1414
A/2 seed 6464
A/2 done
   F13 anchors 10 of 21 pass-2 training days
   F47 anchors 8 of 17 pass-2 training days
A/3 seed 47
A/3 seed 1414
A/3 seed 6464
A/3 done
   F13 anchors 8 of 16 pass-2 training days
   F47 anchors 6 of 16 pass-2 training days
A/4 seed 47
A/4 seed 1414
A/4 seed 6464
A/4 done
   F13 anchors 11 of 21 pass-2 training days
   F47 anchors 8 of 17 pass-2 training days
B/0 seed 47
B/0 seed 1414
B/0 seed 6464
B/0 done
   F13 anchors 12 of 21 pass-2 training days
   F47 anchors 10 of 17 pass-2 training days
B/1 seed 47
B/1 seed 1414
B/1 seed 6464
B/1 done
   F13 anchors 15 of 21 pass-2 training days
   F47 anchors 12 of 17 pass-2 training days
B/2 seed 47
B/2 seed 1414
B/2 seed 6464
B/2 done
   F13 anchors 9 of 21 pass-2 training days
   F47 anchors 9 of 17 pass-2 training days
B/3 seed 47
B/3 seed 1414
B/3 seed 6464
B/3 done
   F13 anchors 12 of 21 pass-2 training days
   F47 anchors 9 of 17 pass-2 training days
B/4 seed 47
B/4 seed 1414
B/4 seed 6464
B/4 done
folds: {'A': 5, 'B': 5, 'DIAG10': 10, 'EL1': 10}

== DIAG10 NORMAL  n=8016 days=334
   BASE 0.1114  seeds [0.1120 0.1109 0.1121]  vs BASE +0.00%
   U    0.1106  seeds [0.1106 0.1106 0.1109]  vs BASE -0.80%
   A    0.1136  seeds [0.1140 0.1137 0.1134]  vs BASE +1.97%
   U share(not better than BASE) 0.4240
   A share(not better than BASE) 0.5979

== A NORMAL  n=5496 days=137
   BASE 0.1944  seeds [0.1942 0.1951 0.1945]  vs BASE +0.00%
   U    0.1596  seeds [0.1600 0.1589 0.1601]  vs BASE -17.90%
   A    0.1510  seeds [0.1506 0.1512 0.1514]  vs BASE -22.31%

== B NORMAL  n=5736 days=146
   BASE 0.1687  seeds [0.1701 0.1688 0.1679]  vs BASE +0.00%
   U    0.1494  seeds [0.1496 0.1494 0.1495]  vs BASE -11.44%
   A    0.1567  seeds [0.1563 0.1566 0.1575]  vs BASE -7.07%

== EL1 NORMAL p2  n=984 days=41
   BASE 0.1540  seeds [0.1563 0.1531 0.1532]  vs BASE +0.00%
   U    0.1242  seeds [0.1259 0.1235 0.1236]  vs BASE -19.35%
   A    0.1050  seeds [0.1051 0.1049 0.1053]  vs BASE -31.80%

== DIAG10 ALL rows  n=8640 days=360
   BASE 0.2043  seeds [0.2051 0.2032 0.2050]  vs BASE +0.00%
   U    0.2479  seeds [0.2477 0.2476 0.2486]  vs BASE +21.37%
   A    0.2827  seeds [0.2833 0.2824 0.2826]  vs BASE +38.41%

== DIAG10 HIGH  n=624 days=26
   BASE 0.6466  seeds [0.6489 0.6431 0.6485]  vs BASE +0.00%
   U    0.8330  seeds [0.8320 0.8318 0.8354]  vs BASE +28.82%
   A    0.9699  seeds [0.9716 0.9685 0.9697]  vs BASE +50.00%

== DIAG10 UNEX  n=336 days=14
   BASE 0.8250  seeds [0.8270 0.8213 0.8271]  vs BASE +0.00%
   U    0.9634  seeds [0.9618 0.9619 0.9666]  vs BASE +16.77%
   A    1.0910  seeds [1.0916 1.0897 1.0918]  vs BASE +32.24%

== EL1 ALL p2  n=1104 days=46
   BASE 0.2880  seeds [0.2880 0.2872 0.2894]  vs BASE +0.00%
   U    0.3299  seeds [0.3306 0.3270 0.3324]  vs BASE +14.56%
   A    0.3758  seeds [0.3752 0.3752 0.3770]  vs BASE +30.47%
U: seed x {DIAG10,A,B} better 9/9, share 0.4240 -> FAIL
A: seed x {DIAG10,A,B} better 6/9, share 0.5979 -> FAIL
