   F13 anchors 8 of 14 pass-2 training days
   F47 anchors 11 of 14 pass-2 training days
EL1/0 done
   F13 anchors 8 of 14 pass-2 training days
   F47 anchors 6 of 9 pass-2 training days
EL1/1 done
   F13 anchors 9 of 14 pass-2 training days
   F47 anchors 11 of 12 pass-2 training days
EL1/2 done
   F13 anchors 12 of 13 pass-2 training days
   F47 anchors 7 of 9 pass-2 training days
EL1/3 done
   F13 anchors 12 of 17 pass-2 training days
   F47 anchors 10 of 13 pass-2 training days
EL1/4 done
   F13 anchors 7 of 13 pass-2 training days
   F47 anchors 7 of 11 pass-2 training days
EL1/5 done
   F13 anchors 7 of 13 pass-2 training days
   F47 anchors 7 of 10 pass-2 training days
EL1/6 done
   F13 anchors 9 of 11 pass-2 training days
   F47 anchors 12 of 12 pass-2 training days
EL1/7 done
   F13 anchors 12 of 16 pass-2 training days
   F47 anchors 7 of 10 pass-2 training days
EL1/8 done
   F13 anchors 11 of 17 pass-2 training days
   F47 anchors 11 of 14 pass-2 training days
P2LOO/9 done
   F13 anchors 10 of 16 pass-2 training days
   F47 anchors 11 of 14 pass-2 training days
P2LOO/10 done
   F13 anchors 10 of 16 pass-2 training days
   F47 anchors 11 of 14 pass-2 training days
P2LOO/11 done
   F13 anchors 10 of 16 pass-2 training days
   F47 anchors 11 of 14 pass-2 training days
P2LOO/12 done
   F13 anchors 11 of 17 pass-2 training days
   F47 anchors 12 of 15 pass-2 training days
P2LOO/13 done
   F13 anchors 12 of 18 pass-2 training days
   F47 anchors 7 of 10 pass-2 training days
P2LOO/14 done
   F13 anchors 11 of 17 pass-2 training days
   F47 anchors 8 of 11 pass-2 training days
P2LOO/15 done
   F13 anchors 10 of 16 pass-2 training days
   F47 anchors 9 of 12 pass-2 training days
P2LOO/16 done
   F13 anchors 11 of 17 pass-2 training days
   F47 anchors 10 of 13 pass-2 training days
P2LOO/17 done
   F13 anchors 11 of 17 pass-2 training days
   F47 anchors 11 of 14 pass-2 training days
P2LOO/18 done
   F13 anchors 10 of 16 pass-2 training days
   F47 anchors 11 of 13 pass-2 training days
P2LOO/19 done
   F13 anchors 10 of 16 pass-2 training days
   F47 anchors 12 of 13 pass-2 training days
P2LOO/20 done
   F13 anchors 11 of 17 pass-2 training days
   F47 anchors 12 of 13 pass-2 training days
P2LOO/21 done
   F13 anchors 12 of 18 pass-2 training days
   F47 anchors 12 of 13 pass-2 training days
P2LOO/22 done
   F13 anchors 13 of 18 pass-2 training days
   F47 anchors 12 of 13 pass-2 training days
P2LOO/23 done
   F13 anchors 13 of 17 pass-2 training days
   F47 anchors 12 of 14 pass-2 training days
P2LOO/24 done
   F13 anchors 13 of 16 pass-2 training days
   F47 anchors 12 of 14 pass-2 training days
P2LOO/25 done
   F13 anchors 13 of 17 pass-2 training days
   F47 anchors 12 of 14 pass-2 training days
P2LOO/26 done
   F13 anchors 13 of 18 pass-2 training days
   F47 anchors 7 of 10 pass-2 training days
P2LOO/27 done
   F13 anchors 12 of 17 pass-2 training days
   F47 anchors 9 of 12 pass-2 training days
P2LOO/28 done
   F13 anchors 12 of 17 pass-2 training days
   F47 anchors 10 of 13 pass-2 training days
P2LOO/29 done
   F13 anchors 9 of 15 pass-2 training days
   F47 anchors 10 of 14 pass-2 training days
P2LOO/30 done
   F13 anchors 8 of 14 pass-2 training days
   F47 anchors 10 of 14 pass-2 training days
P2LOO/31 done
   F13 anchors 13 of 19 pass-2 training days
   F47 anchors 11 of 14 pass-2 training days
P2LOO/32 done
   F13 anchors 13 of 19 pass-2 training days
   F47 anchors 10 of 13 pass-2 training days
P2LOO/33 done
   F13 anchors 12 of 18 pass-2 training days
   F47 anchors 9 of 12 pass-2 training days
P2LOO/34 done
   F13 anchors 11 of 17 pass-2 training days
   F47 anchors 9 of 12 pass-2 training days
P2LOO/35 done
   F13 anchors 10 of 16 pass-2 training days
   F47 anchors 9 of 12 pass-2 training days
P2LOO/36 done
   F13 anchors 10 of 16 pass-2 training days
   F47 anchors 10 of 13 pass-2 training days
P2LOO/37 done
   F13 anchors 11 of 17 pass-2 training days
   F47 anchors 11 of 14 pass-2 training days
P2LOO/38 done
   F13 anchors 10 of 16 pass-2 training days
   F47 anchors 11 of 14 pass-2 training days
P2LOO/39 done
   F13 anchors 9 of 15 pass-2 training days
   F47 anchors 12 of 15 pass-2 training days
P2LOO/40 done
   F13 anchors 9 of 15 pass-2 training days
   F47 anchors 12 of 14 pass-2 training days
P2LOO/41 done
   F13 anchors 10 of 15 pass-2 training days
   F47 anchors 12 of 13 pass-2 training days
P2LOO/42 done
   F13 anchors 11 of 16 pass-2 training days
   F47 anchors 12 of 13 pass-2 training days
P2LOO/43 done
   F13 anchors 13 of 16 pass-2 training days
   F47 anchors 12 of 14 pass-2 training days
P2LOO/44 done
   F13 anchors 13 of 18 pass-2 training days
   F47 anchors 10 of 13 pass-2 training days
P2LOO/45 done
   F13 anchors 13 of 18 pass-2 training days
   F47 anchors 9 of 12 pass-2 training days
P2LOO/46 done
   F13 anchors 13 of 17 pass-2 training days
   F47 anchors 9 of 12 pass-2 training days
P2LOO/47 done
   F13 anchors 12 of 16 pass-2 training days
   F47 anchors 9 of 12 pass-2 training days
P2LOO/48 done
   F13 anchors 12 of 16 pass-2 training days
   F47 anchors 10 of 13 pass-2 training days
P2LOO/49 done
folds: {'A': 5, 'B': 5, 'DIAG10': 10, 'EL1': 9, 'P2LOO': 41}
DIAG10 all   days 334  NOHIGH 0.1135 [0.1140 0.1135 0.1132]  | HX1 BASE (trained with high days) 0.1114 -> +1.8%
DIAG10 pass1 days 293  NOHIGH 0.1145 [0.1149 0.1146 0.1142]  | HX1 BASE (trained with high days) 0.1086 -> +5.4%
DIAG10 pass2 days  41  NOHIGH 0.1060 [0.1070 0.1054 0.1060]  | HX1 BASE (trained with high days) 0.1299 -> -18.4%
A      all   days 137  NOHIGH 0.1494 [0.1494 0.1501 0.1491]
A      pass1 days 133  NOHIGH 0.1504 [0.1504 0.1510 0.1500]
A      pass2 days   4  NOHIGH 0.0762 [0.0745 0.0775 0.0766]  | HX1 BASE (trained with high days) 0.0764 -> -0.3%
B      all   days 146  NOHIGH 0.1567 [0.1569 0.1565 0.1570]
B      pass1 days 146  NOHIGH 0.1567 [0.1569 0.1565 0.1570]
EL1    all   days  41  NOHIGH 0.1054 [0.1055 0.1054 0.1054]  | HX1 BASE (trained with high days) 0.1540 -> -31.6%
EL1    pass2 days  41  NOHIGH 0.1054 [0.1055 0.1054 0.1054]  | HX1 BASE (trained with high days) 0.1540 -> -31.6%
P2LOO  all   days  41  NOHIGH 0.0829 [0.0828 0.0835 0.0827]
P2LOO  pass2 days  41  NOHIGH 0.0829 [0.0828 0.0835 0.0827]
