
==== DIAG10  날 334  RMSE 0.1135  치우침 -0.0194
  오차 분해: 하루 수준 89% / 하루 안 모양 11%
  EC 높이 구간별 (실제 일평균):
    0.0~0.3  날 109  RMSE 0.066  치우침 +0.029  오차 몫   11%
    0.3~0.5  날 122  RMSE 0.082  치우침 +0.006  오차 몫   19%
    0.5~0.7  날  53  RMSE 0.095  치우침 -0.042  오차 몫   11%
    0.7~0.9  날  36  RMSE 0.129  치우침 -0.095  오차 몫   14%
    0.9~1.2  날  14  RMSE 0.371  치우침 -0.338  오차 몫   45%
  F13 RMSE 0.120 치우침 -0.034 오차 몫 56%
  F47 RMSE 0.106 치우침 -0.005 오차 몫 44%
  1차 RMSE 0.115 치우침 -0.015 오차 몫 89%
  2차 RMSE 0.106 치우침 -0.048 오차 몫 11%
  시간대 RMSE (0-5,6-11,12-17,18-23): 0.100 0.101 0.131 0.119
  오차 큰 상위 10일 몫 38%
  상위 8일:
              y      p    sse
farm day                     
F47  174  1.053  0.620  5.918
F13  172  0.978  0.555  5.281
     118  1.102  0.718  4.988
     137  1.076  0.643  4.874
     177  1.005  0.630  3.397
     135  1.013  0.643  3.381
F47  119  0.922  0.581  3.312
F13  214  0.918  0.586  2.904

==== P2LOO  날 41  RMSE 0.0829  치우침 -0.0123
  오차 분해: 하루 수준 87% / 하루 안 모양 13%
  EC 높이 구간별 (실제 일평균):
    0.0~0.3  날  11  RMSE 0.076  치우침 +0.039  오차 몫   23%
    0.3~0.5  날  13  RMSE 0.065  치우침 -0.009  오차 몫   19%
    0.5~0.7  날  12  RMSE 0.083  치우침 -0.023  오차 몫   29%
    0.7~0.9  날   4  RMSE 0.102  치우침 -0.091  오차 몫   15%
    0.9~1.2  날   1  RMSE 0.199  치우침 -0.179  오차 몫   14%
  F13 RMSE 0.087 치우침 -0.030 오차 몫 56%
  F47 RMSE 0.078 치우침 +0.006 오차 몫 44%
  시간대 RMSE (0-5,6-11,12-17,18-23): 0.095 0.080 0.085 0.069
  오차 큰 상위 10일 몫 69%
  상위 8일:
              y      p    sse
farm day                     
F47  209  0.655  0.455  0.960
F13  214  0.918  0.739  0.954
F47  191  0.291  0.453  0.650
F13  245  0.840  0.684  0.589
     213  0.292  0.409  0.345
F47  241  0.652  0.752  0.276
F13  180  0.292  0.370  0.258
     196  0.547  0.449  0.236
