   F13 anchors 11 of 16 pass-2 training days
   F47 anchors 11 of 16 pass-2 training days
EL1/200 seed 3131
EL1/200 seed 5252
EL1/200 seed 7373
EL1/200 done
   F13 anchors 11 of 16 pass-2 training days
   F47 anchors 6 of 11 pass-2 training days
EL1/201 seed 3131
EL1/201 seed 5252
EL1/201 seed 7373
EL1/201 done
   F13 anchors 12 of 16 pass-2 training days
   F47 anchors 11 of 14 pass-2 training days
EL1/202 seed 3131
EL1/202 seed 5252
EL1/202 seed 7373
EL1/202 done
   F13 anchors 14 of 15 pass-2 training days
   F47 anchors 7 of 7 pass-2 training days
EL1/203 seed 3131
EL1/203 seed 5252
EL1/203 seed 7373
EL1/203 done
   F13 anchors 12 of 16 pass-2 training days
   F47 anchors 7 of 12 pass-2 training days
EL1/204 seed 3131
EL1/204 seed 5252
EL1/204 seed 7373
EL1/204 done
   F13 anchors 10 of 15 pass-2 training days
   F47 anchors 7 of 13 pass-2 training days
EL1/205 seed 3131
EL1/205 seed 5252
EL1/205 seed 7373
EL1/205 done
   F13 anchors 10 of 15 pass-2 training days
   F47 anchors 7 of 12 pass-2 training days
EL1/206 seed 3131
EL1/206 seed 5252
EL1/206 seed 7373
EL1/206 done
   F13 anchors 12 of 14 pass-2 training days
   F47 anchors 12 of 13 pass-2 training days
EL1/207 seed 3131
EL1/207 seed 5252
EL1/207 seed 7373
EL1/207 done
   F13 anchors 13 of 14 pass-2 training days
   F47 anchors 8 of 10 pass-2 training days
EL1/208 seed 3131
EL1/208 seed 5252
EL1/208 seed 7373
EL1/208 done
   F13 anchors 12 of 16 pass-2 training days
   F47 anchors 9 of 14 pass-2 training days
EL1/209 seed 3131
EL1/209 seed 5252
EL1/209 seed 7373
EL1/209 done
folds: {'DIAG10': 6, 'EL1': 10, 'FRESH': 4}
NORMAL DIAG10 pass-2 days 41  BASE 0.1302 [0.1280 0.1308 0.1326]  U2 0.1049 [0.1047 0.1050 0.1054]  -19.41%
NORMAL FRESH  pass-2 days 32  BASE 0.1649 [0.1697 0.1642 0.1612]  U2 0.1470 [0.1474 0.1468 0.1472]  -10.82%
NORMAL EL1    pass-2 days 41  BASE 0.1477 [0.1439 0.1517 0.1483]  U2 0.1158 [0.1165 0.1164 0.1150]  -21.60%
ALL    DIAG10 pass-2 days 46  BASE 0.2694 [0.2686 0.2718 0.2683]  U2 0.3231 [0.3234 0.3241 0.3220]  +19.92%
ALL    FRESH  pass-2 days 34  BASE 0.2400 [0.2427 0.2387 0.2389]  U2 0.2402 [0.2415 0.2383 0.2411]  +0.11%
ALL    EL1    pass-2 days 46  BASE 0.2867 [0.2869 0.2887 0.2850]  U2 0.3325 [0.3339 0.3321 0.3316]  +15.98%
INCOMPLETE - no verdict
