   F13 anchors 11 of 16 pass-2 training days
   F47 anchors 11 of 16 pass-2 training days
EL1/0 seed 47  ESCV lgb 357 [594, 649, 245, 226, 73] mlp 52 [67, 156, 23, 3, 10]
EL1/0 seed 1414  ESCV lgb 384 [447, 1029, 255, 118, 69] mlp 79 [129, 222, 33, 4, 5]
EL1/0 seed 6464  ESCV lgb 335 [475, 724, 313, 99, 66] mlp 57 [104, 38, 106, 4, 34]
EL1/0 done
   F13 anchors 11 of 16 pass-2 training days
   F47 anchors 6 of 11 pass-2 training days
EL1/1 seed 47  ESCV lgb 590 [688, 942, 1199, 81, 40] mlp 69 [144, 112, 74, 6, 9]
EL1/1 seed 1414  ESCV lgb 438 [639, 715, 722, 75, 39] mlp 61 [121, 107, 44, 3, 31]
EL1/1 seed 6464  ESCV lgb 487 [571, 800, 926, 99, 40] mlp 70 [148, 23, 169, 3, 6]
EL1/1 done
   F13 anchors 12 of 16 pass-2 training days
   F47 anchors 11 of 14 pass-2 training days
EL1/2 seed 47  ESCV lgb 579 [652, 789, 1300, 107, 45] mlp 65 [150, 80, 59, 29, 9]
EL1/2 seed 1414  ESCV lgb 525 [597, 685, 1181, 113, 47] mlp 64 [162, 21, 48, 18, 73]
EL1/2 seed 6464  ESCV lgb 609 [806, 1002, 1071, 120, 47] mlp 89 [102, 69, 246, 22, 8]
EL1/2 done
   F13 anchors 14 of 15 pass-2 training days
   F47 anchors 7 of 7 pass-2 training days
EL1/3 seed 47  ESCV lgb 528 [605, 1143, 691, 137, 64] mlp 40 [103, 10, 48, 30, 10]
EL1/3 seed 1414  ESCV lgb 589 [434, 1072, 1233, 137, 71] mlp 84 [78, 158, 56, 48, 80]
EL1/3 seed 6464  ESCV lgb 396 [365, 793, 631, 133, 60] mlp 60 [44, 9, 51, 43, 154]
EL1/3 done
   F13 anchors 12 of 16 pass-2 training days
   F47 anchors 7 of 12 pass-2 training days
EL1/4 seed 47  ESCV lgb 464 [364, 1084, 645, 181, 47] mlp 62 [111, 78, 69, 43, 8]
EL1/4 seed 1414  ESCV lgb 480 [394, 1254, 572, 134, 47] mlp 54 [99, 28, 41, 95, 6]
EL1/4 seed 6464  ESCV lgb 573 [359, 1366, 958, 132, 48] mlp 70 [99, 23, 144, 82, 1]
EL1/4 done
   F13 anchors 10 of 15 pass-2 training days
   F47 anchors 7 of 13 pass-2 training days
EL1/5 seed 47  ESCV lgb 485 [419, 1128, 605, 183, 92] mlp 40 [96, 38, 23, 34, 9]
EL1/5 seed 1414  ESCV lgb 496 [583, 694, 730, 342, 132] mlp 53 [122, 94, 12, 15, 20]
EL1/5 seed 6464  ESCV lgb 569 [507, 1445, 654, 122, 116] mlp 70 [80, 92, 17, 28, 133]
EL1/5 done
   F13 anchors 10 of 15 pass-2 training days
   F47 anchors 7 of 12 pass-2 training days
EL1/6 seed 47  ESCV lgb 437 [295, 916, 811, 116, 47] mlp 79 [136, 174, 69, 5, 11]
EL1/6 seed 1414  ESCV lgb 484 [472, 1158, 633, 114, 43] mlp 49 [130, 29, 79, 4, 3]
EL1/6 seed 6464  ESCV lgb 441 [448, 928, 680, 99, 49] mlp 69 [168, 26, 62, 3, 85]
EL1/6 done
   F13 anchors 12 of 14 pass-2 training days
   F47 anchors 12 of 13 pass-2 training days
EL1/7 seed 47  ESCV lgb 616 [533, 1133, 1108, 97, 209] mlp 51 [112, 81, 41, 9, 12]
EL1/7 seed 1414  ESCV lgb 522 [675, 1014, 621, 115, 187] mlp 92 [102, 80, 237, 4, 37]
EL1/7 seed 6464  ESCV lgb 685 [706, 675, 1530, 250, 263] mlp 71 [162, 143, 37, 4, 9]
EL1/7 done
   F13 anchors 13 of 14 pass-2 training days
   F47 anchors 8 of 10 pass-2 training days
EL1/8 seed 47  ESCV lgb 476 [599, 650, 721, 304, 105] mlp 77 [153, 175, 35, 13, 7]
EL1/8 seed 1414  ESCV lgb 384 [457, 658, 449, 222, 133] mlp 73 [220, 48, 45, 50, 3]
EL1/8 seed 6464  ESCV lgb 444 [540, 767, 532, 246, 133] mlp 73 [195, 54, 72, 43, 1]
EL1/8 done
   F13 anchors 12 of 16 pass-2 training days
   F47 anchors 9 of 14 pass-2 training days
EL1/9 seed 47  ESCV lgb 509 [449, 1144, 653, 235, 66] mlp 58 [61, 118, 70, 35, 8]
EL1/9 seed 1414  ESCV lgb 626 [396, 1051, 1338, 280, 63] mlp 70 [151, 52, 109, 32, 6]
EL1/9 seed 6464  ESCV lgb 578 [446, 1375, 855, 152, 61] mlp 94 [226, 30, 126, 86, 1]
EL1/9 done
folds: {'A': 1, 'DIAG10': 10, 'EL1': 10}

== DIAG10 day>=0  n=8640
   FULL  0.2043  seeds [0.2051 0.2032 0.2050]  vs FULL +0.00%
   BAG10 0.2058  seeds [0.2057 0.2055 0.2062]  vs FULL +0.73%
   ESCV  0.2049  seeds [0.2058 0.2038 0.2057]  vs FULL +0.33%
   BAG10 share(not better than FULL) 0.9937
   ESCV share(not better than FULL) 0.9494

== A day>=0  n=1272
   FULL  0.1354  seeds [0.1341 0.1356 0.1373]  vs FULL +0.00%
   BAG10 0.1359  seeds [0.1363 0.1353 0.1361]  vs FULL +0.32%
   ESCV  0.1364  seeds [0.1356 0.1373 0.1370]  vs FULL +0.70%

== DIAG10 day>=179  n=1104
   FULL  0.2699  seeds [0.2710 0.2698 0.2695]  vs FULL +0.00%
   BAG10 0.2715  seeds [0.2716 0.2705 0.2725]  vs FULL +0.58%
   ESCV  0.2707  seeds [0.2723 0.2702 0.2699]  vs FULL +0.28%

== EL1 day>=179  n=1104
   FULL  0.2880  seeds [0.2880 0.2872 0.2894]  vs FULL +0.00%
   BAG10 0.2866  seeds [0.2862 0.2863 0.2875]  vs FULL -0.50%
   ESCV  0.2893  seeds [0.2865 0.2888 0.2929]  vs FULL +0.43%

BAG10: seed x {DIAG10,A,B} better 2/6, DIAG10 share 0.9937 -> FAIL

ESCV: seed x {DIAG10,A,B} better 1/6, DIAG10 share 0.9494 -> FAIL
