   F13 anchors 10 of 21 pass-2 training days
   F47 anchors 9 of 17 pass-2 training days
DIAG10/0 seed 47  ESCV lgb 955 [902, 652, 902, 2184, 135] mlp 46 [107, 56, 14, 9, 45]
DIAG10/0 seed 1414  ESCV lgb 1081 [1356, 1301, 539, 2063, 144] mlp 42 [112, 25, 31, 8, 32]
DIAG10/0 seed 6464  ESCV lgb 1002 [1124, 1153, 677, 1925, 131] mlp 42 [159, 17, 24, 10, 2]
DIAG10/0 done
   F13 anchors 9 of 21 pass-2 training days
   F47 anchors 7 of 17 pass-2 training days
DIAG10/1 seed 47  ESCV lgb 401 [971, 104, 641, 55, 233] mlp 68 [137, 22, 78, 2, 103]
DIAG10/1 seed 1414  ESCV lgb 437 [998, 90, 648, 62, 388] mlp 75 [97, 154, 73, 4, 49]
DIAG10/1 seed 6464  ESCV lgb 370 [895, 88, 596, 49, 220] mlp 94 [235, 72, 102, 2, 59]
DIAG10/1 done
   F13 anchors 11 of 21 pass-2 training days
   F47 anchors 7 of 17 pass-2 training days
DIAG10/2 seed 47  ESCV lgb 431 [670, 1020, 77, 282, 105] mlp 61 [123, 133, 16, 15, 16]
DIAG10/2 seed 1414  ESCV lgb 539 [1036, 681, 465, 399, 112] mlp 49 [85, 86, 41, 20, 15]
DIAG10/2 seed 6464  ESCV lgb 288 [636, 423, 88, 217, 77] mlp 80 [59, 197, 83, 45, 14]
DIAG10/2 done
   F13 anchors 12 of 21 pass-2 training days
   F47 anchors 6 of 16 pass-2 training days
DIAG10/3 seed 47  ESCV lgb 262 [115, 148, 92, 424, 533] mlp 51 [54, 5, 7, 167, 22]
DIAG10/3 seed 1414  ESCV lgb 299 [570, 172, 112, 262, 377] mlp 43 [83, 4, 7, 85, 35]
DIAG10/3 seed 6464  ESCV lgb 278 [124, 134, 237, 468, 427] mlp 44 [96, 5, 12, 82, 26]
DIAG10/3 done
   F13 anchors 11 of 16 pass-2 training days
   F47 anchors 9 of 16 pass-2 training days
DIAG10/4 seed 47  ESCV lgb 479 [239, 826, 164, 609, 559] mlp 54 [11, 27, 91, 120, 21]
DIAG10/4 seed 1414  ESCV lgb 430 [362, 684, 229, 459, 418] mlp 87 [7, 189, 59, 59, 123]
DIAG10/4 seed 6464  ESCV lgb 244 [124, 452, 193, 230, 221] mlp 56 [5, 24, 16, 126, 110]
DIAG10/4 done
   F13 anchors 14 of 19 pass-2 training days
   F47 anchors 10 of 15 pass-2 training days
DIAG10/5 seed 47  ESCV lgb 567 [226, 1090, 279, 543, 695] mlp 109 [13, 187, 104, 114, 125]
DIAG10/5 seed 1414  ESCV lgb 527 [223, 1078, 143, 494, 697] mlp 51 [3, 92, 51, 3, 108]
DIAG10/5 seed 6464  ESCV lgb 590 [243, 1564, 159, 511, 473] mlp 79 [2, 121, 157, 99, 14]
DIAG10/5 done
   F13 anchors 11 of 16 pass-2 training days
   F47 anchors 6 of 11 pass-2 training days
DIAG10/6 seed 47  ESCV lgb 656 [86, 954, 208, 78, 1953] mlp 63 [6, 116, 93, 97, 4]
DIAG10/6 seed 1414  ESCV lgb 510 [75, 601, 389, 81, 1406] mlp 61 [5, 69, 78, 149, 6]
DIAG10/6 seed 6464  ESCV lgb 462 [77, 886, 192, 81, 1076] mlp 70 [5, 105, 93, 140, 5]
DIAG10/6 done
   F13 anchors 11 of 17 pass-2 training days
   F47 anchors 11 of 14 pass-2 training days
DIAG10/7 seed 47  ESCV lgb 616 [122, 1513, 1123, 259, 63] mlp 39 [76, 8, 101, 7, 4]
DIAG10/7 seed 1414  ESCV lgb 634 [133, 1128, 1542, 296, 71] mlp 73 [4, 8, 208, 136, 9]
DIAG10/7 seed 6464  ESCV lgb 615 [103, 1362, 1276, 275, 61] mlp 47 [4, 6, 117, 96, 13]
DIAG10/7 done
   F13 anchors 9 of 14 pass-2 training days
   F47 anchors 11 of 12 pass-2 training days
DIAG10/8 seed 47  ESCV lgb 529 [97, 1290, 208, 72, 978] mlp 28 [12, 69, 9, 26, 26]
DIAG10/8 seed 1414  ESCV lgb 594 [113, 1327, 170, 61, 1297] mlp 31 [16, 55, 9, 59, 15]
DIAG10/8 seed 6464  ESCV lgb 959 [107, 1435, 210, 65, 2978] mlp 26 [20, 24, 5, 79, 4]
DIAG10/8 done
   F13 anchors 12 of 16 pass-2 training days
   F47 anchors 7 of 12 pass-2 training days
DIAG10/9 seed 47  ESCV lgb 581 [1612, 144, 409, 520, 222] mlp 27 [4, 76, 27, 24, 3]
DIAG10/9 seed 1414  ESCV lgb 708 [1885, 176, 833, 509, 137] mlp 29 [12, 66, 34, 26, 6]
DIAG10/9 seed 6464  ESCV lgb 652 [1295, 240, 725, 718, 281] mlp 43 [8, 116, 43, 47, 2]
DIAG10/9 done
   F13 anchors 12 of 21 pass-2 training days
   F47 anchors 10 of 17 pass-2 training days
A/0 seed 47  ESCV lgb 848 [429, 100, 1943, 119, 1651] mlp 47 [15, 11, 161, 42, 8]
A/0 seed 1414  ESCV lgb 941 [916, 121, 1930, 349, 1389] mlp 67 [14, 27, 136, 28, 128]
A/0 seed 6464  ESCV lgb 898 [695, 79, 2093, 113, 1508] mlp 57 [15, 73, 156, 33, 8]
A/0 done
   F13 anchors 12 of 21 pass-2 training days
   F47 anchors 11 of 17 pass-2 training days
A/1 seed 47  ESCV lgb 647 [76, 51, 1713, 1056, 339] mlp 36 [3, 5, 53, 107, 13]
A/1 seed 1414  ESCV lgb 592 [76, 49, 1706, 758, 369] mlp 77 [148, 3, 40, 174, 18]
A/1 seed 6464  ESCV lgb 788 [104, 51, 2438, 704, 645] mlp 70 [129, 5, 81, 13, 122]
A/1 done
   F13 anchors 9 of 21 pass-2 training days
   F47 anchors 10 of 17 pass-2 training days
A/2 seed 47  ESCV lgb 648 [54, 75, 177, 1756, 1177] mlp 36 [16, 31, 5, 97, 29]
A/2 seed 1414  ESCV lgb 630 [43, 57, 143, 868, 2041] mlp 37 [6, 16, 4, 60, 101]
A/2 seed 6464  ESCV lgb 812 [50, 68, 200, 1058, 2683] mlp 29 [9, 2, 3, 100, 33]
A/2 done
   F13 anchors 10 of 21 pass-2 training days
   F47 anchors 8 of 17 pass-2 training days
A/3 seed 47  ESCV lgb 717 [177, 69, 2345, 401, 591] mlp 27 [12, 5, 30, 38, 51]
A/3 seed 1414  ESCV lgb 913 [735, 64, 1321, 2029, 414] mlp 62 [105, 4, 19, 95, 85]
A/3 seed 6464  ESCV lgb 864 [218, 86, 1773, 1506, 737] mlp 85 [14, 2, 133, 102, 174]
A/3 done
   F13 anchors 8 of 16 pass-2 training days
   F47 anchors 6 of 16 pass-2 training days
A/4 seed 47  ESCV lgb 281 [98, 895, 53, 228, 133] mlp 76 [6, 171, 17, 169, 15]
A/4 seed 1414  ESCV lgb 322 [90, 1059, 62, 250, 147] mlp 42 [12, 35, 14, 137, 10]
A/4 seed 6464  ESCV lgb 249 [102, 664, 53, 251, 173] mlp 26 [10, 19, 15, 79, 7]
A/4 done
   F13 anchors 11 of 21 pass-2 training days
   F47 anchors 8 of 17 pass-2 training days
B/0 seed 47  ESCV lgb 427 [581, 85, 468, 712, 288] mlp 46 [15, 13, 22, 172, 9]
B/0 seed 1414  ESCV lgb 624 [443, 334, 1087, 1016, 242] mlp 66 [28, 5, 88, 196, 12]
B/0 seed 6464  ESCV lgb 629 [721, 279, 849, 1010, 287] mlp 31 [22, 5, 22, 95, 10]
B/0 done
   F13 anchors 12 of 21 pass-2 training days
   F47 anchors 10 of 17 pass-2 training days
B/1 seed 47  ESCV lgb 261 [210, 73, 88, 501, 435] mlp 76 [25, 2, 64, 142, 145]
B/1 seed 1414  ESCV lgb 397 [217, 640, 98, 571, 461] mlp 58 [16, 5, 40, 144, 84]
B/1 seed 6464  ESCV lgb 353 [250, 91, 93, 672, 658] mlp 39 [18, 6, 37, 18, 118]
B/1 done
   F13 anchors 15 of 21 pass-2 training days
   F47 anchors 12 of 17 pass-2 training days
B/2 seed 47  ESCV lgb 702 [173, 576, 753, 1344, 662] mlp 45 [16, 90, 7, 10, 103]
B/2 seed 1414  ESCV lgb 666 [164, 625, 495, 1287, 758] mlp 37 [16, 71, 4, 11, 81]
B/2 seed 6464  ESCV lgb 916 [169, 767, 785, 2197, 661] mlp 26 [13, 48, 6, 13, 49]
B/2 done
   F13 anchors 9 of 21 pass-2 training days
   F47 anchors 9 of 17 pass-2 training days
B/3 seed 47  ESCV lgb 1147 [2103, 114, 2504, 156, 856] mlp 100 [21, 56, 105, 25, 294]
B/3 seed 1414  ESCV lgb 1079 [1932, 137, 2173, 142, 1012] mlp 60 [100, 34, 16, 22, 128]
B/3 seed 6464  ESCV lgb 1128 [1655, 131, 2825, 133, 898] mlp 130 [27, 110, 156, 53, 303]
B/3 done
   F13 anchors 12 of 21 pass-2 training days
   F47 anchors 9 of 17 pass-2 training days
B/4 seed 47  ESCV lgb 400 [671, 760, 31, 296, 242] mlp 12 [12, 5, 3, 23, 16]
B/4 seed 1414  ESCV lgb 527 [394, 495, 30, 1094, 621] mlp 20 [18, 13, 3, 48, 19]
B/4 seed 6464  ESCV lgb 405 [469, 455, 34, 249, 817] mlp 71 [191, 109, 2, 34, 18]
B/4 done
folds: {'A': 5, 'B': 5, 'DIAG10': 10, 'EL1': 10}

== DIAG10 day>=0  n=8640
   FULL  0.2043  seeds [0.2051 0.2032 0.2050]  vs FULL +0.00%
   BAG10 0.2058  seeds [0.2057 0.2055 0.2062]  vs FULL +0.73%
   ESCV  0.2049  seeds [0.2058 0.2038 0.2057]  vs FULL +0.33%
   BAG10 share(not better than FULL) 0.9937
   ESCV share(not better than FULL) 0.9494

== A day>=0  n=6336
   FULL  0.2779  seeds [0.2786 0.2787 0.2769]  vs FULL +0.00%
   BAG10 0.2779  seeds [0.2783 0.2780 0.2777]  vs FULL +0.02%
   ESCV  0.2792  seeds [0.2801 0.2796 0.2785]  vs FULL +0.48%

== B day>=0  n=6312
   FULL  0.2207  seeds [0.2228 0.2193 0.2206]  vs FULL +0.00%
   BAG10 0.2244  seeds [0.2247 0.2243 0.2245]  vs FULL +1.69%
   ESCV  0.2226  seeds [0.2248 0.2214 0.2222]  vs FULL +0.85%

== DIAG10 day>=179  n=1104
   FULL  0.2699  seeds [0.2710 0.2698 0.2695]  vs FULL +0.00%
   BAG10 0.2715  seeds [0.2716 0.2705 0.2725]  vs FULL +0.58%
   ESCV  0.2707  seeds [0.2723 0.2702 0.2699]  vs FULL +0.28%

== EL1 day>=179  n=1104
   FULL  0.2880  seeds [0.2880 0.2872 0.2894]  vs FULL +0.00%
   BAG10 0.2866  seeds [0.2862 0.2863 0.2875]  vs FULL -0.50%
   ESCV  0.2893  seeds [0.2865 0.2888 0.2929]  vs FULL +0.43%

BAG10: seed x {DIAG10,A,B} better 2/9, DIAG10 share 0.9937 -> FAIL

ESCV: seed x {DIAG10,A,B} better 0/9, DIAG10 share 0.9494 -> FAIL
