   F13 anchors 18 of 24 pass-2 training days
   F47 anchors 15 of 22 pass-2 training days
F13 15 done
   F13 anchors 18 of 24 pass-2 training days
   F47 anchors 15 of 22 pass-2 training days
F13 23 done
   F13 anchors 18 of 24 pass-2 training days
   F47 anchors 15 of 22 pass-2 training days
F13 24 done
   F13 anchors 18 of 24 pass-2 training days
   F47 anchors 15 of 22 pass-2 training days
F13 47 done
   F13 anchors 18 of 24 pass-2 training days
   F47 anchors 15 of 22 pass-2 training days
F13 74 done
   F13 anchors 18 of 24 pass-2 training days
   F47 anchors 15 of 22 pass-2 training days
F13 87 done
   F13 anchors 18 of 24 pass-2 training days
   F47 anchors 15 of 22 pass-2 training days
F13 114 done
   F13 anchors 18 of 24 pass-2 training days
   F47 anchors 15 of 22 pass-2 training days
F13 115 done
   F13 anchors 15 of 24 pass-2 training days
   F47 anchors 15 of 22 pass-2 training days
F13 123 done
   F13 anchors 16 of 24 pass-2 training days
   F47 anchors 15 of 22 pass-2 training days
F13 124 done
   F13 anchors 18 of 24 pass-2 training days
   F47 anchors 15 of 22 pass-2 training days
F13 127 done
   F13 anchors 18 of 24 pass-2 training days
   F47 anchors 15 of 22 pass-2 training days
F13 144 done
   F13 anchors 18 of 24 pass-2 training days
   F47 anchors 14 of 22 pass-2 training days
F13 163 done
   F13 anchors 18 of 24 pass-2 training days
   F47 anchors 14 of 22 pass-2 training days
F13 164 done
   F13 anchors 18 of 24 pass-2 training days
   F47 anchors 14 of 22 pass-2 training days
F13 165 done
   F13 anchors 18 of 24 pass-2 training days
   F47 anchors 11 of 18 pass-2 training days
F13 191 done
   F13 anchors 18 of 24 pass-2 training days
   F47 anchors 10 of 17 pass-2 training days
F13 192 done
   F13 anchors 18 of 24 pass-2 training days
   F47 anchors 9 of 16 pass-2 training days
F13 193 done
   F13 anchors 17 of 23 pass-2 training days
   F47 anchors 9 of 16 pass-2 training days
F13 194 done
   F13 anchors 17 of 22 pass-2 training days
   F47 anchors 15 of 19 pass-2 training days
F13 216 done
   F13 anchors 17 of 24 pass-2 training days
   F47 anchors 14 of 22 pass-2 training days
F47 13 done
   F13 anchors 18 of 24 pass-2 training days
   F47 anchors 15 of 22 pass-2 training days
F47 34 done
   F13 anchors 18 of 24 pass-2 training days
   F47 anchors 15 of 22 pass-2 training days
F47 41 done
   F13 anchors 18 of 24 pass-2 training days
   F47 anchors 14 of 22 pass-2 training days
F47 56 done
   F13 anchors 18 of 24 pass-2 training days
   F47 anchors 15 of 22 pass-2 training days
F47 82 done
   F13 anchors 18 of 24 pass-2 training days
   F47 anchors 15 of 22 pass-2 training days
F47 84 done
   F13 anchors 18 of 24 pass-2 training days
   F47 anchors 15 of 22 pass-2 training days
F47 94 done
   F13 anchors 18 of 24 pass-2 training days
   F47 anchors 15 of 22 pass-2 training days
F47 106 done
   F13 anchors 18 of 24 pass-2 training days
   F47 anchors 15 of 22 pass-2 training days
F47 115 done
   F13 anchors 18 of 24 pass-2 training days
   F47 anchors 15 of 22 pass-2 training days
F47 134 done
   F13 anchors 18 of 24 pass-2 training days
   F47 anchors 15 of 22 pass-2 training days
F47 142 done
   F13 anchors 18 of 24 pass-2 training days
   F47 anchors 15 of 22 pass-2 training days
F47 143 done
   F13 anchors 18 of 24 pass-2 training days
   F47 anchors 14 of 22 pass-2 training days
F47 162 done
   F13 anchors 18 of 24 pass-2 training days
   F47 anchors 15 of 22 pass-2 training days
F47 164 done
   F13 anchors 18 of 24 pass-2 training days
   F47 anchors 15 of 22 pass-2 training days
F47 172 done
   F13 anchors 13 of 19 pass-2 training days
   F47 anchors 14 of 21 pass-2 training days
F47 181 done
   F13 anchors 18 of 24 pass-2 training days
   F47 anchors 15 of 22 pass-2 training days
F47 189 done
   F13 anchors 18 of 24 pass-2 training days
   F47 anchors 14 of 21 pass-2 training days
F47 190 done
   F13 anchors 14 of 20 pass-2 training days
   F47 anchors 14 of 20 pass-2 training days
F47 211 done
   F13 anchors 13 of 19 pass-2 training days
   F47 anchors 15 of 20 pass-2 training days
F47 213 done
lock days scored: 40
ALL 40 lock days: REF 0.1555  THS5 0.1559  +0.26%  seeds 0.1559->0.1556 0.1562->0.1568 0.1548->0.1557  day-share 0.5352
  pass-1                 days 30  REF 0.1781  THS5 0.1786  +0.27%
  pass-2                 days 10  REF 0.0394  THS5 0.0393  -0.21%
  high (>=1.2)           days  4  REF 0.4383  THS5 0.4369  -0.33%
  normal (<1.2)          days 36  REF 0.0744  THS5 0.0763  +2.53%
  4 curtain high days    days  4  REF 0.4383  THS5 0.4369  -0.33%
  days better 23 / 40; top-3 share of gain -890%
              y    REF   THS5   gain
farm day                            
F13  127  1.579  1.322  1.369  0.565
     144  0.414  0.545  0.489  0.334
     123  1.453  1.298  1.330  0.191
F47  143  2.063  1.813  1.824  0.101
     142  0.403  0.471  0.439  0.084
F13  165  0.733  0.679  0.686  0.021
     115  0.292  0.334  0.323  0.021
     87   0.559  0.529  0.537  0.013
F47  115  0.263  0.288  0.276  0.012
F13  74   0.576  0.533  0.539  0.010
     15   0.406  0.371  0.377  0.010
F47  181  0.123  0.168  0.165  0.008
     106  0.221  0.246  0.239  0.008
     211  0.688  0.640  0.647  0.006
     172  0.442  0.442  0.442  0.004
     56   0.152  0.179  0.176  0.003
F13  23   0.345  0.334  0.338  0.002
F47  213  0.703  0.709  0.710  0.001
F13  194  0.538  0.521  0.523  0.001
F47  34   0.283  0.278  0.279  0.001
F13  193  0.260  0.254  0.254  0.001
F47  41   0.273  0.262  0.262  0.001
F13  24   0.355  0.339  0.340  0.000
F47  190  0.155  0.158  0.157 -0.000
F13  124  0.370  0.366  0.357 -0.000
     192  0.521  0.510  0.507 -0.000
F47  94   0.209  0.234  0.233 -0.000
     189  0.241  0.258  0.259 -0.000
F13  47   0.152  0.164  0.165 -0.001
     164  0.475  0.451  0.456 -0.001
F47  13   0.193  0.203  0.205 -0.002
     84   0.188  0.216  0.216 -0.003
     82   0.258  0.323  0.325 -0.004
F13  216  0.374  0.348  0.346 -0.008
     191  0.511  0.467  0.462 -0.008
     163  0.541  0.672  0.680 -0.054
F47  164  0.466  0.728  0.736 -0.125
     162  0.578  0.769  0.786 -0.240
F13  114  0.817  0.818  0.752 -0.339
F47  134  2.321  1.953  1.944 -0.735

VERDICT: NOT CONFIRMED
