             y  p_with  p_nohigh 커튼일정 갑작밀폐  오차_포함  오차_지움
farm day                                                
F47  117  0.91    0.86      0.68    -    -  -0.05  -0.23
F13  214  0.92    0.66      0.59    O    O  -0.26  -0.33
F47  119  0.92    0.63      0.58    -    -  -0.29  -0.34
     173  0.93    0.72      0.64    -    O  -0.20  -0.29
F13  116  0.94    0.89      0.66    O    -  -0.05  -0.28
     174  0.95    0.75      0.62    -    O  -0.20  -0.33
     172  0.98    0.79      0.56    -    -  -0.19  -0.42
     133  0.98    1.14      0.64    -    O   0.16  -0.34
F47  176  0.98    0.79      0.81    -    O  -0.19  -0.17
F13  177  1.01    0.86      0.63    -    O  -0.15  -0.38
     135  1.01    0.99      0.64    -    O  -0.02  -0.37
F47  174  1.05    0.61      0.62    -    -  -0.44  -0.43
F13  137  1.08    1.16      0.64    -    O   0.08  -0.43
     118  1.10    1.08      0.72    O    O  -0.02  -0.38

0.9~1.2 날 14일: 고EC 포함 학습 평균 오차 -0.131 (|오차| 0.165), 지운 세계 -0.338 (|오차| 0.338)
  |오차|<.15로 맞힌 날: 포함 6, 지움 0
  커튼일정 3일, 갑작밀폐 9일, 둘다없음 4일
  신호 있음 10일: 포함 학습 |오차| 0.133, 지운 세계 |오차| 0.330
  신호 없음 4일: 포함 학습 |오차| 0.244, 지운 세계 |오차| 0.357
