F13 120 EXPL  y 1.250 | FULLTR 1.098 (-0.152) | CLEAN 0.941 (-0.309)
F13 121 UNEX2 y 1.318 | FULLTR 0.896 (-0.422) | CLEAN 0.961 (-0.357)
F13 125 EXPL  y 1.495 | FULLTR 1.188 (-0.307) | CLEAN 0.876 (-0.619)
F13 139 UNEX2 y 1.303 | FULLTR 1.004 (-0.300) | CLEAN 0.967 (-0.336)
F13 143 EXPL  y 1.530 | FULLTR 1.335 (-0.195) | CLEAN 1.052 (-0.478)
F13 146 EXPL  y 1.496 | FULLTR 1.290 (-0.206) | CLEAN 0.866 (-0.630)
F13 151 UNEX2 y 1.677 | FULLTR 1.449 (-0.228) | CLEAN 0.987 (-0.690)
F13 153 UNEX2 y 1.637 | FULLTR 1.504 (-0.133) | CLEAN 0.924 (-0.713)
F13 175 UNEX2 y 1.270 | FULLTR 1.010 (-0.260) | CLEAN 0.836 (-0.434)
F13 178 UNEX2 y 1.842 | FULLTR 1.044 (-0.798) | CLEAN 0.884 (-0.958)
F13 217 UNEX2 y 1.693 | FULLTR 1.070 (-0.624) | CLEAN 0.869 (-0.824)
F13 241 UNEX2 y 1.431 | FULLTR 1.605 (+0.174) | CLEAN 1.130 (-0.302)
F13 243 UNEX2 y 1.719 | FULLTR 1.492 (-0.227) | CLEAN 1.064 (-0.654)
F47 132 UNEX2 y 2.712 | FULLTR 1.127 (-1.586) | CLEAN 0.905 (-1.807)
F47 136 EXPL  y 1.653 | FULLTR 1.886 (+0.234) | CLEAN 1.137 (-0.516)
F47 138 EXPL  y 1.710 | FULLTR 1.595 (-0.115) | CLEAN 1.133 (-0.577)
F47 139 EXPL  y 1.684 | FULLTR 1.636 (-0.048) | CLEAN 1.095 (-0.589)
F47 141 EXPL  y 1.865 | FULLTR 1.894 (+0.028) | CLEAN 1.242 (-0.623)
F47 145 UNEX2 y 2.142 | FULLTR 1.712 (-0.429) | CLEAN 1.335 (-0.806)
F47 147 UNEX2 y 1.750 | FULLTR 1.435 (-0.315) | CLEAN 0.874 (-0.876)
F47 151 UNEX2 y 1.313 | FULLTR 1.293 (-0.021) | CLEAN 1.071 (-0.242)
F47 154 UNEX2 y 1.621 | FULLTR 1.263 (-0.358) | CLEAN 1.132 (-0.489)
F47 157 EXPL  y 1.211 | FULLTR 1.136 (-0.074) | CLEAN 0.876 (-0.335)
F47 177 UNEX2 y 1.487 | FULLTR 0.899 (-0.587) | CLEAN 0.895 (-0.592)
F47 229 UNEX2 y 1.788 | FULLTR 1.192 (-0.597) | CLEAN 0.819 (-0.969)
F47 231 UNEX2 y 2.177 | FULLTR 1.569 (-0.608) | CLEAN 1.056 (-1.121)

EXPL 9 days: mean |err| FULLTR 0.151 -> CLEAN 0.520; row RMSE 0.245 -> 0.563; CLEAN better on 0 days

UNEX2 17 days: mean |err| FULLTR 0.451 -> CLEAN 0.716; row RMSE 0.630 -> 0.862; CLEAN better on 1 days

MASKED UNEX2 days: 0 of 17 -> []
