고EC 지운 세계 334일, DIAG10 교차검증 예측(학습에 그 날 없음)
 전체 334일: 일평균 EC 범위 0.11~1.10(표준편차 0.217) | 일평균 예측 R² 0.75, 상관 0.88 | 하루 안 상승(23시-0시) 상관 0.07
 1차 293일: 일평균 EC 범위 0.11~1.10(표준편차 0.221) | 일평균 예측 R² 0.76, 상관 0.88 | 하루 안 상승(23시-0시) 상관 0.08
 2차  41일: 일평균 EC 범위 0.14~0.92(표준편차 0.184) | 일평균 예측 R² 0.69, 상관 0.88 | 하루 안 상승(23시-0시) 상관 0.03
 다음날로의 일평균 변화(상승/하락) 상관 0.79, 상승 방향 맞힘 73% (n=280)
 실제 일평균 0.0~0.4: 168일, 예측 평균 0.283(실제 0.264), 편향 +0.019
 실제 일평균 0.4~0.6:  98일, 예측 평균 0.476(실제 0.483), 편향 -0.007
 실제 일평균 0.6~0.8:  44일, 예측 평균 0.642(실제 0.706), 편향 -0.064
 실제 일평균 0.8~1.2:  24일, 예측 평균 0.665(실제 0.922), 편향 -0.257

하루 입력 요약(23시 기준 누적) vs 실제 일평균 EC, 순위상관 (2차 / 전체)
  in_temp_tdmean     전체 -0.48 | 2차 -0.49
  in_hum_tdmean      전체 -0.20 | 2차 +0.03
  in_co2_tdmean      전체 -0.48 | 2차 -0.45
  vpd_tdmean         전체 -0.16 | 2차 -0.29
  dT_tdmean          전체 +0.55 | 2차 +0.37
  closed_hours_td    전체 +0.36 | 2차 +0.50
  closed_x_rad_td    전체 +0.31 | 2차 +0.44
  out_temp_tdmean    전체 -0.62 | 2차 -0.49
  out_rad_tdsum      전체 -0.22 | 2차 -0.39
  co2_absd_tdmean    전체 +0.15 | 2차 +0.23
