
==== F47 117  (EC 0.91)
  같은 온실 EC 흐름 : 111:0.24 112:0.78 113:0.25 114:0.77 115:0.26 116:0.82 117:0.91 118:0.29 119:0.92 120:0.40 121:0.60 122:0.60 123:0.44
  짝 온실 EC 흐름   : 111:0.37 112:0.40 113:0.56 114:0.82 115:0.29 116:0.94 117:0.30 118:1.10 119:0.31 120:1.25 121:1.32 122:0.35 123:1.45
      in_temp  out_temp   dT  closed_h  act_vent  act_circfan  act_heating  act_thermal  act_shade  act_fog  co2_absd  in_hum
 114     11.7       7.1  4.6      14.0       4.1          5.5         27.0         32.6       33.3      0.1       5.2    69.8
 115     13.2       3.6  9.0       0.0      16.2         46.5         46.5         35.7       24.2      0.0       5.1    59.8
 116     12.3       3.6  8.8      14.0       4.9          5.6         44.5         36.8       36.8      0.0       6.8    66.2
▶117     13.0       6.6  6.4      14.0       4.9          5.6         24.6         36.8       36.8      0.0       5.8    71.8
 118     14.0       9.8  4.2       0.0      21.1         33.2         33.2         45.4       30.2      0.0      29.9    71.2
 119     12.4       9.7  2.7      16.0      11.2         25.1         33.5         33.1       33.1      1.5      29.9    78.5
 120     12.5       3.5  9.0      24.0       0.0          0.0         14.4         29.4       52.5      0.2      19.0    67.9

==== F47 119  (EC 0.92)
  같은 온실 EC 흐름 : 113:0.25 114:0.77 115:0.26 116:0.82 117:0.91 118:0.29 119:0.92 120:0.40 121:0.60 122:0.60 123:0.44 124:0.48 125:0.67
  짝 온실 EC 흐름   : 113:0.56 114:0.82 115:0.29 116:0.94 117:0.30 118:1.10 119:0.31 120:1.25 121:1.32 122:0.35 123:1.45 124:0.37 125:1.50
      in_temp  out_temp   dT  closed_h  act_vent  act_circfan  act_heating  act_thermal  act_shade  act_fog  co2_absd  in_hum
 116     12.3       3.6  8.8      14.0       4.9          5.6         44.5         36.8       36.8      0.0       6.8    66.2
 117     13.0       6.6  6.4      14.0       4.9          5.6         24.6         36.8       36.8      0.0       5.8    71.8
 118     14.0       9.8  4.2       0.0      21.1         33.2         33.2         45.4       30.2      0.0      29.9    71.2
▶119     12.4       9.7  2.7      16.0      11.2         25.1         33.5         33.1       33.1      1.5      29.9    78.5
 120     12.5       3.5  9.0      24.0       0.0          0.0         14.4         29.4       52.5      0.2      19.0    67.9
 121     11.8       5.2  6.6       0.0       3.2         32.7          9.7         33.6       31.6      0.0      21.3    75.5
 122     11.7       4.4  7.3       0.0       4.5         19.3         23.6         34.8       32.6      0.0      26.3    75.4

==== F13 172  (EC 0.98)
  같은 온실 EC 흐름 : 166:0.73 167:0.43 168:0.67 169:0.82 170:0.43 171:0.87 172:0.98 173:0.42 174:0.95 175:1.27 176:0.43 177:1.01 178:1.84
  짝 온실 EC 흐름   : 166:0.65 167:0.46 168:0.78 169:0.41 170:0.77 171:0.87 172:0.44 173:0.93 174:1.05 175:0.40 176:0.98 177:1.49 178:0.31
      in_temp  out_temp    dT  closed_h  act_vent  act_circfan  act_heating  act_thermal  act_shade  act_fog  co2_absd  in_hum
 169     13.3      -2.1  15.4       0.0       1.2         42.9         22.2         34.7       32.6      0.1       3.0    72.3
 170     11.1      -2.0  13.1       0.0       9.8         69.7         70.3         22.9       15.2      0.0       4.6    64.2
 171     13.7       0.2  13.5      19.0       7.2          0.0          0.0         36.5       55.4      1.0      20.5    61.2
▶172     15.2       0.2  15.0       0.0       2.0         42.9          5.9         35.4       33.3      2.4       4.0    74.0
 173     10.9       0.8  10.1       0.0      11.7         60.9         65.4         28.2       19.6      0.0      11.6    67.9
 174     15.2       0.6  14.5      20.0       2.9          0.0          0.0         39.0       68.2      0.5      17.0    62.3
 175     16.6       0.6  16.0       0.0       2.8         43.1          5.2         35.2       33.1      2.4       3.7    74.1

==== F47 174  (EC 1.05)
  같은 온실 EC 흐름 : 168:0.78 169:0.41 170:0.77 171:0.87 172:0.44 173:0.93 174:1.05 175:0.40 176:0.98 177:1.49 178:0.31 179:0.25 180:0.20
  짝 온실 EC 흐름   : 168:0.67 169:0.82 170:0.43 171:0.87 172:0.98 173:0.42 174:0.95 175:1.27 176:0.43 177:1.01 178:1.84 179:0.40 180:0.29
      in_temp  out_temp    dT  closed_h  act_vent  act_circfan  act_heating  act_thermal  act_shade  act_fog  co2_absd  in_hum
 171     14.1      -2.0  16.1       0.0       1.9         43.0         24.6         35.4       33.3      2.2       4.1    73.4
 172     12.1       0.2  11.9       0.0       9.8         62.0         63.0         24.7       17.7      0.0       5.2    65.2
 173     14.9       0.8  14.1      23.0       0.2          0.0          0.0         36.5       68.2      0.2      50.8    62.5
▶174     14.8       0.8  14.0       0.0       1.6         41.8          3.1         35.4       33.3      0.3       3.9    74.0
 175     12.6       0.6  12.0       0.0      13.1         61.8         62.9         32.1       22.8      0.0       4.4    67.3
 176     16.4       3.6  12.8      21.0       1.6          0.0          0.0         39.7       68.3      0.0      34.1    64.5
 177     16.6       3.6  13.0       0.0       3.2         43.0          0.0         35.4       33.4      1.4       5.3    75.9
