   F13 anchors 10 of 21 pass-2 training days
   F47 anchors 9 of 17 pass-2 training days
DIAG10/0 done
   F13 anchors 9 of 21 pass-2 training days
   F47 anchors 7 of 17 pass-2 training days
DIAG10/1 done
   F13 anchors 11 of 21 pass-2 training days
   F47 anchors 7 of 17 pass-2 training days
DIAG10/2 done
   F13 anchors 12 of 21 pass-2 training days
   F47 anchors 6 of 16 pass-2 training days
DIAG10/3 done
   F13 anchors 11 of 16 pass-2 training days
   F47 anchors 9 of 16 pass-2 training days
DIAG10/4 done
   F13 anchors 14 of 19 pass-2 training days
   F47 anchors 10 of 15 pass-2 training days
DIAG10/5 done
   F13 anchors 11 of 16 pass-2 training days
   F47 anchors 6 of 11 pass-2 training days
DIAG10/6 done
   F13 anchors 11 of 17 pass-2 training days
   F47 anchors 11 of 14 pass-2 training days
DIAG10/7 done
   F13 anchors 9 of 14 pass-2 training days
   F47 anchors 11 of 12 pass-2 training days
DIAG10/8 done
   F13 anchors 12 of 16 pass-2 training days
   F47 anchors 7 of 12 pass-2 training days
DIAG10/9 done
   F13 anchors 12 of 21 pass-2 training days
   F47 anchors 10 of 17 pass-2 training days
A/0 done
   F13 anchors 12 of 21 pass-2 training days
   F47 anchors 11 of 17 pass-2 training days
A/1 done
   F13 anchors 9 of 21 pass-2 training days
   F47 anchors 10 of 17 pass-2 training days
A/2 done
   F13 anchors 10 of 21 pass-2 training days
   F47 anchors 8 of 17 pass-2 training days
A/3 done
   F13 anchors 8 of 16 pass-2 training days
   F47 anchors 6 of 16 pass-2 training days
A/4 done
   F13 anchors 11 of 21 pass-2 training days
   F47 anchors 8 of 17 pass-2 training days
B/0 done
   F13 anchors 12 of 21 pass-2 training days
   F47 anchors 10 of 17 pass-2 training days
B/1 done
   F13 anchors 15 of 21 pass-2 training days
   F47 anchors 12 of 17 pass-2 training days
B/2 done
   F13 anchors 9 of 21 pass-2 training days
   F47 anchors 9 of 17 pass-2 training days
B/3 done
   F13 anchors 12 of 21 pass-2 training days
   F47 anchors 9 of 17 pass-2 training days
B/4 done
folds: {'A': 5, 'B': 5, 'DIAG10': 10, 'EL1': 10, 'P2LOO': 7}
DIAG10 all          days 360  BASE 0.2037 (bias -0.028)  NS 0.2228 (bias -0.039)  +9.38%  seeds better 0/3
A      all          days 157  BASE 0.2776 (bias +0.023)  NS 0.2868 (bias -0.014)  +3.34%  seeds better 0/3
B      all          days 162  BASE 0.2212 (bias +0.027)  NS 0.2337 (bias +0.008)  +5.67%  seeds better 0/3
EL1    pass2        days  46  BASE 0.2860 (bias -0.055)  NS 0.3157 (bias -0.077)  +10.39%  seeds better 0/3
P2LOO  pass2        days   7  BASE 0.0784 (bias -0.047)  NS 0.0782 (bias -0.047)  -0.23%  seeds better 1/3
DIAG10 EXPL         days   9  BASE 0.2657 (bias -0.163)  NS 0.4549 (bias -0.397)  +71.23%  seeds better 0/3
DIAG10 UNEX(other)  days  13  BASE 0.6914 (bias -0.587)  NS 0.7351 (bias -0.622)  +6.32%  seeds better 0/3
DIAG10 NOSIG        days   4  BASE 0.9824 (bias -0.844)  NS 1.1078 (bias -0.971)  +12.77%  seeds better 0/3
DIAG10 normal       days 334  BASE 0.1126 (bias +0.007)  NS 0.1105 (bias +0.004)  -1.80%  seeds better 3/3

VERDICT: seed x {DIAG10,A,B} better 0/9, DIAG10 share 0.9991 -> FAIL  GUARD HOLD: ['EL1']
