   F13 anchors 11 of 16 pass-2 training days
   F47 anchors 11 of 16 pass-2 training days
EL1/300 done
   F13 anchors 11 of 16 pass-2 training days
   F47 anchors 6 of 11 pass-2 training days
EL1/301 done
   F13 anchors 12 of 16 pass-2 training days
   F47 anchors 11 of 14 pass-2 training days
EL1/302 done
   F13 anchors 14 of 15 pass-2 training days
   F47 anchors 7 of 7 pass-2 training days
EL1/303 done
   F13 anchors 12 of 16 pass-2 training days
   F47 anchors 7 of 12 pass-2 training days
EL1/304 done
   F13 anchors 10 of 15 pass-2 training days
   F47 anchors 7 of 13 pass-2 training days
EL1/305 done
   F13 anchors 10 of 15 pass-2 training days
   F47 anchors 7 of 12 pass-2 training days
EL1/306 done
   F13 anchors 12 of 14 pass-2 training days
   F47 anchors 12 of 13 pass-2 training days
EL1/307 done
   F13 anchors 13 of 14 pass-2 training days
   F47 anchors 8 of 10 pass-2 training days
EL1/308 done
   F13 anchors 12 of 16 pass-2 training days
   F47 anchors 9 of 14 pass-2 training days
EL1/309 done
   F13 anchors 14 of 19 pass-2 training days
   F47 anchors 11 of 16 pass-2 training days
P2LOO/310 done
   F13 anchors 13 of 18 pass-2 training days
   F47 anchors 11 of 16 pass-2 training days
P2LOO/311 done
   F13 anchors 13 of 18 pass-2 training days
   F47 anchors 11 of 16 pass-2 training days
P2LOO/312 done
   F13 anchors 13 of 18 pass-2 training days
   F47 anchors 11 of 16 pass-2 training days
P2LOO/313 done
   F13 anchors 14 of 19 pass-2 training days
   F47 anchors 12 of 17 pass-2 training days
P2LOO/314 done
   F13 anchors 15 of 20 pass-2 training days
   F47 anchors 7 of 12 pass-2 training days
P2LOO/315 done
   F13 anchors 14 of 19 pass-2 training days
   F47 anchors 8 of 13 pass-2 training days
P2LOO/316 done
   F13 anchors 13 of 18 pass-2 training days
   F47 anchors 9 of 14 pass-2 training days
P2LOO/317 done
   F13 anchors 14 of 19 pass-2 training days
   F47 anchors 10 of 15 pass-2 training days
P2LOO/318 done
   F13 anchors 14 of 19 pass-2 training days
   F47 anchors 11 of 16 pass-2 training days
P2LOO/319 done
   F13 anchors 13 of 18 pass-2 training days
   F47 anchors 11 of 15 pass-2 training days
P2LOO/320 done
   F13 anchors 13 of 18 pass-2 training days
   F47 anchors 12 of 15 pass-2 training days
P2LOO/321 done
   F13 anchors 14 of 19 pass-2 training days
   F47 anchors 12 of 15 pass-2 training days
P2LOO/322 done
   F13 anchors 15 of 20 pass-2 training days
   F47 anchors 12 of 15 pass-2 training days
P2LOO/323 done
   F13 anchors 16 of 20 pass-2 training days
   F47 anchors 12 of 15 pass-2 training days
P2LOO/324 done
   F13 anchors 16 of 20 pass-2 training days
   F47 anchors 12 of 15 pass-2 training days
P2LOO/325 done
   F13 anchors 16 of 19 pass-2 training days
   F47 anchors 12 of 14 pass-2 training days
P2LOO/326 done
   F13 anchors 16 of 18 pass-2 training days
   F47 anchors 12 of 14 pass-2 training days
P2LOO/327 done
   F13 anchors 16 of 19 pass-2 training days
   F47 anchors 12 of 15 pass-2 training days
P2LOO/328 done
   F13 anchors 14 of 19 pass-2 training days
   F47 anchors 7 of 12 pass-2 training days
P2LOO/329 done
   F13 anchors 13 of 18 pass-2 training days
   F47 anchors 7 of 12 pass-2 training days
P2LOO/330 done
   F13 anchors 14 of 18 pass-2 training days
   F47 anchors 8 of 13 pass-2 training days
P2LOO/331 done
   F13 anchors 14 of 18 pass-2 training days
   F47 anchors 9 of 14 pass-2 training days
P2LOO/332 done
   F13 anchors 15 of 19 pass-2 training days
   F47 anchors 10 of 15 pass-2 training days
P2LOO/333 done
   F13 anchors 12 of 17 pass-2 training days
   F47 anchors 10 of 16 pass-2 training days
P2LOO/334 done
   F13 anchors 11 of 16 pass-2 training days
   F47 anchors 10 of 16 pass-2 training days
P2LOO/335 done
   F13 anchors 16 of 21 pass-2 training days
   F47 anchors 11 of 16 pass-2 training days
P2LOO/336 done
   F13 anchors 16 of 21 pass-2 training days
   F47 anchors 10 of 15 pass-2 training days
P2LOO/337 done
   F13 anchors 15 of 20 pass-2 training days
   F47 anchors 9 of 14 pass-2 training days
P2LOO/338 done
   F13 anchors 14 of 19 pass-2 training days
   F47 anchors 9 of 14 pass-2 training days
P2LOO/339 done
   F13 anchors 13 of 18 pass-2 training days
   F47 anchors 9 of 14 pass-2 training days
P2LOO/340 done
   F13 anchors 13 of 18 pass-2 training days
   F47 anchors 10 of 15 pass-2 training days
P2LOO/341 done
   F13 anchors 14 of 19 pass-2 training days
   F47 anchors 11 of 16 pass-2 training days
P2LOO/342 done
   F13 anchors 13 of 18 pass-2 training days
   F47 anchors 11 of 16 pass-2 training days
P2LOO/343 done
   F13 anchors 12 of 17 pass-2 training days
   F47 anchors 12 of 17 pass-2 training days
P2LOO/344 done
   F13 anchors 12 of 17 pass-2 training days
   F47 anchors 12 of 16 pass-2 training days
P2LOO/345 done
   F13 anchors 13 of 17 pass-2 training days
   F47 anchors 12 of 15 pass-2 training days
P2LOO/346 done
   F13 anchors 14 of 18 pass-2 training days
   F47 anchors 12 of 15 pass-2 training days
P2LOO/347 done
   F13 anchors 16 of 19 pass-2 training days
   F47 anchors 12 of 15 pass-2 training days
P2LOO/348 done
   F13 anchors 16 of 18 pass-2 training days
   F47 anchors 12 of 14 pass-2 training days
P2LOO/349 done
   F13 anchors 16 of 18 pass-2 training days
   F47 anchors 12 of 15 pass-2 training days
P2LOO/350 done
   F13 anchors 14 of 19 pass-2 training days
   F47 anchors 10 of 15 pass-2 training days
P2LOO/351 done
   F13 anchors 13 of 18 pass-2 training days
   F47 anchors 9 of 14 pass-2 training days
P2LOO/352 done
   F13 anchors 13 of 17 pass-2 training days
   F47 anchors 9 of 14 pass-2 training days
P2LOO/353 done
   F13 anchors 12 of 16 pass-2 training days
   F47 anchors 9 of 14 pass-2 training days
P2LOO/354 done
   F13 anchors 12 of 16 pass-2 training days
   F47 anchors 10 of 15 pass-2 training days
P2LOO/355 done
folds: {'A': 5, 'B': 5, 'DIAG10': 10, 'EL1': 10, 'P2LOO': 46}
DIAG10 all          days 360  BASE 0.2037 (bias -0.028)  NS 0.2228 (bias -0.039)  +9.38%  seeds better 0/3
A      all          days 157  BASE 0.2776 (bias +0.023)  NS 0.2868 (bias -0.014)  +3.34%  seeds better 0/3
B      all          days 162  BASE 0.2212 (bias +0.027)  NS 0.2337 (bias +0.008)  +5.67%  seeds better 0/3
EL1    pass2        days  46  BASE 0.2860 (bias -0.055)  NS 0.3157 (bias -0.077)  +10.39%  seeds better 0/3
P2LOO  pass2        days  46  BASE 0.2210 (bias -0.006)  NS 0.2670 (bias -0.043)  +20.79%  seeds better 0/3
DIAG10 EXPL         days   9  BASE 0.2657 (bias -0.163)  NS 0.4549 (bias -0.397)  +71.23%  seeds better 0/3
DIAG10 UNEX(other)  days  13  BASE 0.6914 (bias -0.587)  NS 0.7351 (bias -0.622)  +6.32%  seeds better 0/3
DIAG10 NOSIG        days   4  BASE 0.9824 (bias -0.844)  NS 1.1078 (bias -0.971)  +12.77%  seeds better 0/3
DIAG10 normal       days 334  BASE 0.1126 (bias +0.007)  NS 0.1105 (bias +0.004)  -1.80%  seeds better 3/3

VERDICT: seed x {DIAG10,A,B} better 0/9, DIAG10 share 0.9991 -> FAIL  GUARD HOLD: ['EL1', 'P2LOO']
