C:\work\farmai\집\클로드\research\sg4_dong_fingerprint_sg2_v1.py:44: Pandas4Warning: Starting with pandas version 4.0 all arguments of sum will be keyword-only.
  thf = (sub >= 99.9).sum(1).astype(float)
C:\work\farmai\집\클로드\research\sg4_dong_fingerprint_sg2_v1.py:45: Pandas4Warning: Starting with pandas version 4.0 all arguments of all will be keyword-only.
  thn = (P[list(range(min(h, 8) + 1))] <= .1).all(1).astype(float)
C:\work\farmai\집\클로드\research\sg4_dong_fingerprint_sg2_v1.py:48: Pandas4Warning: Starting with pandas version 4.0 all arguments of all will be keyword-only.
  ok = (P[list(range(min(h, 8) + 1))] <= .1).all(1)
C:\work\farmai\집\클로드\research\sg4_dong_fingerprint_sg2_v1.py:44: Pandas4Warning: Starting with pandas version 4.0 all arguments of sum will be keyword-only.
  thf = (sub >= 99.9).sum(1).astype(float)
C:\work\farmai\집\클로드\research\sg4_dong_fingerprint_sg2_v1.py:45: Pandas4Warning: Starting with pandas version 4.0 all arguments of all will be keyword-only.
  thn = (P[list(range(min(h, 8) + 1))] <= .1).all(1).astype(float)
C:\work\farmai\집\클로드\research\sg4_dong_fingerprint_sg2_v1.py:48: Pandas4Warning: Starting with pandas version 4.0 all arguments of all will be keyword-only.
  ok = (P[list(range(min(h, 8) + 1))] <= .1).all(1)
C:\work\farmai\집\클로드\research\sg4_dong_fingerprint_sg2_v1.py:44: Pandas4Warning: Starting with pandas version 4.0 all arguments of sum will be keyword-only.
  thf = (sub >= 99.9).sum(1).astype(float)
C:\work\farmai\집\클로드\research\sg4_dong_fingerprint_sg2_v1.py:45: Pandas4Warning: Starting with pandas version 4.0 all arguments of all will be keyword-only.
  thn = (P[list(range(min(h, 8) + 1))] <= .1).all(1).astype(float)
C:\work\farmai\집\클로드\research\sg4_dong_fingerprint_sg2_v1.py:48: Pandas4Warning: Starting with pandas version 4.0 all arguments of all will be keyword-only.
  ok = (P[list(range(min(h, 8) + 1))] <= .1).all(1)
C:\work\farmai\집\클로드\research\sg4_dong_fingerprint_sg2_v1.py:44: Pandas4Warning: Starting with pandas version 4.0 all arguments of sum will be keyword-only.
  thf = (sub >= 99.9).sum(1).astype(float)
C:\work\farmai\집\클로드\research\sg4_dong_fingerprint_sg2_v1.py:45: Pandas4Warning: Starting with pandas version 4.0 all arguments of all will be keyword-only.
  thn = (P[list(range(min(h, 8) + 1))] <= .1).all(1).astype(float)
C:\work\farmai\집\클로드\research\sg4_dong_fingerprint_sg2_v1.py:48: Pandas4Warning: Starting with pandas version 4.0 all arguments of all will be keyword-only.
  ok = (P[list(range(min(h, 8) + 1))] <= .1).all(1)
C:\work\farmai\집\클로드\research\sg4_dong_fingerprint_sg2_v1.py:44: Pandas4Warning: Starting with pandas version 4.0 all arguments of sum will be keyword-only.
  thf = (sub >= 99.9).sum(1).astype(float)
C:\work\farmai\집\클로드\research\sg4_dong_fingerprint_sg2_v1.py:45: Pandas4Warning: Starting with pandas version 4.0 all arguments of all will be keyword-only.
  thn = (P[list(range(min(h, 8) + 1))] <= .1).all(1).astype(float)
C:\work\farmai\집\클로드\research\sg4_dong_fingerprint_sg2_v1.py:48: Pandas4Warning: Starting with pandas version 4.0 all arguments of all will be keyword-only.
  ok = (P[list(range(min(h, 8) + 1))] <= .1).all(1)
C:\work\farmai\집\클로드\research\sg4_dong_fingerprint_sg2_v1.py:44: Pandas4Warning: Starting with pandas version 4.0 all arguments of sum will be keyword-only.
  thf = (sub >= 99.9).sum(1).astype(float)
C:\work\farmai\집\클로드\research\sg4_dong_fingerprint_sg2_v1.py:45: Pandas4Warning: Starting with pandas version 4.0 all arguments of all will be keyword-only.
  thn = (P[list(range(min(h, 8) + 1))] <= .1).all(1).astype(float)
C:\work\farmai\집\클로드\research\sg4_dong_fingerprint_sg2_v1.py:48: Pandas4Warning: Starting with pandas version 4.0 all arguments of all will be keyword-only.
  ok = (P[list(range(min(h, 8) + 1))] <= .1).all(1)
C:\work\farmai\집\클로드\research\sg4_dong_fingerprint_sg2_v1.py:44: Pandas4Warning: Starting with pandas version 4.0 all arguments of sum will be keyword-only.
  thf = (sub >= 99.9).sum(1).astype(float)
C:\work\farmai\집\클로드\research\sg4_dong_fingerprint_sg2_v1.py:45: Pandas4Warning: Starting with pandas version 4.0 all arguments of all will be keyword-only.
  thn = (P[list(range(min(h, 8) + 1))] <= .1).all(1).astype(float)
C:\work\farmai\집\클로드\research\sg4_dong_fingerprint_sg2_v1.py:48: Pandas4Warning: Starting with pandas version 4.0 all arguments of all will be keyword-only.
  ok = (P[list(range(min(h, 8) + 1))] <= .1).all(1)
C:\work\farmai\집\클로드\research\sg4_dong_fingerprint_sg2_v1.py:44: Pandas4Warning: Starting with pandas version 4.0 all arguments of sum will be keyword-only.
  thf = (sub >= 99.9).sum(1).astype(float)
C:\work\farmai\집\클로드\research\sg4_dong_fingerprint_sg2_v1.py:45: Pandas4Warning: Starting with pandas version 4.0 all arguments of all will be keyword-only.
  thn = (P[list(range(min(h, 8) + 1))] <= .1).all(1).astype(float)
C:\work\farmai\집\클로드\research\sg4_dong_fingerprint_sg2_v1.py:48: Pandas4Warning: Starting with pandas version 4.0 all arguments of all will be keyword-only.
  ok = (P[list(range(min(h, 8) + 1))] <= .1).all(1)
C:\work\farmai\집\클로드\research\sg4_dong_fingerprint_sg2_v1.py:44: Pandas4Warning: Starting with pandas version 4.0 all arguments of sum will be keyword-only.
  thf = (sub >= 99.9).sum(1).astype(float)
C:\work\farmai\집\클로드\research\sg4_dong_fingerprint_sg2_v1.py:45: Pandas4Warning: Starting with pandas version 4.0 all arguments of all will be keyword-only.
  thn = (P[list(range(min(h, 8) + 1))] <= .1).all(1).astype(float)
C:\work\farmai\집\클로드\research\sg4_dong_fingerprint_sg2_v1.py:48: Pandas4Warning: Starting with pandas version 4.0 all arguments of all will be keyword-only.
  ok = (P[list(range(min(h, 8) + 1))] <= .1).all(1)
C:\work\farmai\집\클로드\research\sg4_dong_fingerprint_sg2_v1.py:44: Pandas4Warning: Starting with pandas version 4.0 all arguments of sum will be keyword-only.
  thf = (sub >= 99.9).sum(1).astype(float)
C:\work\farmai\집\클로드\research\sg4_dong_fingerprint_sg2_v1.py:45: Pandas4Warning: Starting with pandas version 4.0 all arguments of all will be keyword-only.
  thn = (P[list(range(min(h, 8) + 1))] <= .1).all(1).astype(float)
C:\work\farmai\집\클로드\research\sg4_dong_fingerprint_sg2_v1.py:48: Pandas4Warning: Starting with pandas version 4.0 all arguments of all will be keyword-only.
  ok = (P[list(range(min(h, 8) + 1))] <= .1).all(1)
C:\work\farmai\집\클로드\research\sg4_dong_fingerprint_sg2_v1.py:44: Pandas4Warning: Starting with pandas version 4.0 all arguments of sum will be keyword-only.
  thf = (sub >= 99.9).sum(1).astype(float)
C:\work\farmai\집\클로드\research\sg4_dong_fingerprint_sg2_v1.py:45: Pandas4Warning: Starting with pandas version 4.0 all arguments of all will be keyword-only.
  thn = (P[list(range(min(h, 8) + 1))] <= .1).all(1).astype(float)
C:\work\farmai\집\클로드\research\sg4_dong_fingerprint_sg2_v1.py:48: Pandas4Warning: Starting with pandas version 4.0 all arguments of all will be keyword-only.
  ok = (P[list(range(min(h, 8) + 1))] <= .1).all(1)
C:\work\farmai\집\클로드\research\sg4_dong_fingerprint_sg2_v1.py:50: Pandas4Warning: Starting with pandas version 4.0 all arguments of all will be keyword-only.
  if h >= 10: ok &= (P[list(range(10, min(h, 15) + 1))] >= 99.9).all(1)
C:\work\farmai\집\클로드\research\sg4_dong_fingerprint_sg2_v1.py:44: Pandas4Warning: Starting with pandas version 4.0 all arguments of sum will be keyword-only.
  thf = (sub >= 99.9).sum(1).astype(float)
C:\work\farmai\집\클로드\research\sg4_dong_fingerprint_sg2_v1.py:45: Pandas4Warning: Starting with pandas version 4.0 all arguments of all will be keyword-only.
  thn = (P[list(range(min(h, 8) + 1))] <= .1).all(1).astype(float)
C:\work\farmai\집\클로드\research\sg4_dong_fingerprint_sg2_v1.py:48: Pandas4Warning: Starting with pandas version 4.0 all arguments of all will be keyword-only.
  ok = (P[list(range(min(h, 8) + 1))] <= .1).all(1)
C:\work\farmai\집\클로드\research\sg4_dong_fingerprint_sg2_v1.py:50: Pandas4Warning: Starting with pandas version 4.0 all arguments of all will be keyword-only.
  if h >= 10: ok &= (P[list(range(10, min(h, 15) + 1))] >= 99.9).all(1)
C:\work\farmai\집\클로드\research\sg4_dong_fingerprint_sg2_v1.py:44: Pandas4Warning: Starting with pandas version 4.0 all arguments of sum will be keyword-only.
  thf = (sub >= 99.9).sum(1).astype(float)
C:\work\farmai\집\클로드\research\sg4_dong_fingerprint_sg2_v1.py:45: Pandas4Warning: Starting with pandas version 4.0 all arguments of all will be keyword-only.
  thn = (P[list(range(min(h, 8) + 1))] <= .1).all(1).astype(float)
C:\work\farmai\집\클로드\research\sg4_dong_fingerprint_sg2_v1.py:48: Pandas4Warning: Starting with pandas version 4.0 all arguments of all will be keyword-only.
  ok = (P[list(range(min(h, 8) + 1))] <= .1).all(1)
C:\work\farmai\집\클로드\research\sg4_dong_fingerprint_sg2_v1.py:50: Pandas4Warning: Starting with pandas version 4.0 all arguments of all will be keyword-only.
  if h >= 10: ok &= (P[list(range(10, min(h, 15) + 1))] >= 99.9).all(1)
C:\work\farmai\집\클로드\research\sg4_dong_fingerprint_sg2_v1.py:44: Pandas4Warning: Starting with pandas version 4.0 all arguments of sum will be keyword-only.
  thf = (sub >= 99.9).sum(1).astype(float)
C:\work\farmai\집\클로드\research\sg4_dong_fingerprint_sg2_v1.py:45: Pandas4Warning: Starting with pandas version 4.0 all arguments of all will be keyword-only.
  thn = (P[list(range(min(h, 8) + 1))] <= .1).all(1).astype(float)
C:\work\farmai\집\클로드\research\sg4_dong_fingerprint_sg2_v1.py:48: Pandas4Warning: Starting with pandas version 4.0 all arguments of all will be keyword-only.
  ok = (P[list(range(min(h, 8) + 1))] <= .1).all(1)
C:\work\farmai\집\클로드\research\sg4_dong_fingerprint_sg2_v1.py:50: Pandas4Warning: Starting with pandas version 4.0 all arguments of all will be keyword-only.
  if h >= 10: ok &= (P[list(range(10, min(h, 15) + 1))] >= 99.9).all(1)
C:\work\farmai\집\클로드\research\sg4_dong_fingerprint_sg2_v1.py:44: Pandas4Warning: Starting with pandas version 4.0 all arguments of sum will be keyword-only.
  thf = (sub >= 99.9).sum(1).astype(float)
C:\work\farmai\집\클로드\research\sg4_dong_fingerprint_sg2_v1.py:45: Pandas4Warning: Starting with pandas version 4.0 all arguments of all will be keyword-only.
  thn = (P[list(range(min(h, 8) + 1))] <= .1).all(1).astype(float)
C:\work\farmai\집\클로드\research\sg4_dong_fingerprint_sg2_v1.py:48: Pandas4Warning: Starting with pandas version 4.0 all arguments of all will be keyword-only.
  ok = (P[list(range(min(h, 8) + 1))] <= .1).all(1)
C:\work\farmai\집\클로드\research\sg4_dong_fingerprint_sg2_v1.py:50: Pandas4Warning: Starting with pandas version 4.0 all arguments of all will be keyword-only.
  if h >= 10: ok &= (P[list(range(10, min(h, 15) + 1))] >= 99.9).all(1)
C:\work\farmai\집\클로드\research\sg4_dong_fingerprint_sg2_v1.py:44: Pandas4Warning: Starting with pandas version 4.0 all arguments of sum will be keyword-only.
  thf = (sub >= 99.9).sum(1).astype(float)
C:\work\farmai\집\클로드\research\sg4_dong_fingerprint_sg2_v1.py:45: Pandas4Warning: Starting with pandas version 4.0 all arguments of all will be keyword-only.
  thn = (P[list(range(min(h, 8) + 1))] <= .1).all(1).astype(float)
C:\work\farmai\집\클로드\research\sg4_dong_fingerprint_sg2_v1.py:48: Pandas4Warning: Starting with pandas version 4.0 all arguments of all will be keyword-only.
  ok = (P[list(range(min(h, 8) + 1))] <= .1).all(1)
C:\work\farmai\집\클로드\research\sg4_dong_fingerprint_sg2_v1.py:50: Pandas4Warning: Starting with pandas version 4.0 all arguments of all will be keyword-only.
  if h >= 10: ok &= (P[list(range(10, min(h, 15) + 1))] >= 99.9).all(1)
C:\work\farmai\집\클로드\research\sg4_dong_fingerprint_sg2_v1.py:44: Pandas4Warning: Starting with pandas version 4.0 all arguments of sum will be keyword-only.
  thf = (sub >= 99.9).sum(1).astype(float)
C:\work\farmai\집\클로드\research\sg4_dong_fingerprint_sg2_v1.py:45: Pandas4Warning: Starting with pandas version 4.0 all arguments of all will be keyword-only.
  thn = (P[list(range(min(h, 8) + 1))] <= .1).all(1).astype(float)
C:\work\farmai\집\클로드\research\sg4_dong_fingerprint_sg2_v1.py:48: Pandas4Warning: Starting with pandas version 4.0 all arguments of all will be keyword-only.
  ok = (P[list(range(min(h, 8) + 1))] <= .1).all(1)
C:\work\farmai\집\클로드\research\sg4_dong_fingerprint_sg2_v1.py:50: Pandas4Warning: Starting with pandas version 4.0 all arguments of all will be keyword-only.
  if h >= 10: ok &= (P[list(range(10, min(h, 15) + 1))] >= 99.9).all(1)
C:\work\farmai\집\클로드\research\sg4_dong_fingerprint_sg2_v1.py:44: Pandas4Warning: Starting with pandas version 4.0 all arguments of sum will be keyword-only.
  thf = (sub >= 99.9).sum(1).astype(float)
C:\work\farmai\집\클로드\research\sg4_dong_fingerprint_sg2_v1.py:45: Pandas4Warning: Starting with pandas version 4.0 all arguments of all will be keyword-only.
  thn = (P[list(range(min(h, 8) + 1))] <= .1).all(1).astype(float)
C:\work\farmai\집\클로드\research\sg4_dong_fingerprint_sg2_v1.py:48: Pandas4Warning: Starting with pandas version 4.0 all arguments of all will be keyword-only.
  ok = (P[list(range(min(h, 8) + 1))] <= .1).all(1)
C:\work\farmai\집\클로드\research\sg4_dong_fingerprint_sg2_v1.py:50: Pandas4Warning: Starting with pandas version 4.0 all arguments of all will be keyword-only.
  if h >= 10: ok &= (P[list(range(10, min(h, 15) + 1))] >= 99.9).all(1)
C:\work\farmai\집\클로드\research\sg4_dong_fingerprint_sg2_v1.py:52: Pandas4Warning: Starting with pandas version 4.0 all arguments of all will be keyword-only.
  if h >= 17: ok &= (P[list(range(17, h + 1))] <= .1).all(1)
C:\work\farmai\집\클로드\research\sg4_dong_fingerprint_sg2_v1.py:44: Pandas4Warning: Starting with pandas version 4.0 all arguments of sum will be keyword-only.
  thf = (sub >= 99.9).sum(1).astype(float)
C:\work\farmai\집\클로드\research\sg4_dong_fingerprint_sg2_v1.py:45: Pandas4Warning: Starting with pandas version 4.0 all arguments of all will be keyword-only.
  thn = (P[list(range(min(h, 8) + 1))] <= .1).all(1).astype(float)
C:\work\farmai\집\클로드\research\sg4_dong_fingerprint_sg2_v1.py:48: Pandas4Warning: Starting with pandas version 4.0 all arguments of all will be keyword-only.
  ok = (P[list(range(min(h, 8) + 1))] <= .1).all(1)
C:\work\farmai\집\클로드\research\sg4_dong_fingerprint_sg2_v1.py:50: Pandas4Warning: Starting with pandas version 4.0 all arguments of all will be keyword-only.
  if h >= 10: ok &= (P[list(range(10, min(h, 15) + 1))] >= 99.9).all(1)
C:\work\farmai\집\클로드\research\sg4_dong_fingerprint_sg2_v1.py:52: Pandas4Warning: Starting with pandas version 4.0 all arguments of all will be keyword-only.
  if h >= 17: ok &= (P[list(range(17, h + 1))] <= .1).all(1)
C:\work\farmai\집\클로드\research\sg4_dong_fingerprint_sg2_v1.py:44: Pandas4Warning: Starting with pandas version 4.0 all arguments of sum will be keyword-only.
  thf = (sub >= 99.9).sum(1).astype(float)
C:\work\farmai\집\클로드\research\sg4_dong_fingerprint_sg2_v1.py:45: Pandas4Warning: Starting with pandas version 4.0 all arguments of all will be keyword-only.
  thn = (P[list(range(min(h, 8) + 1))] <= .1).all(1).astype(float)
C:\work\farmai\집\클로드\research\sg4_dong_fingerprint_sg2_v1.py:48: Pandas4Warning: Starting with pandas version 4.0 all arguments of all will be keyword-only.
  ok = (P[list(range(min(h, 8) + 1))] <= .1).all(1)
C:\work\farmai\집\클로드\research\sg4_dong_fingerprint_sg2_v1.py:50: Pandas4Warning: Starting with pandas version 4.0 all arguments of all will be keyword-only.
  if h >= 10: ok &= (P[list(range(10, min(h, 15) + 1))] >= 99.9).all(1)
C:\work\farmai\집\클로드\research\sg4_dong_fingerprint_sg2_v1.py:52: Pandas4Warning: Starting with pandas version 4.0 all arguments of all will be keyword-only.
  if h >= 17: ok &= (P[list(range(17, h + 1))] <= .1).all(1)
C:\work\farmai\집\클로드\research\sg4_dong_fingerprint_sg2_v1.py:44: Pandas4Warning: Starting with pandas version 4.0 all arguments of sum will be keyword-only.
  thf = (sub >= 99.9).sum(1).astype(float)
C:\work\farmai\집\클로드\research\sg4_dong_fingerprint_sg2_v1.py:45: Pandas4Warning: Starting with pandas version 4.0 all arguments of all will be keyword-only.
  thn = (P[list(range(min(h, 8) + 1))] <= .1).all(1).astype(float)
C:\work\farmai\집\클로드\research\sg4_dong_fingerprint_sg2_v1.py:48: Pandas4Warning: Starting with pandas version 4.0 all arguments of all will be keyword-only.
  ok = (P[list(range(min(h, 8) + 1))] <= .1).all(1)
C:\work\farmai\집\클로드\research\sg4_dong_fingerprint_sg2_v1.py:50: Pandas4Warning: Starting with pandas version 4.0 all arguments of all will be keyword-only.
  if h >= 10: ok &= (P[list(range(10, min(h, 15) + 1))] >= 99.9).all(1)
C:\work\farmai\집\클로드\research\sg4_dong_fingerprint_sg2_v1.py:52: Pandas4Warning: Starting with pandas version 4.0 all arguments of all will be keyword-only.
  if h >= 17: ok &= (P[list(range(17, h + 1))] <= .1).all(1)
C:\work\farmai\집\클로드\research\sg4_dong_fingerprint_sg2_v1.py:44: Pandas4Warning: Starting with pandas version 4.0 all arguments of sum will be keyword-only.
  thf = (sub >= 99.9).sum(1).astype(float)
C:\work\farmai\집\클로드\research\sg4_dong_fingerprint_sg2_v1.py:45: Pandas4Warning: Starting with pandas version 4.0 all arguments of all will be keyword-only.
  thn = (P[list(range(min(h, 8) + 1))] <= .1).all(1).astype(float)
C:\work\farmai\집\클로드\research\sg4_dong_fingerprint_sg2_v1.py:48: Pandas4Warning: Starting with pandas version 4.0 all arguments of all will be keyword-only.
  ok = (P[list(range(min(h, 8) + 1))] <= .1).all(1)
C:\work\farmai\집\클로드\research\sg4_dong_fingerprint_sg2_v1.py:50: Pandas4Warning: Starting with pandas version 4.0 all arguments of all will be keyword-only.
  if h >= 10: ok &= (P[list(range(10, min(h, 15) + 1))] >= 99.9).all(1)
C:\work\farmai\집\클로드\research\sg4_dong_fingerprint_sg2_v1.py:52: Pandas4Warning: Starting with pandas version 4.0 all arguments of all will be keyword-only.
  if h >= 17: ok &= (P[list(range(17, h + 1))] <= .1).all(1)
C:\work\farmai\집\클로드\research\sg4_dong_fingerprint_sg2_v1.py:44: Pandas4Warning: Starting with pandas version 4.0 all arguments of sum will be keyword-only.
  thf = (sub >= 99.9).sum(1).astype(float)
C:\work\farmai\집\클로드\research\sg4_dong_fingerprint_sg2_v1.py:45: Pandas4Warning: Starting with pandas version 4.0 all arguments of all will be keyword-only.
  thn = (P[list(range(min(h, 8) + 1))] <= .1).all(1).astype(float)
C:\work\farmai\집\클로드\research\sg4_dong_fingerprint_sg2_v1.py:48: Pandas4Warning: Starting with pandas version 4.0 all arguments of all will be keyword-only.
  ok = (P[list(range(min(h, 8) + 1))] <= .1).all(1)
C:\work\farmai\집\클로드\research\sg4_dong_fingerprint_sg2_v1.py:50: Pandas4Warning: Starting with pandas version 4.0 all arguments of all will be keyword-only.
  if h >= 10: ok &= (P[list(range(10, min(h, 15) + 1))] >= 99.9).all(1)
C:\work\farmai\집\클로드\research\sg4_dong_fingerprint_sg2_v1.py:52: Pandas4Warning: Starting with pandas version 4.0 all arguments of all will be keyword-only.
  if h >= 17: ok &= (P[list(range(17, h + 1))] <= .1).all(1)
C:\work\farmai\집\클로드\research\sg4_dong_fingerprint_sg2_v1.py:44: Pandas4Warning: Starting with pandas version 4.0 all arguments of sum will be keyword-only.
  thf = (sub >= 99.9).sum(1).astype(float)
C:\work\farmai\집\클로드\research\sg4_dong_fingerprint_sg2_v1.py:45: Pandas4Warning: Starting with pandas version 4.0 all arguments of all will be keyword-only.
  thn = (P[list(range(min(h, 8) + 1))] <= .1).all(1).astype(float)
C:\work\farmai\집\클로드\research\sg4_dong_fingerprint_sg2_v1.py:48: Pandas4Warning: Starting with pandas version 4.0 all arguments of all will be keyword-only.
  ok = (P[list(range(min(h, 8) + 1))] <= .1).all(1)
C:\work\farmai\집\클로드\research\sg4_dong_fingerprint_sg2_v1.py:50: Pandas4Warning: Starting with pandas version 4.0 all arguments of all will be keyword-only.
  if h >= 10: ok &= (P[list(range(10, min(h, 15) + 1))] >= 99.9).all(1)
C:\work\farmai\집\클로드\research\sg4_dong_fingerprint_sg2_v1.py:52: Pandas4Warning: Starting with pandas version 4.0 all arguments of all will be keyword-only.
  if h >= 17: ok &= (P[list(range(17, h + 1))] <= .1).all(1)
DIAG10_4.csv done
DIAG10_5.csv done
DIAG10_6.csv done
DIAG10_7.csv done
DIAG10_8.csv done
DIAG10_9.csv done
EL1_300.csv done
EL1_301.csv done
EL1_302.csv done
EL1_303.csv done
EL1_304.csv done
EL1_305.csv done
EL1_306.csv done
EL1_307.csv done
EL1_308.csv done
EL1_309.csv done
P2LOO_310.csv done
P2LOO_311.csv done
P2LOO_312.csv done
P2LOO_313.csv done
P2LOO_314.csv done
P2LOO_315.csv done
P2LOO_316.csv done
P2LOO_317.csv done
P2LOO_318.csv done
P2LOO_319.csv done
P2LOO_320.csv done
P2LOO_321.csv done
P2LOO_322.csv done
P2LOO_323.csv done
P2LOO_324.csv done
P2LOO_325.csv done
P2LOO_326.csv done
P2LOO_327.csv done
P2LOO_328.csv done
P2LOO_329.csv done
P2LOO_330.csv done
P2LOO_331.csv done
P2LOO_332.csv done
P2LOO_333.csv done
P2LOO_334.csv done
P2LOO_335.csv done
P2LOO_336.csv done
P2LOO_337.csv done
P2LOO_338.csv done
P2LOO_339.csv done
P2LOO_340.csv done
P2LOO_341.csv done
P2LOO_342.csv done
P2LOO_343.csv done
P2LOO_344.csv done
P2LOO_345.csv done
P2LOO_346.csv done
P2LOO_347.csv done
P2LOO_348.csv done
P2LOO_349.csv done
P2LOO_350.csv done
P2LOO_351.csv done
P2LOO_352.csv done
P2LOO_353.csv done
P2LOO_354.csv done
P2LOO_355.csv done
folds: {'DIAG10': 6, 'EL1': 10, 'P2LOO': 46}

==== A vs SG2 (pass-2 rows)
  DIAG10 SG2 0.2518  A 0.2522  +0.17%  seeds ---  (before any correction 0.2553)
  EL1    SG2 0.2812  A 0.2823  +0.40%  seeds ---  (before any correction 0.2837)
  P2LOO  SG2 0.1925  A 0.1928  +0.16%  seeds ---  (before any correction 0.2075)
  aux without top-3 gain days [('F13', 214), ('F13', 215), ('F47', 231)] SG2 0.1692 A 0.1707 -> NOT better
  aux without discovery days                                       SG2 0.1313 A 0.1331 -> NOT better
  days better 23 / 46
  VERDICT A: seed x set better 0/9, P2LOO day-share 0.6522, aux False -> FAIL

==== B vs SG2 (pass-2 rows)
  DIAG10 SG2 0.2518  B 0.2515  -0.09%  seeds +++  (before any correction 0.2553)
  EL1    SG2 0.2812  B 0.2807  -0.17%  seeds +++  (before any correction 0.2837)
  P2LOO  SG2 0.1925  B 0.1923  -0.10%  seeds +++  (before any correction 0.2075)
  aux without top-3 gain days [('F13', 213), ('F13', 214), ('F13', 215)] SG2 0.1906 B 0.1913 -> NOT better
  aux without discovery days                                       SG2 0.1313 B 0.1319 -> NOT better
  days better 22 / 46
  VERDICT B: seed x set better 9/9, P2LOO day-share 0.4240, aux False -> FAIL
