하루 안 모양의 크기: 실제 log 편차 표준편차 0.094, 모델 잔차 편차 표준편차 0.086 (모양 설명률 15%)

후보(같은 날 0..h만 사용) vs 하루 안 모양, 날 안 상관 (각 후보도 날 안 편차로)
후보                       실제모양     잔차모양   잔차(2차)
Tewm1_d_h0              +0.30    +0.19    +0.20
Tewm2_d_h0              +0.40    +0.24    +0.27
Tewm4_d_h0              +0.46    +0.26    +0.31
Tewm8_d_h0              +0.48    +0.26    +0.33
Tin_d_h0                +0.18    +0.12    +0.13
Tin_minus_tdmean        -0.01    +0.03    -0.00
rad_now                 -0.01    +0.02    +0.07
rad_cum                 +0.42    +0.21    +0.30
vpd_now                 +0.16    +0.12    +0.12
transp_cum              +0.39    +0.20    +0.25
hours_since_light       +0.33    +0.15    +0.25
hum_d_h0                -0.15    -0.12    -0.15
co2_d_h0                -0.11    +0.01    -0.06
Traceback (most recent call last):
  File "C:\work\farmai\.analysis-tools\python\pandas\core\indexes\base.py", line 3641, in get_loc
    return self._engine.get_loc(casted_key)
           ^^^^^^^^^^^^^^^^^^^^^^^^^^^^^^^^
  File "pandas/_libs/index.pyx", line 168, in pandas._libs.index.IndexEngine.get_loc
  File "pandas/_libs/index.pyx", line 197, in pandas._libs.index.IndexEngine.get_loc
  File "pandas/_libs/hashtable_class_helper.pxi", line 7668, in pandas._libs.hashtable.PyObjectHashTable.get_item
  File "pandas/_libs/hashtable_class_helper.pxi", line 7676, in pandas._libs.hashtable.PyObjectHashTable.get_item
KeyError: 'hour'

The above exception was the direct cause of the following exception:

Traceback (most recent call last):
  File "<stdin>", line 30, in <module>
  File "C:\work\farmai\.analysis-tools\python\pandas\core\frame.py", line 4378, in __getitem__
    indexer = self.columns.get_loc(key)
              ^^^^^^^^^^^^^^^^^^^^^^^^^
  File "C:\work\farmai\.analysis-tools\python\pandas\core\indexes\base.py", line 3648, in get_loc
    raise KeyError(key) from err
KeyError: 'hour'
