
######## F13: 난방 켜짐 236회, 켜진 시각 분포(중앙 15시, 사분위 7~17시)
(a) 난방 켜진 시각(0) 기준, -1시 대비 변화(℃)
      n    외기    실내    배지  배지_실내     난방
k                                      
-4  213 -0.07  1.08 -0.49  -1.93   8.87
-3  224  0.07  0.93 -0.18  -1.40   7.24
-2  229  0.13  0.68 -0.04  -0.98   6.78
-1  236  0.00  0.00  0.00  -0.19   0.00
 0  236 -0.36 -0.40 -0.13   0.08  34.19
 1  228 -0.75 -0.39 -0.26  -0.20  36.10
 2  220 -0.82 -0.83 -0.36  -0.03  30.30
 3  214 -0.64 -0.53 -0.44  -0.51  28.31
 4  203 -0.42 -0.12 -0.32  -1.07  25.46
 5  195 -0.25  0.44 -0.07  -1.54  27.47
 6  183  0.10  0.77  0.35  -1.64  24.28
 7  165  0.80  1.41  1.12  -1.68  20.33
 8  123  3.47  4.35  3.44  -2.16  17.72
(b) 켜지기 전 가장 빨리 떨어진 시각: {'외기': 0, '실내': -1, '배지': 0}  켜지기 직전 1시간 변화: {'외기': -0.36, '실내': -0.4, '배지': -0.13}
(c) 실내이 켜지기 전 값을 넘을 때까지: 중앙 0시간 (사분위 0~1), 8시간 안에 못 넘음 40%
(c) 배지이 켜지기 전 값을 넘을 때까지: 중앙 0시간 (사분위 0~4), 8시간 안에 못 넘음 44%
(d) 난방 켜짐(실내<14℃, 1028행): 배지가 공기 쪽으로 따라가는 비율 a=0.182/시간 → 시정수 약 5.5시간, 절편 -0.136
(d) 난방 꺼짐(실내<14℃, 969행): 배지가 공기 쪽으로 따라가는 비율 a=0.182/시간 → 시정수 약 5.5시간, 절편 -0.085

######## F47: 난방 켜짐 254회, 켜진 시각 분포(중앙 14시, 사분위 8~17시)
(a) 난방 켜진 시각(0) 기준, -1시 대비 변화(℃)
      n    외기    실내    배지  배지_실내     난방
k                                      
-4  234 -0.20  0.90 -0.57  -2.15   8.51
-3  240 -0.02  0.72 -0.26  -1.68   6.69
-2  246  0.06  0.40 -0.07  -1.15   4.87
-1  254  0.00  0.00  0.00  -0.58   0.00
 0  254 -0.24 -0.55 -0.07  -0.10  31.58
 1  247 -0.59 -0.37 -0.14  -0.44  36.55
 2  239 -0.73 -0.69 -0.17  -0.23  35.02
 3  237 -0.70 -0.47 -0.23  -0.57  35.22
 4  228 -0.62 -0.20 -0.15  -0.91  35.57
 5  217 -0.63  0.00  0.10  -1.11  32.12
 6  204 -0.41  0.16  0.45  -1.17  25.72
 7  173  0.55  0.89  1.63  -1.15  18.12
 8  140  2.06  2.37  3.18  -1.12  13.01
(b) 켜지기 전 가장 빨리 떨어진 시각: {'외기': 0, '실내': 0, '배지': 0}  켜지기 직전 1시간 변화: {'외기': -0.24, '실내': -0.55, '배지': -0.07}
(c) 실내이 켜지기 전 값을 넘을 때까지: 중앙 0시간 (사분위 0~1), 8시간 안에 못 넘음 43%
(c) 배지이 켜지기 전 값을 넘을 때까지: 중앙 0시간 (사분위 0~4), 8시간 안에 못 넘음 44%
(d) 난방 켜짐(실내<14℃, 1341행): 배지가 공기 쪽으로 따라가는 비율 a=0.154/시간 → 시정수 약 6.5시간, 절편 -0.189
(d) 난방 꺼짐(실내<14℃, 885행): 배지가 공기 쪽으로 따라가는 비율 a=0.145/시간 → 시정수 약 6.9시간, 절편 -0.141

######## both: 난방 켜짐 490회, 켜진 시각 분포(중앙 14시, 사분위 7~17시)
(a) 난방 켜진 시각(0) 기준, -1시 대비 변화(℃)
      n    외기    실내    배지  배지_실내     난방
k                                      
-4  447 -0.14  0.98 -0.53  -2.05   8.68
-3  464  0.02  0.83 -0.22  -1.54   6.95
-2  475  0.10  0.54 -0.06  -1.07   5.79
-1  490  0.00  0.00  0.00  -0.39   0.00
 0  490 -0.30 -0.48 -0.10  -0.02  32.84
 1  475 -0.66 -0.38 -0.20  -0.32  36.33
 2  459 -0.77 -0.76 -0.27  -0.14  32.75
 3  451 -0.67 -0.50 -0.33  -0.54  31.94
 4  431 -0.52 -0.16 -0.23  -0.98  30.81
 5  412 -0.45  0.21  0.02  -1.31  29.92
 6  387 -0.17  0.45  0.40  -1.39  25.04
 7  338  0.67  1.14  1.38  -1.41  19.20
 8  263  2.72  3.28  3.30  -1.60  15.21
(b) 켜지기 전 가장 빨리 떨어진 시각: {'외기': 0, '실내': -1, '배지': 0}  켜지기 직전 1시간 변화: {'외기': -0.3, '실내': -0.48, '배지': -0.1}
(c) 실내이 켜지기 전 값을 넘을 때까지: 중앙 0시간 (사분위 0~1), 8시간 안에 못 넘음 42%
(c) 배지이 켜지기 전 값을 넘을 때까지: 중앙 0시간 (사분위 0~4), 8시간 안에 못 넘음 44%
(d) 난방 켜짐(실내<14℃, 2369행): 배지가 공기 쪽으로 따라가는 비율 a=0.166/시간 → 시정수 약 6.0시간, 절편 -0.166
(d) 난방 꺼짐(실내<14℃, 1854행): 배지가 공기 쪽으로 따라가는 비율 a=0.162/시간 → 시정수 약 6.2시간, 절편 -0.116
