== F47 추운 날 24일 (날짜순). off=하루 평균 오차(예측-정답, +면 높게 예측), gap=배지-실내 평균, jump0=전날23시→0시 배지 변화
    dong   off  rmse  prev_off  next_off  jump0  in_min  in_mean  sub_mean   gap    out   heat  thermal    fan   vent    hum
day                                                                                                                         
47     B  0.08  0.20      0.23     -0.35  -0.35     7.8    13.99     13.91 -0.08  10.18  23.71    56.42   0.00  16.71  71.70
56     A -0.58  0.74      0.77     -0.15  -2.15     7.3    15.69     15.23 -0.47   8.85  10.96    23.75  28.75  30.67  69.29
114    B -0.27  1.67     -0.01     -0.40   2.27     4.2    11.73     12.09  0.36   7.11  26.96    32.58   5.50   4.12  69.83
120    B -0.24  0.55      0.20      0.12  -0.70     7.7    12.55     11.86 -0.69   3.54  14.38    29.38   0.00   0.00  67.92
121    B  0.12  1.12     -0.24      1.77   1.53     7.9    11.80     11.14 -0.66   5.19   9.67    33.62  32.71   3.17  75.54
123    B  1.73  1.98      1.77      0.48  -0.22     7.0    10.77      8.97 -1.80   4.39   6.17    28.83   0.00   0.00  77.62
128    B  0.40  0.43     -0.09     -0.41  -2.73     7.0    12.75     11.54 -1.21   3.67  22.04    30.75   0.00   2.42  62.83
129    A -0.41  0.58      0.40      0.53   1.58     7.0    14.36     13.87 -0.49   8.39  12.71    33.33  21.79   5.29  69.42
133    A  0.32  0.57     -0.68     -0.40  -4.42     6.1     9.58      8.07 -1.51  -2.28  86.04    16.50  83.88   7.75  64.46
135    A  0.11  0.21     -0.40     -0.17  -3.43     7.5    11.42      9.98 -1.44   0.86  60.54    24.96  56.25  16.25  67.33
140    A -0.36  0.44     -0.36     -0.56  -3.12     6.8    11.41     10.46 -0.95  -0.08  64.54    27.12  57.46  13.50  64.33
144    A -0.38  0.45     -0.48     -0.68  -4.07     7.6    12.42     11.25 -1.17  -1.30  68.88    22.42  71.08  12.38  63.54
148    A -0.18  0.40      0.36     -0.10  -3.62     7.9    10.20      9.33 -0.87  -1.76  73.33    21.38  64.00  10.04  66.00
155    A  0.07  0.29     -0.06     -0.02  -3.40     6.6     9.70     10.04  0.35   2.56  85.21    14.71  80.50  10.58  66.71
158    A  2.27  2.49     -0.25      0.92  -5.33     6.1    10.06      6.49 -3.57  -3.75  90.79    15.42  88.00   5.50  63.96
161    B  0.03  0.76      0.06      0.79  -0.36     7.7    13.13     12.14 -1.00  -1.15  30.21    37.38   0.00   3.21  60.79
165    A -0.56  0.75      0.07      0.09  -3.52     5.4     9.30      8.70 -0.60  -1.74  68.00    21.50  66.04  11.12  68.90
167    A -0.26  0.37      0.09     -0.15  -3.02     5.2    10.86      9.94 -0.92  -1.97  71.92    21.00  70.92   4.96  64.08
169    A  0.06  0.16     -0.15     -0.48  -2.62     5.9    10.03      9.06 -0.98  -2.13  74.17    22.33  74.17  10.42  64.54
175    A  0.00  0.28     -0.06     -0.37  -3.47     7.9    12.64     11.57 -1.07   0.64  62.92    32.08  61.79  13.08  67.33
212    B  0.24  0.55      0.01      0.01   1.98     7.3    10.95     10.57 -0.37   3.22  13.79    28.62   0.00   0.00  64.79
214    B  0.78  0.83      0.01     -0.32  -3.19     6.7    12.76     10.91 -1.85   0.95  25.92    29.67   0.00   1.25  60.79
230    A  0.90  0.92     -0.32      0.61  -3.08     7.7    10.39      8.70 -1.69  -0.60  77.67    19.88  77.25   3.29  63.79
240    A  1.29  1.65     -1.01      1.65  -1.95     7.7    12.00      9.45 -2.55  -0.19  76.00    20.71  75.54   9.08  63.08

== H1 동별 하루 오차 평균: 추운 날 {'mean': {'A': 0.15, 'B': 0.32}, 'count': {'A': 15, 'B': 9}} | 전체 F47 {'mean': {'A': 0.1, 'B': -0.01}, 'count': {'A': 99, 'B': 101}}
== H2 이웃: 모든 F47 날 corr(오늘, 어제) 0.20 (n195)
   추운 날 vs prev_off: 부호 일치 8/24, corr 0.02
   추운 날 vs next_off: 부호 일치 13/24, corr 0.47
   추운 날 vs 같은 동의 직전 기록: 부호 일치 8/24, corr -0.26
== H3 추운 날 24일 안에서 Spearman(하루 오차, x): {'in_min': np.float64(0.11), 'in_mean': np.float64(-0.21), 'out': np.float64(-0.12), 'heat': np.float64(0.17), 'thermal': np.float64(-0.18), 'fan': np.float64(0.08), 'vent': np.float64(-0.44), 'hum': np.float64(-0.29), 'jump0': np.float64(-0.03), 'gap': np.float64(-0.64)}

== H4 최악 4일 시간별 (앞: 전날 같은 시각 배지)

-- day 158 (동 A, off +2.27, rmse 2.49)
hour     0      1      2      3      4      5      6      7      8      9     10    11    12    13    14    15    16     17     18     19     20     21     22     23
실내      6.8    7.2    7.1    7.0    6.5    6.2    6.7    6.1    7.2    9.4  13.5  15.2  15.8  16.0  14.7  13.2  13.1   11.2    9.6    9.6    9.3    9.4   10.6   10.0
배지      7.0    6.6    6.2    5.8    5.4    5.1    4.9    4.8    4.9    5.0   5.6   6.5   7.7   8.4   8.8   8.9   8.8    8.2    7.5    6.8    6.2    5.8    5.5    5.3
예측      7.9    7.8    7.5    7.3    7.0    6.6    6.5    6.3    6.3    6.4   7.2   8.2   9.4  10.4  11.2  11.6  11.6   11.4   10.9   10.4   10.1    9.6    9.4    9.3
오차      0.9    1.2    1.2    1.4    1.5    1.6    1.6    1.5    1.4    1.4   1.6   1.7   1.8   2.0   2.5   2.6   2.8    3.2    3.4    3.6    3.9    3.9    4.0    4.0
전날배지   11.3   10.9   10.6   10.4   10.2   10.0    9.8    9.5    9.2    9.2   9.9  11.4  13.0  14.8  16.4  18.3  18.8   18.2   17.0   16.0   15.0   14.0   13.1   12.3
외기     -5.9   -5.7   -6.6   -7.5   -7.7   -6.9   -6.1   -5.8   -4.7   -3.1  -1.0   0.2   0.3   1.0   1.4   0.6  -0.7   -2.6   -3.9   -4.5   -4.7   -5.3   -5.2   -5.7
난방    100.0  100.0  100.0  100.0  100.0  100.0  100.0  100.0  100.0  100.0  68.0  40.0  88.0  80.0  53.0  83.0  67.0  100.0  100.0  100.0  100.0  100.0  100.0  100.0
커튼      0.0    0.0    0.0    0.0    0.0    0.0    0.0    0.0    0.0   23.0  20.0  75.0  71.0  71.0  36.0  38.0  35.0    1.0    0.0    0.0    0.0    0.0    0.0    0.0
팬     100.0  100.0  100.0  100.0  100.0  100.0  100.0  100.0  100.0  100.0  68.0  27.0  80.0  80.0  53.0  62.0  42.0  100.0  100.0  100.0  100.0  100.0  100.0  100.0
환기      0.0    0.0    0.0    0.0    0.0    0.0    0.0    0.0    0.0    0.0   0.0  24.0  30.0  30.0  14.0  16.0  17.0    1.0    0.0    0.0    0.0    0.0    0.0    0.0

-- day 123 (동 B, off +1.73, rmse 1.98)
hour    0     1     2     3     4     5    6    7    8    9     10     11     12     13     14     15     16    17    18    19    20    21    22    23
실내    10.4   9.4  10.0  10.2  10.3   9.3  8.7  8.4  8.0  9.1  10.0   10.3   18.1   17.9   18.9   16.1   14.3   8.8   8.5   7.0   8.2   8.5   8.6   9.4
배지     9.2   9.2   9.2   9.2   9.2   9.2  9.0  8.8  8.6  8.5   8.6    8.8    9.0    9.2    9.4    9.6    9.6   9.5   9.2   8.9   8.5   8.4   8.3   8.3
예측    11.2  10.7  10.4  10.3  10.2  10.1  9.9  9.6  9.4  9.1   9.1    9.3   10.3   11.5   12.4   13.2   13.3  12.8  12.0  11.3  10.6  10.3  10.0   9.8
오차     1.9   1.5   1.3   1.2   1.0   1.0  0.9  0.8  0.8  0.6   0.5    0.6    1.2    2.2    3.0    3.5    3.7   3.3   2.8   2.4   2.1   1.9   1.7   1.5
전날배지  10.2  10.1  10.0   9.9   9.7   9.6  9.6  9.5  9.5  9.6  10.0   10.2   10.3   10.4   10.4   10.4   10.3  10.2  10.0   9.8   9.6   9.5   9.5   9.4
외기     4.3   4.3   3.6   3.2   3.7   3.5  3.1  3.1  3.3  4.8   5.4    5.6    6.0    6.5    6.4    6.4    5.8   5.4   4.6   2.9   2.3   3.6   3.8   3.8
난방    23.0   3.0  25.0  15.0  22.0   0.0  0.0  0.0  0.0  0.0   0.0    0.0    0.0    0.0    0.0    0.0    0.0   0.0   0.0   0.0  30.0   5.0   3.0  22.0
커튼     0.0   0.0   0.0   0.0   0.0   0.0  0.0  0.0  0.0  0.0  36.0  100.0  100.0  100.0  100.0  100.0  100.0  56.0   0.0   0.0   0.0   0.0   0.0   0.0
팬      0.0   0.0   0.0   0.0   0.0   0.0  0.0  0.0  0.0  0.0   0.0    0.0    0.0    0.0    0.0    0.0    0.0   0.0   0.0   0.0   0.0   0.0   0.0   0.0
환기     0.0   0.0   0.0   0.0   0.0   0.0  0.0  0.0  0.0  0.0   0.0    0.0    0.0    0.0    0.0    0.0    0.0   0.0   0.0   0.0   0.0   0.0   0.0   0.0

-- day 114 (동 B, off -0.27, rmse 1.67)
hour    0     1     2     3     4     5     6      7     8      9     10    11     12     13     14     15     16    17    18    19    20    21    22    23
실내    10.5  10.1   9.8   9.4  10.3   9.9  10.4   13.1  13.2   13.7   4.2  15.9   16.9   18.0   19.2   15.9   11.7  10.2   9.8  10.0   9.9   9.6  10.0   9.9
배지    13.2  12.8  12.4  11.9  11.5  11.3  11.1   11.0  11.2   11.4   2.9  12.0   13.3   13.9   14.6   15.2   14.8  13.9  13.1  12.5  12.0  11.6  11.3  11.0
예측    12.4  11.9  11.6  11.2  10.9  10.8  10.5   10.6  10.7   11.1  10.4  10.7   11.8   12.6   13.7   14.5   14.3  13.7  13.0  12.3  11.8  11.4  11.0  10.7
오차    -0.8  -0.9  -0.8  -0.7  -0.6  -0.5  -0.6   -0.5  -0.5   -0.3   7.5  -1.4   -1.5   -1.2   -0.9   -0.7   -0.5  -0.2  -0.1  -0.2  -0.2  -0.2  -0.3  -0.4
전날배지  13.2  13.0  12.7  12.5  12.2  12.0  11.6   11.2  10.8   10.7  11.2  12.0   13.1   14.5   15.6   16.3   16.1  15.1  14.1  13.2  12.5  11.9  11.4  11.0
외기     9.8   9.4   9.0   8.4   7.8   6.8   5.8    4.4   5.0    9.1  10.5  10.1   10.0   10.7   11.2   10.8    9.0   6.9   5.3   4.1   3.1   1.8   1.0   0.6
난방     0.0   0.0   0.0   0.0  35.0  33.0  62.0  100.0  57.0    0.0   0.0   0.0    0.0    0.0    0.0    0.0    0.0  33.0  33.0  50.0  50.0  60.0  67.0  67.0
커튼     0.0   0.0   0.0   0.0   0.0   0.0   0.0    0.0  37.0  100.0  28.0  70.0  100.0  100.0  100.0  100.0  100.0  47.0   0.0   0.0   0.0   0.0   0.0   0.0
팬      0.0   0.0   0.0   0.0   0.0   0.0   0.0    0.0  43.0   55.0   0.0   0.0    0.0    0.0    0.0    0.0   27.0   7.0   0.0   0.0   0.0   0.0   0.0   0.0
환기     0.0   0.0   0.0   0.0   0.0   0.0   0.0    0.0   0.0    2.0   5.0  15.0   19.0   19.0   19.0   19.0    1.0   0.0   0.0   0.0   0.0   0.0   0.0   0.0

-- day 240 (동 A, off +1.29, rmse 1.65)
hour     0      1     2      3      4      5      6      7      8      9     10    11    12    13    14    15    16    17     18     19     20     21     22     23
실내      9.7   11.0  11.6   10.5    9.3    8.5    8.2    8.1    7.7   10.3  14.2  18.8  19.7  20.1  16.8  15.7  14.2  12.9   11.9   11.4   11.2    9.7    8.1    8.5
배지      9.5    9.4   9.2    9.1    9.0    8.8    8.6    8.2    7.9    7.9   8.5   9.4  10.4  11.2  11.6  11.6  11.5  11.0   10.2    9.6    9.0    8.6    8.4    8.2
예측     10.0    9.7  10.0    9.8    9.7    9.3    8.8    8.4    8.1    8.1   8.6   9.7  11.2  12.5  13.5  13.8  13.8  13.6   13.1   12.5   11.9   11.3   10.5    9.9
오차      0.5    0.4   0.7    0.7    0.7    0.5    0.2    0.2    0.1    0.2   0.1   0.3   0.8   1.3   1.9   2.2   2.4   2.6    2.8    2.9    2.9    2.7    2.2    1.8
전날배지   12.9   12.5  12.2   12.0   11.9   11.8   11.7   11.6   11.4   11.3  11.4  12.2  13.4  14.9  16.1  16.9  17.2  16.6   15.6   14.5   13.5   12.8   12.1   11.5
외기     -1.1   -1.7  -0.0    0.5    0.6   -0.2   -2.2   -3.3   -3.0    0.2   2.1   2.5   2.1   2.9   3.8   3.8   2.6   0.9   -0.7   -1.6   -2.5   -3.5   -3.9   -2.8
난방    100.0  100.0  70.0  100.0  100.0  100.0  100.0  100.0  100.0  100.0  35.0   0.0   0.0   0.0  53.0  25.0  53.0  88.0  100.0  100.0  100.0  100.0  100.0  100.0
커튼      0.0    0.0   1.0   17.0   10.0    1.0    1.0    1.0    1.0   42.0  70.0  70.0  72.0  52.0  46.0  51.0  32.0  28.0    1.0    1.0    0.0    0.0    0.0    0.0
팬     100.0  100.0  65.0  100.0  100.0  100.0  100.0  100.0  100.0  100.0  35.0   0.0   0.0   0.0  53.0  25.0  53.0  82.0  100.0  100.0  100.0  100.0  100.0  100.0
환기      0.0    0.0   0.0    0.0    0.0    0.0    0.0    0.0    0.0   21.0  30.0  30.0  30.0  26.0  21.0  22.0  15.0  16.0    2.0    2.0    2.0    1.0    0.0    0.0

== 추가(사후): 하루 진폭비 = (배지 최고-최저)/(실내 최고-최저), 아침(0~9시) 오차와 오후(13~23시) 오차
 F47 추운 날 24일: Spearman(하루 오차, 진폭비) -0.65 | 진폭비 중앙 추운 날 0.49 / 나머지 0.55 | 아침 오차 평균 +0.07, 오후 +0.36 | corr(아침, 오후) 0.63
   전체 날: Spearman(하루 오차, 진폭비) -0.30, corr(아침 오차, 오후 오차) 0.42
 F13 추운 날 17일: Spearman(하루 오차, 진폭비) -0.20 | 진폭비 중앙 추운 날 0.50 / 나머지 0.53 | 아침 오차 평균 +0.09, 오후 -0.12 | corr(아침, 오후) 0.03
   전체 날: Spearman(하루 오차, 진폭비) -0.19, corr(아침 오차, 오후 오차) 0.28
