
######## 전체 (400일)
  H1 night_in   → DEF   (통제 tin,rad) 예상 부호 -1 | F13 rho +0.00 p 0.979 n199 | F47 rho -0.04 p 0.608 n200 | 불지지
  H1 night_heat → DEF   (통제 tin,rad) 예상 부호 +1 | F13 rho +0.03 p 0.654 n200 | F47 rho -0.16 p 0.023 n200 | 불지지
  H2 day        → RATIO (통제 rad,tin) 예상 부호 -1 | F13 rho +0.00 p 0.972 n193 | F47 rho -0.15 p 0.045 n191 | 불지지
  H3 co2d7      → RATIO (통제 day,rad,tin) 예상 부호 -1 | F13 rho -0.11 p 0.259 n111 | F47 rho -0.06 p 0.629 n78 | 불지지
  H3 ahd7       → RATIO (통제 day,rad,tin) 예상 부호 -1 | F13 rho +0.04 p 0.708 n111 | F47 rho -0.09 p 0.410 n78 | 불지지

######## 추운 날 (41일)
  H1 night_in   → DEF   (통제 tin,rad) 예상 부호 -1 | F13 rho +0.00 p 1.000 n17 | F47 rho +0.02 p 0.939 n24 | 불지지
  H1 night_heat → DEF   (통제 tin,rad) 예상 부호 +1 | F13 rho +0.13 p 0.619 n17 | F47 rho -0.07 p 0.734 n24 | 불지지
  H2 day        → RATIO (통제 rad,tin) 예상 부호 -1 | F13 rho +0.22 p 0.400 n17 | F47 rho -0.33 p 0.120 n24 | 불지지
  H3 co2d7      → RATIO (통제 day,rad,tin) 예상 부호 -1 | F13 rho +nan p nan n11 | F47 rho -0.42 p 0.073 n19 | 불지지
  H3 ahd7       → RATIO (통제 day,rad,tin) 예상 부호 -1 | F13 rho +nan p nan n11 | F47 rho +0.25 p 0.311 n19 | 불지지

== H4 14일 구간별 '배지 시간 변화 ~ 일사' 기울기 (8~15시, 실내 변화 통제)
  F13 구간 14개, 일사 100당 ℃/h: [0.144 0.322 0.264 0.339 0.385 0.327 0.205 0.371 0.382 0.37  0.282 0.382
 0.237 0.319] | Spearman(구간, 기울기) +0.16 → 불지지
  F47 구간 15개, 일사 100당 ℃/h: [0.124 0.126 0.301 0.243 0.394 0.456 0.303 0.095 0.082 0.392 0.366 0.409
 0.313 0.337 0.433] | Spearman(구간, 기울기) +0.46 → 불지지

== H5 시간별 잔차 변화의 비대칭(왜도): 낮 8~15시 vs 밤 20~5시
  F13 낮 왜도 +3.46, 밤 -0.48 → 불지지 | 시각별 {8: 0.91, 9: -0.44, 10: -3.1, 11: 4.21, 12: -2.04, 13: -0.58, 14: -1.37, 15: 3.15}
  F47 낮 왜도 -2.57, 밤 -0.37 → 지지 | 시각별 {8: 0.16, 9: 0.94, 10: 11.97, 11: -11.85, 12: -0.58, 13: 5.07, 14: -0.07, 15: 0.17}

참고: 잔차 변화 de = 예측-정답의 시간 변화. 찬 관수로 배지가 갑자기 내려가면 de가 양(+)으로 튐 → 'de 왜도 > 0'이 관수 흔적.
  F13 낮 de 왜도(부호 반전 확인) +3.46 / 밤 -0.48
  F47 낮 de 왜도(부호 반전 확인) -2.57 / 밤 -0.37
