
==== DIAG10 날 400 RMSE 0.653 치우침 +0.004 | 하루 수준 57% / 모양 43%
  1차   RMSE 0.631 치우침 +0.009 오차몫 80%
  2차   RMSE 0.779 치우침 -0.026 오차몫 20%
  F13  RMSE 0.534 치우침 -0.035 오차몫 33%
  F47  RMSE 0.754 치우침 +0.044 오차몫 67%
  시각별 RMSE: 00:0.85 02:0.70 04:0.63 06:0.60 08:0.57 10:0.62 12:0.61 14:0.71 16:0.73 18:0.64 20:0.62 22:0.63
  시각별 치우침: 00:+0.00 02:-0.01 04:+0.00 06:+0.02 08:-0.01 10:+0.05 12:-0.02 14:-0.00 16:-0.03 18:+0.00 20:+0.03 22:+0.03
  실내  -9~6  ℃ 행    20 RMSE 1.737 치우침 +0.035 몫   1%
  실내   6~8  ℃ 행   134 RMSE 0.676 치우침 -0.015 몫   1%
  실내   8~10 ℃ 행  1027 RMSE 0.662 치우침 -0.036 몫  11%
  실내  10~12 ℃ 행  1781 RMSE 0.739 치우침 -0.000 몫  24%
  실내  12~15 ℃ 행  1970 RMSE 0.688 치우침 +0.044 몫  23%
  실내  15~20 ℃ 행  2099 RMSE 0.564 치우침 -0.004 몫  16%
  실내  20~60 ℃ 행  2496 RMSE 0.551 치우침 -0.010 몫  18%
  하루 오프셋 |>1℃| 날 21 / 400, 상위 10% 날 오차몫 64%

==== EL1 날 56 RMSE 0.779 치우침 -0.030 | 하루 수준 77% / 모양 23%
  1차   RMSE nan 치우침 +nan 오차몫 0%
  2차   RMSE 0.779 치우침 -0.030 오차몫 100%
  F13  RMSE 0.436 치우침 -0.024 오차몫 16%
  F47  RMSE 1.026 치우침 -0.037 오차몫 84%
  시각별 RMSE: 00:1.04 02:0.89 04:0.82 06:0.77 08:0.72 10:0.65 12:0.65 14:0.73 16:0.77 18:0.73 20:0.78 22:0.81
  시각별 치우침: 00:-0.05 02:-0.05 04:-0.02 06:-0.01 08:-0.03 10:-0.03 12:-0.04 14:+0.00 16:-0.03 18:-0.02 20:-0.01 22:-0.02
  실내   6~8  ℃ 행    16 RMSE 0.570 치우침 +0.136 몫   1%
  실내   8~10 ℃ 행   176 RMSE 0.677 치우침 +0.089 몫  10%
  실내  10~12 ℃ 행   252 RMSE 0.708 치우침 +0.079 몫  15%
  실내  12~15 ℃ 행   266 RMSE 1.054 치우침 -0.092 몫  36%
  실내  15~20 ℃ 행   278 RMSE 0.732 치우침 -0.037 몫  18%
  실내  20~60 ℃ 행   356 RMSE 0.667 치우침 -0.121 몫  19%
  하루 오프셋 |>1℃| 날 4 / 56, 상위 10% 날 오차몫 65%

참고: 평가 입력 분포 vs 학습(DIAG10) — 실내 8℃ 이하 행 비율
  평가 14.9%, 학습 1.7%

== 하루 오프셋(예측-정답)의 같은 온실 k일 전 상관 (지속성/번갈음 확인)
  F13 1차: k=1 +0.06 k=2 +0.09 k=3 +0.06 k=4 +0.05 k=5 -0.13 k=6 +0.00
  F13 2차: k=1 -0.11 k=2 +0.26 k=3 -0.26 k=4 -0.41 k=5 -0.44 k=6 -0.01
  F47 1차: k=1 +0.27 k=2 +0.18 k=3 +0.02 k=4 +0.04 k=5 -0.03 k=6 -0.07
  F47 2차: k=1 +0.11 k=2 +0.20 k=3 +0.19 k=4 +0.09 k=5 -0.05 k=6 -0.40

== (배지-실내) 하루 평균의 k일 전 상관 — 정답 자체의 동별 수준
  F13 1차: k=1 +0.21 k=2 +0.09 k=3 +0.15 k=4 +0.22 k=5 +0.07 k=6 +0.13
  F13 2차: k=1 +0.11 k=2 +0.11 k=3 +0.09 k=4 -0.45 k=5 -0.52 k=6 +0.84
  F47 1차: k=1 +0.42 k=2 +0.28 k=3 +0.15 k=4 +0.16 k=5 +0.08 k=6 +0.06
  F47 2차: k=1 +0.43 k=2 +0.45 k=3 +0.26 k=4 +0.27 k=5 +0.17 k=6 -0.60
