== 1. 값의 모양
  act_side    고유값  72 | 0 38% | 100 51% | 그 사이 11% | 평균 53.2 | 예: [np.float64(0.0), np.float64(1.0), np.float64(2.0), np.float64(3.0), np.float64(4.0), np.float64(5.0), np.float64(6.0), np.float64(7.0)]
  act_valve   고유값  30 | 0 21% | 100 78% | 그 사이 1% | 평균 78.4 | 예: [np.float64(0.0), np.float64(2.0), np.float64(3.0), np.float64(8.0), np.float64(10.0), np.float64(12.0), np.float64(13.0), np.float64(20.0)]
  act_cool    고유값   2 | 0 62% | 100 38% | 그 사이 0% | 평균 38.2 | 예: [np.float64(0.0), np.float64(100.0)]
  act_pump    고유값   2 | 0 46% | 100 54% | 그 사이 0% | 평균 54.5 | 예: [np.float64(0.0), np.float64(100.0)]
  act_vent    고유값  90 | 0 37% | 100 5% | 그 사이 57% | 평균 11.2 | 예: [np.float64(0.0), np.float64(1.0), np.float64(2.0), np.float64(3.0), np.float64(4.0), np.float64(5.0), np.float64(6.0), np.float64(7.0)]
  act_circfan 고유값   2 | 0 47% | 100 53% | 그 사이 0% | 평균 53.4 | 예: [np.float64(0.0), np.float64(100.0)]
  act_co2     고유값   2 | 0 96% | 100 4% | 그 사이 0% | 평균 4.2 | 예: [np.float64(0.0), np.float64(100.0)]

== 2. 시각별 평균 가동률
hour           0     2     4     6     8     10    12    14    16    18    20    22
act_side     33.0  26.0  25.0  25.0  35.0  79.0  90.0  89.0  86.0  67.0  43.0  37.0
act_valve    87.0  87.0  88.0  89.0  81.0  71.0  65.0  64.0  67.0  74.0  83.0  87.0
act_cool     42.0  49.0  66.0  72.0  63.0  19.0  13.0  15.0  15.0  31.0  37.0  41.0
act_pump     79.0  82.0  84.0  83.0  67.0  33.0   7.0   9.0  19.0  52.0  68.0  76.0
act_vent      6.0   6.0   6.0   8.0   9.0  17.0  21.0  21.0  17.0  11.0   8.0   5.0
act_circfan  53.0  76.0  78.0  52.0  45.0  32.0  26.0  25.0  50.0  75.0  75.0  47.0
act_co2       0.0   0.0   0.0   0.0   9.0  12.0  11.0  11.0   7.0   0.0   0.0   0.0

== 3. 시즌(기록 일차 30일 묶음)별 평균 가동률 + 기온
     act_side  act_valve  act_cool  act_pump  act_vent  act_circfan  act_co2  out_temp  in_temp  sub_temp
blk                                                                                                      
0        86.7        5.3      86.4       4.2      59.9         80.0      0.9      21.2     17.5      26.1
30       57.8       54.1      30.9      46.5       9.3         91.8      0.7      13.4     15.2      22.8
60       41.1       58.9      19.9      55.2       4.4         77.7      4.9       6.8     14.1      21.1
90       31.9       92.7      49.2      76.9       0.7         13.8      1.9      -0.5     13.8      20.7
120      29.4      100.0      39.3      72.3       1.1         31.2      0.6      -2.3     13.8      20.5
150      41.6      100.0      43.3      68.8       0.9         49.2      2.4      -2.0     15.0      22.0
180      68.2      100.0      35.3      61.2       4.5         43.9      7.4       6.3     16.2      23.0
210      77.2       98.5      11.8      37.5      21.7         46.3     14.1      12.1     16.9      24.5

== 4. 구동기끼리 상관 (시간별)
             act_side  act_valve  act_cool  act_pump  act_vent  act_circfan  act_co2
act_side         1.00      -0.31     -0.26     -0.55      0.37        -0.07     0.14
act_valve       -0.31       1.00     -0.04      0.57     -0.45        -0.21     0.05
act_cool        -0.26      -0.04      1.00      0.23      0.14         0.11    -0.13
act_pump        -0.55       0.57      0.23      1.00     -0.43         0.05    -0.17
act_vent         0.37      -0.45      0.14     -0.43      1.00         0.07     0.07
act_circfan     -0.07      -0.21      0.11      0.05      0.07         1.00    -0.15
act_co2          0.14       0.05     -0.13     -0.17      0.07        -0.15     1.00

== 5. 무엇에 반응하나: 켜짐(>0)을 실내온도·외기·일사·습도·시각으로 가르는 얕은 나무(깊이 2) 규칙
  act_side   정확도 0.87 | 1차 분기 in_temp ≤ 13.6 (켜짐률 왼 0.12 / 오른 0.87)
             켜짐/꺼짐일 때 평균: 실내 16.8/12.7, 외기 10.4/-0.1, 일사 226/19, 습도 26/25, 배지 24.8/18.8
  act_valve  정확도 0.84 | 1차 분기 out_temp ≤ 9.9 (켜짐률 왼 0.95 / 오른 0.49)
             켜짐/꺼짐일 때 평균: 실내 14.8/16.8, 외기 3.7/16.6, 일사 135/195, 습도 26/26, 배지 21.8/25.1
  act_cool   정확도 0.75 | 1차 분기 out_temp ≤ -1.6 (켜짐률 왼 0.71 / 오른 0.30)
             켜짐/꺼짐일 때 평균: 실내 14.6/15.7, 외기 4.7/7.5, 일사 68/197, 습도 25/26, 배지 21.4/23.1
  act_pump   정확도 0.84 | 1차 분기 in_temp ≤ 15.9 (켜짐률 왼 0.76 / 오른 0.07)
             켜짐/꺼짐일 때 평균: 실내 13.5/17.3, 외기 1.4/12.4, 일사 31/286, 습도 25/26, 배지 19.9/25.6

== 6. 켜지는 순간 전후 변화 (-1시 대비 +1·+3시): 실내온도, 습도, CO2, 배지
  act_side   켜짐 177회 | 실내 +3.42/+4.25 | 습도 +0.0/-0.5 | CO2 +nan/+nan | 배지 +5.07/+6.33
  act_valve  켜짐  81회 | 실내 -0.61/-0.65 | 습도 -0.2/-0.7 | CO2 +11/+28 | 배지 -0.87/-0.94
  act_cool   켜짐 236회 | 실내 +nan/+nan | 습도 +nan/+nan | CO2 +10/+20 | 배지 +0.36/+0.84
  act_pump   켜짐 304회 | 실내 -0.95/+nan | 습도 +nan/+nan | CO2 +nan/+nan | 배지 -1.43/-1.68
