날 370 (잡음 낀 날 제외) | 밀폐 87일, 고EC 32일, 둘 다 25일

== 전체
  개방  보통  276일 | 온도 RMSE 0.591, 하루 오차 평균 -0.028 (|>0.5| 12%), 배지-실내 -0.64, 오후 덜 데워짐 +0.03 | 추운 날 23
  개방  고EC   7일 | 온도 RMSE 0.552, 하루 오차 평균 +0.108 (|>0.5| 14%), 배지-실내 -1.41, 오후 덜 데워짐 -0.14 | 추운 날 0
  밀폐  보통   62일 | 온도 RMSE 0.629, 하루 오차 평균 +0.074 (|>0.5| 11%), 배지-실내 -0.82, 오후 덜 데워짐 -0.14 | 추운 날 15
  밀폐  고EC  25일 | 온도 RMSE 0.626, 하루 오차 평균 -0.225 (|>0.5| 24%), 배지-실내 -0.59, 오후 덜 데워짐 +0.37 | 추운 날 0

== F13
  개방  보통  132일 | 온도 RMSE 0.473, 하루 오차 평균 -0.044 (|>0.5|  9%), 배지-실내 -0.76, 오후 덜 데워짐 +0.01 | 추운 날 8
  개방  고EC   4일 | 온도 RMSE 0.674, 하루 오차 평균 +0.258 (|>0.5| 25%), 배지-실내 -1.71, 오후 덜 데워짐 -0.37 | 추운 날 0
  밀폐  보통   47일 | 온도 RMSE 0.592, 하루 오차 평균 +0.012 (|>0.5|  6%), 배지-실내 -0.74, 오후 덜 데워짐 -0.21 | 추운 날 9
  밀폐  고EC  14일 | 온도 RMSE 0.682, 하루 오차 평균 -0.170 (|>0.5| 21%), 배지-실내 -0.58, 오후 덜 데워짐 +0.33 | 추운 날 0

== F47
  개방  보통  144일 | 온도 RMSE 0.682, 하루 오차 평균 -0.014 (|>0.5| 14%), 배지-실내 -0.52, 오후 덜 데워짐 +0.05 | 추운 날 15
  개방  고EC   3일 | 온도 RMSE 0.324, 하루 오차 평균 -0.093 (|>0.5|  0%), 배지-실내 -1.00, 오후 덜 데워짐 +0.18 | 추운 날 0
  밀폐  보통   15일 | 온도 RMSE 0.734, 하루 오차 평균 +0.266 (|>0.5| 27%), 배지-실내 -1.04, 오후 덜 데워짐 +0.08 | 추운 날 6
  밀폐  고EC  11일 | 온도 RMSE 0.545, 하루 오차 평균 -0.297 (|>0.5| 27%), 배지-실내 -0.61, 오후 덜 데워짐 +0.41 | 추운 날 0

== 추운 날만
  개방  보통   23일 | 온도 RMSE 0.670, 하루 오차 평균 -0.083 (|>0.5| 17%), 배지-실내 -0.93, 오후 덜 데워짐 -0.04 | 추운 날 23
  밀폐  보통   15일 | 온도 RMSE 0.768, 하루 오차 평균 +0.243 (|>0.5| 13%), 배지-실내 -1.11, 오후 덜 데워짐 +0.06 | 추운 날 15

== 하루 오차와 하루 EC·밀폐 시간 순위상관 (실내 평균 통제)
  F13 EC~하루오차 +0.08 (p 0.249) | 밀폐시간~하루오차 +0.25 (p 0.000) | EC~오후덜데워짐 +0.10 (p 0.147)
  F47 EC~하루오차 -0.21 (p 0.006) | 밀폐시간~하루오차 -0.11 (p 0.147) | EC~오후덜데워짐 +0.04 (p 0.604)

== F47 추운 날 하루 오차 상위 8일의 밀폐 시간·EC
 day  OFF  closed_h   EC   GAP   DEF
 123 1.73        24 0.44 -1.80  2.33
 240 1.30        11 0.47 -2.55  1.82
 214 0.80        22 0.53 -1.85  0.44
 128 0.38        22 0.48 -1.21 -0.14
 133 0.31         9 0.47 -1.51 -0.12
 212 0.23        24 0.52 -0.37  0.27
 135 0.11         6 0.49 -1.44  0.62
  47 0.09        15 0.20 -0.08 -0.24
