
==== DIAG10  기준 RMSE 0.653
  하루 수준 오차 (전체)                                    완벽히 고치면 -34%
    └ 상위 10% 날의 하루 수준                              완벽히 고치면 -23%
    └ F47의 하루 수준                                   완벽히 고치면 -22%
  하루 안 모양 오차 (전체)                                  완벽히 고치면 -25%
    └ 새벽 0~5시 모양                                   완벽히 고치면 -8%
    └ 낮 12~17시 모양                                  완벽히 고치면 -7%
  오염 행(복원 입력) ±3시간             오차몫  12% (행   2%) 완벽히 고치면 -6%
  잡음 낀 날(가중 0.2 대상)            오차몫  52% (행  24%) 완벽히 고치면 -31%
  CO2 거친 날                     오차몫  22% (행   8%) 완벽히 고치면 -12%
  실내 10℃ 이하 행                  오차몫  20% (행  14%) 완벽히 고치면 -10%
  실내 20℃ 초과 행                  오차몫  18% (행  26%) 완벽히 고치면 -10%

==== EL1  기준 RMSE 0.779
  하루 수준 오차 (전체)                                    완벽히 고치면 -52%
    └ 상위 10% 날의 하루 수준                              완벽히 고치면 -35%
    └ F47의 하루 수준                                   완벽히 고치면 -43%
  하루 안 모양 오차 (전체)                                  완벽히 고치면 -12%
    └ 새벽 0~5시 모양                                   완벽히 고치면 -7%
    └ 낮 12~17시 모양                                  완벽히 고치면 -1%
  오염 행(복원 입력) ±3시간             오차몫   1% (행   1%) 완벽히 고치면 -0%
  잡음 낀 날(가중 0.2 대상)            오차몫  82% (행  34%) 완벽히 고치면 -58%
  CO2 거친 날                     오차몫  17% (행   7%) 완벽히 고치면 -9%
  실내 10℃ 이하 행                  오차몫  12% (행  16%) 완벽히 고치면 -6%
  실내 20℃ 초과 행                  오차몫  19% (행  26%) 완벽히 고치면 -10%
['farm', 'day', 'ac1', 'd2', 'cold', 'noise_score', 'noisy'] 400
def noisy_days():
    a = _train_frame()
    a["ewm3"] = a.groupby("farm").in_temp.transform(lambda s: s.ewm(halflife=3, ignore_na=True).mean())
    rows = []
    for (f, d), g in a.groupby(["farm", "day"]):
        g = g.sort_values("t")
        d1 = g.in_co2.diff()
        d1 = d1[g.t.diff() == 1]
        ac1 = d1.autocorr(lag=1) if d1.notna().sum() >= 8 else np.nan
        d2 = d1.diff().abs().median()
        rows.append(dict(farm=f, day=d, ac1=ac1, d2=d2, cold=bool((g.ewm3 < 8).any())))
    D = pd.DataFrame(rows)
    D["noise_score"] = (-D.ac1).rank(pct=True) + D.d2.rank(pct=True)
    thr = D.noise_score.quantile(0.75)
    D["noisy"] = (D.noise_score >= thr) & ~D.cold
    return D

잡음 낀 날 비율: 학습 24% (96/400), 평가 12% (7/60)
CO2 차분 자기상관 중앙: 학습 0.47, 평가 0.46 | 2차 차분 중앙: 학습 3.5, 평가 3.5
추운 날(ewm<8) 비율: 학습 3%, 평가 27%
검증 RMSE: 보통 날 0.498 (DIAG10, 293일), 잡음 낀 날 0.962 (DIAG10, 96일), 추운 날 0.844 (EXT10 85일; DIAG10 속 추운 날 0.928, 11일)
학습 구성(24/3/73) → 예상 RMSE 0.651 | 오차 몫: 보통 날 43%, 잡음 낀 날 52%, 추운 날 5%
평가 구성(12/27/61) → 예상 RMSE 0.671 | 오차 몫: 보통 날 34%, 잡음 낀 날 24%, 추운 날 42%
참고: 9회차 실제 LB 온도 .5127
