구분                학습                         평가                  
날종류             보통 날   잡음 낀 날     추운 날     보통 날   잡음 낀 날     추운 날
날수            293.00    96.00    11.00    37.00     7.00    16.00
F47비율           0.46     0.61     0.55     0.54     0.43     0.44
2차비율            0.13     0.20     0.00     1.00     1.00     1.00
실내평균           16.50    14.77     9.99    15.10    13.76     8.76
실내최저           12.19    10.42     5.39    10.38     9.99     3.81
외기평균           10.45     6.66    -1.44     8.69     7.09     1.42
일사합          2725.85  2369.35  2726.09  2549.76  2230.43  2100.69
난방             17.21    19.71    73.23    17.97    11.16    69.31
환기             16.38     9.62     7.70    10.66     5.57     2.10
순환팬            24.97    15.07    69.25    25.14     7.95    34.92
보온커튼           38.90    36.11    18.27    37.11    35.04    28.90
CO2           408.97   398.18   416.24   401.51   386.31   425.53
습도             71.04    68.70    65.49    71.47    71.26    76.61
배지평균           15.84    13.88     8.73      NaN      NaN      NaN
배지_실내차         -0.64    -0.89    -1.30      NaN      NaN      NaN
배지_실내차_날간sd     0.69     0.94     0.99      NaN      NaN      NaN

오차(9회차, DIAG10):
  보통 날   RMSE 0.498 치우침 -0.023 하루수준 몫 46%  (2차만 RMSE 0.429)
  잡음 낀 날 RMSE 0.962 치우침 +0.074 하루수준 몫 64%  (2차만 RMSE 1.195)
  추운 날   RMSE 0.928 치우침 +0.117 하루수준 몫 70%  (2차만 RMSE nan)

추운 날 강도(하루 최저 실내 평활온도): 학습 [11.    7.03  4.74]  평가 [16.    5.2   1.78]
평가 실내 6℃ 미만 행 9.0% / 학습 0.21%
