== (1) 감지: 배지 < 8℃ 행 157 / 9600
  행 AUC  in_temp 0.910 | ewm3 0.987
  날 AUC  (배지<8 시각이 있는 날 22일) 하루 최저 ewm3 0.982 | 0시 ewm3만 0.818
    규칙 '하루 최저 ewm3 < 8': 맞힘 11/22, 헛경보 0
    규칙 '하루 최저 ewm3 < 9': 맞힘 17/22, 헛경보 3
    규칙 '하루 최저 ewm3 < 10': 맞힘 21/22, 헛경보 64

== (2) 크기: EXT10 (추운 쪽 제외 검증) 85일, 9회차 W40G-S RMSE 0.844, 치우침 -0.093
  실내온도 구간 | 학습 행 | 평가 행 | EXT10 행 RMSE 치우침 | 배지-실내 평균(학습)
   <4     |     5 |   41 |    5 1.095 +0.016 | +2.24
   4-6    |    15 |   89 |   14 0.861 +0.462 | +0.54
   6-8    |   134 |   81 |  133 0.702 +0.247 | +0.85
   8-10   |  1027 |  220 |  657 0.825 -0.079 | +1.35
   10-12  |  1781 |  278 |  484 0.950 -0.052 | +0.93
   >=12   |  6565 |  731 |  736 0.808 -0.209 | -1.53
  하루 수준 몫 61% | 하루 오프셋을 안다면(오라클) RMSE 0.844 → 0.530
  하루 오프셋 예측(날 하나 빼기 Ridge, 85일): R² +0.138  95% CI [-0.139, +0.348]
  특징별 Spearman (F13 / F47):
    in_mean  -0.34 / -0.60
    in_min   -0.21 / -0.57
    out_mean +0.07 / +0.14
    heat     +0.44 / +0.36
    fan      +0.37 / +0.31
    thermal  -0.49 / -0.44
    vent     +0.33 / +0.34
    hum      +0.01 / -0.17
    co2      +0.33 / -0.05
    rad      -0.11 / -0.06
    in_out   -0.19 / -0.43
  판정: 정보 부족 (최상위 특징 in_mean)
