
==== P1 (pass-2 rows, rough days excluded)
  DIAG10G seed 404 PFN A: 0.7860 -> 0.7796 (-0.81%) P 0.0098 | F13 -1.73% F47 -0.57%
  DIAG10G seed 404 PFN B: 0.7925 -> 0.7864 (-0.77%) P 0.0091 | F13 -1.61% F47 -0.54%
  DIAG10G seed 505 PFN A: 0.7847 -> 0.7784 (-0.81%) P 0.0092 | F13 -1.73% F47 -0.56%
  DIAG10G seed 505 PFN B: 0.7915 -> 0.7854 (-0.76%) P 0.0103 | F13 -1.62% F47 -0.54%
  DIAG10G rows 1248 days 52 | seed-mean -0.79% P max 0.0103 -> pass
  DIAG10  seed 404 PFN A: 0.7394 -> 0.7341 (-0.71%) P 0.0839 | F13 +0.87% F47 -1.12%
  DIAG10  seed 404 PFN B: 0.7376 -> 0.7326 (-0.67%) P 0.0982 | F13 +0.91% F47 -1.10%
  DIAG10  seed 505 PFN A: 0.7402 -> 0.7351 (-0.69%) P 0.0923 | F13 +1.00% F47 -1.14%
  DIAG10  seed 505 PFN B: 0.7384 -> 0.7335 (-0.65%) P 0.1061 | F13 +1.03% F47 -1.11%
  DIAG10  rows 1248 days 52 | seed-mean -0.68% P max 0.1061 -> pass
  EL1     seed 404 PFN A: 0.7331 -> 0.7302 (-0.39%) P 0.1035 | F13 +0.90% F47 -0.71%
  EL1     seed 404 PFN B: 0.7336 -> 0.7309 (-0.38%) P 0.1158 | F13 +0.95% F47 -0.70%
  EL1     seed 505 PFN A: 0.7328 -> 0.7299 (-0.40%) P 0.0954 | F13 +0.83% F47 -0.70%
  EL1     seed 505 PFN B: 0.7334 -> 0.7305 (-0.39%) P 0.1057 | F13 +0.88% F47 -0.70%
  EL1     rows 1248 days 52 | seed-mean -0.39% P max 0.1158 -> pass
VERDICT P1: PASS

==== P2 (pass-2 rows, rough days excluded)
  DIAG10G seed 404 PFN A: 0.7860 -> 0.7807 (-0.67%) P 0.1368 | F13 -1.80% F47 -0.36%
  DIAG10G seed 404 PFN B: 0.7925 -> 0.7871 (-0.68%) P 0.1336 | F13 -2.04% F47 -0.32%
  DIAG10G seed 505 PFN A: 0.7847 -> 0.7835 (-0.16%) P 0.4103 | F13 -1.03% F47 +0.07%
  DIAG10G seed 505 PFN B: 0.7915 -> 0.7898 (-0.21%) P 0.3853 | F13 -1.38% F47 +0.10%
  DIAG10G rows 1248 days 52 | seed-mean -0.43% P max 0.4103 -> fail
  DIAG10  seed 404 PFN A: 0.7394 -> 0.7397 (+0.04%) P 0.5506 | F13 +3.30% F47 -0.82%
  DIAG10  seed 404 PFN B: 0.7376 -> 0.7376 (+0.00%) P 0.5379 | F13 +3.23% F47 -0.88%
  DIAG10  seed 505 PFN A: 0.7402 -> 0.7414 (+0.17%) P 0.5918 | F13 +2.91% F47 -0.55%
  DIAG10  seed 505 PFN B: 0.7384 -> 0.7394 (+0.14%) P 0.5710 | F13 +2.80% F47 -0.59%
  DIAG10  rows 1248 days 52 | seed-mean +0.09% P max 0.5918 -> fail
  EL1     seed 404 PFN A: 0.7331 -> 0.7294 (-0.49%) P 0.2405 | F13 -1.04% F47 -0.36%
  EL1     seed 404 PFN B: 0.7336 -> 0.7298 (-0.52%) P 0.2331 | F13 -1.08% F47 -0.39%
  EL1     seed 505 PFN A: 0.7328 -> 0.7288 (-0.55%) P 0.2298 | F13 -0.83% F47 -0.48%
  EL1     seed 505 PFN B: 0.7334 -> 0.7290 (-0.60%) P 0.2137 | F13 -0.91% F47 -0.53%
  EL1     rows 1248 days 52 | seed-mean -0.54% P max 0.2405 -> pass
VERDICT P2: FAIL
