DIAG10/0 done
DIAG10/1 done
DIAG10/2 done
DIAG10/3 done
DIAG10/4 done
DIAG10/5 done
DIAG10/6 done
DIAG10/7 done
DIAG10/8 done
DIAG10/9 done
EXT10/0 done
EXT12/0 done
EL1/0 done
EL1/1 done
EL1/2 done
EL1/3 done
EL1/4 done
EL1/5 done
EL1/6 done
EL1/7 done
EL1/8 done
EL1/9 done
EL1/10 done
EL1/11 done
seed   7 PFN A | DIAG10 0.6531->0.6545 (+0.22%, pass2 +0.12%) P(worse) 0.9184 | EXT10 0.8452->0.8409 (-0.51%, pass2 +0.65%) EXT12 0.8061->0.8055 (-0.07%, pass2 -0.83%) EL1 0.7791->0.7755 (-0.45%, pass2 -0.45%)
seed   7 PFN B | DIAG10 0.6544->0.6558 (+0.21%, pass2 +0.13%) P(worse) 0.9085 | EXT10 0.8454->0.8413 (-0.49%, pass2 +0.63%) EXT12 0.8078->0.8069 (-0.10%, pass2 -0.86%) EL1 0.7792->0.7757 (-0.45%, pass2 -0.45%)
seed 101 PFN A | DIAG10 0.6533->0.6542 (+0.15%, pass2 +0.14%) P(worse) 0.7961 | EXT10 0.8447->0.8428 (-0.22%, pass2 +0.61%) EXT12 0.8095->0.8105 (+0.13%, pass2 +0.38%) EL1 0.7785->0.7772 (-0.17%, pass2 -0.17%)
seed 101 PFN B | DIAG10 0.6547->0.6555 (+0.12%, pass2 +0.11%) P(worse) 0.7633 | EXT10 0.8455->0.8436 (-0.23%, pass2 +0.63%) EXT12 0.8111->0.8123 (+0.16%, pass2 +0.40%) EL1 0.7787->0.7775 (-0.16%, pass2 -0.16%)
DIAG10 cold rows (in_temp<=8): REF 0.8860 CUR 0.8953 (seed 7, PFN A)

VERDICT: cells better 6/12 -> FAIL
