  CUR DIAG10 done
  CUR EXT10 done
  CUR EXT12 done
OFFSET days: 41 of 400 (pass-2 9); F13 11 F47 30
  REM DIAG10 done
  REM EXT10 done
  REM EXT12 done
  W02 DIAG10 done
  W02 EXT10 done
  W02 EXT12 done

== ALL rows
  DIAG10 REM: seed7 0.6906->0.7094 (+2.72%) seed101 0.6909->0.7085 (+2.56%)
  DIAG10 W02: seed7 0.6906->0.6965 (+0.85%) seed101 0.6909->0.6978 (+1.00%)
  EXT10  REM: seed7 0.8637->0.8601 (-0.42%) seed101 0.8625->0.8543 (-0.95%)
  EXT10  W02: seed7 0.8637->0.8669 (+0.37%) seed101 0.8625->0.8690 (+0.75%)
  EXT12  REM: seed7 0.8343->0.8437 (+1.12%) seed101 0.8375->0.8504 (+1.55%)
  EXT12  W02: seed7 0.8343->0.8449 (+1.27%) seed101 0.8375->0.8443 (+0.81%)

== NORMAL rows
  DIAG10 REM: seed7 0.4600->0.4620 (+0.43%) seed101 0.4598->0.4622 (+0.52%)
  DIAG10 W02: seed7 0.4600->0.4607 (+0.14%) seed101 0.4598->0.4609 (+0.24%)
  EXT10  REM: seed7 0.6611->0.6171 (-6.66%) seed101 0.6547->0.6136 (-6.28%)
  EXT10  W02: seed7 0.6611->0.6457 (-2.34%) seed101 0.6547->0.6475 (-1.09%)
  EXT12  REM: seed7 0.6531->0.6637 (+1.62%) seed101 0.6595->0.6718 (+1.86%)
  EXT12  W02: seed7 0.6531->0.6617 (+1.32%) seed101 0.6595->0.6627 (+0.48%)

== OFFSET rows
  DIAG10 REM: seed7 1.6709->1.7407 (+4.17%) seed101 1.6726->1.7369 (+3.84%)
  DIAG10 W02: seed7 1.6709->1.6930 (+1.32%) seed101 1.6726->1.6976 (+1.49%)
  EXT10  REM: seed7 1.7509->1.8406 (+5.12%) seed101 1.7619->1.8289 (+3.80%)
  EXT10  W02: seed7 1.7509->1.8031 (+2.98%) seed101 1.7619->1.8056 (+2.48%)
  EXT12  REM: seed7 1.7273->1.7383 (+0.64%) seed101 1.7211->1.7425 (+1.24%)
  EXT12  W02: seed7 1.7273->1.7494 (+1.28%) seed101 1.7211->1.7436 (+1.31%)

== PASS2 rows
  DIAG10 REM: seed7 0.8061->0.7977 (-1.04%) seed101 0.8020->0.7985 (-0.43%)
  DIAG10 W02: seed7 0.8061->0.8087 (+0.32%) seed101 0.8020->0.8111 (+1.14%)
  EXT10  REM: seed7 0.8301->0.9018 (+8.63%) seed101 0.8421->0.8936 (+6.11%)
  EXT10  W02: seed7 0.8301->0.8546 (+2.95%) seed101 0.8421->0.8612 (+2.27%)
  EXT12  REM: seed7 0.8527->0.8401 (-1.47%) seed101 0.8532->0.8472 (-0.70%)
  EXT12  W02: seed7 0.8527->0.8638 (+1.30%) seed101 0.8532->0.8582 (+0.58%)

VERDICT REM: ALL seed x set better 2/6, DIAG10 share 0.9904 -> FAIL

VERDICT W02: ALL seed x set better 0/6, DIAG10 share 0.9463 -> FAIL
