{
  "status": "WAIT_FOR_COMPLETE_INNER",
  "missing": [
    "집\\코덱스\\local\\ec_matched_inner_calibration_20261003_v1\\B_3_cpu.npz",
    "집\\코덱스\\local\\ec_matched_inner_calibration_20261003_v1\\B_4_cpu.npz",
    "집\\코덱스\\local\\ec_matched_inner_calibration_20261003_v1\\EXT10_0_cpu.npz",
    "집\\코덱스\\local\\ec_matched_inner_calibration_20261003_v1\\EXT12_0_cpu.npz",
    "집\\코덱스\\local\\ec_matched_inner_calibration_20261003_v1\\B_2_pfn_4.npz",
    "집\\코덱스\\local\\ec_matched_inner_calibration_20261003_v1\\B_3_pfn_1.npz",
    "집\\코덱스\\local\\ec_matched_inner_calibration_20261003_v1\\B_3_pfn_2.npz",
    "집\\코덱스\\local\\ec_matched_inner_calibration_20261003_v1\\B_3_pfn_3.npz",
    "집\\코덱스\\local\\ec_matched_inner_calibration_20261003_v1\\B_3_pfn_4.npz",
    "집\\코덱스\\local\\ec_matched_inner_calibration_20261003_v1\\B_4_pfn_1.npz",
    "집\\코덱스\\local\\ec_matched_inner_calibration_20261003_v1\\B_4_pfn_2.npz",
    "집\\코덱스\\local\\ec_matched_inner_calibration_20261003_v1\\B_4_pfn_3.npz",
    "집\\코덱스\\local\\ec_matched_inner_calibration_20261003_v1\\B_4_pfn_4.npz",
    "집\\코덱스\\local\\ec_matched_inner_calibration_20261003_v1\\EXT10_0_pfn_1.npz",
    "집\\코덱스\\local\\ec_matched_inner_calibration_20261003_v1\\EXT10_0_pfn_2.npz",
    "집\\코덱스\\local\\ec_matched_inner_calibration_20261003_v1\\EXT10_0_pfn_3.npz",
    "집\\코덱스\\local\\ec_matched_inner_calibration_20261003_v1\\EXT10_0_pfn_4.npz",
    "집\\코덱스\\local\\ec_matched_inner_calibration_20261003_v1\\EXT12_0_pfn_1.npz",
    "집\\코덱스\\local\\ec_matched_inner_calibration_20261003_v1\\EXT12_0_pfn_2.npz",
    "집\\코덱스\\local\\ec_matched_inner_calibration_20261003_v1\\EXT12_0_pfn_3.npz",
    "집\\코덱스\\local\\ec_matched_inner_calibration_20261003_v1\\EXT12_0_pfn_4.npz",
    "집\\코덱스\\analysis\\ec_matched_inner_calibration_20261003_v1\\fit_audit_v1.json",
    "집\\코덱스\\local\\ec_matched_inner_calibration_20261003_v1\\oof.csv"
  ],
  "required_cpu": 22,
  "required_pfn": 88,
  "source_sha256": "644b5e4a8176ef48760633ea7bbd168688739b879f53ad6c865a96f1cd73e040",
  "matched_source_sha256": "b1041713e093ca9b8f17437e05b194f284a7e44e8a681a06ce033bc6fc8a7e40"
}
