PREP DIAG10 0
PREP DIAG10 1
PREP DIAG10 2
PREP DIAG10 3
PREP DIAG10 4
PREP DIAG10 5
PREP DIAG10 6
PREP DIAG10 7
PREP DIAG10 8
PREP DIAG10 9
PREP A 0
PREP A 1
PREP A 2
PREP A 3
PREP A 4
PREP B 0
PREP B 1
PREP B 2
PREP B 3
PREP B 4
PREP EXT10 0
PREP EXT12 0
LR DIAG10 0 COMPLETE
LR DIAG10 1 COMPLETE
LR DIAG10 2 COMPLETE
LR DIAG10 3 COMPLETE
LR DIAG10 4 COMPLETE
LR DIAG10 5 COMPLETE
LR DIAG10 6 COMPLETE
LR DIAG10 7 COMPLETE
LR DIAG10 8 COMPLETE
LR DIAG10 9 COMPLETE
LR A 0 COMPLETE
LR A 1 COMPLETE
LR A 2 COMPLETE
LR A 3 COMPLETE
LR A 4 COMPLETE
LR B 0 COMPLETE
LR B 1 COMPLETE
LR B 2 COMPLETE
LR B 3 COMPLETE
LR B 4 COMPLETE
LR EXT10 0 COMPLETE
LR EXT12 0 COMPLETE
LR ALL66_COMPLETE
LGB DIAG10 0 COMPLETE
LGB DIAG10 1 COMPLETE
LGB DIAG10 2 COMPLETE
LGB DIAG10 3 COMPLETE
LGB DIAG10 4 COMPLETE
LGB DIAG10 5 COMPLETE
LGB DIAG10 6 COMPLETE
LGB DIAG10 7 COMPLETE
LGB DIAG10 8 COMPLETE
LGB DIAG10 9 COMPLETE
LGB A 0 COMPLETE
LGB A 1 COMPLETE
LGB A 2 COMPLETE
LGB A 3 COMPLETE
LGB A 4 COMPLETE
LGB B 0 COMPLETE
LGB B 1 COMPLETE
LGB B 2 COMPLETE
LGB B 3 COMPLETE
LGB B 4 COMPLETE
LGB EXT10 0 COMPLETE
LGB EXT12 0 COMPLETE
LGB ALL66_COMPLETE
MLP DIAG10 0 COMPLETE
MLP DIAG10 1 COMPLETE
MLP DIAG10 2 COMPLETE
MLP DIAG10 3 COMPLETE
MLP DIAG10 4 COMPLETE
MLP DIAG10 5 COMPLETE
MLP DIAG10 6 COMPLETE
MLP DIAG10 7 COMPLETE
MLP DIAG10 8 COMPLETE
MLP DIAG10 9 COMPLETE
MLP A 0 COMPLETE
MLP A 1 COMPLETE
MLP A 2 COMPLETE
MLP A 3 COMPLETE
MLP A 4 COMPLETE
MLP B 0 COMPLETE
MLP B 1 COMPLETE
MLP B 2 COMPLETE
MLP B 3 COMPLETE
MLP B 4 COMPLETE
MLP EXT10 0 COMPLETE
MLP EXT12 0 COMPLETE
MLP ALL66_COMPLETE
