PREP DIAG10 0
PREP DIAG10 1
PREP DIAG10 2
PREP DIAG10 3
PREP DIAG10 4
PREP DIAG10 5
PREP DIAG10 6
PREP DIAG10 7
PREP DIAG10 8
PREP DIAG10 9
PREP A 0
PREP A 1
PREP A 2
PREP A 3
PREP A 4
PREP B 0
PREP B 1
PREP B 2
PREP B 3
PREP B 4
PREP EXT10 0
PREP EXT12 0
mode validator  seed    n  baseline  candidate  change_pct  fold_rmse_sd  gate_mean
  LR    DIAG10     7 8640  0.181125   0.189809    4.794405      0.062753   0.257634
  LR    DIAG10   101 8640  0.181679   0.190166    4.671368      0.063869   0.255358
  LR    DIAG10  2024 8640  0.181728   0.189868    4.479538      0.063664   0.260736
  LR         A     7 6336  0.214685   0.228152    6.272973      0.055990   0.505276
  LR         A   101 6336  0.216246   0.229769    6.253457      0.054634   0.493715
  LR         A  2024 6336  0.215872   0.228197    5.709084      0.056103   0.480250
  LR         B     7 6312  0.200013   0.208913    4.449800      0.061752   0.430210
  LR         B   101 6312  0.199782   0.209021    4.624571      0.060129   0.428811
  LR         B  2024 6312  0.199705   0.208492    4.399782      0.062126   0.426354
  LR     EXT10     7 1800  0.396781   0.421975    6.349580      0.000000   0.480857
  LR     EXT10   101 1800  0.400067   0.424823    6.187925      0.000000   0.491784
  LR     EXT10  2024 1800  0.399158   0.424792    6.422042      0.000000   0.509618
  LR     EXT12     7 4632  0.414170   0.415812    0.396404      0.000000   0.071314
  LR     EXT12   101 4632  0.412661   0.414270    0.390128      0.000000   0.070019
  LR     EXT12  2024 4632  0.410576   0.412192    0.393566      0.000000   0.071199
LR DECISION REJECT 0 /9 {'7': {'p_worse': 0.9161, 'ci_adjusted': [-0.002868402905222872, 0.013039340738035973]}, '101': {'p_worse': 0.90295, 'ci_adjusted': [-0.003126615070333497, 0.013326797534339793]}, '2024': {'p_worse': 0.8886, 'ci_adjusted': [-0.0031421124482295597, 0.013184664872214697]}}
mode validator  seed    n  baseline  candidate  change_pct  fold_rmse_sd  gate_mean
 LGB    DIAG10     7 8640  0.181125   0.195323    7.839004      0.067312   0.331046
 LGB    DIAG10   101 8640  0.181679   0.194657    7.143357      0.068080   0.323695
 LGB    DIAG10  2024 8640  0.181728   0.193741    6.610859      0.067410   0.328631
 LGB         A     7 6336  0.214685   0.230975    7.587759      0.055478   0.423495
 LGB         A   101 6336  0.216246   0.232219    7.386473      0.054480   0.414466
 LGB         A  2024 6336  0.215872   0.231066    7.038462      0.055267   0.404691
 LGB         B     7 6312  0.200013   0.213093    6.539706      0.065978   0.381035
 LGB         B   101 6312  0.199782   0.211444    5.837419      0.063323   0.372852
 LGB         B  2024 6312  0.199705   0.211476    5.894218      0.066389   0.376149
 LGB     EXT10     7 1800  0.396781   0.403426    1.674860      0.000000   0.309971
 LGB     EXT10   101 1800  0.400067   0.408535    2.116546      0.000000   0.306452
 LGB     EXT10  2024 1800  0.399158   0.405778    1.658387      0.000000   0.255377
 LGB     EXT12     7 4632  0.414170   0.414172    0.000433      0.000000   0.004387
 LGB     EXT12   101 4632  0.412661   0.412673    0.003040      0.000000   0.004711
 LGB     EXT12  2024 4632  0.410576   0.410578    0.000451      0.000000   0.004318
LGB DECISION REJECT 0 /9 {'7': {'p_worse': 0.99195, 'ci_adjusted': [-0.001419764899023737, 0.014559663857575808]}, '101': {'p_worse': 0.9846, 'ci_adjusted': [-0.0018468825792674825, 0.014068159454981837]}, '2024': {'p_worse': 0.9825, 'ci_adjusted': [-0.0017115726543554751, 0.013316179913588851]}}
mode validator  seed    n  baseline  candidate  change_pct  fold_rmse_sd  gate_mean
 MLP    DIAG10     7 8640  0.181125   0.194542    7.407854      0.064400   0.269590
 MLP    DIAG10   101 8640  0.181679   0.194857    7.253550      0.065854   0.266445
 MLP    DIAG10  2024 8640  0.181728   0.193735    6.607146      0.064623   0.272935
 MLP         A     7 6336  0.214685   0.232580    8.335261      0.059696   0.498229
 MLP         A   101 6336  0.216246   0.233860    8.145547      0.057650   0.490125
 MLP         A  2024 6336  0.215872   0.228747    5.963876      0.057059   0.487457
 MLP         B     7 6312  0.200013   0.207780    3.883198      0.061279   0.445589
 MLP         B   101 6312  0.199782   0.206076    3.150410      0.061036   0.414935
 MLP         B  2024 6312  0.199705   0.207104    3.704824      0.062951   0.432562
 MLP     EXT10     7 1800  0.396781   0.414374    4.434133      0.000000   0.458250
 MLP     EXT10   101 1800  0.400067   0.417650    4.394896      0.000000   0.487831
 MLP     EXT10  2024 1800  0.399158   0.419784    5.167357      0.000000   0.528623
 MLP     EXT12     7 4632  0.414170   0.414216    0.011055      0.000000   0.006258
 MLP     EXT12   101 4632  0.412661   0.412761    0.024421      0.000000   0.007470
 MLP     EXT12  2024 4632  0.410576   0.410617    0.010024      0.000000   0.006060
MLP DECISION REJECT 0 /9 {'7': {'p_worse': 0.986, 'ci_adjusted': [-0.001913050170004349, 0.0154289858936988]}, '101': {'p_worse': 0.9766, 'ci_adjusted': [-0.0022137289647073785, 0.01586038479301218]}, '2024': {'p_worse': 0.97155, 'ci_adjusted': [-0.002333801475950595, 0.014267099488793353]}}
ALL198_VERIFIED
