피처 생성 중 ...
대상 40곳, 기증 가능 48곳

  [ 1/40] F01  own 0.868  cal_all 1.422  cal_top10 0.970
  [ 2/40] F03  own 0.770  cal_all 0.981  cal_top10 0.969
  [ 3/40] F04  own 0.476  cal_all 1.294  cal_top10 0.502
  [ 4/40] F06  own 0.508  cal_all 2.421  cal_top10 1.665
  [ 5/40] F07  own 1.467  cal_all 1.225  cal_top10 1.575
  [ 6/40] F08  own 1.373  cal_all 2.542  cal_top10 1.480
  [ 7/40] F09  own 2.444  cal_all 3.332  cal_top10 3.512
  [ 8/40] F11  own 1.190  cal_all 1.125  cal_top10 1.082
  [ 9/40] F12  own 0.610  cal_all 1.515  cal_top10 1.785
  [10/40] F14  own 0.557  cal_all 2.103  cal_top10 0.719
  [11/40] F15  own 0.597  cal_all 1.514  cal_top10 2.048
  [12/40] F16  own 0.524  cal_all 0.916  cal_top10 0.954
  [13/40] F17  own 0.407  cal_all 0.731  cal_top10 0.643
  [14/40] F18  own 0.381  cal_all 1.068  cal_top10 0.567
  [15/40] F19  own 1.409  cal_all 0.995  cal_top10 2.123
  [16/40] F20  own 0.391  cal_all 1.325  cal_top10 0.401
  [17/40] F22  own 1.012  cal_all 1.307  cal_top10 1.755
  [18/40] F23  own 0.809  cal_all 2.933  cal_top10 2.262
  [19/40] F24  own 1.128  cal_all 1.650  cal_top10 2.189
  [20/40] F25  own 0.477  cal_all 1.712  cal_top10 0.769
  [21/40] F26  own 0.485  cal_all 1.002  cal_top10 0.684
  [22/40] F27  own 1.059  cal_all 1.623  cal_top10 2.448
  [23/40] F28  own 0.616  cal_all 1.609  cal_top10 1.436
  [24/40] F29  own 0.547  cal_all 0.997  cal_top10 0.790
  [25/40] F30  own 2.501  cal_all 3.849  cal_top10 3.805
  [26/40] F31  own 0.547  cal_all 1.106  cal_top10 0.809
  [27/40] F33  own 1.330  cal_all 2.052  cal_top10 2.938
  [28/40] F35  own 0.672  cal_all 2.021  cal_top10 2.416
  [29/40] F36  own 1.099  cal_all 1.043  cal_top10 0.897
  [30/40] F37  own 0.455  cal_all 0.735  cal_top10 0.673
  [31/40] F38  own 0.870  cal_all 3.091  cal_top10 2.068
  [32/40] F39  own 0.504  cal_all 0.869  cal_top10 0.702
  [33/40] F42  own 1.727  cal_all 3.727  cal_top10 3.114
  [34/40] F43  own 0.798  cal_all 1.686  cal_top10 1.257
  [35/40] F44  own 0.586  cal_all 1.080  cal_top10 1.749
  [36/40] F45  own 4.198  cal_all 3.355  cal_top10 3.574
  [37/40] F46  own 3.060  cal_all 3.590  cal_top10 3.481
  [38/40] F48  own 0.613  cal_all 0.900  cal_top10 0.864
  [39/40] F49  own 0.755  cal_all 1.652  cal_top10 1.336
  [40/40] F50  own 1.387  cal_all 3.677  cal_top10 3.100

=== 추운 구간 예측 성적 (대상 40곳) ===
  구성                                RMSE중앙      편향중앙 기준보다 나은 곳
  자기 온실만 (기준)                        0.763    -0.069             -
  + 타 온실 추운행, 보정 없음                  1.536    -0.637          3/40
  + 타 온실 추운행, 수준 보정                  1.515    -0.454          5/40
  + 닮은 10곳만, 수준 보정                   1.458     0.071          3/40
  + 전체 보정, 가중치 50%                   1.480    -0.514          4/40

=== 짝지은 차이 (음수 = 개선), 온실별 중앙값과 부트스트랩 95% ===
  + 타 온실 추운행, 보정 없음              +0.7572  [+0.5228, +1.0210]
  + 타 온실 추운행, 수준 보정              +0.6257  [+0.5077, +0.9005]
  + 닮은 10곳만, 수준 보정               +0.4255  [+0.2271, +0.9398]
  + 전체 보정, 가중치 50%               +0.6152  [+0.4318, +0.8734]
