=== 1. 난방 세기별 배지−공기 격차 (학습, 정답 있는 행) ===
  온실    온도대              난방 0~1       난방 1~25      난방 25~60      난방 60~90     난방 90~101
  F13   <8                    -             -             -             -     -1.30(26)
  F13   8~10          -0.40(42)             -     +0.07(45)             -     -0.94(71)
  F13   10~12        -0.34(340)     -0.28(97)    -0.46(229)    -0.72(107)    -1.00(127)
  F13   12~15        -0.45(726)     -0.36(98)    -0.60(117)     -0.75(70)     -1.11(48)
  F13   >15         -0.90(2151)    -0.52(106)    -0.81(155)    -1.16(119)     -0.88(84)
  F47   <8                    -             -             -             -             -
  F47   8~10          -0.42(33)     +0.37(22)     +0.19(37)     -0.83(27)     -1.21(91)
  F47   10~12        -0.41(250)     -0.43(86)    -0.78(182)    -0.75(129)    -1.14(163)
  F47   12~15        -0.41(778)    -0.70(146)    -0.95(283)    -0.92(126)     -1.10(71)
  F47   >15         -0.42(1910)    -0.39(114)    -0.59(158)    -0.56(103)     -0.43(68)

=== 2. 평가의 (온도 x 난방) 조합이 학습에 있나 ===
  온실    온도대              난방 0~1       난방 1~25      난방 25~60      난방 60~90     난방 90~101
  F13   <8               평11/학4             ·         평2/학1         평5/학2       평75/학26
  F13   8~10            평20/학42        평4/학18        평5/학45        평8/학17       평43/학71
  F13   10~12          평82/학340       평15/학97      평30/학229      평23/학107      평19/학127
  F13   12~15         평110/학726       평15/학98      평17/학117       평10/학70        평3/학48
  F13   >15          평185/학2151      평12/학106       평9/학155      평15/학119        평2/학84
  F47   <8                평1/학2         평2/학0         평1/학0             ·       평71/학19
  F47   8~10            평10/학33        평2/학22       평11/학37        평4/학27       평39/학91
  F47   10~12          평57/학250       평12/학86      평32/학182      평13/학129      평25/학163
  F47   12~15         평101/학778      평25/학146      평30/학283      평13/학126       평13/학71
  F47   >15          평212/학1910      평20/학114      평14/학158       평7/학103        평5/학68

=== 3. 난방 효과인가 온도 효과인가 (같은 온도대 안에서 난방만 변할 때) ===
  [F13]
    10~12   난방 0%: gap -0.34 (n=340) vs 난방 60%+: gap -0.85 (n=234)  차이 -0.51
    12~15   난방 0%: gap -0.45 (n=726) vs 난방 60%+: gap -0.88 (n=118)  차이 -0.43
  [F47]
    8~10    난방 0%: gap -0.42 (n=33) vs 난방 60%+: gap -1.15 (n=118)  차이 -0.74
    10~12   난방 0%: gap -0.41 (n=250) vs 난방 60%+: gap -0.95 (n=292)  차이 -0.54
    12~15   난방 0%: gap -0.41 (n=778) vs 난방 60%+: gap -0.94 (n=197)  차이 -0.53

=== 4. 현재 모델이 이미 반영하고 있나 (블록 CV 잔차 vs 난방) ===
  난방 구간                 행 수      평균 잔차       RMSE
  0~1                  2419     -0.070      0.930
  1~25                  342     +0.013      0.855
  25~60                 670     +0.078      0.735
  60~90                 368     -0.043      0.697
  90~101                425     -0.039      0.821

  * 평균 잔차가 난방에 따라 기울면 = 모델이 난방 효과를 덜 반영
  잔차와 난방의 상관: +0.024
  야간만: +0.069
