=== 기준: 다른 48곳의 저장고 효과 (기록 기반이 정상 작동) ===
  중앙 +0.550,  양수 48/48

=== F13/F47: 기록 기반 vs 출처사슬 기반 저장고 ===
  온실    저장고 정의                8~14℃         야간         전체
  F13   기록 기반 72h            +0.130     +0.202     +0.256
  F13   출처2개·2일평활            +0.095     +0.172     +0.242
  F13   출처2개·5일평활            +0.132     +0.263     +0.278
  F13   출처3개·2일평활            +0.234     +0.301     +0.292
  F13   출처3개·5일평활            +0.221     +0.342     +0.313
  F13   출처4개·2일평활            +0.228     +0.311     +0.296
  F13   출처4개·5일평활            +0.216     +0.359     +0.319
  F13   출처6개·2일평활            +0.201     +0.263     +0.269
  F13   출처6개·5일평활            +0.150     +0.263     +0.263
  F47   기록 기반 72h            +0.210     +0.231     +0.290
  F47   출처2개·2일평활            +0.237     +0.224     +0.280
  F47   출처2개·5일평활            +0.233     +0.206     +0.267
  F47   출처3개·2일평활            +0.272     +0.239     +0.277
  F47   출처3개·5일평활            +0.270     +0.225     +0.273
  F47   출처4개·2일평활            +0.350     +0.316     +0.323
  F47   출처4개·5일평활            +0.340     +0.305     +0.322
  F47   출처6개·2일평활            +0.357     +0.306     +0.311
  F47   출처6개·5일평활            +0.366     +0.300     +0.311

=== 출처 군집이 실제로 운전 체계를 가르는가 (검증) ===
  [F13] 군집별 일수 / 평균 gap / 난방
    {0.0: {'n': 145, 'gap': -0.67, 'heat': 6.21}, 1.0: {'n': 23, 'gap': -0.54, 'heat': 14.62}, 2.0: {'n': 29, 'gap': -1.3, 'heat': 59.0}, 3.0: {'n': 1, 'gap': -1.11, 'heat': 57.96}}
    자정 |Δ배지| : 같은 군집 0.84 (n=138) / 다른 군집 1.89 (n=53)
  [F47] 군집별 일수 / 평균 gap / 난방
    {0.0: {'n': 56, 'gap': -0.17, 'heat': 6.83}, 1.0: {'n': 104, 'gap': -0.66, 'heat': 15.44}, 2.0: {'n': 14, 'gap': -0.2, 'heat': 14.33}, 3.0: {'n': 24, 'gap': -1.4, 'heat': 61.73}}
    자정 |Δ배지| : 같은 군집 0.99 (n=99) / 다른 군집 1.94 (n=92)
