  F01 rmse 0.783  하루오프셋 0.599 (59%)  일내 0.504  오프셋설명 R2 -0.014
  F02 rmse 0.845  하루오프셋 0.713 (71%)  일내 0.454  오프셋설명 R2 +0.190
  F03 rmse 1.455  하루오프셋 0.637 (19%)  일내 1.308  오프셋설명 R2 +0.150
  F04 rmse 0.723  하루오프셋 0.554 (59%)  일내 0.465  오프셋설명 R2 +0.096
  F05 rmse 1.988  하루오프셋 1.359 (47%)  일내 1.451  오프셋설명 R2 -0.029
  F06 rmse 1.327  하루오프셋 0.732 (30%)  일내 1.106  오프셋설명 R2 -0.002
  F07 rmse 1.137  하루오프셋 0.645 (32%)  일내 0.937  오프셋설명 R2 +0.020
  F08 rmse 1.480  하루오프셋 0.735 (25%)  일내 1.285  오프셋설명 R2 -0.088
  F09 rmse 1.594  하루오프셋 1.103 (48%)  일내 1.150  오프셋설명 R2 +0.141
  F10 rmse 0.926  하루오프셋 0.597 (42%)  일내 0.709  오프셋설명 R2 +0.005
  F11 rmse 1.653  하루오프셋 1.047 (40%)  일내 1.279  오프셋설명 R2 -0.034
  F12 rmse 1.101  하루오프셋 0.665 (36%)  일내 0.877  오프셋설명 R2 -0.072
  F13 rmse 0.835  하루오프셋 0.608 (53%)  일내 0.572  오프셋설명 R2 -0.054
  F14 rmse 0.766  하루오프셋 0.512 (45%)  일내 0.570  오프셋설명 R2 -0.002
  F15 rmse 0.622  하루오프셋 0.351 (32%)  일내 0.513  오프셋설명 R2 -0.030
  F16 rmse 0.955  하루오프셋 0.785 (68%)  일내 0.544  오프셋설명 R2 +0.231
  F17 rmse 1.298  하루오프셋 1.018 (61%)  일내 0.807  오프셋설명 R2 +0.532
  F18 rmse 1.657  하루오프셋 1.556 (88%)  일내 0.571  오프셋설명 R2 +0.361
  F19 rmse 1.392  하루오프셋 0.602 (19%)  일내 1.255  오프셋설명 R2 -0.017
  F20 rmse 1.196  하루오프셋 0.685 (33%)  일내 0.980  오프셋설명 R2 -0.038
  F21 rmse 1.493  하루오프셋 1.017 (46%)  일내 1.092  오프셋설명 R2 -0.019
  F22 rmse 0.945  하루오프셋 0.728 (59%)  일내 0.603  오프셋설명 R2 +0.031
  F23 rmse 2.137  하루오프셋 1.570 (54%)  일내 1.449  오프셋설명 R2 -0.021
  F24 rmse 1.740  하루오프셋 0.917 (28%)  일내 1.479  오프셋설명 R2 +0.011
  F25 rmse 0.634  하루오프셋 0.462 (53%)  일내 0.435  오프셋설명 R2 -0.018
  F26 rmse 0.982  하루오프셋 0.824 (70%)  일내 0.535  오프셋설명 R2 +0.095
  F27 rmse 0.855  하루오프셋 0.469 (30%)  일내 0.715  오프셋설명 R2 +0.018
  F28 rmse 1.417  하루오프셋 0.907 (41%)  일내 1.089  오프셋설명 R2 +0.156
  F29 rmse 0.831  하루오프셋 0.581 (49%)  일내 0.595  오프셋설명 R2 -0.075
  F30 rmse 2.410  하루오프셋 1.007 (17%)  일내 2.190  오프셋설명 R2 -0.009
  F31 rmse 0.891  하루오프셋 0.612 (47%)  일내 0.647  오프셋설명 R2 -0.033
  F32 rmse 1.002  하루오프셋 0.627 (39%)  일내 0.781  오프셋설명 R2 -0.058
  F33 rmse 0.962  하루오프셋 0.618 (41%)  일내 0.738  오프셋설명 R2 -0.033
  F34 rmse 1.514  하루오프셋 1.278 (71%)  일내 0.812  오프셋설명 R2 +0.422
  F35 rmse 0.604  하루오프셋 0.437 (52%)  일내 0.417  오프셋설명 R2 -0.040
  F36 rmse 1.021  하루오프셋 0.508 (25%)  일내 0.886  오프셋설명 R2 -0.034
  F37 rmse 1.286  하루오프셋 0.797 (38%)  일내 1.009  오프셋설명 R2 -0.028
  F38 rmse 1.020  하루오프셋 0.657 (41%)  일내 0.781  오프셋설명 R2 +0.067
  F39 rmse 0.903  하루오프셋 0.659 (53%)  일내 0.618  오프셋설명 R2 +0.036
  F40 rmse 0.746  하루오프셋 0.576 (60%)  일내 0.475  오프셋설명 R2 -0.022
  F41 rmse 0.893  하루오프셋 0.611 (47%)  일내 0.651  오프셋설명 R2 +0.098
  F42 rmse 1.720  하루오프셋 1.260 (54%)  일내 1.171  오프셋설명 R2 +0.039
  F43 rmse 0.940  하루오프셋 0.539 (33%)  일내 0.770  오프셋설명 R2 -0.041
  F44 rmse 1.217  하루오프셋 0.483 (16%)  일내 1.118  오프셋설명 R2 -0.002
  F45 rmse 1.182  하루오프셋 0.703 (35%)  일내 0.951  오프셋설명 R2 +0.072
  F46 rmse 0.920  하루오프셋 0.477 (27%)  일내 0.786  오프셋설명 R2 -0.094
  F47 rmse 1.078  하루오프셋 0.779 (52%)  일내 0.746  오프셋설명 R2 -0.049
  F48 rmse 1.327  하루오프셋 0.963 (53%)  일내 0.913  오프셋설명 R2 +0.214
  F49 rmse 0.783  하루오프셋 0.556 (50%)  일내 0.552  오프셋설명 R2 +0.056
  F50 rmse 0.978  하루오프셋 0.606 (38%)  일내 0.768  오프셋설명 R2 +0.094
  F51 rmse 1.170  하루오프셋 0.471 (16%)  일내 1.071  오프셋설명 R2 +0.030

=== 하루 오프셋이 오차에서 차지하는 비중 ===
  F13/F47   : F13 53%, F47 52%
  다른 48곳 : 중앙 43%  (25~75%: 32~53%)

=== 그날 입력으로 하루 오프셋을 설명할 수 있나 (leave-one-day-out R2) ===
  F13/F47   : F13 -0.054, F47 -0.049
  다른 48곳 : 중앙 +0.002,  양수인 곳 24/48,  상위 +0.532

  * R2가 0 이하 = 그날 입력으로는 그날의 어긋남을 못 맞힘
