하루 |ΔCO₂| 중앙값 분포(집단별 분위 10/25/50/75/90/97):
  TR1: n 344 [ 3.   3.   5.   7.  14.  23.7]
  TR2: n 56 [ 3.   3.   5.   7.  22.  25.1]
  TE: n 60 [2.  3.  4.  5.  7.  8.2]
히스토그램: {'0-2': np.int64(2), '2-4': np.int64(129), '4-6': np.int64(165), '6-8': np.int64(88), '8-10': np.int64(20), '10-12': np.int64(4), '12-15': np.int64(8), '15-20': np.int64(13), '20-25': np.int64(18), '25-30': np.int64(9), '30-40': np.int64(3), '40-60': np.int64(0), '60-200': np.int64(1)}

거친 날(학습 1차 상위 10%, 문턱 14.0): 집단별 비율 {'TE': 0.017, 'TR1': 0.099, 'TR2': 0.161}
거친 날 중앙값의 중앙값 21.0 vs 나머지 4.0 (비 5.2)
  med_nodose 거친    21.35 (중앙 21.00) | 나머지     4.24 (중앙 4.00)
  night_med  거친    33.45 (중앙 24.00) | 나머지     3.64 (중앙 3.00)
  dose_h     거친     1.27 (중앙 0.00) | 나머지     1.45 (중앙 0.00)
  sealed     거친     0.16 (중앙 0.00) | 나머지     0.17 (중앙 0.00)
  co2m       거친   417.03 (중앙 398.88) | 나머지   405.41 (중앙 407.27)
  ec         거친     0.56 (중앙 0.47) | 나머지     0.52 (중앙 0.40)

공급 없는 시각만의 |ΔCO₂| 중앙값 기준 거친 날:
  문턱 13.0, 집단별 비율 {'TE': 0.017, 'TR1': 0.096, 'TR2': 0.179} | 둘 다 거친 날 비율(학습) 0.95

DIAG10 360일: 거친 날 39일 하루 MSE 평균 0.044 vs 0.031 (MW p 0.0332); 편향 +0.011 vs -0.011
  밀폐=False: 거친 33일 MSE 0.025 편향 +0.039 | 나머지 274일 MSE 0.015 편향 -0.010
  밀폐=True: 거친 6일 MSE 0.151 편향 -0.144 | 나머지 47일 MSE 0.122 편향 -0.017
ρ(하루 |ΔCO₂| 중앙값, EC) -0.058  ρ(·, MSE) 0.061  ρ(·, 편향) 0.082

가장 거친 10일: [['F47', 223, 'TE', 62.0, 23.0, 3.0, True, nan], ['F47', 112, 'TR1', 33.0, 33.0, 0.0, False, 0.78], ['F47', 160, 'TR1', 32.0, 35.0, 5.0, True, 0.69], ['F47', 104, 'TR1', 32.0, 32.0, 0.0, False, 0.21], ['F47', 110, 'TR1', 28.0, 28.0, 0.0, False, 0.74], ['F47', 159, 'TR1', 27.0, 27.0, 0.0, False, 0.72], ['F47', 118, 'TR1', 27.0, 27.0, 0.0, False, 0.29], ['F47', 71, 'TR1', 27.0, 27.0, 0.0, False, 0.4], ['F47', 231, 'TR2', 27.0, 18.0, 3.0, True, 2.18], ['F47', 230, 'TR2', 27.0, 27.0, 0.0, False, 0.46]]
평가 거친 날: [['F47', 223, 62.0, 3.0, True]]
