Q1 C3 정답 16: |SG2 달력 − 실제| 중앙 0.9, ≤3 비율 0.62, 실제 달력 없음 0
farm  day  sg2cal  truecal          t  tcost    err
 F13  216    72.1    76.00 (F13, 126)   1.09  -3.90
 F13  217    72.2    76.00 (F13, 127)   1.49  -3.80
 F13  218    72.3    73.15 (F13, 216)   0.47  -0.85
 F13  231    72.4    69.15 (F47, 121)   1.86   3.25
 F13  232    72.5    90.00 (F13, 149)   5.33 -17.50
 F13  233    72.6    73.45 (F13, 231)   0.65  -0.85
 F13  244    89.1    90.00 (F47, 152)   0.25  -0.90
 F47  211    75.1    76.00 (F47, 131)   1.11  -0.90
 F47  212    75.2    76.00 (F47, 210)   1.11  -0.80
 F47  213    75.3    76.15 (F47, 211)   0.51  -0.85
 F47  214    75.4    76.15 (F47, 212)   0.53  -0.75
 F47  215    75.5    76.35 (F47, 213)   0.75  -0.85
 F47  216    75.6    76.35 (F47, 214)   0.78  -0.75
 F47  229    75.7    80.00 (F47, 138)   8.44  -4.30
 F47  230    75.8    62.00 (F13, 105)   0.82  13.80
 F47  231    75.9    76.70 (F47, 229)  16.68  -0.80

DIAG10: C3 오라클 달력 적용 행 312
  SG2   23 | 2차 전체 0.2563 → 0.2595 | C3 오라클 날 0.3929 → 0.4001
  SG2  808 | 2차 전체 0.2613 → 0.2637 | C3 오라클 날 0.4063 → 0.4116
  SG2 9090 | 2차 전체 0.2563 → 0.2591 | C3 오라클 날 0.3971 → 0.4035

DIAG10y: C3 오라클 달력 적용 행 312
  SG2   23 | 2차 전체 0.2775 → 0.2853 | C3 오라클 날 0.4047 → 0.4235
  SG2  808 | 2차 전체 0.2768 → 0.2833 | C3 오라클 날 0.4083 → 0.4238
  SG2 9090 | 2차 전체 0.2753 → 0.2864 | C3 오라클 날 0.4025 → 0.4289

EL1: C3 오라클 달력 적용 행 312
  SG2   23 | 2차 전체 0.3076 → 0.3116 | C3 오라클 날 0.4863 → 0.4951
  SG2  808 | 2차 전체 0.3034 → 0.3088 | C3 오라클 날 0.4752 → 0.4873
  SG2 9090 | 2차 전체 0.3042 → 0.3098 | C3 오라클 날 0.4805 → 0.4930
