C3 정답 기록 16
farm  day     y  n_same  n_same_lab  n_prev  n_prev_lab  n_prev_test best_loc  best_jump  o_prev  o_same  sg_DIAG10
 F13  216 0.374       3           3       4           4            0       1차      0.001   0.333   0.504        NaN
 F13  217 1.693       3           3       4           4            0       1차      0.001   1.407   0.681      1.101
 F13  218 0.389       2           2       4           4            0       1차      0.000   0.370   0.538      0.370
 F13  231 0.621       3           1       3           0            3       1차      0.000     NaN   0.735      0.970
 F13  232 0.739       3           1       3           0            3       1차      0.003     NaN   0.632      0.703
 F13  233 0.634       2           0       4           2            2       1차      0.003   0.632     NaN      0.998
 F13  244 0.440       1           0       3           3            0     전날묶음      0.000   0.435     NaN      0.388
 F47  211 0.688       3           3       4           4            0   2차 다른곳      0.001   0.698   0.504        NaN
 F47  212 0.521       3           3       4           4            0       1차      0.000   0.530   0.681      0.400
 F47  213 0.703       2           2       4           4            0       1차      0.001   0.681   0.538        NaN
 F47  214 0.531       2           2       4           4            0       1차      0.000   0.504   0.398      0.459
 F47  215 0.705       3           1       3           3            0       1차      0.000   0.715   0.572      0.669
 F47  216 0.556       3           1       3           3            0   2차 다른곳      0.001   0.538   0.709      0.879
 F47  229 1.788       2           0       3           1            2       1차      0.010   0.643     NaN      1.181
 F47  230 0.461       3           1       3           1            2       1차      0.001   1.979   2.750      0.448
 F47  231 2.177       3           1       3           1            2       1차      0.041   1.979   0.456      1.296

진짜 앞날 위치: {'1차': 13, '2차 다른곳': 2, '전날묶음': 1} | 전날 묶음에 정답 기록 있는 날 14/16
  DIAG10  전체 n=13 | SG2 0.380 | 전날묶음 오라클 0.583 (있는 날 11) | 가짜 2묶음전 0.642 · 3묶음전 0.572 | 같은날 오라클 0.967
  DIAG10  일반 n=10 | SG2 0.196 | 전날묶음 오라클 0.537 (있는 날 8) | 가짜 2묶음전 0.076 · 3묶음전 0.108 | 같은날 오라클 0.819
  DIAG10y 전체 n=13 | SG2 0.385 | 전날묶음 오라클 0.583 (있는 날 11) | 가짜 2묶음전 0.642 · 3묶음전 0.572 | 같은날 오라클 0.967
  DIAG10y 일반 n=10 | SG2 0.206 | 전날묶음 오라클 0.537 (있는 날 8) | 가짜 2묶음전 0.076 · 3묶음전 0.108 | 같은날 오라클 0.819
  EL1     전체 n=13 | SG2 0.465 | 전날묶음 오라클 0.583 (있는 날 11) | 가짜 2묶음전 0.642 · 3묶음전 0.572 | 같은날 오라클 0.967
  EL1     일반 n=10 | SG2 0.233 | 전날묶음 오라클 0.537 (있는 날 8) | 가짜 2묶음전 0.076 · 3묶음전 0.108 | 같은날 오라클 0.819
