farm  day cls     y t_farm  t_day  t_cost  t_ecj  t_dc  date_rank  n_groups  second_cost
 F13  216  C3 0.374    F13    126   1.090 -0.003 1.068          1       121        8.878
 F13  217  C3 1.693    F13    127   1.490  0.013 1.068          1       121       13.865
 F13  218  C3 0.389    F13    216   0.466 -0.003 0.444          3       121        3.716
 F13  231  C3 0.621    F47    121   1.861 -0.016 1.221          1       121        2.063
 F13  232  C3 0.739    F13    149   5.333 -0.040 1.333          2       121        6.070
 F13  233  C3 0.634    F13    231   0.652 -0.005 0.589          1       121        5.458
 F13  244  C3 0.440    F47    152   0.254  0.000 0.254          2       121        3.754
 F47  211  C3 0.688    F47    131   1.108 -0.004 1.068          1       121       11.101
 F47  212  C3 0.521    F47    210   1.108 -0.004 1.068          1       121        3.870
 F47  213  C3 0.703    F47    211   0.506 -0.005 0.444          3       121        1.616
 F47  214  C3 0.531    F47    212   0.534 -0.006 0.444          3       121        1.169
 F47  215  C3 0.705    F47    213   0.751 -0.006 0.661          1       121        1.426
 F47  216  C3 0.556    F47    214   0.784 -0.007 0.661          1       121        3.008
 F47  229  C3 1.788    F47    138   8.440  0.032 5.880          6       121       13.803
 F47  230  C3 0.461    F13    105   0.821  0.017 0.099          1       121        1.283
 F47  231  C3 2.177    F47    229  16.684  0.078 1.474          7       121       27.976
C1 n=32 | 진짜 앞날: 1차 28·2차 4, 다른 ID 10 | 결합비용 중앙 0.90 (2등 2.67) | 외기만으로 날짜묶음 순위: 1위 17, ≤3위 26, 중앙 1 (묶음 121개)
C2 n=8 | 진짜 앞날: 1차 6·2차 2, 다른 ID 4 | 결합비용 중앙 0.43 (2등 1.70) | 외기만으로 날짜묶음 순위: 1위 5, ≤3위 7, 중앙 1 (묶음 121개)
C3 n=16 | 진짜 앞날: 1차 8·2차 8, 다른 ID 3 | 결합비용 중앙 0.96 (2등 3.81) | 외기만으로 날짜묶음 순위: 1위 9, ≤3위 14, 중앙 1 (묶음 121개)
