
=== 진짜 고EC 31일: 31일 (진짜 고EC 31) ===
B0 보정 없음 0.4624 | B1 상수 이동 0.3479 (-24.8%)  ← 공통 과소만
정보원   있음  ρ(x,y)  ρ(x−p,r)  LOO RMSE  B1대비   순열p(크기정보)
A1      30/31  +0.70    +0.60     0.3272     -6.7%   0.020
A12     30/31  +0.67    +0.42     0.3334     -4.9%   0.044
PR      31/31  -0.10    +0.18     0.3499     +0.6%   0.375
PRD     31/31  +0.20    -0.00     0.3597     +3.4%   0.878
CHi     31/31  +0.49    +0.21     0.3439     -1.2%   0.116
CHo     25/31  +0.88    +0.75     0.1850    -51.1%   0.002
IN     입력22중 LOO선택 0.3805    +9.4%  순열p 0.766 | 전체표본 상위: wspd +0.29, in_co2 -0.26, in_co2_noon -0.25, circfan +0.23

=== 예측 ≥ .9 40일: 40일 (진짜 고EC 30) ===
B0 보정 없음 0.4421 | B1 상수 이동 0.4273 (-3.3%)  ← 공통 과소만
정보원   있음  ρ(x,y)  ρ(x−p,r)  LOO RMSE  B1대비   순열p(크기정보)
A1      39/40  +0.64    +0.46     0.4008     -7.4%   0.004
A12     39/40  +0.60    +0.42     0.4107     -5.1%   0.016
PR      40/40  -0.10    -0.11     0.4338     +1.5%   0.583
PRD     40/40  +0.29    +0.06     0.4325     +1.2%   0.411
CHi     40/40  +0.51    +0.28     0.3947     -7.6%   0.004
CHo     33/40  +0.95    +0.90     0.1618    -63.8%   0.002
IN     입력22중 LOO선택 0.4866   +13.9%  순열p 0.900 | 전체표본 상위: circfan +0.32, shade -0.29, co2sup -0.29, in_temp +0.27

사슬 앞 기록 일치(입력판 = 오라클판): 고EC 25일 중 14일
farm  day  late   role    y    p     r   A1  A12   PR  PRD  CHo  CHi  CHo_from  CHi_from
 F47  132 False single 2.71 1.18  1.53 1.79 1.98 0.70 0.48 2.75 2.75     231.0     231.0
 F47  231  True second 2.18 1.40  0.78 2.71 2.18 0.46 0.52 1.98 0.73     229.0     108.0
 F47  145 False single 2.14 1.56  0.58 1.68 1.70 0.41 1.68 2.33 2.33     143.0     143.0
 F47  141 False second 1.87 1.73  0.13 1.68 1.70 0.40 1.65 1.90 1.90     139.0     139.0
 F13  178 False single 1.84 1.04  0.80 1.27 0.85 1.01 0.43 1.39 0.83     139.0     150.0
 F47  229  True single 1.79 1.26  0.53 2.71 1.62 0.56 0.69  NaN 0.44       NaN     152.0
 F47  147 False second 1.75 1.42  0.34 2.14 2.00 0.70 1.87  NaN 1.67       NaN     154.0
 F13  243  True single 1.72 1.05  0.67 1.68 1.59 0.43 0.43  NaN 1.85       NaN     143.0
 F47  138 False second 1.71 1.53  0.18 2.71 2.25 0.51 1.65 1.73 1.73     136.0     136.0
 F13  217  True second 1.69 1.02  0.67 1.32 1.28 0.37 0.28 1.65 1.65     127.0     127.0
 F47  139 False single 1.68 1.60  0.08 2.71 2.25 1.71 1.65 1.68 1.68     138.0     138.0
 F13  151 False second 1.68 1.37  0.30 1.72 1.58 0.82 0.74 1.79 0.44     243.0     244.0
 F47  136 False second 1.65 1.85 -0.20 1.79 2.25 0.49 0.49 1.66 1.66     134.0     134.0
 F13  153 False single 1.64 1.46  0.18 1.68 1.25 0.43 0.41  NaN 0.95       NaN     177.0
 F47  154 False second 1.62 1.37  0.26 0.70 0.56 0.84 0.44 1.63 1.63     147.0     147.0
 F13  143 False single 1.53 1.23  0.30 1.30 1.19 0.43 1.01 1.37 1.54     241.0     153.0
 F13  146 False second 1.50 1.37  0.12 1.30 1.01 0.69 0.43 1.71 1.71     151.0     151.0
 F13  125 False second 1.50 1.35  0.14 1.32 1.51 0.37 1.25 1.52 1.41     123.0     121.0
 F47  177 False second 1.49 1.01  0.48 1.05 0.96 0.98 0.78 0.98 0.98     176.0     176.0
 F13  241  True single 1.43 1.03  0.40 1.68 1.59 0.63 0.37  NaN 0.44       NaN      48.0
 F13  121 False single 1.32 0.86  0.46 1.69 1.31 1.25 0.94 1.42 1.42     120.0     120.0
 F47  151 False single 1.31 1.34 -0.03 0.70 0.56 0.43 0.70 1.47 0.93     177.0     173.0
 F13  139 False  first 1.30 0.97  0.34 1.08 1.04 0.72 0.98 1.07 0.72     137.0     138.0
 F13  175 False second 1.27 0.97  0.30 0.98 0.90 0.95 0.43 0.96 0.74     174.0     148.0
 F13  120 False second 1.25 1.08  0.17 0.94 0.62 0.31 0.56 1.29 1.29     118.0     118.0
 F47  157 False second 1.21 0.92  0.29 1.62 1.23 0.83 0.44  NaN 0.67       NaN     160.0
 F13  118 False second 1.10 1.04  0.07 0.94 0.67 0.30 0.35 0.95 0.57     116.0      78.0
 F13  137 False  first 1.08 1.27 -0.19 1.30 1.42 0.74 0.87 0.97 0.97     135.0     135.0
 F47  174 False second 1.05 0.91  0.14 0.78 0.78 0.93 0.65 0.87 0.69     171.0     166.0
 F13  135 False  first 1.01 1.08 -0.06 0.87 0.83 0.75 0.77 0.98 0.98     133.0     133.0
 F13  177 False single 1.01 0.94  0.06  NaN  NaN 0.43 0.42 1.04 0.74     175.0     134.0
