기준 RMSE 0.1852, 고EC 31일

[1] 예측 문턱별 구성
p>=0.7:  82일 = 진짜고EC 31 + 일반 51 (일반 실제평균 0.75) | 놓친 고EC(p<t) 0
p>=0.8:  53일 = 진짜고EC 31 + 일반 22 (일반 실제평균 0.78) | 놓친 고EC(p<t) 0
p>=0.9:  40일 = 진짜고EC 30 + 일반 10 (일반 실제평균 0.74) | 놓친 고EC(p<t) 1
p>=1.0:  33일 = 진짜고EC 25 + 일반  8 (일반 실제평균 0.76) | 놓친 고EC(p<t) 6
p>=1.1:  21일 = 진짜고EC 17 + 일반  4 (일반 실제평균 0.81) | 놓친 고EC(p<t) 14
p>=1.2:  18일 = 진짜고EC 16 + 일반  2 (일반 실제평균 0.92) | 놓친 고EC(p<t) 15

[2] 예측≥.9 날의 하루 수준을 k배 (전체 RMSE 변화 %)
   k   | 전부 키움 | 진짜고EC만 | 그중 일반날 손해(SSE몫%)
  1.1  |   -3.5%  |   -7.3%   | +7.1%
  1.2  |   -2.1%  |  -10.7%   | +16.1%
  1.3  |   +4.2%  |   -9.8%   | +27.1%
  1.4  |  +14.4%  |   -4.6%   | +39.9%
  1.6  |  +43.1%  |  +15.5%   | +71.3%

[3] 예측≥.9 날 안에서 예측이 실제 크기를 구별하나
  Spearman(p, y) = 0.55, n=40
       날  예측평균  실제평균  실제최소  실제최대  진짜고EC
bin                                    
예측 하  14  0.98  1.17  0.62  1.84     10
예측 중  13  1.16  1.19  0.49  2.71      7
예측 상  13  1.49  1.71  1.31  2.18     13

  진짜 고EC 날만: Spearman(p, y) = 0.59, n=31, 실제 1.01~2.71 / 예측 0.86~1.85
