=== DIAG10 / pred : RMSE 0.1852, 날 360, 행 8640
[1] 하루 수준 몫 83.6% / 하루 안 모양 몫 16.4%
[2] 날 유형 (서로 배타)
                        days      날%      몫%   그중수준%      y      p   bias
type                                                                     
H1 고EC 날(일평균≥1) 과소        27   7.500  65.860  80.554  1.591  1.210 -0.382
N1 일반 날 오탐(예측≥.9)         10   2.778  11.700  96.751  0.735  1.081  0.346
N2 일반 날 과대(+.1 초과)        30   8.333   9.621  96.977  0.389  0.572  0.183
N4 일반 날 수준 맞음(|편향|≤.1)   266  73.889   6.124  73.396  0.395  0.395 -0.000
N3 일반 날 과소(−.1 미만)        23   6.389   5.234  90.750  0.673  0.525 -0.149
H2 고EC 날 과대                4   1.111   1.462  44.419  1.264  1.383  0.120
[3] 겹치는 요인
            요인   날     행%  SSE몫%  RMSE  배율(몫/행)
2차 구간(day≥179)  46 12.778 24.248 0.255    1.898
         1차 구간 314 87.222 75.752 0.173    0.868
        온실 F13 180 50.000 40.461 0.167    0.809
        온실 F47 180 50.000 59.539 0.202    1.191
  기록 역할 single 150 41.667 58.590 0.220    1.406
   2차 & single  35  9.722 11.715 0.203    1.205
   기록 역할 first 102 28.333  9.222 0.106    0.325
    2차 & first   4  1.111  0.921 0.169    0.829
  기록 역할 second 108 30.000 32.188 0.192    1.073
   2차 & second   7  1.944 11.612 0.452    5.972
      고EC 동(B) 186 51.667 76.962 0.226    1.490
          밀폐 날  53 14.722 59.225 0.371    4.023
추운 날(실내 하위20%)  72 20.000 38.787 0.258    1.939
고EC 날 31류(y≥1)  31  8.611 67.321 0.518    7.818
      2차 & 고EC   5  1.389 17.163 0.651   12.358
       2차 & 일반  41 11.389  7.085 0.146    0.622
[3b] 시각별 SSE 몫%% (상위6): 18h 6.3%(편향-0.039), 17h 5.9%(편향-0.042), 19h 5.8%(편향-0.033), 20h 5.3%(편향-0.025), 16h 5.1%(편향-0.038), 21h 4.6%(편향-0.018)
     시각별 SSE 몫%% (하위3): 11h 2.8%, 12h 3.2%, 13h 3.4%
[4] 집중도: 상위 5날 41.3%, 10날 55.4%, 20날 70.2%, 36날(10%) 81.3%
farm  day   role dong  late  sealed     y     p   bias      몫  in_temp               type
 F47  132 single    B False    True 2.712 1.180 -1.533 20.598   12.067 H1 고EC 날(일평균≥1) 과소
 F13  178 single    B False   False 1.842 1.040 -0.802  7.355   18.979 H1 고EC 날(일평균≥1) 과소
 F47  231 second    B  True    True 2.177 1.397 -0.780  5.884   14.179 H1 고EC 날(일평균≥1) 과소
 F13  243 single    A  True   False 1.719 1.045 -0.674  3.798   18.233 H1 고EC 날(일평균≥1) 과소
 F13  217 second    B  True    True 1.693 1.024 -0.669  3.689   12.096 H1 고EC 날(일평균≥1) 과소
 F47  145 single    B False    True 2.142 1.564 -0.578  3.594   13.829 H1 고EC 날(일평균≥1) 과소
 F47  177 second    B False   False 1.487 1.006 -0.481  3.091   16.575 H1 고EC 날(일평균≥1) 과소
 F47  130 second    B False    True 0.491 1.079  0.588  2.871   13.829  N1 일반 날 오탐(예측≥.9)
 F47  229 single    A  True    True 1.788 1.255 -0.533  2.390   12.796 H1 고EC 날(일평균≥1) 과소
 F47  161 single    B False   False 0.646 1.153  0.507  2.094   13.133  N1 일반 날 오탐(예측≥.9)
 F13  121 single    B False    True 1.318 0.862 -0.456  1.892   12.938 H1 고EC 날(일평균≥1) 과소
 F13  175 second    B False   False 1.270 0.968 -0.302  1.860   16.638 H1 고EC 날(일평균≥1) 과소
 F13  139  first    A False    True 1.303 0.968 -0.336  1.660   14.133 H1 고EC 날(일평균≥1) 과소
 F47  157 second    B False    True 1.211 0.918 -0.293  1.613   13.983 H1 고EC 날(일평균≥1) 과소
 F13  233 single    B  True    True 0.634 1.064  0.430  1.522   11.579  N1 일반 날 오탐(예측≥.9)
 F13  132 single    A False    True 0.870 1.284  0.414  1.486   15.229  N1 일반 날 오탐(예측≥.9)
 F13  241 single    A  True   False 1.432 1.030 -0.401  1.403   15.896 H1 고EC 날(일평균≥1) 과소
 F47  178 single    B False   False 0.306 0.694  0.389  1.228   18.442 N2 일반 날 과대(+.1 초과)
 F13  156 second    B False   False 0.751 1.123  0.371  1.142   12.617  N1 일반 날 오탐(예측≥.9)
 F47  119 single    B False   False 0.922 0.598 -0.323  1.004   12.412 N3 일반 날 과소(−.1 미만)
 F47  216 second    B  True    True 0.556 0.895  0.339  0.944   11.758 N2 일반 날 과대(+.1 초과)
 F47  147 second    B False    True 1.750 1.415 -0.335  0.943   16.233 H1 고EC 날(일평균≥1) 과소
 F13  143 single    A False   False 1.530 1.233 -0.297  0.878   15.171 H1 고EC 날(일평균≥1) 과소
 F13  231  first    A  True    True 0.621 0.947  0.327  0.867   12.525  N1 일반 날 오탐(예측≥.9)
 F13  151 second    B False   False 1.677 1.373 -0.304  0.808   17.512 H1 고EC 날(일평균≥1) 과소

=== 시드별 날 유형 몫(DIAG10) ===
seed 7  날 유형 (서로 배타)
                        days      날%      몫%   그중수준%      y      p   bias
type                                                                     
H1 고EC 날(일평균≥1) 과소        27   7.500  65.361  80.340  1.591  1.214 -0.378
N1 일반 날 오탐(예측≥.9)         11   3.056  12.984  96.734  0.719  1.068  0.349
N2 일반 날 과대(+.1 초과)        30   8.333   8.792  96.704  0.381  0.556  0.175
N4 일반 날 수준 맞음(|편향|≤.1)   265  73.611   6.121  73.546  0.395  0.395 -0.001
N3 일반 날 과소(−.1 미만)        23   6.389   5.263  90.623  0.673  0.525 -0.148
H2 고EC 날 과대                4   1.111   1.479  40.907  1.264  1.379  0.116

seed 101  날 유형 (서로 배타)
                        days      날%      몫%   그중수준%      y      p   bias
type                                                                     
H1 고EC 날(일평균≥1) 과소        27   7.500  66.057  80.471  1.591  1.210 -0.381
N1 일반 날 오탐(예측≥.9)         10   2.778  11.429  96.727  0.735  1.076  0.341
N2 일반 날 과대(+.1 초과)        30   8.333   9.814  96.786  0.378  0.562  0.184
N4 일반 날 수준 맞음(|편향|≤.1)   265  73.611   5.999  72.290  0.396  0.395 -0.000
N3 일반 날 과소(−.1 미만)        24   6.667   5.294  90.846  0.669  0.522 -0.146
H2 고EC 날 과대                4   1.111   1.407  44.526  1.264  1.382  0.118

seed 2024  날 유형 (서로 배타)
                        days      날%      몫%   그중수준%      y      p   bias
type                                                                     
H1 고EC 날(일평균≥1) 과소        27   7.500  65.968  80.820  1.591  1.206 -0.386
N1 일반 날 오탐(예측≥.9)         11   3.056  12.640  96.805  0.719  1.066  0.347
N2 일반 날 과대(+.1 초과)        29   8.056   8.435  96.787  0.384  0.561  0.176
N4 일반 날 수준 맞음(|편향|≤.1)   266  73.889   6.210  72.957  0.395  0.395 -0.000
N3 일반 날 과소(−.1 미만)        23   6.389   5.233  90.644  0.673  0.524 -0.149
H2 고EC 날 과대                4   1.111   1.514  47.856  1.264  1.389  0.125

=== A / pred : RMSE 0.2192, 날 264, 행 6336
[1] 하루 수준 몫 80.8% / 하루 안 모양 몫 19.2%
[2] 날 유형 (서로 배타)
                        days      날%      몫%   그중수준%      y      p   bias
type                                                                     
H1 고EC 날(일평균≥1) 과소        34  12.879  63.228  76.042  1.521  1.224 -0.297
N2 일반 날 과대(+.1 초과)        54  20.455  15.890  96.098  0.449  0.625  0.176
N1 일반 날 오탐(예측≥.9)         13   4.924   7.375  91.563  0.784  0.986  0.203
H2 고EC 날 과대                9   3.409   6.005  81.814  1.349  1.553  0.204
N3 일반 날 과소(−.1 미만)        18   6.818   3.919  82.293  0.689  0.548 -0.140
N4 일반 날 수준 맞음(|편향|≤.1)   136  51.515   3.582  71.429  0.502  0.504  0.002
[3] 겹치는 요인
            요인   날     행%  SSE몫%  RMSE  배율(몫/행)
2차 구간(day≥179)   4  1.515  0.121 0.062    0.080
         1차 구간 260 98.485 99.879 0.221    1.014
        온실 F13 127 48.106 38.644 0.197    0.803
        온실 F47 137 51.894 61.356 0.238    1.182
  기록 역할 single 112 42.424 61.551 0.264    1.451
   2차 & single   4  1.515  0.121 0.062    0.080
   기록 역할 first  78 29.545 11.552 0.137    0.391
    2차 & first   0  0.000  0.000   NaN      NaN
  기록 역할 second  74 28.030 26.897 0.215    0.960
   2차 & second   0  0.000  0.000   NaN      NaN
      고EC 동(B) 137 51.894 78.203 0.269    1.507
          밀폐 날  68 25.758 53.654 0.316    2.083
추운 날(실내 하위20%)  54 20.455 27.130 0.252    1.326
고EC 날 31류(y≥1)  43 16.288 69.233 0.452    4.251
      2차 & 고EC   0  0.000  0.000   NaN      NaN
       2차 & 일반   4  1.515  0.121 0.062    0.080

=== B / pred : RMSE 0.2044, 날 263, 행 6312
[1] 하루 수준 몫 85.2% / 하루 안 모양 몫 14.8%
[2] 날 유형 (서로 배타)
                        days      날%      몫%   그중수준%      y      p   bias
type                                                                     
H1 고EC 날(일평균≥1) 과소        24   9.125  56.601  81.345  1.560  1.201 -0.358
N2 일반 날 과대(+.1 초과)        49  18.631  18.280  96.424  0.419  0.605  0.185
N1 일반 날 오탐(예측≥.9)         11   4.183  12.028  97.563  0.779  1.056  0.277
N3 일반 날 과소(−.1 미만)        24   9.125   6.516  84.168  0.771  0.619 -0.152
N4 일반 날 수준 맞음(|편향|≤.1)   150  57.034   4.731  68.809  0.494  0.494 -0.000
H2 고EC 날 과대                5   1.901   1.844  56.836  1.213  1.346  0.133
[3] 겹치는 요인
            요인   날      행%   SSE몫%  RMSE  배율(몫/행)
2차 구간(day≥179)   0   0.000   0.000   NaN      NaN
         1차 구간 263 100.000 100.000 0.204    1.000
        온실 F13 131  49.810  35.273 0.172    0.708
        온실 F47 132  50.190  64.727 0.232    1.290
  기록 역할 single  97  36.882  60.460 0.262    1.639
   2차 & single   0   0.000   0.000   NaN      NaN
   기록 역할 first  83  31.559  14.439 0.138    0.458
    2차 & first   0   0.000   0.000   NaN      NaN
  기록 역할 second  83  31.559  25.102 0.182    0.795
   2차 & second   0   0.000   0.000   NaN      NaN
      고EC 동(B) 136  51.711  75.310 0.247    1.456
          밀폐 날  62  23.574  62.454 0.333    2.649
추운 날(실내 하위20%)  53  20.152  29.044 0.245    1.441
고EC 날 31류(y≥1)  29  11.027  58.445 0.470    5.300
      2차 & 고EC   0   0.000   0.000   NaN      NaN
       2차 & 일반   0   0.000   0.000   NaN      NaN

=== DIAG10 / pred_r3s : RMSE 0.1881, 날 360, 행 8640
[1] 하루 수준 몫 84.0% / 하루 안 모양 몫 16.0%
[2] 날 유형 (서로 배타)
                        days      날%      몫%   그중수준%      y      p   bias
type                                                                     
H1 고EC 날(일평균≥1) 과소        27   7.500  65.823  80.978  1.591  1.202 -0.389
N1 일반 날 오탐(예측≥.9)         12   3.333  11.603  95.869  0.749  1.054  0.305
N2 일반 날 과대(+.1 초과)        34   9.444  10.934  96.024  0.400  0.581  0.181
N4 일반 날 수준 맞음(|편향|≤.1)   262  72.778   5.479  75.000  0.390  0.389 -0.000
N3 일반 날 과소(−.1 미만)        21   5.833   4.815  91.281  0.711  0.560 -0.152
H2 고EC 날 과대                4   1.111   1.345  40.425  1.264  1.379  0.115

