사전 관문: 평가 60 중 '정답 기록 3개 묶음'에 붙는 기록 20 (기준 ≥ 10)
  DIAG10 완료
  DIAG10y 완료
  EL1 완료

=== DIAG10: 결정 6/46일, 비순환 적중(앞날) 1.00 (n=4) ===
  SG2   23: 0.2563 → 0.2561 (-0.1%) | 대조 0.2643
  SG2  808: 0.2613 → 0.2610 (-0.1%) | 대조 0.2691
  SG2 9090: 0.2563 → 0.2560 (-0.1%) | 대조 0.2643
  시드평균 일반   0.1330 → 0.1324 (-0.4%)
  시드평균 고EC  0.6821 → 0.6821 (+0.0%)
  시드평균 F13  0.2448 → 0.2445 (-0.1%)
  시드평균 F47  0.2707 → 0.2705 (-0.1%)
  민감도: 이득 상위 3일 ['F47_209', 'F13_215', 'F13_195'] 제외 시 0.2654 → 0.2658
  DIAG10 P(worse) 0.3260
  → 미충족

=== DIAG10y: 결정 7/46일, 비순환 적중(앞날) 1.00 (n=5) ===
  SG2   23: 0.2775 → 0.2630 (-5.2%) | 대조 0.2656
  SG2  808: 0.2768 → 0.2630 (-5.0%) | 대조 0.2654
  SG2 9090: 0.2753 → 0.2596 (-5.7%) | 대조 0.2621
  시드평균 일반   0.2063 → 0.1837 (-11.0%)
  시드평균 고EC  0.5933 → 0.5933 (+0.0%)
  시드평균 F13  0.1866 → 0.1868 (+0.1%)
  시드평균 F47  0.3484 → 0.3238 (-7.0%)
  민감도: 이득 상위 3일 ['F47_193', 'F47_192', 'F47_209'] 제외 시 0.2637 → 0.2638
  → 미충족

=== EL1: 결정 13/46일, 비순환 적중(앞날) 1.00 (n=9) ===
  SG2   23: 0.3076 → 0.3075 (-0.0%) | 대조 0.3226
  SG2  808: 0.3034 → 0.3033 (-0.0%) | 대조 0.3188
  SG2 9090: 0.3042 → 0.3041 (-0.1%) | 대조 0.3196
  시드평균 일반   0.1488 → 0.1485 (-0.2%)
  시드평균 고EC  0.8206 → 0.8206 (+0.0%)
  시드평균 F13  0.3291 → 0.3287 (-0.1%)
  시드평균 F47  0.2760 → 0.2762 (+0.1%)
  민감도: 이득 상위 3일 ['F47_209', 'F13_215', 'F13_181'] 제외 시 0.3147 → 0.3148
  → 미충족

[GX1 고정 기준] 불합격
