q95 6.400 (진짜 연결 396) | S2 문턱 0.000 (차 분포 n=388, 중앙 0.66)
M1 실행
M2 실행 완료
M3 실행 완료

=== M1 상태: {'S1 pick': 17, '결정': 16, 'P 수 ≠ G+1': 7, 'S2': 3, '붙임 실패': 3}
  M1: 결정 16 | 9칸 개선 9/9 | DIAG10 결정기록 RMSE 0.1786 → 0.1039 | P(worse) 0.0205
  M1 두 건 빼기: 결정 14 | 9칸 개선 9/9 | DIAG10 결정기록 RMSE 0.0651 → 0.0546 | P(worse) 0.1520
=== M2 상태(모든 오프셋 합): {'S1 pick': 112, '결정': 98, 'P 수 ≠ G+1': 70, '붙임 실패': 60, 'S2': 22, 'S3': 6}
  M2: 결정 98 | 9칸 개선 9/9 | DIAG10 결정기록 RMSE 0.1354 → 0.0926 | P(worse) 0.0000
=== M3 상태: {'P 수 ≠ G+1': 16, '결정': 13, '붙임 실패': 8, 'S1 pick': 7, 'S1 NaN': 1, 'S2': 1}
  M3: 결정 13 | 9칸 개선 9/9 | DIAG10 결정기록 RMSE 0.1019 → 0.0690 | P(worse) 0.1315
  오염률 M1: 0/16 = 0.00
  오염률 M2: 0/98 = 0.00
  오염률 M3: 13/13 = 1.00
  오염률 평가: 1/8 = 0.12
  적중 M1: 16/16
  적중 M3: 13/13
  독립(46일 밖 354 기록): 결정 118, 적중 113 → Wilson 하한 0.905 | 무작위 대조 적중 0.31

실제 평가 60: {'S1 pick': 22, '붙임 실패': 15, '결정': 8, 'P 수 ≠ G+1': 8, 'S2': 5, 'S1 NaN': 2} | 결정 8, 큰 불일치(|v−제출14|>.15) 1
farm  day st     v  sub14
 F13  185 결정 0.289  0.304
 F13  187 결정 0.255  0.223
 F13  202 결정 0.465  0.512
 F13  220 결정 0.398  0.393
 F13  239 결정 0.749  0.730
 F47  233 결정 0.508  0.587
 F47  235 결정 1.450  1.298
 F47  236 결정 0.739  0.758

판정: {'C1': True, 'C3': False, 'C4': False, 'C2': True, 'C6': True, 'C5': np.True_} → [GX3 고정 기준] 불합격
