Q90 = 3.638 (연결 397)
결정 상태: {'결정': 25, 'P 정답 수 ≠ G+1': 14, '0시 검증 탈락': 4, '붙임 실패': 3} | 적중 0.88 (n=25)
  A1 DIAG10  SG2   23 | 결정 25일 | SG2 0.1583 → 0.1343
  A1 DIAG10  SG2  808 | 결정 25일 | SG2 0.1741 → 0.1519
  A1 DIAG10  SG2 9090 | 결정 25일 | SG2 0.1529 → 0.1337
  A1 DIAG10y SG2   23 | 결정 25일 | SG2 0.1957 → 0.1504
  A1 DIAG10y SG2  808 | 결정 25일 | SG2 0.1884 → 0.1480
  A1 DIAG10y SG2 9090 | 결정 25일 | SG2 0.1954 → 0.1538
  A1 EL1     SG2   23 | 결정 25일 | SG2 0.2383 → 0.1463
  A1 EL1     SG2  808 | 결정 25일 | SG2 0.2351 → 0.1550
  A1 EL1     SG2 9090 | 결정 25일 | SG2 0.2324 → 0.1353
  A1: 9칸 개선 9/9, DIAG10 P(worse) 0.2745, 결정 25 → 불합격
  A2 DIAG10  SG2   23 | 결정 25일 | SG2 0.1583 → 0.1143
  A2 DIAG10  SG2  808 | 결정 25일 | SG2 0.1741 → 0.1225
  A2 DIAG10  SG2 9090 | 결정 25일 | SG2 0.1529 → 0.1145
  A2 DIAG10y SG2   23 | 결정 25일 | SG2 0.1957 → 0.1291
  A2 DIAG10y SG2  808 | 결정 25일 | SG2 0.1884 → 0.1274
  A2 DIAG10y SG2 9090 | 결정 25일 | SG2 0.1954 → 0.1295
  A2 EL1     SG2   23 | 결정 25일 | SG2 0.2383 → 0.1332
  A2 EL1     SG2  808 | 결정 25일 | SG2 0.2351 → 0.1328
  A2 EL1     SG2 9090 | 결정 25일 | SG2 0.2324 → 0.1276
  A2: 9칸 개선 9/9, DIAG10 P(worse) 0.1210, 결정 25 → 불합격

큰 불일치(|v−SG2|>.15) 5건: 격자 하루오차 0.122 vs SG2 0.318, 격자가 더 가까운 건 3 | 대조(무작위) 0.515
farm  day     y   sgd     v    pv   hit
 F13  180 0.292 0.342 0.217 0.331  True
 F13  181 0.384 0.349 0.376 0.164  True
 F13  182 0.335 0.309 0.342 0.140  True
 F13  183 0.357 0.324 0.359 0.334  True
 F13  195 0.556 0.507 0.553 0.262  True
 F13  196 0.547 0.500 0.552 0.268  True
 F13  197 0.548 0.511 0.552 0.268  True
 F13  212 0.294 0.332 0.261 0.781 False
 F13  213 0.292 0.409 0.274 0.274  True
 F13  214 0.918 0.657 0.809 0.395  True
 F13  215 0.327 0.272 0.316 0.500  True
 F13  217 1.693 1.101 1.652 0.698  True
 F13  245 0.840 0.748 0.852 1.666  True
 F47  179 0.248 0.232 0.278 0.198  True
 F47  180 0.201 0.213 0.209 0.140  True
 F47  192 0.144 0.166 0.173 0.173  True
 F47  193 0.381 0.376 0.205 0.205 False
 F47  195 0.192 0.203 0.191 0.552  True
 F47  196 0.184 0.215 0.192 0.269  True
 F47  210 0.518 0.502 0.503 0.719  True
 F47  212 0.521 0.400 0.530 0.382  True
 F47  239 0.434 0.523 0.274 0.274 False
 F47  240 0.473 0.429 0.478 0.498  True
 F47  241 0.652 0.933 0.586 0.596  True
 F47  243 0.449 0.506 0.409 1.474  True

실제 평가 60: 상태 {'P 정답 수 ≠ G+1': 22, '결정': 20, '붙임 실패': 15, '0시 검증 탈락': 3} | 결정 20, |v − 제출14 하루평균| > .15 인 기록 6
farm  day st     v  sub14
 F13  185 결정 0.289  0.304
 F13  187 결정 0.255  0.223
 F13  200 결정 0.552  0.530
 F13  201 결정 1.454  0.554
 F13  202 결정 0.465  0.512
 F13  203 결정 0.560  0.503
 F13  204 결정 0.560  0.527
 F13  220 결정 0.398  0.393
 F13  221 결정 0.398  1.615
 F13  237 결정 0.586  1.256
 F13  238 결정 0.586  0.757
 F13  239 결정 0.749  0.730
 F47  184 결정 0.217  0.246
 F47  198 결정 0.276  0.304
 F47  201 결정 0.378  0.401
 F47  203 결정 0.689  0.670
 F47  226 결정 0.735  0.481
 F47  233 결정 0.508  0.587
 F47  235 결정 1.450  1.298
 F47  236 결정 0.739  0.758

[GX2 고정 기준] A1 불합격 / A2 불합격
