C:\work\farmai\.analysis-tools\python\numpy\lib\_function_base_impl.py:3036: RuntimeWarning: invalid value encountered in divide
  c /= stddev[:, None]
C:\work\farmai\.analysis-tools\python\numpy\lib\_function_base_impl.py:3037: RuntimeWarning: invalid value encountered in divide
  c /= stddev[None, :]
날 수: {'OTH': 12532, 'TR1': 344, 'TE': 60, 'TR2': 56}

=== 1. 하루 평균 |Δ| (날 단위 중앙값) / 0변화 비율 / 차분 자기상관 ===
변수                              TR1                    TR2                     TE                    OTH | TE÷TR2  p(TE vs TR2)  p(TE vs TR1)
out_temp        0.917 z0.04 ac+0.72    0.852 z0.04 ac+0.66    0.861 z0.04 ac+0.70    0.839 z0.11 ac+0.71 |   1.01   7.44e-01    3.44e-01  
out_hum         3.391 z0.13 ac+0.67    3.348 z0.13 ac+0.62    3.717 z0.09 ac+0.60                     결측 |   1.11   5.11e-01    4.14e-01  
out_rad        43.739 z0.43 ac+0.69   41.196 z0.41 ac+0.69   41.196 z0.41 ac+0.61   54.609 z0.48 ac+0.66 |   1.00   6.05e-01    7.44e-03* 
out_wspd        0.352 z0.09 ac-0.07    0.378 z0.09 ac-0.06    0.385 z0.09 ac+0.01    0.541 z0.17 ac-0.13 |   1.02   5.38e-01    3.56e-02* 
in_temp         1.226 z0.04 ac+0.57    1.213 z0.04 ac+0.57    1.289 z0.04 ac+0.65    1.295 z0.39 ac+0.48 |   1.06   4.93e-01    2.84e-01  
in_hum          2.826 z0.22 ac+0.48    2.783 z0.22 ac+0.48    2.935 z0.22 ac+0.48    3.652 z0.26 ac+0.55 |   1.05   6.52e-01    5.78e-01  
in_co2          7.870 z0.04 ac+0.47    7.478 z0.04 ac+0.46    6.630 z0.04 ac+0.46   26.565 z0.00 ac+0.51 |   0.89   3.95e-01    2.54e-01  
act_vent        3.891 z0.70 ac+0.11    3.630 z0.67 ac+0.08    1.870 z0.74 ac+0.08    1.391 z0.70 ac+0.00 |   0.51   1.92e-02*   1.86e-04**
act_shade       8.696 z0.78 ac+0.27    8.696 z0.76 ac+0.24    8.696 z0.83 ac+0.26                     결측 |   1.00   8.29e-01    4.34e-01  
act_thermal     8.696 z0.78 ac+0.23    8.696 z0.72 ac+0.26    8.696 z0.83 ac+0.28                     결측 |   1.00   7.19e-01    7.78e-01  
act_heating     8.696 z0.70 ac-0.11   10.370 z0.61 ac-0.07    8.696 z0.74 ac+0.02                     결측 |   0.84   1.93e-01    7.32e-01  
act_circfan     4.130 z0.61 ac-0.31    5.152 z0.61 ac-0.24    3.826 z0.70 ac-0.37   13.043 z0.87 ac-0.02 |   0.74   3.14e-01    5.03e-01  
act_co2         0.000 z1.00 ac-0.36    0.000 z1.00 ac-0.18    2.217 z0.89 ac-0.49    0.000 z1.00 ac-0.50 | 2217391304.35   3.60e-01    9.92e-04**
act_fog         0.261 z0.91 ac-0.03    0.000 z1.00 ac-0.02    0.000 z1.00 ac+0.08                     결측 |   0.00   8.76e-01    1.71e-01  

=== 2. 시각대별 평균 |Δ| (F13·F47) — 밤 1~6 / 낮 7~18 / 저녁 19~23 ===
out_temp     TR1: 0.424/1.222/0.632 | TR2: 0.446/1.178/0.681 | TE: 0.440/1.183/0.577
out_hum      TR1: 1.539/4.633/2.527 | TR2: 1.625/4.496/2.611 | TE: 1.531/4.699/2.773
out_rad      TR1: 0.455/80.232/0.219 | TR2: 0.214/76.850/0.146 | TE: 0.369/73.999/0.163
out_wspd     TR1: 0.364/0.382/0.357 | TR2: 0.387/0.423/0.345 | TE: 0.329/0.439/0.405
in_temp      TR1: 0.384/1.858/0.557 | TR2: 0.441/1.826/0.518 | TE: 0.365/1.954/0.484
in_hum       TR1: 1.133/4.236/1.693 | TR2: 1.199/4.260/1.600 | TE: 0.967/4.182/1.507
in_co2       TR1: 7.540/15.460/7.473 | TR2: 7.658/13.987/10.661 | TE: 6.344/22.067/4.620
act_vent     TR1: 1.672/7.096/1.957 | TR2: 2.173/6.619/2.332 | TE: 0.725/4.718/1.193
act_shade    TR1: 1.818/13.698/5.303 | TR2: 1.366/13.461/5.539 | TE: 1.150/13.393/5.233
act_thermal  TR1: 2.045/15.587/4.610 | TR2: 1.414/16.146/5.857 | TE: 1.436/16.711/3.223
act_heating  TR1: 7.312/10.418/5.220 | TR2: 7.804/11.391/7.314 | TE: 5.197/11.611/4.617
act_circfan  TR1: 4.112/7.782/5.575 | TR2: 6.244/8.626/6.571 | TE: 3.122/6.914/3.623
act_co2      TR1: 0.034/3.047/0.063 | TR2: 0.024/4.640/0.000 | TE: 0.000/5.081/0.000
act_fog      TR1: 0.012/1.627/0.002 | TR2: 0.015/1.251/0.000 | TE: 0.000/1.217/0.000

=== 3. 자정 |Δ| ÷ 다른 시각 |Δ| (같은 집단, F13·F47 vs 다른 온실) ===
out_temp     TR1  1.73  TR2  2.69  TE  3.05  OTH  0.76
out_hum      TR1  1.22  TR2  1.59  TE  2.24  OTH   -  
out_rad      TR1  0.02  TR2  0.01  TE  0.04  OTH  0.00
out_wspd     TR1  1.37  TR2  1.04  TE  1.68  OTH  0.74
in_temp      TR1  1.28  TR2  1.30  TE  1.35  OTH  0.31
in_hum       TR1  2.00  TR2  1.91  TE  1.96  OTH  0.24
in_co2       TR1  3.46  TR2  3.00  TE  2.20  OTH  0.77
act_vent     TR1  1.57  TR2  1.92  TE  0.99  OTH  0.54
act_shade    TR1  1.86  TR2  1.88  TE  1.26  OTH   -  
act_thermal  TR1  1.18  TR2  0.92  TE  0.47  OTH   -  
act_heating  TR1  2.64  TR2  2.68  TE  2.22  OTH   -  
act_circfan  TR1  4.95  TR2  4.21  TE  7.23  OTH  2.51
act_co2      TR1  0.00  TR2  0.00  TE  0.00  OTH  0.00
act_fog      TR1  0.00  TR2  0.00  TE  0.00  OTH   -  

=== 4. 구동기 0 아닌 변화의 값 해상도 ===
act_vent     TR1  n   3132 정수 1.00 상위 [(1.0, 0.14), (2.0, 0.11), (3.0, 0.09), (4.0, 0.07), (5.0, 0.06)]
act_vent     TR2  n    468 정수 1.00 상위 [(1.0, 0.14), (2.0, 0.11), (3.0, 0.1), (4.0, 0.06), (5.0, 0.05)]
act_vent     TE   n    418 정수 1.00 상위 [(1.0, 0.15), (2.0, 0.12), (3.0, 0.11), (5.0, 0.07), (4.0, 0.06)]
act_vent     OTH  n   1791 정수 1.00 상위 [(1.0, 0.26), (2.0, 0.18), (4.0, 0.08), (3.0, 0.07), (6.0, 0.05)]
act_shade    TR1  n   2568 정수 1.00 상위 [(1.0, 0.05), (4.0, 0.04), (5.0, 0.04), (2.0, 0.04), (3.0, 0.03)]
act_shade    TR2  n    450 정수 1.00 상위 [(4.0, 0.08), (1.0, 0.07), (3.0, 0.05), (2.0, 0.04), (9.0, 0.03)]
act_shade    TE   n    394 정수 1.00 상위 [(1.0, 0.05), (2.0, 0.04), (14.0, 0.04), (5.0, 0.04), (4.0, 0.04)]
act_thermal  TR1  n   2674 정수 1.00 상위 [(1.0, 0.06), (4.0, 0.05), (5.0, 0.04), (2.0, 0.03), (3.0, 0.03)]
act_thermal  TR2  n    477 정수 1.00 상위 [(1.0, 0.07), (5.0, 0.04), (9.0, 0.04), (2.0, 0.04), (4.0, 0.04)]
act_thermal  TE   n    439 정수 1.00 상위 [(1.0, 0.07), (3.0, 0.05), (4.0, 0.05), (2.0, 0.03), (11.0, 0.03)]
act_heating  TR1  n   2552 정수 1.00 상위 [(17.0, 0.06), (8.0, 0.05), (10.0, 0.05), (5.0, 0.04), (2.0, 0.04)]
act_heating  TR2  n    478 정수 1.00 상위 [(17.0, 0.06), (5.0, 0.05), (8.0, 0.05), (10.0, 0.04), (3.0, 0.04)]
act_heating  TE   n    421 정수 1.00 상위 [(17.0, 0.05), (2.0, 0.05), (5.0, 0.04), (10.0, 0.04), (15.0, 0.04)]
act_circfan  TR1  n   3382 정수 1.00 상위 [(2.0, 0.13), (3.0, 0.1), (5.0, 0.09), (7.0, 0.05), (1.0, 0.05)]
act_circfan  TR2  n    560 정수 1.00 상위 [(2.0, 0.1), (5.0, 0.08), (3.0, 0.07), (1.0, 0.06), (17.0, 0.05)]
act_circfan  TE   n    556 정수 1.00 상위 [(2.0, 0.12), (5.0, 0.11), (3.0, 0.11), (7.0, 0.07), (8.0, 0.06)]
act_circfan  OTH  n    586 정수 1.00 상위 [(100.0, 1.0)]
act_co2      TR1  n    611 정수 1.00 상위 [(17.0, 0.1), (8.0, 0.09), (5.0, 0.06), (28.0, 0.05), (23.0, 0.04)]
act_co2      TR2  n    126 정수 1.00 상위 [(8.0, 0.16), (17.0, 0.1), (7.0, 0.08), (30.0, 0.08), (32.0, 0.05)]
act_co2      TE   n    163 정수 1.00 상위 [(17.0, 0.23), (2.0, 0.07), (5.0, 0.06), (13.0, 0.05), (20.0, 0.05)]
act_co2      OTH  n    344 정수 1.00 상위 [(100.0, 1.0)]
act_fog      TR1  n    931 정수 1.00 상위 [(3.0, 0.17), (2.0, 0.14), (10.0, 0.12), (5.0, 0.11), (7.0, 0.1)]
act_fog      TR2  n    124 정수 1.00 상위 [(2.0, 0.23), (3.0, 0.16), (7.0, 0.12), (10.0, 0.09), (5.0, 0.08)]
act_fog      TE   n    134 정수 1.00 상위 [(3.0, 0.19), (2.0, 0.16), (5.0, 0.13), (10.0, 0.1), (7.0, 0.09)]

=== 5. 값 범위·고착(같은 값 6시간 이상 연속) 비율 ===
out_temp     TR1 고착0.00 결측0.00  TR2 고착0.00 결측0.00  TE 고착0.00 결측0.00  OTH 고착0.00 결측0.98
out_hum      TR1 고착0.01 결측0.00  TR2 고착0.01 결측0.00  TE 고착0.00 결측0.00  OTH 결측
out_rad      TR1 고착0.34 결측0.00  TR2 고착0.33 결측0.00  TE 고착0.30 결측0.00  OTH 고착0.01 결측0.98
out_wspd     TR1 고착0.01 결측0.00  TR2 고착0.00 결측0.00  TE 고착0.01 결측0.00  OTH 고착0.00 결측0.98
in_temp      TR1 고착0.00 결측0.01  TR2 고착0.00 결측0.00  TE 고착0.00 결측0.00  OTH 고착0.10 결측0.01
in_hum       TR1 고착0.02 결측0.01  TR2 고착0.02 결측0.00  TE 고착0.02 결측0.00  OTH 고착0.06 결측0.01
in_co2       TR1 고착0.00 결측0.01  TR2 고착0.00 결측0.00  TE 고착0.00 결측0.00  OTH 고착0.00 결측0.01
act_vent     TR1 고착0.54 결측0.00  TR2 고착0.54 결측0.00  TE 고착0.63 결측0.00  OTH 고착0.01 결측0.98
act_shade    TR1 고착0.64 결측0.00  TR2 고착0.61 결측0.00  TE 고착0.72 결측0.00  OTH 결측
act_thermal  TR1 고착0.63 결측0.00  TR2 고착0.58 결측0.00  TE 고착0.68 결측0.00  OTH 결측
act_heating  TR1 고착0.63 결측0.00  TR2 고착0.57 결측0.00  TE 고착0.65 결측0.00  OTH 결측
act_circfan  TR1 고착0.51 결측0.00  TR2 고착0.50 결측0.00  TE 고착0.52 결측0.00  OTH 고착0.01 결측0.98
act_co2      TR1 고착0.93 결측0.00  TR2 고착0.90 결측0.00  TE 고착0.90 결측0.00  OTH 고착0.02 결측0.98
act_fog      TR1 고착0.90 결측0.00  TR2 고착0.92 결측0.00  TE 고착0.91 결측0.00  OTH 결측

=== 6. F13·F47 학습 날: 하루 거칠기 ~ EC 일평균 / DIAG10 하루 오차 (서술) ===
날 360 (DIAG10 360일과 교집합)
out_temp     ρ(EC) -0.09  ρ(하루 MSE) -0.20  ρ(하루 편향) +0.01
out_hum      ρ(EC) -0.02  ρ(하루 MSE) -0.16  ρ(하루 편향) +0.02
out_rad      ρ(EC) -0.31  ρ(하루 MSE) -0.25  ρ(하루 편향) -0.05
out_wspd     ρ(EC) +0.13  ρ(하루 MSE) +0.02  ρ(하루 편향) -0.03
in_temp      ρ(EC) +0.09  ρ(하루 MSE) -0.05  ρ(하루 편향) +0.04
in_hum       ρ(EC) -0.27  ρ(하루 MSE) -0.22  ρ(하루 편향) +0.01
in_co2       ρ(EC) +0.21  ρ(하루 MSE) +0.28  ρ(하루 편향) +0.07
act_vent     ρ(EC) -0.61  ρ(하루 MSE) -0.40  ρ(하루 편향) -0.00
act_shade    ρ(EC) -0.14  ρ(하루 MSE) -0.08  ρ(하루 편향) -0.09
act_thermal  ρ(EC) -0.32  ρ(하루 MSE) -0.16  ρ(하루 편향) -0.03
act_heating  ρ(EC) -0.11  ρ(하루 MSE) -0.15  ρ(하루 편향) +0.04
act_circfan  ρ(EC) -0.34  ρ(하루 MSE) -0.34  ρ(하루 편향) +0.07
act_co2      ρ(EC) +0.44  ρ(하루 MSE) +0.43  ρ(하루 편향) -0.00
act_fog      ρ(EC) -0.25  ρ(하루 MSE) -0.27  ρ(하루 편향) +0.02
저장 완료
