source sha256 34cdb4b604581ab7
C:\work\farmai\연구실\클로드\code\ec_link05_causal_chain_v1.py:95: RuntimeWarning: Mean of empty slice
  mc = np.nanmean(piv[v][:, :c + 1], axis=1)
C:\work\farmai\연구실\클로드\code\ec_link05_causal_chain_v1.py:98: RuntimeWarning: Mean of empty slice
  nt = np.nanmean(piv["in_temp"][:, :min(c, 5) + 1], axis=1)
C:\work\farmai\연구실\클로드\code\ec_link05_causal_chain_v1.py:95: RuntimeWarning: Mean of empty slice
  mc = np.nanmean(piv[v][:, :c + 1], axis=1)
C:\work\farmai\연구실\클로드\code\ec_link05_causal_chain_v1.py:98: RuntimeWarning: Mean of empty slice
  nt = np.nanmean(piv["in_temp"][:, :min(c, 5) + 1], axis=1)
정답 연결 359, 특징 32
  DIAG10 폴드 4 완료
  DIAG10 폴드 5 완료
  DIAG10 폴드 6 완료
  DIAG10 폴드 7 완료
  DIAG10 폴드 8 완료
  DIAG10 폴드 9 완료
  DIAG10y 폴드 0 완료
  DIAG10y 폴드 1 완료
  DIAG10y 폴드 2 완료
  DIAG10y 폴드 3 완료
  DIAG10y 폴드 5 완료
  DIAG10y 폴드 6 완료
  DIAG10y 폴드 8 완료
  DIAG10y 폴드 9 완료

=== DIAG10 2차 46일 ===
  묶음 A × SG2   23 | SG2 0.2563 → 0.2576 (+0.5%) 사용 행 631
  묶음 A × SG2  808 | SG2 0.2613 → 0.2617 (+0.2%) 사용 행 628
  묶음 A × SG2 9090 | SG2 0.2563 → 0.2596 (+1.3%) 사용 행 625
  묶음 B × SG2   23 | SG2 0.2563 → 0.2581 (+0.7%) 사용 행 613
  묶음 B × SG2  808 | SG2 0.2613 → 0.2623 (+0.4%) 사용 행 610
  묶음 B × SG2 9090 | SG2 0.2563 → 0.2602 (+1.5%) 사용 행 607
  묶음 C × SG2   23 | SG2 0.2563 → 0.2597 (+1.3%) 사용 행 617
  묶음 C × SG2  808 | SG2 0.2613 → 0.2639 (+1.0%) 사용 행 614
  묶음 C × SG2 9090 | SG2 0.2563 → 0.2617 (+2.1%) 사용 행 611
  시드평균     SG2 0.2575 → 0.2593 (+0.7%)
    일반     SG2 0.1330 → 0.1223 (-8.0%)
    고EC    SG2 0.6821 → 0.7042 (+3.2%)
    F13    SG2 0.2448 → 0.2388 (-2.5%)
    F47    SG2 0.2707 → 0.2799 (+3.4%)
  9칸 개선 0/9, 두 온실 미달, P(worse) 0.5345 → 미충족

=== DIAG10y 2차 46일 ===
  묶음 A × SG2   23 | SG2 0.2775 → 0.2992 (+7.8%) 사용 행 612
  묶음 A × SG2  808 | SG2 0.2768 → 0.2981 (+7.7%) 사용 행 602
  묶음 A × SG2 9090 | SG2 0.2753 → 0.2965 (+7.7%) 사용 행 609
  묶음 B × SG2   23 | SG2 0.2775 → 0.2991 (+7.8%) 사용 행 566
  묶음 B × SG2  808 | SG2 0.2768 → 0.2981 (+7.7%) 사용 행 556
  묶음 B × SG2 9090 | SG2 0.2753 → 0.2964 (+7.6%) 사용 행 563
  묶음 C × SG2   23 | SG2 0.2775 → 0.2989 (+7.7%) 사용 행 641
  묶음 C × SG2  808 | SG2 0.2768 → 0.2979 (+7.6%) 사용 행 631
  묶음 C × SG2 9090 | SG2 0.2753 → 0.2962 (+7.6%) 사용 행 638
  시드평균     SG2 0.2760 → 0.2964 (+7.4%)
    일반     SG2 0.2063 → 0.2109 (+2.2%)
    고EC    SG2 0.5933 → 0.6658 (+12.2%)
    F13    SG2 0.1866 → 0.1966 (+5.4%)
    F47    SG2 0.3484 → 0.3761 (+8.0%)
  9칸 개선 0/9, 두 온실 미달, P(worse) 0.8825 → 미충족

[LINK5 고정 기준] 불합격
