  DIAG10y 폴드 처리 (대상 15, 쌍 표지 197)
  DIAG10y 폴드 처리 (대상 2, 쌍 표지 201)
  DIAG10y 폴드 처리 (대상 6, 쌍 표지 191)
  DIAG10y 폴드 처리 (대상 4, 쌍 표지 181)
  DIAG10 폴드 처리 (대상 6, 쌍 표지 182)
  DIAG10 폴드 처리 (대상 3, 쌍 표지 197)
  DIAG10y 폴드 처리 (대상 6, 쌍 표지 196)
  DIAG10 폴드 처리 (대상 10, 쌍 표지 191)
  DIAG10y 폴드 처리 (대상 7, 쌍 표지 187)
  DIAG10 폴드 처리 (대상 7, 쌍 표지 193)
  DIAG10 폴드 처리 (대상 10, 쌍 표지 185)
  DIAG10y 폴드 처리 (대상 4, 쌍 표지 187)
  DIAG10 폴드 처리 (대상 10, 쌍 표지 193)
  DIAG10y 폴드 처리 (대상 2, 쌍 표지 189)
  EL1 폴드 처리 (대상 5, 쌍 표지 217)
  EL1 폴드 처리 (대상 5, 쌍 표지 217)
  EL1 폴드 처리 (대상 5, 쌍 표지 215)
  EL1 폴드 처리 (대상 5, 쌍 표지 215)
  EL1 폴드 처리 (대상 4, 쌍 표지 217)
  EL1 폴드 처리 (대상 5, 쌍 표지 217)
  EL1 폴드 처리 (대상 5, 쌍 표지 217)
  EL1 폴드 처리 (대상 5, 쌍 표지 215)
  EL1 폴드 처리 (대상 5, 쌍 표지 215)
  EL1 폴드 처리 (대상 2, 쌍 표지 217)

관문: 예측 일반 날, r = y − sg
  DIAG10   일 23 | E1 직접 RMSE 0.150, E4 직접 0.155, sg 0.044 | 부분기울기 E1 +0.21 E4 -0.16 | LOO: 상수 0.0403, E4 0.0436, E1+E4 0.0507 → 미충족
           pq 분포: 중앙 0.44, |pq−.5|>.3 비율 0.35, 창 기록 수 중앙 13
  DIAG10y  일 24 | E1 직접 RMSE 0.186, E4 직접 0.178, sg 0.087 | 부분기울기 E1 +0.20 E4 -0.05 | LOO: 상수 0.0871, E4 0.0924, E1+E4 0.1023 → 미충족
           pq 분포: 중앙 0.41, |pq−.5|>.3 비율 0.33, 창 기록 수 중앙 14
  EL1      일 27 | E1 직접 RMSE 0.234, E4 직접 0.262, sg 0.183 | 부분기울기 E1 +0.85 E4 -0.68 | LOO: 상수 0.1747, E4 0.1823, E1+E4 0.1876 → 미충족
           pq 분포: 중앙 0.41, |pq−.5|>.3 비율 0.37, 창 기록 수 중앙 14

[ND3a 관문] 정지 (정보 없음)
