=== Q1 크기 (2차 일반 41일) ===
DIAG10   RMSE 일반 0.1330 (base 0.1438) | 하루 수준 몫 86% | 전체 2차 SSE 중 일반 날 24% | 상위 5날 73%, 10날 87% | 과대 16일·과소 25일, 평균 편향 +0.015
DIAG10y  RMSE 일반 0.2063 (base 0.2224) | 하루 수준 몫 93% | 전체 2차 SSE 중 일반 날 50% | 상위 5날 80%, 10날 92% | 과대 18일·과소 23일, 평균 편향 +0.065
EL1      RMSE 일반 0.1488 (base 0.1589) | 하루 수준 몫 92% | 전체 2차 SSE 중 일반 날 21% | 상위 5날 84%, 10날 92% | 과대 16일·과소 25일, 평균 편향 +0.022
세 배치 하루 편향 상관: DIAG10–DIAG10y 0.41, DIAG10–EL1 0.94, DIAG10y–EL1 0.43 | 세 배치 같은 부호 31/41일

세 배치 평균 기준 최악 12일 (몫 = 일반 41일 SSE 중)
farm  day   role dong  sealed    y   sg  bias   A1  SIB  CAL3  CHo  in_temp     몫
 F13  233 single    B    True 0.63 1.12  0.48 1.43  NaN  0.72 0.63    11.58 21.52
 F47  193 single    B   False 0.38 0.61  0.23 0.39  NaN  0.27 0.38    15.07 12.79
 F47  191 second    B   False 0.29 0.53  0.24 0.42 0.16  0.21 0.26    17.97 11.11
 F13  231  first    A    True 0.62 0.94  0.32 1.43 0.74  0.69 0.57    12.52 10.00
 F47  241 single    B   False 0.65 0.90  0.25 0.57  NaN  0.58  NaN    14.78  7.49
 F13  214 second    B    True 0.92 0.83 -0.09 1.69 0.29  0.70  NaN    11.38  7.26
 F47  216 second    B    True 0.56 0.83  0.27 0.52 0.71  0.62 0.51    11.76  7.23
 F47  242 single    B    True 0.72 0.90  0.18 0.77  NaN  0.61 0.69    13.63  6.43
 F47  192 single    A   False 0.14 0.25  0.10 0.17  NaN  0.27 0.17    15.86  2.21
 F47  243 single    A   False 0.45 0.50  0.05 0.46  NaN  0.97 0.40    14.99  1.62
 F47  239 single    A   False 0.43 0.47  0.04 0.43  NaN  0.49 0.47    13.27  1.58
 F13  242 single    A   False 0.43 0.50  0.07 0.43  NaN  0.89 0.43    13.86  1.47

=== Q2 방향 (세 배치 평균 하루 편향) ===
정답 수준과 편향: Spearman(y, 예측−정답) -0.33 | 정답 3분위별 평균 편향: 낮음 +0.029, 중간 +0.006, 높음 +0.065
예측 폭: 정답 표준편차 0.184 vs 예측 0.225, 정답→예측 기울기 1.00
[farm]
       일   평균편향   RMSE       몫
farm                          
F13   21  0.013  0.157  45.685
F47   20  0.056  0.175  54.315
[role]
         일   평균편향   RMSE       몫
role                            
first    4  0.075  0.175  10.827
second   5  0.057  0.247  27.158
single  32  0.025  0.148  62.015
[dong]
       일   평균편향   RMSE      몫
dong                         
A     21  0.009  0.108  21.66
B     20  0.061  0.210  78.34
[sealed]
         일   평균편향   RMSE      몫
sealed                         
False   32  0.013  0.127  45.92
True     9  0.111  0.260  54.08
[cold]
        일   평균편향   RMSE       몫
cold                           
False  27  0.029  0.144  49.413
True   14  0.044  0.202  50.587

=== Q3 정보: 하루 잔차 r = 정답−예측 과의 관계 (세 배치 평균 예측 기준) ===
  SG2 이웃 1순위 정답              n=41  ρ(x−예측, r) +0.47 | 그 정보로 직접 대체 RMSE 0.412 vs 예측 0.131 | 1차식 보정 후 하루 RMSE 0.124
  같은 날짜 짝 기록 정답              n= 9  ρ(x−예측, r) +0.10 | 그 정보로 직접 대체 RMSE 0.654 vs 예측 0.169 | 1차식 보정 후 하루 RMSE 0.151
  달력 ±3일 같은 온실 정답 평균         n=41  ρ(x−예측, r) +0.23 | 그 정보로 직접 대체 RMSE 0.294 vs 예측 0.131 | 1차식 보정 후 하루 RMSE 0.113
  정답 사슬 앞 기록 23시(상한)         n=38  ρ(x−예측, r) +0.87 | 그 정보로 직접 대체 RMSE 0.034 vs 예측 0.129 | 1차식 보정 후 하루 RMSE 0.029
  하루 입력 15개와 r 순위상관 상위: out_rad -0.27, vent -0.13, circfan +0.12, shade -0.11, dT -0.08, fog -0.07
  (순열 기준: 15개 중 최대 |ρ| 의 95% 분위 0.44)
