비고: 연구용 correction 은 잠금 날을 앵커에서 제외(제출 sg2post 는 포함)
  DIAG10/4 완료
  DIAG10/5 완료
  DIAG10/6 완료
  DIAG10/7 완료
  DIAG10/8 완료
  DIAG10/9 완료
  EL1/56 완료
  EL1/57 완료
  EL1/58 완료
  EL1/59 완료
  EL1/60 완료
  EL1/61 완료
  EL1/62 완료
  EL1/63 완료
  EL1/64 완료
  EL1/65 완료
  P2LOO/10 완료
  P2LOO/11 완료
  P2LOO/12 완료
  P2LOO/13 완료
  P2LOO/14 완료
  P2LOO/15 완료
  P2LOO/16 완료
  P2LOO/17 완료
  P2LOO/18 완료
  P2LOO/19 완료
  P2LOO/20 완료
  P2LOO/21 완료
  P2LOO/22 완료
  P2LOO/23 완료
  P2LOO/24 완료
  P2LOO/25 완료
  P2LOO/26 완료
  P2LOO/27 완료
  P2LOO/28 완료
  P2LOO/29 완료
  P2LOO/30 완료
  P2LOO/31 완료
  P2LOO/32 완료
  P2LOO/33 완료
  P2LOO/34 완료
  P2LOO/35 완료
  P2LOO/36 완료
  P2LOO/37 완료
  P2LOO/38 완료
  P2LOO/39 완료
  P2LOO/40 완료
  P2LOO/41 완료
  P2LOO/42 완료
  P2LOO/43 완료
  P2LOO/44 완료
  P2LOO/45 완료
  P2LOO/46 완료
  P2LOO/47 완료
  P2LOO/48 완료
  P2LOO/49 완료
  P2LOO/50 완료
  P2LOO/51 완료
  P2LOO/52 완료
  P2LOO/53 완료
  P2LOO/54 완료
  P2LOO/55 완료
정합성: RV1 SG2 출력과 최대차 4.44e-16 (행 44784)

=== 기준선 CUR (+SG2) 위에 HG3 [주판정] ===
  DIAG10 2차 
    s47 전체 0.2417→0.2193 (-9.3%) | 일반 Δ+0.0e+00 (바뀐 일반 날 0) | 고EC 0.602→0.517
    s1414 전체 0.2383→0.2161 (-9.3%) | 일반 Δ+0.0e+00 (바뀐 일반 날 0) | 고EC 0.595→0.512
    s6464 전체 0.2375→0.2144 (-9.7%) | 일반 Δ+0.0e+00 (바뀐 일반 날 0) | 고EC 0.603→0.518
  P2LOO     
    s47 전체 0.1949→0.1828 (-6.2%) | 일반 Δ+0.0e+00 (바뀐 일반 날 0) | 고EC 0.439→0.388
    s1414 전체 0.1940→0.1815 (-6.4%) | 일반 Δ+0.0e+00 (바뀐 일반 날 0) | 고EC 0.441→0.389
    s6464 전체 0.1950→0.1829 (-6.2%) | 일반 Δ+0.0e+00 (바뀐 일반 날 0) | 고EC 0.443→0.393
  EL1       
    s47 전체 0.2900→0.2731 (-5.8%) | 일반 Δ+0.0e+00 (바뀐 일반 날 0) | 고EC 0.750→0.689
    s1414 전체 0.2878→0.2703 (-6.1%) | 일반 Δ+0.0e+00 (바뀐 일반 날 0) | 고EC 0.753→0.691
    s6464 전체 0.2883→0.2706 (-6.2%) | 일반 Δ+0.0e+00 (바뀐 일반 날 0) | 고EC 0.755→0.692
  P2LOO      RMSE 0.1945→0.1822 | P(worse) 0.0382 (바뀐 묶음 3/19, 구조적 하한 0.0382) | 바뀐 날 4: 개선 4·악화 0
  DIAG10 2차  RMSE 0.2390→0.2164 | P(worse) 0.0382 (바뀐 묶음 3/19, 구조적 하한 0.0382) | 바뀐 날 4: 개선 4·악화 0
  TM 2차      RMSE 0.3052→0.2876 | P(worse) 0.3425 (바뀐 묶음 1/8, 구조적 하한 0.3436) | 바뀐 날 1: 개선 1·악화 0
  바뀐 날 목록: F13_241, F13_243, F47_229, F47_231
  [CUR 조건부 점검] (a) 9칸 개선 True, (b) 일반 날 안 나빠짐 True, (c) 고EC 9칸 개선 True → 통과 (통과 ≠ 채택: 사용자 결정 자료)

=== 기준선 B4 (+SG2) 위에 HG3 [보고용] ===
  DIAG10 2차 
    s47 전체 0.2350→0.2161 (-8.1%) | 일반 Δ+0.0e+00 (바뀐 일반 날 0) | 고EC 0.573→0.499
    s1414 전체 0.2333→0.2146 (-8.0%) | 일반 Δ+0.0e+00 (바뀐 일반 날 0) | 고EC 0.569→0.497
    s6464 전체 0.2327→0.2134 (-8.3%) | 일반 Δ+0.0e+00 (바뀐 일반 날 0) | 고EC 0.574→0.500
  P2LOO     
    s47 전체 0.1859→0.1765 (-5.1%) | 일반 Δ+0.0e+00 (바뀐 일반 날 0) | 고EC 0.402→0.361
    s1414 전체 0.1852→0.1755 (-5.2%) | 일반 Δ+0.0e+00 (바뀐 일반 날 0) | 고EC 0.404→0.362
    s6464 전체 0.1860→0.1766 (-5.1%) | 일반 Δ+0.0e+00 (바뀐 일반 날 0) | 고EC 0.406→0.365
  EL1       
    s47 전체 0.2817→0.2704 (-4.0%) | 일반 Δ+0.0e+00 (바뀐 일반 날 0) | 고EC 0.709→0.667
    s1414 전체 0.2807→0.2681 (-4.5%) | 일반 Δ+0.0e+00 (바뀐 일반 날 0) | 고EC 0.714→0.668
    s6464 전체 0.2814→0.2691 (-4.4%) | 일반 Δ+0.0e+00 (바뀐 일반 날 0) | 고EC 0.714→0.668
  P2LOO      RMSE 0.1856→0.1761 | P(worse) 0.0382 (바뀐 묶음 3/19, 구조적 하한 0.0382) | 바뀐 날 4: 개선 4·악화 0
  DIAG10 2차  RMSE 0.2336→0.2146 | P(worse) 0.0382 (바뀐 묶음 3/19, 구조적 하한 0.0382) | 바뀐 날 4: 개선 4·악화 0
  TM 2차      RMSE 0.2878→0.2776 | P(worse) 0.3425 (바뀐 묶음 1/8, 구조적 하한 0.3436) | 바뀐 날 1: 개선 1·악화 0
  바뀐 날 목록: F13_241, F13_243, F47_229, F47_231
  [B4 조건부 점검] (a) 9칸 개선 True, (b) 일반 날 안 나빠짐 True, (c) 고EC 9칸 개선 True → 통과 (통과 ≠ 채택: 사용자 결정 자료)
