비고: 연구용 SG2 는 잠금 날을 앵커에서 제외(제출 sg2post 는 포함) → 이 점검의 SG2 는 제출보다 이웃이 적음
  DIAG10/0 완료
  DIAG10/1 완료
  DIAG10/2 완료
  DIAG10/3 완료
  DIAG10/4 완료
  DIAG10/5 완료
  DIAG10/6 완료
  DIAG10/7 완료
  DIAG10/8 완료
  DIAG10/9 완료
  EL1/56 완료
  EL1/57 완료
  EL1/58 완료
  EL1/59 완료
  EL1/60 완료
  EL1/61 완료
  EL1/62 완료
  EL1/63 완료
  EL1/64 완료
  EL1/65 완료
  P2LOO/10 완료
  P2LOO/11 완료
  P2LOO/12 완료
  P2LOO/13 완료
  P2LOO/14 완료
  P2LOO/15 완료
  P2LOO/16 완료
  P2LOO/17 완료
  P2LOO/18 완료
  P2LOO/19 완료
  P2LOO/20 완료
  P2LOO/21 완료
  P2LOO/22 완료
  P2LOO/23 완료
  P2LOO/24 완료
  P2LOO/25 완료
  P2LOO/26 완료
  P2LOO/27 완료
  P2LOO/28 완료
  P2LOO/29 완료
  P2LOO/30 완료
  P2LOO/31 완료
  P2LOO/32 완료
  P2LOO/33 완료
  P2LOO/34 완료
  P2LOO/35 완료
  P2LOO/36 완료
  P2LOO/37 완료
  P2LOO/38 완료
  P2LOO/39 완료
  P2LOO/40 완료
  P2LOO/41 완료
  P2LOO/42 완료
  P2LOO/43 완료
  P2LOO/44 완료
  P2LOO/45 완료
  P2LOO/46 완료
  P2LOO/47 완료
  P2LOO/48 완료
  P2LOO/49 완료
  P2LOO/50 완료
  P2LOO/51 완료
  P2LOO/52 완료
  P2LOO/53 완료
  P2LOO/54 완료
  P2LOO/55 완료
TM          s47 0.2117→0.2031 (-4.1%)  s1414 0.2094→0.2015 (-3.8%)  s6464 0.2085→0.2011 (-3.6%)
TM 2차만      s47 0.3150→0.2938 (-6.7%)  s1414 0.3032→0.2858 (-5.7%)  s6464 0.2985→0.2844 (-4.7%)
P2LOO       s47 0.1949→0.1859 (-4.6%)  s1414 0.1940→0.1852 (-4.5%)  s6464 0.1950→0.1860 (-4.6%)
EL1         s47 0.2900→0.2817 (-2.9%)  s1414 0.2878→0.2807 (-2.5%)  s6464 0.2883→0.2814 (-2.4%)
DIAG10 2차   s47 0.2417→0.2350 (-2.8%)  s1414 0.2383→0.2333 (-2.1%)  s6464 0.2375→0.2327 (-2.0%)
DIAG10 전체   s47 0.1795→0.1746 (-2.7%)  s1414 0.1781→0.1738 (-2.4%)  s6464 0.1782→0.1738 (-2.4%)
TM          (다른 PFN) s47 0.2130→0.2057 (-3.4%)  s1414 0.2108→0.2038 (-3.3%)  s6464 0.2104→0.2033 (-3.4%)
DIAG10 2차   (다른 PFN) s47 0.2428→0.2385 (-1.8%)  s1414 0.2394→0.2365 (-1.2%)  s6464 0.2396→0.2355 (-1.7%)
  TM 전체 시드평균 CUR+SG2 0.2098 → B4+SG2 0.2018
  TM 일반 시드평균 CUR+SG2 0.1121 → B4+SG2 0.1114
  TM 고EC 시드평균 CUR+SG2 0.6699 → B4+SG2 0.6368
  P(worse): TM 0.0146, DIAG10 전체 0.0069

[RV1 조건부 점검 기준] {'(a) TM 세 시드': True, '(b) 보호 칸 모두 개선': True, '(c) TM P<.025': True, '(d) DIAG10 P<.025': True, '(e) 다른 PFN': True} → 통과(SG2 위에서도 B4 이득 유지)
