
[가림 b만 | 배제 False] 대상 32 | 후보 수 중앙 4.0 | 진짜 앞날이 후보 안 1.00
  (1.0, 0.1)   전체 SG2 0.1784 → 0.1792 | 일반(n=30) 0.0960 → 0.0977 (개선 17·악화 10) | 고EC 0.6088 → 0.6088
  (1.0, 0.2)   전체 SG2 0.1784 → 0.1924 | 일반(n=30) 0.0960 → 0.1156 (개선 17·악화 12) | 고EC 0.6088 → 0.6261
  (1.0, 0.3)   전체 SG2 0.1784 → 0.2371 | 일반(n=30) 0.0960 → 0.1111 (개선 18·악화 12) | 고EC 0.6088 → 0.8452
  (1.0, 9.0)   전체 SG2 0.1784 → 0.2371 | 일반(n=30) 0.0960 → 0.1111 (개선 18·악화 12) | 고EC 0.6088 → 0.8452
  (0.5, 0.1)   전체 SG2 0.1784 → 0.1777 | 일반(n=30) 0.0960 → 0.0947 (개선 19·악화 8) | 고EC 0.6088 → 0.6088
  (0.5, 0.2)   전체 SG2 0.1784 → 0.1826 | 일반(n=30) 0.0960 → 0.1009 (개선 19·악화 10) | 고EC 0.6088 → 0.6170
  (0.5, 0.3)   전체 SG2 0.1784 → 0.2028 | 일반(n=30) 0.0960 → 0.0935 (개선 21·악화 9) | 고EC 0.6088 → 0.7259
  (0.5, 9.0)   전체 SG2 0.1784 → 0.2028 | 일반(n=30) 0.0960 → 0.0935 (개선 21·악화 9) | 고EC 0.6088 → 0.7259
  orc          전체 SG2 0.1784 → 0.1622 | 일반(n=30) 0.0960 → 0.0839 (개선 24·악화 6) | 고EC 0.6088 → 0.5613

[가림 b만 | 배제 True] 대상 32 | 후보 수 중앙 1.0 | 진짜 앞날이 후보 안 0.91
  (1.0, 0.1)   전체 SG2 0.1784 → 0.1785 | 일반(n=30) 0.0960 → 0.0962 (개선 18·악화 8) | 고EC 0.6088 → 0.6088
  (1.0, 0.2)   전체 SG2 0.1784 → 0.1896 | 일반(n=30) 0.0960 → 0.1167 (개선 20·악화 9) | 고EC 0.6088 → 0.6088
  (1.0, 0.3)   전체 SG2 0.1784 → 0.2124 | 일반(n=30) 0.0960 → 0.1131 (개선 21·악화 9) | 고EC 0.6088 → 0.7277
  (1.0, 9.0)   전체 SG2 0.1784 → 0.1775 | 일반(n=30) 0.0960 → 0.1122 (개선 22·악화 8) | 고EC 0.6088 → 0.5613
  (0.5, 0.1)   전체 SG2 0.1784 → 0.1771 | 일반(n=30) 0.0960 → 0.0935 (개선 20·악화 6) | 고EC 0.6088 → 0.6088
  (0.5, 0.2)   전체 SG2 0.1784 → 0.1806 | 일반(n=30) 0.0960 → 0.1003 (개선 21·악화 8) | 고EC 0.6088 → 0.6088
  (0.5, 0.3)   전체 SG2 0.1784 → 0.1885 | 일반(n=30) 0.0960 → 0.0923 (개선 24·악화 6) | 고EC 0.6088 → 0.6638
  (0.5, 9.0)   전체 SG2 0.1784 → 0.1654 | 일반(n=30) 0.0960 → 0.0916 (개선 24·악화 6) | 고EC 0.6088 → 0.5583
  orc          전체 SG2 0.1784 → 0.1606 | 일반(n=30) 0.0960 → 0.0806 (개선 23·악화 4) | 고EC 0.6088 → 0.5613

[가림 폴드 전체 | 배제 False] 대상 32 | 후보 수 중앙 3.0 | 진짜 앞날이 후보 안 0.78
  (1.0, 0.1)   전체 SG2 0.1784 → 0.1804 | 일반(n=30) 0.0960 → 0.1000 (개선 14·악화 10) | 고EC 0.6088 → 0.6088
  (1.0, 0.2)   전체 SG2 0.1784 → 0.1994 | 일반(n=30) 0.0960 → 0.1276 (개선 14·악화 14) | 고EC 0.6088 → 0.6261
  (1.0, 0.3)   전체 SG2 0.1784 → 0.2464 | 일반(n=30) 0.0960 → 0.1310 (개선 15·악화 14) | 고EC 0.6088 → 0.8452
  (1.0, 9.0)   전체 SG2 0.1784 → 0.2578 | 일반(n=30) 0.0960 → 0.1526 (개선 15·악화 15) | 고EC 0.6088 → 0.8452
  (0.5, 0.1)   전체 SG2 0.1784 → 0.1785 | 일반(n=30) 0.0960 → 0.0964 (개선 16·악화 8) | 고EC 0.6088 → 0.6088
  (0.5, 0.2)   전체 SG2 0.1784 → 0.1854 | 일반(n=30) 0.0960 → 0.1063 (개선 16·악화 12) | 고EC 0.6088 → 0.6170
  (0.5, 0.3)   전체 SG2 0.1784 → 0.2065 | 일반(n=30) 0.0960 → 0.1018 (개선 18·악화 11) | 고EC 0.6088 → 0.7259
  (0.5, 9.0)   전체 SG2 0.1784 → 0.2111 | 일반(n=30) 0.0960 → 0.1114 (개선 18·악화 12) | 고EC 0.6088 → 0.7259
  orc          전체 SG2 0.1784 → 0.2013 | 일반(n=30) 0.0960 → 0.0889 (개선 18·악화 6) | 고EC 0.6088 → 0.7277

[가림 폴드 전체 | 배제 True] 대상 32 | 후보 수 중앙 1.0 | 진짜 앞날이 후보 안 0.62
  (1.0, 0.1)   전체 SG2 0.1784 → 0.1815 | 일반(n=30) 0.0960 → 0.1021 (개선 13·악화 10) | 고EC 0.6088 → 0.6088
  (1.0, 0.2)   전체 SG2 0.1784 → 0.1983 | 일반(n=30) 0.0960 → 0.1313 (개선 15·악화 13) | 고EC 0.6088 → 0.6088
  (1.0, 0.3)   전체 SG2 0.1784 → 0.2244 | 일반(n=30) 0.0960 → 0.1357 (개선 16·악화 13) | 고EC 0.6088 → 0.7277
  (1.0, 9.0)   전체 SG2 0.1784 → 0.2979 | 일반(n=30) 0.0960 → 0.1566 (개선 16·악화 14) | 고EC 0.6088 → 1.0257
  (0.5, 0.1)   전체 SG2 0.1784 → 0.1788 | 일반(n=30) 0.0960 → 0.0969 (개선 15·악화 8) | 고EC 0.6088 → 0.6088
  (0.5, 0.2)   전체 SG2 0.1784 → 0.1843 | 일반(n=30) 0.0960 → 0.1074 (개선 16·악화 12) | 고EC 0.6088 → 0.6088
  (0.5, 0.3)   전체 SG2 0.1784 → 0.1935 | 일반(n=30) 0.0960 → 0.1028 (개선 18·악화 11) | 고EC 0.6088 → 0.6638
  (0.5, 9.0)   전체 SG2 0.1784 → 0.2313 | 일반(n=30) 0.0960 → 0.1123 (개선 18·악화 12) | 고EC 0.6088 → 0.8168
  orc          전체 SG2 0.1784 → 0.2006 | 일반(n=30) 0.0960 → 0.0872 (개선 15·악화 4) | 고EC 0.6088 → 0.7277
