=== 0. F13/F47 학습에는 없는데 test_X에는 있는 컬럼? ===
  → 없음 (학습·평가 가용 컬럼 집합이 정확히 같음)
  참고: 두 집합 모두 사용가능 14개 / 전부결측 5개

=== 1. F32 고유 4개 컬럼의 성격 ===
  컬럼               평균     0비율     주간평균     야간평균  판정
  act_side       53.2   37.2%     83.2     30.9  주간 우세 → 관수 성격
  act_valve      78.4   20.9%     67.2     86.9  야간 우세 → 난방순환
  act_cool       38.2   60.7%     18.3     49.6  야간 우세 → 난방순환
  act_pump       54.5   44.7%     19.1     78.9  야간 우세 → 난방순환

  시각별 평균 (0~23시):
   act_side     33  29  26  26  25  26  25  29  35  54  79  90  90  90  89  88  86  82  67  49  43  42  37  35
   act_valve    87  86  87  88  88  89  89  85  81  76  71  66  65  64  64  65  67  70  74  79  83  84  87  86
   act_cool     42  46  49  50  66  72  72  71  63  42  19  15  13  14  15  15  15  20  31  30  37  38  41  42
   act_pump     79  79  82  82  84  84  83  81  67  53  33  13   7   7   9  12  19  33  52  62  68  69  76  75

=== 2. 공유 9개 컬럼으로 예측 가능한가 (F32 내부, 날짜 그룹 5겹) ===
  대상                R2     RMSE   해석
  act_side       0.654    28.79   중간
  act_valve      0.611    25.62   중간
  act_cool       0.433    36.58   중간
  act_pump       0.656    29.22   중간

=== 3. F32 자체가 F13/F47과 얼마나 다른 운전인가 (공유 컬럼 분포) ===
  컬럼                   F32 평균     F13+F47 평균
  out_temp                6.5            9.2
  out_rad               148.3          110.0
  out_wspd                1.5            1.3
  in_temp                15.3           15.9
  in_hum                 25.7           70.3
  in_co2                414.6          406.5
  act_vent               11.2           14.5
  act_circfan            53.4           23.8
  act_co2                 4.2            1.7
