=== 1. 기본 제원 ===
  F13  행  4800  라벨  4800  일차   8~245  입력 14개  라벨 소수비율 0.99
  F47  행  4800  라벨  4800  일차   6~243  입력 14개  라벨 소수비율 0.99
  F32  행  5515  라벨  5465  일차   6~239  입력 13개  라벨 소수비율 0.71

=== 2. 추운 행을 실제로 갖고 있는가 (라벨 있는 행 기준) ===
                              <6℃     6~8℃    8~10℃   10℃미만계
  F13 학습라벨                     14       64      544      622
  F47 학습라벨                      6       70      483      559
  F32 학습라벨                      0        2       14       16
  F13+F47 평가입력                130       81      220      431  (평가, 라벨 없음)

=== 3. 배지 − 공기(3시간 평활) 온도대별 ===
                  -99~6         6~8        8~10       10~12       12~15         15+
  F13          -1.72(5)   -1.12(28)  -0.44(193)  -0.51(900) -0.66(1059) -0.94(2615)
  F47                 -   -1.24(23)  -0.60(210)  -0.71(810) -0.72(1404) -0.66(2353)
  F32                 -           -           -  +5.73(236) +6.39(2581) +8.20(2645)

  * 각 온실 평균을 뺀 '모양'만 비교 (수준 차이 제거 후에도 다른가)
  F13             -0.82       -0.22       +0.46       +0.39       +0.24       -0.05
  F47                 -       -0.45       +0.19       +0.07       +0.07       +0.13
  F32                 -           -           -       -1.04       -0.38       +1.42

=== 4. 동역학: 배지가 공기를 얼마나/언제 따라가나 ===
               최적지연       그때상관        기울기      야간기울기
  F13            3h      0.917      0.959      0.973
  F47            3h      0.893      1.011      1.027
  F32            0h      0.975      1.528      1.073

=== 5. F32의 고유 컬럼이 F13/F47에 없는 것 ===
  F32에만: act_side, act_valve, act_cool, act_pump
  공유(9개): out_temp, out_rad, out_wspd, in_temp, in_hum, in_co2, act_vent, act_circfan, act_co2

=== 6. F32는 이어붙임이 있는가 (자정 점프) ===
  F13    자정 |Δ| 1.400 / 그 외 0.546 = 2.56배
  F47    자정 |Δ| 1.683 / 그 외 0.554 = 3.04배
  F32    자정 |Δ| 0.462 / 그 외 1.084 = 0.43배
