
=== sub_temp : final ensemble (2 variants x 3 seeds) ===
    fold 0  n_va=1920  rmse=0.7586
    fold 1  n_va=1680  rmse=0.6625
    fold 2  n_va=1680  rmse=0.8045
    fold 3  n_va=1440  rmse=0.7194
    fold 4  n_va=1680  rmse=0.8226
    fold 5  n_va=1200  rmse=0.7922
  OOF RMSE = 0.7613   F13 0.6545  F47 0.8549
  rounds x0.5 ( 602) -> 0.7646
  rounds x1.5 (1806) -> 0.7612

=== sub_ec : final ensemble (2 variants x 3 seeds) ===
    fold 0  n_va=1920  rmse=0.2153
    fold 1  n_va=1680  rmse=0.3783
    fold 2  n_va=1680  rmse=0.2798
    fold 3  n_va=1440  rmse=0.2229
    fold 4  n_va=1680  rmse=0.2206
    fold 5  n_va=1200  rmse=0.0922
  OOF RMSE = 0.2550   F13 0.2201  F47 0.2857
  rounds x0.5 ( 205) -> 0.2621
  rounds x1.5 ( 616) -> 0.2539

=== fitting final models on all labelled rows ===
  sub_temp: mean 12.771  min 5.420  max 25.318
  sub_ec: mean 0.630  min 0.184  max 1.780

wrote C:\Users\0317\Desktop\농업 AI 경진대회\submission.csv
    row_id  sub_temp   sub_ec
F47_183_00 18.778580 0.280470
F47_183_01 18.386547 0.280622
F47_183_02 18.475132 0.274472

====================================================
target          CV RMSE        F13        F47
sub_temp         0.7613     0.6545     0.8549
sub_ec           0.2550     0.2201     0.2857
====================================================
