=== 5→95 백분위 이동 시 EC 예측 변화 (문헌 기대 방향 표기) ===
변수                기대      v5 ET 18개     1회차 ET 68개    1회차 LGB 68개
out_temp           +         -0.159         -0.025         -0.003
out_rad            +         -0.001         -0.001         +0.000
out_hum            -         -0.022         -0.001         -0.014
act_vent           ?         -0.228         -0.024         -0.054
act_circfan        ?         -0.179         -0.114         -0.082

=== 계절 교란 확인: 각 변수와 day / sub_ec 의 상관 ===
변수            corr(day)   corr(EC)
out_temp         -0.655     -0.564
out_rad          -0.223     -0.252
out_hum          -0.405     -0.344
act_vent         -0.521     -0.568
act_circfan      +0.192     -0.159

=== 계절을 통제하면 관계가 남는가 (일별 평균을 day 추세로 제거 후) ===
변수                 부분상관
out_temp         -0.333
out_rad          -0.149
out_hum          -0.129
act_vent         -0.386
act_circfan      -0.324
