=== 1. 맞혀야 하는 값 자체의 크기 ===
  배지 온도 범위      2.92 ~ 26.96 ℃
  표준편차            4.43 ℃
  하루 안 변동폭 중앙  6.62 ℃

=== 2. 자연스러운 비교 기준 ===
  배지 온도의 1시간 변화 중앙값   0.41 ℃   ← 오차 0.55와 거의 같음
  라벨 기록 해상도              0.01 ℃
  다른 47개 온실의 라벨 해상도    1 ℃ (반올림 잡음 0.29℃)

=== 3. 다른 방법으로 찍으면 ===
  온실별 평균으로 전부 채우기            RMSE 4.431
  현재 실내온도 그대로                RMSE 3.617
  실내온도 3시간 평활 그대로            RMSE 2.997
  실내온도 3시간 평활 − 0.7℃         RMSE 2.906

=== 4. 오차 0.55는 실제로 어떤 모습인가 (블록 CV 오차분포를 0.55로 환산) ===
  (CV 오차분포를 실제 점수 0.5456 에 맞춰 축소, 배율 0.63)
  오차 중앙값          0.25 ℃
  오차 평균            0.36 ℃
  0.2℃ 이내로 맞힌 비율    42.4%
  0.5℃ 이내로 맞힌 비율    79.2%
  1.0℃ 이내로 맞힌 비율    94.8%
  1.5℃ 이내로 맞힌 비율    98.0%
  2.0℃ 이내로 맞힌 비율    99.1%
  상위 1% 최악 오차      1.94 ℃ 이상

=== 5. 순위 맥락 ===
  1위 딸기모찌26  0.4985
  우리 최고       0.5456   ← 차이 0.0471 ℃
  1회차           0.7450
  기준선(온실평균)  4.62
