panel v2: 11040 rows x 129 cols
view sizes -> sub_temp 96, sub_ec 102, day-level 47

===== sub_temp (v1 reference: all .7613 / late .9270) =====
  v2 view, v1 params                         all 0.8025 | late 0.9074
  mcs=120 (5 days)                           all 0.8049 | late 0.9272
  mcs=240 (10 days)                          all 0.8384 | late 0.9565
  leaves31 mcs120                            all 0.8073 | late 0.9179
  leaves31 mcs120 l1=1                       all 0.8083 | late 0.9205
  huber leaves31 mcs120                      all 0.7917 | late 0.9139
  prune top-40                               all 0.8179 | late 0.9404
  prune top-80                               all 0.8150 | late 0.9304

===== sub_ec (v1 reference: all .2550 / late .3179) =====
  v2 view, v1 params                         all 0.2614 | late 0.3142
  mcs=240 (10 days)                          all 0.2625 | late 0.3039
  mcs=480 (20 days)                          all 0.2652 | late 0.3203
  leaves7 mcs240                             all 0.2564 | late 0.3017
  leaves7 mcs240 l1=1                        all 0.2558 | late 0.3051
  prune top-20                               all 0.2726 | late 0.3280
  prune top-40                               all 0.2595 | late 0.3046
  -- day-level EC models (effective n ~ 400) --
python : Traceback (most recent call last):
At line:1 char:377
+ ... e"; $env:PYTHONIOENCODING='utf-8'; python -u model_v2.py 2>&1 | Out-F ...
+                                        ~~~~~~~~~~~~~~~~~~~~~~~~~~
    + CategoryInfo          : NotSpecified: (Traceback (most recent call last)::String) [], RemoteException
    + FullyQualifiedErrorId : NativeCommandError
 
  File "model_v2.py", line 230, in <module>
    main()
  File "model_v2.py", line 212, in main
    _, o = run_day_level(panel, folds, "sub_ec", day_p)
  File "model_v2.py", line 96, in run_day_level
    dtab, dv = day_table(panel[(~panel.is_test) & panel[target].notna()], target)
  File "model_v2.py", line 89, in day_table
    return d.reset_index(), dv
  File "C:\Users\0317\AppData\Local\Packages\PythonSoftwareFoundation.Python.3.7_qbz5n2kfra8p0\LocalCache\local-package
s\Python37\site-packages\pandas\util\_decorators.py", line 311, in wrapper
    return func(*args, **kwargs)
  File "C:\Users\0317\AppData\Local\Packages\PythonSoftwareFoundation.Python.3.7_qbz5n2kfra8p0\LocalCache\local-package
s\Python37\site-packages\pandas\core\frame.py", line 5799, in reset_index
    new_obj.insert(0, name, level_values)
  File "C:\Users\0317\AppData\Local\Packages\PythonSoftwareFoundation.Python.3.7_qbz5n2kfra8p0\LocalCache\local-package
s\Python37\site-packages\pandas\core\frame.py", line 4414, in insert
    raise ValueError(f"cannot insert {column}, already exists")
ValueError: cannot insert day, already exists
