-- The C compiler identification is GNU 16.2.0
-- The CXX compiler identification is GNU 16.2.0
-- Detecting C compiler ABI info
-- Detecting C compiler ABI info - done
-- Check for working C compiler: C:/Users/aozks/AppData/Local/Temp/farmai_exact_tweedie_v1/toolchain_v1/mingw64/bin/gcc.exe - skipped
-- Detecting C compile features
-- Detecting C compile features - done
-- Detecting CXX compiler ABI info
-- Detecting CXX compiler ABI info - done
-- Check for working CXX compiler: C:/Users/aozks/AppData/Local/Temp/farmai_exact_tweedie_v1/toolchain_v1/mingw64/bin/g++.exe - skipped
-- Detecting CXX compile features
-- Detecting CXX compile features - done
-- Building using CMake version: 4.4.3
-- Found OpenMP_C: -fopenmp (found version "5.2")
-- Found OpenMP_CXX: -fopenmp (found version "5.2")
-- Found OpenMP: TRUE (found version "5.2")
-- Performing Test MM_PREFETCH
-- Performing Test MM_PREFETCH - Success
-- Using _mm_prefetch
-- Performing Test MM_MALLOC
-- Performing Test MM_MALLOC - Success
-- Using _mm_malloc
-- Looking for inet_pton
-- Looking for inet_pton - found
-- Configuring done (13.8s)
-- Generating done (0.3s)
-- Build files have been written to: C:/Users/aozks/AppData/Local/Temp/farmai_exact_tweedie_v1/build_v3
