-- The C compiler identification is GNU 16.2.0
-- The CXX compiler identification is GNU 16.2.0
-- Detecting C compiler ABI info
-- Detecting C compiler ABI info - done
-- Check for working C compiler: C:/Users/aozks/AppData/Local/Temp/farmai_exact_tweedie_v1/toolchain_v1/mingw64/bin/gcc.exe - skipped
-- Detecting C compile features
-- Detecting C compile features - done
-- Detecting CXX compiler ABI info
-- Detecting CXX compiler ABI info - done
-- Check for working CXX compiler: C:/Users/aozks/AppData/Local/Temp/farmai_exact_tweedie_v1/toolchain_v1/mingw64/bin/g++.exe - skipped
-- Detecting CXX compile features
-- Detecting CXX compile features - done
-- Building using CMake version: 4.4.3
CMake Error at C:/Users/aozks/AppData/Local/Temp/farmai_exact_tweedie_v1/toolchain_v1/mingw64/share/cmake-4.4/Modules/FindPackageHandleStandardArgs.cmake:290 (message):
  Could NOT find OpenMP_C (missing: OpenMP_C_FLAGS OpenMP_C_LIB_NAMES)
Call Stack (most recent call first):
  C:/Users/aozks/AppData/Local/Temp/farmai_exact_tweedie_v1/toolchain_v1/mingw64/share/cmake-4.4/Modules/FindPackageHandleStandardArgs.cmake:654 (_FPHSA_FAILURE_MESSAGE)
  C:/Users/aozks/AppData/Local/Temp/farmai_exact_tweedie_v1/toolchain_v1/mingw64/share/cmake-4.4/Modules/FindOpenMP.cmake:736 (find_package_handle_standard_args)
  CMakeLists.txt:210 (find_package)


-- Configuring incomplete, errors occurred!
