[1/41] Building C object external_libs/nanoarrow/CMakeFiles/nanoarrow_static.dir/src/nanoarrow/common/schema.c.obj
[2/41] Building C object external_libs/nanoarrow/CMakeFiles/nanoarrow_static.dir/src/nanoarrow/common/array.c.obj
[3/41] Building C object external_libs/nanoarrow/CMakeFiles/nanoarrow_static.dir/src/nanoarrow/common/array_stream.c.obj
[4/41] Building C object external_libs/nanoarrow/CMakeFiles/nanoarrow_static.dir/src/nanoarrow/common/utils.c.obj
[5/41] Building CXX object CMakeFiles/lightgbm_objs.dir/src/boosting/boosting.cpp.obj
[6/41] Building CXX object CMakeFiles/lightgbm_objs.dir/src/boosting/gbdt_model_text.cpp.obj
[7/41] Building CXX object CMakeFiles/lightgbm_objs.dir/src/boosting/gbdt_prediction.cpp.obj
[8/41] Building CXX object CMakeFiles/lightgbm_objs.dir/src/boosting/prediction_early_stop.cpp.obj
[9/41] Building CXX object CMakeFiles/lightgbm_objs.dir/src/boosting/gbdt.cpp.obj
[10/41] Building CXX object CMakeFiles/lightgbm_objs.dir/src/boosting/sample_strategy.cpp.obj
[11/41] Building CXX object CMakeFiles/lightgbm_objs.dir/src/io/config_auto.cpp.obj
[12/41] Building CXX object CMakeFiles/lightgbm_objs.dir/src/io/config.cpp.obj
[13/41] Building CXX object CMakeFiles/lightgbm_objs.dir/src/io/dataset_loader.cpp.obj
[14/41] Building CXX object CMakeFiles/lightgbm_objs.dir/src/io/bin.cpp.obj
[15/41] Building CXX object CMakeFiles/lightgbm_objs.dir/src/io/file_io.cpp.obj
[16/41] Building CXX object CMakeFiles/lightgbm_objs.dir/src/io/dataset.cpp.obj
[17/41] Building CXX object CMakeFiles/lightgbm_objs.dir/src/io/json11.cpp.obj
[18/41] Building CXX object CMakeFiles/lightgbm_objs.dir/src/io/parser.cpp.obj
[19/41] Building CXX object CMakeFiles/lightgbm_objs.dir/src/io/train_share_states.cpp.obj
[20/41] Building CXX object CMakeFiles/lightgbm_objs.dir/src/io/metadata.cpp.obj
[21/41] Building CXX object CMakeFiles/lightgbm_objs.dir/src/metric/dcg_calculator.cpp.obj
[22/41] Building CXX object CMakeFiles/lightgbm_objs.dir/src/io/tree.cpp.obj
[23/41] Building CXX object CMakeFiles/lightgbm_objs.dir/src/metric/metric.cpp.obj
[24/41] Building CXX object CMakeFiles/lightgbm_objs.dir/src/network/linkers_mpi.cpp.obj
[25/41] Building CXX object CMakeFiles/lightgbm_objs.dir/src/network/linker_topo.cpp.obj
[26/41] Building CXX object CMakeFiles/lightgbm_objs.dir/src/network/network.cpp.obj
[27/41] Building CXX object CMakeFiles/lightgbm_objs.dir/src/network/linkers_socket.cpp.obj
[28/41] Building CXX object CMakeFiles/lightgbm_objs.dir/src/treelearner/data_parallel_tree_learner.cpp.obj
[29/41] Building CXX object CMakeFiles/lightgbm_objs.dir/src/objective/objective_function.cpp.obj
[30/41] Building CXX object CMakeFiles/lightgbm_objs.dir/src/treelearner/feature_parallel_tree_learner.cpp.obj
[31/41] Building CXX object CMakeFiles/lightgbm_objs.dir/src/treelearner/gpu_tree_learner.cpp.obj
[32/41] Building CXX object CMakeFiles/lightgbm_objs.dir/src/treelearner/gradient_discretizer.cpp.obj
[33/41] Building CXX object CMakeFiles/lightgbm_objs.dir/src/treelearner/linear_tree_learner.cpp.obj
[34/41] Building CXX object CMakeFiles/lightgbm_objs.dir/src/treelearner/feature_histogram.cpp.obj
[35/41] Building CXX object CMakeFiles/lightgbm_objs.dir/src/treelearner/tree_learner.cpp.obj
[36/41] Building CXX object CMakeFiles/lightgbm_objs.dir/src/treelearner/serial_tree_learner.cpp.obj
[37/41] Building CXX object CMakeFiles/lightgbm_objs.dir/src/utils/openmp_wrapper.cpp.obj
[38/41] Building CXX object CMakeFiles/lightgbm_capi_objs.dir/src/c_api.cpp.obj
[39/41] Linking C static library external_libs\nanoarrow\libnanoarrow_static.a
[40/41] Building CXX object CMakeFiles/lightgbm_objs.dir/src/treelearner/voting_parallel_tree_learner.cpp.obj
[41/41] Linking CXX shared library C:\Users\aozks\AppData\Local\Temp\farmai_exact_tweedie_v1\overlay_v1\lib_lightgbm.dll
