validator  seed    n  baseline  candidate  change_pct
        A     7 6336  0.214685   0.217581    1.348911
        A   101 6336  0.216246   0.218453    1.020675
        A  2024 6336  0.215872   0.217601    0.800871
        B     7 6312  0.200013   0.202141    1.063972
        B   101 6312  0.199782   0.201690    0.955167
        B  2024 6312  0.199705   0.201241    0.769005
   DIAG10     7 8640  0.181125   0.185722    2.538158
   DIAG10   101 8640  0.181679   0.186681    2.752937
   DIAG10  2024 8640  0.181728   0.185736    2.205617
    EXT10     7 1800  0.396781   0.400361    0.902393
    EXT10   101 1800  0.400067   0.399006   -0.265271
    EXT10  2024 1800  0.399158   0.399561    0.100905
    EXT12     7 4632  0.414170   0.411598   -0.621035
    EXT12   101 4632  0.412661   0.410829   -0.443884
    EXT12  2024 4632  0.410576   0.409353   -0.297923
{
  "status": "PASS",
  "decision": "REJECT",
  "public_pass": false,
  "family": 7,
  "alpha": 0.0035714285714285718,
  "bootstrap": {
    "7": {
      "p_worse": 1.0,
      "ci": [
        0.00040556321894312476,
        0.0031655361065837466
      ]
    },
    "101": {
      "p_worse": 0.9996,
      "ci": [
        0.0003774997080845079,
        0.0035472228701480236
      ]
    },
    "2024": {
      "p_worse": 0.996,
      "ci": [
        -2.9982129365913464e-05,
        0.003072362965442333
      ]
    }
  },
  "checks": 86702,
  "rows": 83160,
  "scalar_clipped_maxdiff": 2.220446049250313e-16,
  "split_audit": [
    {
      "validator": "DIAG10",
      "fold": 0,
      "train_days": 262,
      "valid_days": 38
    },
    {
      "validator": "DIAG10",
      "fold": 1,
      "train_days": 273,
      "valid_days": 30
    },
    {
      "validator": "DIAG10",
      "fold": 2,
      "train_days": 259,
      "valid_days": 40
    },
    {
      "validator": "DIAG10",
      "fold": 3,
      "train_days": 267,
      "valid_days": 33
    },
    {
      "validator": "DIAG10",
      "fold": 4,
      "train_days": 255,
      "valid_days": 40
    },
    {
      "validator": "DIAG10",
      "fold": 5,
      "train_days": 274,
      "valid_days": 28
    },
    {
      "validator": "DIAG10",
      "fold": 6,
      "train_days": 262,
      "valid_days": 40
    },
    {
      "validator": "DIAG10",
      "fold": 7,
      "train_days": 274,
      "valid_days": 31
    },
    {
      "validator": "DIAG10",
      "fold": 8,
      "train_days": 258,
      "valid_days": 40
    },
    {
      "validator": "DIAG10",
      "fold": 9,
      "train_days": 258,
      "valid_days": 40
    },
    {
      "validator": "A",
      "fold": 0,
      "train_days": 253,
      "valid_days": 53
    },
    {
      "validator": "A",
      "fold": 1,
      "train_days": 247,
      "valid_days": 55
    },
    {
      "validator": "A",
      "fold": 2,
      "train_days": 250,
      "valid_days": 53
    },
    {
      "validator": "A",
      "fold": 3,
      "train_days": 251,
      "valid_days": 52
    },
    {
      "validator": "A",
      "fold": 4,
      "train_days": 254,
      "valid_days": 51
    },
    {
      "validator": "B",
      "fold": 0,
      "train_days": 248,
      "valid_days": 53
    },
    {
      "validator": "B",
      "fold": 1,
      "train_days": 246,
      "valid_days": 55
    },
    {
      "validator": "B",
      "fold": 2,
      "train_days": 255,
      "valid_days": 51
    },
    {
      "validator": "B",
      "fold": 3,
      "train_days": 249,
      "valid_days": 54
    },
    {
      "validator": "B",
      "fold": 4,
      "train_days": 255,
      "valid_days": 50
    },
    {
      "validator": "EXT10",
      "fold": 0,
      "train_days": 191,
      "valid_days": 75
    },
    {
      "validator": "EXT12",
      "fold": 0,
      "train_days": 100,
      "valid_days": 193
    }
  ],
  "source_sha256": "8682b6432be99dbbce488f0790bb848eede74dec46ec50377402411217876c02",
  "analyzer_sha256": "b109e8fb6d9faf5b82b138293e8b443ab59295e05ffc7dfb35d814ffc90fca46"
}
