GB_CONST20 DIAG10 0 7 done
GB_CONST20 DIAG10 0 101 done
GB_CONST20 DIAG10 0 2024 done
GB_CONST20 DIAG10 1 7 done
GB_CONST20 DIAG10 1 101 done
GB_CONST20 DIAG10 1 2024 done
GB_CONST20 DIAG10 2 7 done
GB_CONST20 DIAG10 2 101 done
GB_CONST20 DIAG10 2 2024 done
GB_CONST20 DIAG10 3 7 done
GB_CONST20 DIAG10 3 101 done
GB_CONST20 DIAG10 3 2024 done
GB_CONST20 DIAG10 4 7 done
GB_CONST20 DIAG10 4 101 done
GB_CONST20 DIAG10 4 2024 done
GB_CONST20 DIAG10 5 7 done
GB_CONST20 DIAG10 5 101 done
GB_CONST20 DIAG10 5 2024 done
GB_CONST20 DIAG10 6 7 done
GB_CONST20 DIAG10 6 101 done
GB_CONST20 DIAG10 6 2024 done
GB_CONST20 DIAG10 7 7 done
GB_CONST20 DIAG10 7 101 done
GB_CONST20 DIAG10 7 2024 done
GB_CONST20 DIAG10 8 7 done
GB_CONST20 DIAG10 8 101 done
GB_CONST20 DIAG10 8 2024 done
GB_CONST20 DIAG10 9 7 done
GB_CONST20 DIAG10 9 101 done
GB_CONST20 DIAG10 9 2024 done
GB_CONST20 A 0 7 done
GB_CONST20 A 0 101 done
GB_CONST20 A 0 2024 done
GB_CONST20 A 1 7 done
GB_CONST20 A 1 101 done
GB_CONST20 A 1 2024 done
GB_CONST20 A 2 7 done
GB_CONST20 A 2 101 done
GB_CONST20 A 2 2024 done
GB_CONST20 A 3 7 done
GB_CONST20 A 3 101 done
GB_CONST20 A 3 2024 done
GB_CONST20 A 4 7 done
GB_CONST20 A 4 101 done
GB_CONST20 A 4 2024 done
GB_CONST20 B 0 7 done
GB_CONST20 B 0 101 done
GB_CONST20 B 0 2024 done
GB_CONST20 B 1 7 done
GB_CONST20 B 1 101 done
GB_CONST20 B 1 2024 done
GB_CONST20 B 2 7 done
GB_CONST20 B 2 101 done
GB_CONST20 B 2 2024 done
GB_CONST20 B 3 7 done
GB_CONST20 B 3 101 done
GB_CONST20 B 3 2024 done
GB_CONST20 B 4 7 done
GB_CONST20 B 4 101 done
GB_CONST20 B 4 2024 done
GB_CONST20 EXT10 0 7 done
GB_CONST20 EXT10 0 101 done
GB_CONST20 EXT10 0 2024 done
GB_CONST20 EXT12 0 7 done
GB_CONST20 EXT12 0 101 done
GB_CONST20 EXT12 0 2024 done
GB_LINEAR20 DIAG10 0 7 done
GB_LINEAR20 DIAG10 0 101 done
GB_LINEAR20 DIAG10 0 2024 done
GB_LINEAR20 DIAG10 1 7 done
GB_LINEAR20 DIAG10 1 101 done
GB_LINEAR20 DIAG10 1 2024 done
GB_LINEAR20 DIAG10 2 7 done
GB_LINEAR20 DIAG10 2 101 done
GB_LINEAR20 DIAG10 2 2024 done
GB_LINEAR20 DIAG10 3 7 done
GB_LINEAR20 DIAG10 3 101 done
GB_LINEAR20 DIAG10 3 2024 done
GB_LINEAR20 DIAG10 4 7 done
GB_LINEAR20 DIAG10 4 101 done
GB_LINEAR20 DIAG10 4 2024 done
GB_LINEAR20 DIAG10 5 7 done
GB_LINEAR20 DIAG10 5 101 done
GB_LINEAR20 DIAG10 5 2024 done
GB_LINEAR20 DIAG10 6 7 done
GB_LINEAR20 DIAG10 6 101 done
GB_LINEAR20 DIAG10 6 2024 done
GB_LINEAR20 DIAG10 7 7 done
GB_LINEAR20 DIAG10 7 101 done
GB_LINEAR20 DIAG10 7 2024 done
GB_LINEAR20 DIAG10 8 7 done
GB_LINEAR20 DIAG10 8 101 done
GB_LINEAR20 DIAG10 8 2024 done
GB_LINEAR20 DIAG10 9 7 done
GB_LINEAR20 DIAG10 9 101 done
GB_LINEAR20 DIAG10 9 2024 done
GB_LINEAR20 A 0 7 done
GB_LINEAR20 A 0 101 done
GB_LINEAR20 A 0 2024 done
GB_LINEAR20 A 1 7 done
GB_LINEAR20 A 1 101 done
GB_LINEAR20 A 1 2024 done
GB_LINEAR20 A 2 7 done
GB_LINEAR20 A 2 101 done
GB_LINEAR20 A 2 2024 done
GB_LINEAR20 A 3 7 done
GB_LINEAR20 A 3 101 done
GB_LINEAR20 A 3 2024 done
GB_LINEAR20 A 4 7 done
GB_LINEAR20 A 4 101 done
GB_LINEAR20 A 4 2024 done
GB_LINEAR20 B 0 7 done
GB_LINEAR20 B 0 101 done
GB_LINEAR20 B 0 2024 done
GB_LINEAR20 B 1 7 done
GB_LINEAR20 B 1 101 done
GB_LINEAR20 B 1 2024 done
GB_LINEAR20 B 2 7 done
GB_LINEAR20 B 2 101 done
GB_LINEAR20 B 2 2024 done
GB_LINEAR20 B 3 7 done
GB_LINEAR20 B 3 101 done
GB_LINEAR20 B 3 2024 done
GB_LINEAR20 B 4 7 done
GB_LINEAR20 B 4 101 done
GB_LINEAR20 B 4 2024 done
GB_LINEAR20 EXT10 0 7 done
GB_LINEAR20 EXT10 0 101 done
GB_LINEAR20 EXT10 0 2024 done
GB_LINEAR20 EXT12 0 7 done
GB_LINEAR20 EXT12 0 101 done
GB_LINEAR20 EXT12 0 2024 done
ALL_FITS_COMPLETE
