START DIAG10/0 train=6288 val=912 elapsed=50.5s
DONE DIAG10/0 seed=7 r3_match=8.88e-16 pfn_roundtrip=2.22e-16
DONE DIAG10/0 seed=101 r3_match=4.44e-16 pfn_roundtrip=2.22e-16
DONE DIAG10/0 seed=2024 r3_match=3.33e-16 pfn_roundtrip=2.22e-16
START DIAG10/1 train=6552 val=720 elapsed=149.3s
DONE DIAG10/1 seed=7 r3_match=2.22e-16 pfn_roundtrip=2.22e-16
DONE DIAG10/1 seed=101 r3_match=2.22e-16 pfn_roundtrip=2.22e-16
DONE DIAG10/1 seed=2024 r3_match=6.66e-16 pfn_roundtrip=2.22e-16
START DIAG10/2 train=6216 val=960 elapsed=248.0s
DONE DIAG10/2 seed=7 r3_match=5e-16 pfn_roundtrip=2.22e-16
DONE DIAG10/2 seed=101 r3_match=2.22e-16 pfn_roundtrip=4.44e-16
DONE DIAG10/2 seed=2024 r3_match=4.44e-16 pfn_roundtrip=2.22e-16
START DIAG10/3 train=6408 val=792 elapsed=342.4s
DONE DIAG10/3 seed=7 r3_match=4.44e-16 pfn_roundtrip=4.44e-16
DONE DIAG10/3 seed=101 r3_match=4.44e-16 pfn_roundtrip=2.22e-16
DONE DIAG10/3 seed=2024 r3_match=6.66e-16 pfn_roundtrip=4.44e-16
START DIAG10/4 train=6120 val=960 elapsed=431.2s
DONE DIAG10/4 seed=7 r3_match=4.44e-16 pfn_roundtrip=2.22e-16
DONE DIAG10/4 seed=101 r3_match=4.44e-16 pfn_roundtrip=4.44e-16
DONE DIAG10/4 seed=2024 r3_match=4.44e-16 pfn_roundtrip=2.22e-16
START DIAG10/5 train=6576 val=672 elapsed=524.4s
DONE DIAG10/5 seed=7 r3_match=3.89e-14 pfn_roundtrip=2.22e-16
DONE DIAG10/5 seed=101 r3_match=1.05e-15 pfn_roundtrip=2.22e-16
DONE DIAG10/5 seed=2024 r3_match=4.44e-16 pfn_roundtrip=4.44e-16
START DIAG10/6 train=6288 val=960 elapsed=625.8s
DONE DIAG10/6 seed=7 r3_match=1.67e-14 pfn_roundtrip=4.44e-16
DONE DIAG10/6 seed=101 r3_match=4.44e-16 pfn_roundtrip=4.44e-16
DONE DIAG10/6 seed=2024 r3_match=4.44e-16 pfn_roundtrip=4.44e-16
START DIAG10/7 train=6576 val=744 elapsed=719.3s
DONE DIAG10/7 seed=7 r3_match=1.65e-13 pfn_roundtrip=4.44e-16
DONE DIAG10/7 seed=101 r3_match=4.44e-16 pfn_roundtrip=4.44e-16
DONE DIAG10/7 seed=2024 r3_match=4.44e-16 pfn_roundtrip=6.66e-16
START DIAG10/8 train=6192 val=960 elapsed=811.8s
DONE DIAG10/8 seed=7 r3_match=4.44e-16 pfn_roundtrip=4.44e-16
DONE DIAG10/8 seed=101 r3_match=4.44e-16 pfn_roundtrip=4.44e-16
DONE DIAG10/8 seed=2024 r3_match=4.44e-16 pfn_roundtrip=2.22e-16
START DIAG10/9 train=6192 val=960 elapsed=896.5s
DONE DIAG10/9 seed=7 r3_match=2.66e-15 pfn_roundtrip=4.44e-16
DONE DIAG10/9 seed=101 r3_match=4.44e-16 pfn_roundtrip=4.44e-16
DONE DIAG10/9 seed=2024 r3_match=4.44e-16 pfn_roundtrip=2.22e-16
START A/0 train=6072 val=1272 elapsed=974.8s
DONE A/0 seed=7 r3_match=2.22e-16 pfn_roundtrip=2.22e-16
DONE A/0 seed=101 r3_match=2.22e-16 pfn_roundtrip=2.22e-16
DONE A/0 seed=2024 r3_match=2.22e-16 pfn_roundtrip=2.22e-16
START A/1 train=5928 val=1320 elapsed=976.0s
DONE A/1 seed=7 r3_match=1.27e-13 pfn_roundtrip=4.44e-16
DONE A/1 seed=101 r3_match=2.44e-15 pfn_roundtrip=4.44e-16
DONE A/1 seed=2024 r3_match=2.66e-15 pfn_roundtrip=2.22e-16
START A/2 train=6000 val=1272 elapsed=977.3s
DONE A/2 seed=7 r3_match=4.44e-16 pfn_roundtrip=4.44e-16
DONE A/2 seed=101 r3_match=4.44e-16 pfn_roundtrip=4.44e-16
DONE A/2 seed=2024 r3_match=5.55e-16 pfn_roundtrip=4.44e-16
START A/3 train=6024 val=1248 elapsed=978.5s
DONE A/3 seed=7 r3_match=4.44e-16 pfn_roundtrip=4.44e-16
DONE A/3 seed=101 r3_match=4.44e-16 pfn_roundtrip=4.44e-16
DONE A/3 seed=2024 r3_match=6.11e-16 pfn_roundtrip=2.22e-16
START A/4 train=6096 val=1224 elapsed=979.8s
DONE A/4 seed=7 r3_match=7.77e-16 pfn_roundtrip=4.44e-16
DONE A/4 seed=101 r3_match=1.17e-15 pfn_roundtrip=2.22e-16
DONE A/4 seed=2024 r3_match=4.44e-16 pfn_roundtrip=2.22e-16
START B/0 train=5952 val=1272 elapsed=981.2s
DONE B/0 seed=7 r3_match=2.22e-16 pfn_roundtrip=2.22e-16
DONE B/0 seed=101 r3_match=6.66e-16 pfn_roundtrip=2.22e-16
DONE B/0 seed=2024 r3_match=4.44e-16 pfn_roundtrip=2.22e-16
START B/1 train=5904 val=1320 elapsed=1029.0s
DONE B/1 seed=7 r3_match=2.22e-16 pfn_roundtrip=2.22e-16
DONE B/1 seed=101 r3_match=2.22e-16 pfn_roundtrip=2.22e-16
DONE B/1 seed=2024 r3_match=2.22e-16 pfn_roundtrip=1.11e-16
START B/2 train=6120 val=1224 elapsed=1030.0s
DONE B/2 seed=7 r3_match=4.44e-16 pfn_roundtrip=4.44e-16
DONE B/2 seed=101 r3_match=2.22e-16 pfn_roundtrip=2.22e-16
DONE B/2 seed=2024 r3_match=2.22e-16 pfn_roundtrip=2.22e-16
START B/3 train=5976 val=1296 elapsed=1031.2s
DONE B/3 seed=7 r3_match=4.44e-16 pfn_roundtrip=4.44e-16
DONE B/3 seed=101 r3_match=5e-16 pfn_roundtrip=4.44e-16
DONE B/3 seed=2024 r3_match=2.22e-16 pfn_roundtrip=4.44e-16
START B/4 train=6120 val=1200 elapsed=1032.4s
DONE B/4 seed=7 r3_match=7.99e-15 pfn_roundtrip=4.44e-16
DONE B/4 seed=101 r3_match=1.33e-15 pfn_roundtrip=4.44e-16
DONE B/4 seed=2024 r3_match=1.55e-15 pfn_roundtrip=4.44e-16
START EXT10/0 train=4584 val=1800 elapsed=1033.8s
DONE EXT10/0 seed=7 r3_match=1.28e-15 pfn_roundtrip=4.44e-16
DONE EXT10/0 seed=101 r3_match=1.11e-15 pfn_roundtrip=2.22e-16
DONE EXT10/0 seed=2024 r3_match=4.44e-16 pfn_roundtrip=2.22e-16
START EXT12/0 train=2400 val=4632 elapsed=1035.6s
DONE EXT12/0 seed=7 r3_match=1.11e-15 pfn_roundtrip=2.22e-16
DONE EXT12/0 seed=101 r3_match=7.77e-16 pfn_roundtrip=2.22e-16
DONE EXT12/0 seed=2024 r3_match=5.55e-16 pfn_roundtrip=2.22e-16
MEMBER ABLATION COMPLETE
