validator  seed    n  baseline  candidate  change_pct
        A     7 6336  0.214685   0.218856    1.942733
        A   101 6336  0.216246   0.220397    1.919636
        A  2024 6336  0.215872   0.217752    0.870751
        B     7 6312  0.200013   0.202394    1.190580
        B   101 6312  0.199782   0.203584    1.903220
        B  2024 6312  0.199705   0.201506    0.902109
   DIAG10     7 8640  0.181125   0.181796    0.370370
   DIAG10   101 8640  0.181679   0.181804    0.068674
   DIAG10  2024 8640  0.181728   0.181422   -0.168209
    EXT10     7 1800  0.396781   0.396476   -0.076809
    EXT10   101 1800  0.400067   0.398575   -0.373055
    EXT10  2024 1800  0.399158   0.400397    0.310242
    EXT12     7 4632  0.414170   0.415007    0.202227
    EXT12   101 4632  0.412661   0.413913    0.303499
    EXT12  2024 4632  0.410576   0.413308    0.665420
{
  "status": "PASS",
  "decision": "REJECT",
  "public_pass": false,
  "family": 5,
  "alpha": 0.005,
  "bootstrap": {
    "7": {
      "p_worse": 0.6877,
      "ci": [
        -0.001011433161469688,
        0.0016315800304642777
      ]
    },
    "101": {
      "p_worse": 0.5258,
      "ci": [
        -0.0011981091027595744,
        0.0014331584408890426
      ]
    },
    "2024": {
      "p_worse": 0.4175,
      "ci": [
        -0.00162465390503711,
        0.0014765324941707183
      ]
    }
  },
  "checks": 86702,
  "rows": 83160,
  "scalar_clipped_maxdiff": 2.220446049250313e-16,
  "split_audit": [
    {
      "validator": "DIAG10",
      "fold": 0,
      "train_days": 262,
      "valid_days": 38
    },
    {
      "validator": "DIAG10",
      "fold": 1,
      "train_days": 273,
      "valid_days": 30
    },
    {
      "validator": "DIAG10",
      "fold": 2,
      "train_days": 259,
      "valid_days": 40
    },
    {
      "validator": "DIAG10",
      "fold": 3,
      "train_days": 267,
      "valid_days": 33
    },
    {
      "validator": "DIAG10",
      "fold": 4,
      "train_days": 255,
      "valid_days": 40
    },
    {
      "validator": "DIAG10",
      "fold": 5,
      "train_days": 274,
      "valid_days": 28
    },
    {
      "validator": "DIAG10",
      "fold": 6,
      "train_days": 262,
      "valid_days": 40
    },
    {
      "validator": "DIAG10",
      "fold": 7,
      "train_days": 274,
      "valid_days": 31
    },
    {
      "validator": "DIAG10",
      "fold": 8,
      "train_days": 258,
      "valid_days": 40
    },
    {
      "validator": "DIAG10",
      "fold": 9,
      "train_days": 258,
      "valid_days": 40
    },
    {
      "validator": "A",
      "fold": 0,
      "train_days": 253,
      "valid_days": 53
    },
    {
      "validator": "A",
      "fold": 1,
      "train_days": 247,
      "valid_days": 55
    },
    {
      "validator": "A",
      "fold": 2,
      "train_days": 250,
      "valid_days": 53
    },
    {
      "validator": "A",
      "fold": 3,
      "train_days": 251,
      "valid_days": 52
    },
    {
      "validator": "A",
      "fold": 4,
      "train_days": 254,
      "valid_days": 51
    },
    {
      "validator": "B",
      "fold": 0,
      "train_days": 248,
      "valid_days": 53
    },
    {
      "validator": "B",
      "fold": 1,
      "train_days": 246,
      "valid_days": 55
    },
    {
      "validator": "B",
      "fold": 2,
      "train_days": 255,
      "valid_days": 51
    },
    {
      "validator": "B",
      "fold": 3,
      "train_days": 249,
      "valid_days": 54
    },
    {
      "validator": "B",
      "fold": 4,
      "train_days": 255,
      "valid_days": 50
    },
    {
      "validator": "EXT10",
      "fold": 0,
      "train_days": 191,
      "valid_days": 75
    },
    {
      "validator": "EXT12",
      "fold": 0,
      "train_days": 100,
      "valid_days": 193
    }
  ],
  "source_sha256": "c79727f913239f8c7cbfcd8462f19506fa42ff214d96d55185570b3ffb79f019",
  "analyzer_sha256": "44996cdc31cbdcab30fe5cf069aaf22a81c3a49376a5519e701ba29fc0d22c03"
}
