validator  seed    n  baseline  candidate  change_pct
        A     7 6336  0.214685   0.214010   -0.314403
        A   101 6336  0.216246   0.215615   -0.291730
        A  2024 6336  0.215872   0.215174   -0.323568
        B     7 6312  0.200013   0.199692   -0.160591
        B   101 6312  0.199782   0.199452   -0.165085
        B  2024 6312  0.199705   0.199491   -0.107326
   DIAG10     7 8640  0.181125   0.181789    0.366755
   DIAG10   101 8640  0.181679   0.182329    0.357468
   DIAG10  2024 8640  0.181728   0.182319    0.325613
    EXT10     7 1800  0.396781   0.394798   -0.499773
    EXT10   101 1800  0.400067   0.397978   -0.522124
    EXT10  2024 1800  0.399158   0.397181   -0.495277
    EXT12     7 4632  0.414170   0.414041   -0.031175
    EXT12   101 4632  0.412661   0.412296   -0.088299
    EXT12  2024 4632  0.410576   0.410405   -0.041778
{
  "status": "PASS",
  "decision": "REJECT",
  "public_pass": false,
  "family": 5,
  "alpha": 0.005,
  "bootstrap": {
    "7": {
      "p_worse": 0.8807,
      "ci": [
        -0.0002493336041095885,
        0.0008561027819296881
      ]
    },
    "101": {
      "p_worse": 0.8644,
      "ci": [
        -0.0002584576063311554,
        0.0008607729288980679
      ]
    },
    "2024": {
      "p_worse": 0.84695,
      "ci": [
        -0.00027617275162664074,
        0.0008143336785327189
      ]
    }
  },
  "checks": 86702,
  "rows": 83160,
  "scalar_clipped_maxdiff": 0,
  "split_audit": [
    {
      "validator": "DIAG10",
      "fold": 0,
      "train_days": 262,
      "valid_days": 38
    },
    {
      "validator": "DIAG10",
      "fold": 1,
      "train_days": 273,
      "valid_days": 30
    },
    {
      "validator": "DIAG10",
      "fold": 2,
      "train_days": 259,
      "valid_days": 40
    },
    {
      "validator": "DIAG10",
      "fold": 3,
      "train_days": 267,
      "valid_days": 33
    },
    {
      "validator": "DIAG10",
      "fold": 4,
      "train_days": 255,
      "valid_days": 40
    },
    {
      "validator": "DIAG10",
      "fold": 5,
      "train_days": 274,
      "valid_days": 28
    },
    {
      "validator": "DIAG10",
      "fold": 6,
      "train_days": 262,
      "valid_days": 40
    },
    {
      "validator": "DIAG10",
      "fold": 7,
      "train_days": 274,
      "valid_days": 31
    },
    {
      "validator": "DIAG10",
      "fold": 8,
      "train_days": 258,
      "valid_days": 40
    },
    {
      "validator": "DIAG10",
      "fold": 9,
      "train_days": 258,
      "valid_days": 40
    },
    {
      "validator": "A",
      "fold": 0,
      "train_days": 253,
      "valid_days": 53
    },
    {
      "validator": "A",
      "fold": 1,
      "train_days": 247,
      "valid_days": 55
    },
    {
      "validator": "A",
      "fold": 2,
      "train_days": 250,
      "valid_days": 53
    },
    {
      "validator": "A",
      "fold": 3,
      "train_days": 251,
      "valid_days": 52
    },
    {
      "validator": "A",
      "fold": 4,
      "train_days": 254,
      "valid_days": 51
    },
    {
      "validator": "B",
      "fold": 0,
      "train_days": 248,
      "valid_days": 53
    },
    {
      "validator": "B",
      "fold": 1,
      "train_days": 246,
      "valid_days": 55
    },
    {
      "validator": "B",
      "fold": 2,
      "train_days": 255,
      "valid_days": 51
    },
    {
      "validator": "B",
      "fold": 3,
      "train_days": 249,
      "valid_days": 54
    },
    {
      "validator": "B",
      "fold": 4,
      "train_days": 255,
      "valid_days": 50
    },
    {
      "validator": "EXT10",
      "fold": 0,
      "train_days": 191,
      "valid_days": 75
    },
    {
      "validator": "EXT12",
      "fold": 0,
      "train_days": 100,
      "valid_days": 193
    }
  ],
  "source_sha256": "0fa1d036daa70c6b5b7453ad3324784ade445544ce9161ee09724d87e8c4e460",
  "analyzer_sha256": "096bfb90756756d1e9511fb15a1ff0b323c6b1b5386fdb579b512e1b70c33a1f"
}
