PREP DIAG10 0
PREP DIAG10 1
PREP DIAG10 2
PREP DIAG10 3
PREP DIAG10 4
PREP DIAG10 5
PREP DIAG10 6
PREP DIAG10 7
PREP DIAG10 8
PREP DIAG10 9
PREP A 0
PREP A 1
PREP A 2
PREP A 3
PREP A 4
PREP B 0
PREP B 1
PREP B 2
PREP B 3
PREP B 4
PREP EXT10 0
PREP EXT12 0
HARD_PROXY DIAG10 0 7 0
HARD_PROXY DIAG10 0 7 1
HARD_PROXY DIAG10 0 7 2
HARD_PROXY DIAG10 0 7 3
HARD_FIT DIAG10 0 7
HARD_PROXY DIAG10 0 101 0
HARD_PROXY DIAG10 0 101 1
HARD_PROXY DIAG10 0 101 2
HARD_PROXY DIAG10 0 101 3
HARD_FIT DIAG10 0 101
HARD_PROXY DIAG10 0 2024 0
HARD_PROXY DIAG10 0 2024 1
HARD_PROXY DIAG10 0 2024 2
HARD_PROXY DIAG10 0 2024 3
HARD_FIT DIAG10 0 2024
HARD_PROXY DIAG10 1 7 0
HARD_PROXY DIAG10 1 7 1
HARD_PROXY DIAG10 1 7 2
HARD_PROXY DIAG10 1 7 3
HARD_FIT DIAG10 1 7
HARD_PROXY DIAG10 1 101 0
HARD_PROXY DIAG10 1 101 1
HARD_PROXY DIAG10 1 101 2
HARD_PROXY DIAG10 1 101 3
HARD_FIT DIAG10 1 101
HARD_PROXY DIAG10 1 2024 0
HARD_PROXY DIAG10 1 2024 1
HARD_PROXY DIAG10 1 2024 2
HARD_PROXY DIAG10 1 2024 3
HARD_FIT DIAG10 1 2024
HARD_PROXY DIAG10 2 7 0
HARD_PROXY DIAG10 2 7 1
HARD_PROXY DIAG10 2 7 2
HARD_PROXY DIAG10 2 7 3
HARD_FIT DIAG10 2 7
HARD_PROXY DIAG10 2 101 0
HARD_PROXY DIAG10 2 101 1
HARD_PROXY DIAG10 2 101 2
HARD_PROXY DIAG10 2 101 3
HARD_FIT DIAG10 2 101
HARD_PROXY DIAG10 2 2024 0
HARD_PROXY DIAG10 2 2024 1
HARD_PROXY DIAG10 2 2024 2
HARD_PROXY DIAG10 2 2024 3
HARD_FIT DIAG10 2 2024
HARD_PROXY DIAG10 3 7 0
HARD_PROXY DIAG10 3 7 1
HARD_PROXY DIAG10 3 7 2
HARD_PROXY DIAG10 3 7 3
HARD_FIT DIAG10 3 7
HARD_PROXY DIAG10 3 101 0
HARD_PROXY DIAG10 3 101 1
HARD_PROXY DIAG10 3 101 2
HARD_PROXY DIAG10 3 101 3
