PREP DIAG10 0
PREP DIAG10 1
PREP DIAG10 2
PREP DIAG10 3
PREP DIAG10 4
PREP DIAG10 5
PREP DIAG10 6
PREP DIAG10 7
PREP DIAG10 8
PREP DIAG10 9
PREP A 0
PREP A 1
PREP A 2
PREP A 3
PREP A 4
PREP B 0
PREP B 1
PREP B 2
PREP B 3
PREP B 4
PREP EXT10 0
PREP EXT12 0
HARD_RESUME {'v': 'DIAG10', 'k': 0, 's': 7, 'status': 'REUSED_SERIAL_COMPLETE'} 1 / 60
HARD_RESUME {'v': 'DIAG10', 'k': 0, 's': 101, 'status': 'REUSED_SERIAL_COMPLETE'} 2 / 60
HARD_RESUME {'v': 'DIAG10', 'k': 0, 's': 2024, 'status': 'REUSED_SERIAL_COMPLETE'} 3 / 60
HARD_RESUME {'v': 'DIAG10', 'k': 1, 's': 7, 'status': 'REUSED_SERIAL_COMPLETE'} 4 / 60
HARD_RESUME {'v': 'DIAG10', 'k': 1, 's': 101, 'status': 'REUSED_SERIAL_COMPLETE'} 5 / 60
HARD_RESUME {'v': 'DIAG10', 'k': 1, 's': 2024, 'status': 'REUSED_SERIAL_COMPLETE'} 6 / 60
HARD_RESUME {'v': 'DIAG10', 'k': 2, 's': 7, 'status': 'REUSED_SERIAL_COMPLETE'} 7 / 60
HARD_RESUME {'v': 'DIAG10', 'k': 2, 's': 101, 'status': 'REUSED_SERIAL_COMPLETE'} 8 / 60
HARD_RESUME {'v': 'DIAG10', 'k': 2, 's': 2024, 'status': 'REUSED_SERIAL_COMPLETE'} 9 / 60
HARD_RESUME {'v': 'DIAG10', 'k': 3, 's': 7, 'status': 'REUSED_SERIAL_COMPLETE'} 10 / 60
HARD_RESUME {'v': 'DIAG10', 'k': 4, 's': 7, 'status': 'SAME_SPEC_PARALLEL_RESUME', 'reused_proxy': False} 11 / 60
HARD_RESUME {'v': 'DIAG10', 'k': 3, 's': 2024, 'status': 'SAME_SPEC_PARALLEL_RESUME', 'reused_proxy': False} 12 / 60
HARD_RESUME {'v': 'DIAG10', 'k': 3, 's': 101, 'status': 'SAME_SPEC_PARALLEL_RESUME', 'reused_proxy': False} 13 / 60
HARD_RESUME {'v': 'DIAG10', 'k': 4, 's': 101, 'status': 'SAME_SPEC_PARALLEL_RESUME', 'reused_proxy': False} 14 / 60
HARD_RESUME {'v': 'DIAG10', 'k': 5, 's': 7, 'status': 'SAME_SPEC_PARALLEL_RESUME', 'reused_proxy': False} 15 / 60
HARD_RESUME {'v': 'DIAG10', 'k': 4, 's': 2024, 'status': 'SAME_SPEC_PARALLEL_RESUME', 'reused_proxy': False} 16 / 60
HARD_RESUME {'v': 'DIAG10', 'k': 5, 's': 101, 'status': 'SAME_SPEC_PARALLEL_RESUME', 'reused_proxy': False} 17 / 60
HARD_RESUME {'v': 'DIAG10', 'k': 6, 's': 7, 'status': 'SAME_SPEC_PARALLEL_RESUME', 'reused_proxy': False} 18 / 60
HARD_RESUME {'v': 'DIAG10', 'k': 5, 's': 2024, 'status': 'SAME_SPEC_PARALLEL_RESUME', 'reused_proxy': False} 19 / 60
HARD_RESUME {'v': 'DIAG10', 'k': 6, 's': 101, 'status': 'SAME_SPEC_PARALLEL_RESUME', 'reused_proxy': False} 20 / 60
HARD_RESUME {'v': 'DIAG10', 'k': 7, 's': 7, 'status': 'SAME_SPEC_PARALLEL_RESUME', 'reused_proxy': False} 21 / 60
HARD_RESUME {'v': 'DIAG10', 'k': 6, 's': 2024, 'status': 'SAME_SPEC_PARALLEL_RESUME', 'reused_proxy': False} 22 / 60
HARD_RESUME {'v': 'DIAG10', 'k': 7, 's': 101, 'status': 'SAME_SPEC_PARALLEL_RESUME', 'reused_proxy': False} 23 / 60
HARD_RESUME {'v': 'DIAG10', 'k': 8, 's': 7, 'status': 'SAME_SPEC_PARALLEL_RESUME', 'reused_proxy': False} 24 / 60
HARD_RESUME {'v': 'DIAG10', 'k': 7, 's': 2024, 'status': 'SAME_SPEC_PARALLEL_RESUME', 'reused_proxy': False} 25 / 60
HARD_RESUME {'v': 'DIAG10', 'k': 8, 's': 101, 'status': 'SAME_SPEC_PARALLEL_RESUME', 'reused_proxy': False} 26 / 60
HARD_RESUME {'v': 'DIAG10', 'k': 8, 's': 2024, 'status': 'SAME_SPEC_PARALLEL_RESUME', 'reused_proxy': False} 27 / 60
HARD_RESUME {'v': 'DIAG10', 'k': 9, 's': 7, 'status': 'SAME_SPEC_PARALLEL_RESUME', 'reused_proxy': False} 28 / 60
HARD_RESUME {'v': 'DIAG10', 'k': 9, 's': 101, 'status': 'SAME_SPEC_PARALLEL_RESUME', 'reused_proxy': False} 29 / 60
HARD_RESUME {'v': 'A', 'k': 0, 's': 7, 'status': 'SAME_SPEC_PARALLEL_RESUME', 'reused_proxy': False} 30 / 60
HARD_RESUME {'v': 'DIAG10', 'k': 9, 's': 2024, 'status': 'SAME_SPEC_PARALLEL_RESUME', 'reused_proxy': False} 31 / 60
HARD_RESUME {'v': 'A', 'k': 0, 's': 101, 'status': 'SAME_SPEC_PARALLEL_RESUME', 'reused_proxy': False} 32 / 60
HARD_RESUME {'v': 'A', 'k': 1, 's': 7, 'status': 'SAME_SPEC_PARALLEL_RESUME', 'reused_proxy': False} 33 / 60
HARD_RESUME {'v': 'A', 'k': 0, 's': 2024, 'status': 'SAME_SPEC_PARALLEL_RESUME', 'reused_proxy': False} 34 / 60
HARD_RESUME {'v': 'A', 'k': 1, 's': 101, 'status': 'SAME_SPEC_PARALLEL_RESUME', 'reused_proxy': False} 35 / 60
HARD_RESUME {'v': 'A', 'k': 1, 's': 2024, 'status': 'SAME_SPEC_PARALLEL_RESUME', 'reused_proxy': False} 36 / 60
HARD_RESUME {'v': 'A', 'k': 2, 's': 7, 'status': 'SAME_SPEC_PARALLEL_RESUME', 'reused_proxy': False} 37 / 60
HARD_RESUME {'v': 'A', 'k': 2, 's': 101, 'status': 'SAME_SPEC_PARALLEL_RESUME', 'reused_proxy': False} 38 / 60
HARD_RESUME {'v': 'A', 'k': 2, 's': 2024, 'status': 'SAME_SPEC_PARALLEL_RESUME', 'reused_proxy': False} 39 / 60
HARD_RESUME {'v': 'A', 'k': 3, 's': 7, 'status': 'SAME_SPEC_PARALLEL_RESUME', 'reused_proxy': False} 40 / 60
HARD_RESUME {'v': 'A', 'k': 3, 's': 101, 'status': 'SAME_SPEC_PARALLEL_RESUME', 'reused_proxy': False} 41 / 60
HARD_RESUME {'v': 'A', 'k': 3, 's': 2024, 'status': 'SAME_SPEC_PARALLEL_RESUME', 'reused_proxy': False} 42 / 60
HARD_RESUME {'v': 'A', 'k': 4, 's': 7, 'status': 'SAME_SPEC_PARALLEL_RESUME', 'reused_proxy': False} 43 / 60
HARD_RESUME {'v': 'A', 'k': 4, 's': 101, 'status': 'SAME_SPEC_PARALLEL_RESUME', 'reused_proxy': False} 44 / 60
HARD_RESUME {'v': 'A', 'k': 4, 's': 2024, 'status': 'SAME_SPEC_PARALLEL_RESUME', 'reused_proxy': False} 45 / 60
HARD_RESUME {'v': 'B', 'k': 0, 's': 7, 'status': 'SAME_SPEC_PARALLEL_RESUME', 'reused_proxy': False} 46 / 60
HARD_RESUME {'v': 'B', 'k': 0, 's': 101, 'status': 'SAME_SPEC_PARALLEL_RESUME', 'reused_proxy': False} 47 / 60
HARD_RESUME {'v': 'B', 'k': 0, 's': 2024, 'status': 'SAME_SPEC_PARALLEL_RESUME', 'reused_proxy': False} 48 / 60
HARD_RESUME {'v': 'B', 'k': 1, 's': 7, 'status': 'SAME_SPEC_PARALLEL_RESUME', 'reused_proxy': False} 49 / 60
HARD_RESUME {'v': 'B', 'k': 1, 's': 101, 'status': 'SAME_SPEC_PARALLEL_RESUME', 'reused_proxy': False} 50 / 60
HARD_RESUME {'v': 'B', 'k': 1, 's': 2024, 'status': 'SAME_SPEC_PARALLEL_RESUME', 'reused_proxy': False} 51 / 60
HARD_RESUME {'v': 'B', 'k': 2, 's': 7, 'status': 'SAME_SPEC_PARALLEL_RESUME', 'reused_proxy': False} 52 / 60
HARD_RESUME {'v': 'B', 'k': 2, 's': 101, 'status': 'SAME_SPEC_PARALLEL_RESUME', 'reused_proxy': False} 53 / 60
HARD_RESUME {'v': 'B', 'k': 2, 's': 2024, 'status': 'SAME_SPEC_PARALLEL_RESUME', 'reused_proxy': False} 54 / 60
HARD_RESUME {'v': 'B', 'k': 3, 's': 7, 'status': 'SAME_SPEC_PARALLEL_RESUME', 'reused_proxy': False} 55 / 60
HARD_RESUME {'v': 'B', 'k': 3, 's': 101, 'status': 'SAME_SPEC_PARALLEL_RESUME', 'reused_proxy': False} 56 / 60
HARD_RESUME {'v': 'B', 'k': 3, 's': 2024, 'status': 'SAME_SPEC_PARALLEL_RESUME', 'reused_proxy': False} 57 / 60
HARD_RESUME {'v': 'B', 'k': 4, 's': 7, 'status': 'SAME_SPEC_PARALLEL_RESUME', 'reused_proxy': False} 58 / 60
HARD_RESUME {'v': 'B', 'k': 4, 's': 101, 'status': 'SAME_SPEC_PARALLEL_RESUME', 'reused_proxy': False} 59 / 60
HARD_RESUME {'v': 'B', 'k': 4, 's': 2024, 'status': 'SAME_SPEC_PARALLEL_RESUME', 'reused_proxy': False} 60 / 60
