PREP DIAG10 0
PREP DIAG10 1
PREP DIAG10 2
PREP DIAG10 3
PREP DIAG10 4
PREP DIAG10 5
PREP DIAG10 6
PREP DIAG10 7
PREP DIAG10 8
PREP DIAG10 9
PREP A 0
PREP A 1
PREP A 2
PREP A 3
PREP A 4
PREP B 0
PREP B 1
PREP B 2
PREP B 3
PREP B 4
PREP EXT10 0
PREP EXT12 0
HARD_VERIFY A 0 7 HARD outer
HARD_VERIFY A 0 7 HARD train
HARD_VERIFY A 0 7 UNIFORM outer
HARD_VERIFY A 0 7 UNIFORM train
HARD_VERIFY A 0 101 HARD outer
HARD_VERIFY A 0 101 HARD train
HARD_VERIFY A 0 101 UNIFORM outer
HARD_VERIFY A 0 101 UNIFORM train
HARD_VERIFY A 0 2024 HARD outer
HARD_VERIFY A 0 2024 HARD train
HARD_VERIFY A 0 2024 UNIFORM outer
HARD_VERIFY A 0 2024 UNIFORM train
HARD_VERIFY A 1 7 HARD outer
HARD_VERIFY A 1 7 HARD train
HARD_VERIFY A 1 7 UNIFORM outer
HARD_VERIFY A 1 7 UNIFORM train
HARD_VERIFY A 1 101 HARD outer
HARD_VERIFY A 1 101 HARD train
HARD_VERIFY A 1 101 UNIFORM outer
HARD_VERIFY A 1 101 UNIFORM train
HARD_VERIFY A 1 2024 HARD outer
HARD_VERIFY A 1 2024 HARD train
HARD_VERIFY A 1 2024 UNIFORM outer
HARD_VERIFY A 1 2024 UNIFORM train
HARD_VERIFY A 2 7 HARD outer
HARD_VERIFY A 2 7 HARD train
HARD_VERIFY A 2 7 UNIFORM outer
HARD_VERIFY A 2 7 UNIFORM train
HARD_VERIFY A 2 101 HARD outer
HARD_VERIFY A 2 101 HARD train
HARD_VERIFY A 2 101 UNIFORM outer
HARD_VERIFY A 2 101 UNIFORM train
HARD_VERIFY A 2 2024 HARD outer
HARD_VERIFY A 2 2024 HARD train
HARD_VERIFY A 2 2024 UNIFORM outer
HARD_VERIFY A 2 2024 UNIFORM train
HARD_VERIFY A 3 7 HARD outer
HARD_VERIFY A 3 7 HARD train
HARD_VERIFY A 3 7 UNIFORM outer
HARD_VERIFY A 3 7 UNIFORM train
HARD_VERIFY A 3 101 HARD outer
HARD_VERIFY A 3 101 HARD train
HARD_VERIFY A 3 101 UNIFORM outer
HARD_VERIFY A 3 101 UNIFORM train
HARD_VERIFY A 3 2024 HARD outer
HARD_VERIFY A 3 2024 HARD train
HARD_VERIFY A 3 2024 UNIFORM outer
HARD_VERIFY A 3 2024 UNIFORM train
HARD_VERIFY A 4 7 HARD outer
HARD_VERIFY A 4 7 HARD train
HARD_VERIFY A 4 7 UNIFORM outer
HARD_VERIFY A 4 7 UNIFORM train
HARD_VERIFY A 4 101 HARD outer
HARD_VERIFY A 4 101 HARD train
HARD_VERIFY A 4 101 UNIFORM outer
HARD_VERIFY A 4 101 UNIFORM train
HARD_VERIFY A 4 2024 HARD outer
HARD_VERIFY A 4 2024 HARD train
HARD_VERIFY A 4 2024 UNIFORM outer
HARD_VERIFY A 4 2024 UNIFORM train
HARD_VERIFY B 0 7 HARD outer
HARD_VERIFY B 0 7 HARD train
HARD_VERIFY B 0 7 UNIFORM outer
HARD_VERIFY B 0 7 UNIFORM train
HARD_VERIFY B 0 101 HARD outer
HARD_VERIFY B 0 101 HARD train
HARD_VERIFY B 0 101 UNIFORM outer
HARD_VERIFY B 0 101 UNIFORM train
HARD_VERIFY B 0 2024 HARD outer
HARD_VERIFY B 0 2024 HARD train
HARD_VERIFY B 0 2024 UNIFORM outer
HARD_VERIFY B 0 2024 UNIFORM train
HARD_VERIFY B 1 7 HARD outer
HARD_VERIFY B 1 7 HARD train
HARD_VERIFY B 1 7 UNIFORM outer
HARD_VERIFY B 1 7 UNIFORM train
HARD_VERIFY B 1 101 HARD outer
HARD_VERIFY B 1 101 HARD train
HARD_VERIFY B 1 101 UNIFORM outer
HARD_VERIFY B 1 101 UNIFORM train
HARD_VERIFY B 1 2024 HARD outer
HARD_VERIFY B 1 2024 HARD train
HARD_VERIFY B 1 2024 UNIFORM outer
HARD_VERIFY B 1 2024 UNIFORM train
HARD_VERIFY B 2 7 HARD outer
HARD_VERIFY B 2 7 HARD train
HARD_VERIFY B 2 7 UNIFORM outer
HARD_VERIFY B 2 7 UNIFORM train
HARD_VERIFY B 2 101 HARD outer
HARD_VERIFY B 2 101 HARD train
HARD_VERIFY B 2 101 UNIFORM outer
HARD_VERIFY B 2 101 UNIFORM train
HARD_VERIFY B 2 2024 HARD outer
HARD_VERIFY B 2 2024 HARD train
HARD_VERIFY B 2 2024 UNIFORM outer
HARD_VERIFY B 2 2024 UNIFORM train
HARD_VERIFY B 3 7 HARD outer
HARD_VERIFY B 3 7 HARD train
HARD_VERIFY B 3 7 UNIFORM outer
HARD_VERIFY B 3 7 UNIFORM train
HARD_VERIFY B 3 101 HARD outer
HARD_VERIFY B 3 101 HARD train
HARD_VERIFY B 3 101 UNIFORM outer
HARD_VERIFY B 3 101 UNIFORM train
HARD_VERIFY B 3 2024 HARD outer
HARD_VERIFY B 3 2024 HARD train
HARD_VERIFY B 3 2024 UNIFORM outer
HARD_VERIFY B 3 2024 UNIFORM train
HARD_VERIFY B 4 7 HARD outer
HARD_VERIFY B 4 7 HARD train
HARD_VERIFY B 4 7 UNIFORM outer
HARD_VERIFY B 4 7 UNIFORM train
HARD_VERIFY B 4 101 HARD outer
HARD_VERIFY B 4 101 HARD train
HARD_VERIFY B 4 101 UNIFORM outer
HARD_VERIFY B 4 101 UNIFORM train
HARD_VERIFY B 4 2024 HARD outer
HARD_VERIFY B 4 2024 HARD train
HARD_VERIFY B 4 2024 UNIFORM outer
HARD_VERIFY B 4 2024 UNIFORM train
HARD_VERIFY DIAG10 0 7 HARD outer
HARD_VERIFY DIAG10 0 7 HARD train
HARD_VERIFY DIAG10 0 7 UNIFORM outer
HARD_VERIFY DIAG10 0 7 UNIFORM train
HARD_VERIFY DIAG10 0 101 HARD outer
HARD_VERIFY DIAG10 0 101 HARD train
HARD_VERIFY DIAG10 0 101 UNIFORM outer
HARD_VERIFY DIAG10 0 101 UNIFORM train
HARD_VERIFY DIAG10 0 2024 HARD outer
HARD_VERIFY DIAG10 0 2024 HARD train
HARD_VERIFY DIAG10 0 2024 UNIFORM outer
HARD_VERIFY DIAG10 0 2024 UNIFORM train
HARD_VERIFY DIAG10 1 7 HARD outer
HARD_VERIFY DIAG10 1 7 HARD train
HARD_VERIFY DIAG10 1 7 UNIFORM outer
HARD_VERIFY DIAG10 1 7 UNIFORM train
HARD_VERIFY DIAG10 1 101 HARD outer
HARD_VERIFY DIAG10 1 101 HARD train
HARD_VERIFY DIAG10 1 101 UNIFORM outer
HARD_VERIFY DIAG10 1 101 UNIFORM train
HARD_VERIFY DIAG10 1 2024 HARD outer
HARD_VERIFY DIAG10 1 2024 HARD train
HARD_VERIFY DIAG10 1 2024 UNIFORM outer
HARD_VERIFY DIAG10 1 2024 UNIFORM train
HARD_VERIFY DIAG10 2 7 HARD outer
HARD_VERIFY DIAG10 2 7 HARD train
HARD_VERIFY DIAG10 2 7 UNIFORM outer
HARD_VERIFY DIAG10 2 7 UNIFORM train
HARD_VERIFY DIAG10 2 101 HARD outer
HARD_VERIFY DIAG10 2 101 HARD train
HARD_VERIFY DIAG10 2 101 UNIFORM outer
HARD_VERIFY DIAG10 2 101 UNIFORM train
HARD_VERIFY DIAG10 2 2024 HARD outer
HARD_VERIFY DIAG10 2 2024 HARD train
HARD_VERIFY DIAG10 2 2024 UNIFORM outer
HARD_VERIFY DIAG10 2 2024 UNIFORM train
HARD_VERIFY DIAG10 3 7 HARD outer
HARD_VERIFY DIAG10 3 7 HARD train
HARD_VERIFY DIAG10 3 7 UNIFORM outer
HARD_VERIFY DIAG10 3 7 UNIFORM train
HARD_VERIFY DIAG10 3 101 HARD outer
HARD_VERIFY DIAG10 3 101 HARD train
HARD_VERIFY DIAG10 3 101 UNIFORM outer
HARD_VERIFY DIAG10 3 101 UNIFORM train
HARD_VERIFY DIAG10 3 2024 HARD outer
HARD_VERIFY DIAG10 3 2024 HARD train
HARD_VERIFY DIAG10 3 2024 UNIFORM outer
HARD_VERIFY DIAG10 3 2024 UNIFORM train
HARD_VERIFY DIAG10 4 7 HARD outer
HARD_VERIFY DIAG10 4 7 HARD train
HARD_VERIFY DIAG10 4 7 UNIFORM outer
HARD_VERIFY DIAG10 4 7 UNIFORM train
HARD_VERIFY DIAG10 4 101 HARD outer
HARD_VERIFY DIAG10 4 101 HARD train
HARD_VERIFY DIAG10 4 101 UNIFORM outer
HARD_VERIFY DIAG10 4 101 UNIFORM train
HARD_VERIFY DIAG10 4 2024 HARD outer
HARD_VERIFY DIAG10 4 2024 HARD train
HARD_VERIFY DIAG10 4 2024 UNIFORM outer
HARD_VERIFY DIAG10 4 2024 UNIFORM train
HARD_VERIFY DIAG10 5 7 HARD outer
HARD_VERIFY DIAG10 5 7 HARD train
HARD_VERIFY DIAG10 5 7 UNIFORM outer
HARD_VERIFY DIAG10 5 7 UNIFORM train
HARD_VERIFY DIAG10 5 101 HARD outer
HARD_VERIFY DIAG10 5 101 HARD train
HARD_VERIFY DIAG10 5 101 UNIFORM outer
HARD_VERIFY DIAG10 5 101 UNIFORM train
HARD_VERIFY DIAG10 5 2024 HARD outer
HARD_VERIFY DIAG10 5 2024 HARD train
HARD_VERIFY DIAG10 5 2024 UNIFORM outer
HARD_VERIFY DIAG10 5 2024 UNIFORM train
HARD_VERIFY DIAG10 6 7 HARD outer
HARD_VERIFY DIAG10 6 7 HARD train
HARD_VERIFY DIAG10 6 7 UNIFORM outer
HARD_VERIFY DIAG10 6 7 UNIFORM train
HARD_VERIFY DIAG10 6 101 HARD outer
HARD_VERIFY DIAG10 6 101 HARD train
HARD_VERIFY DIAG10 6 101 UNIFORM outer
HARD_VERIFY DIAG10 6 101 UNIFORM train
HARD_VERIFY DIAG10 6 2024 HARD outer
HARD_VERIFY DIAG10 6 2024 HARD train
HARD_VERIFY DIAG10 6 2024 UNIFORM outer
HARD_VERIFY DIAG10 6 2024 UNIFORM train
HARD_VERIFY DIAG10 7 7 HARD outer
HARD_VERIFY DIAG10 7 7 HARD train
HARD_VERIFY DIAG10 7 7 UNIFORM outer
HARD_VERIFY DIAG10 7 7 UNIFORM train
HARD_VERIFY DIAG10 7 101 HARD outer
HARD_VERIFY DIAG10 7 101 HARD train
HARD_VERIFY DIAG10 7 101 UNIFORM outer
HARD_VERIFY DIAG10 7 101 UNIFORM train
HARD_VERIFY DIAG10 7 2024 HARD outer
HARD_VERIFY DIAG10 7 2024 HARD train
HARD_VERIFY DIAG10 7 2024 UNIFORM outer
HARD_VERIFY DIAG10 7 2024 UNIFORM train
HARD_VERIFY DIAG10 8 7 HARD outer
HARD_VERIFY DIAG10 8 7 HARD train
HARD_VERIFY DIAG10 8 7 UNIFORM outer
HARD_VERIFY DIAG10 8 7 UNIFORM train
HARD_VERIFY DIAG10 8 101 HARD outer
HARD_VERIFY DIAG10 8 101 HARD train
HARD_VERIFY DIAG10 8 101 UNIFORM outer
HARD_VERIFY DIAG10 8 101 UNIFORM train
HARD_VERIFY DIAG10 8 2024 HARD outer
HARD_VERIFY DIAG10 8 2024 HARD train
HARD_VERIFY DIAG10 8 2024 UNIFORM outer
HARD_VERIFY DIAG10 8 2024 UNIFORM train
HARD_VERIFY DIAG10 9 7 HARD outer
HARD_VERIFY DIAG10 9 7 HARD train
HARD_VERIFY DIAG10 9 7 UNIFORM outer
HARD_VERIFY DIAG10 9 7 UNIFORM train
HARD_VERIFY DIAG10 9 101 HARD outer
HARD_VERIFY DIAG10 9 101 HARD train
HARD_VERIFY DIAG10 9 101 UNIFORM outer
HARD_VERIFY DIAG10 9 101 UNIFORM train
HARD_VERIFY DIAG10 9 2024 HARD outer
HARD_VERIFY DIAG10 9 2024 HARD train
HARD_VERIFY DIAG10 9 2024 UNIFORM outer
HARD_VERIFY DIAG10 9 2024 UNIFORM train
HARD_VERIFY_PASS {'UNIFORM': {'nonworse': 0, 'total': 9, 'diag_strict': 3, 'passed': False}, 'HARD': {'nonworse': 0, 'total': 9, 'diag_strict': 3, 'passed': False}}
