DIAG10 0 7 done Jensen max 0.09752515667010231
DIAG10 0 101 done Jensen max 0.09752515667010231
DIAG10 0 2024 done Jensen max 0.10253468089845486
DIAG10 1 7 done Jensen max 0.1665056168368224
DIAG10 1 101 done Jensen max 0.16922583801617774
DIAG10 1 2024 done Jensen max 0.1713419177186426
DIAG10 2 7 done Jensen max 0.3607462681106881
DIAG10 2 101 done Jensen max 0.3721232661166738
DIAG10 2 2024 done Jensen max 0.3721232661166738
DIAG10 3 7 done Jensen max 0.3721232661166738
DIAG10 3 101 done Jensen max 0.3721232661166738
DIAG10 3 2024 done Jensen max 0.3721232661166738
DIAG10 4 7 done Jensen max 0.3721232661166738
DIAG10 4 101 done Jensen max 0.3721232661166738
DIAG10 4 2024 done Jensen max 0.3721232661166738
DIAG10 5 7 done Jensen max 0.3721232661166738
DIAG10 5 101 done Jensen max 0.3721232661166738
DIAG10 5 2024 done Jensen max 0.3721232661166738
DIAG10 6 7 done Jensen max 0.3721232661166738
DIAG10 6 101 done Jensen max 0.3721232661166738
DIAG10 6 2024 done Jensen max 0.3721232661166738
DIAG10 7 7 done Jensen max 0.3721232661166738
DIAG10 7 101 done Jensen max 0.3721232661166738
DIAG10 7 2024 done Jensen max 0.3721232661166738
DIAG10 8 7 done Jensen max 0.40532391116057287
DIAG10 8 101 done Jensen max 0.40916289688696694
DIAG10 8 2024 done Jensen max 0.40916289688696694
DIAG10 9 7 done Jensen max 0.40916289688696694
DIAG10 9 101 done Jensen max 0.40916289688696694
DIAG10 9 2024 done Jensen max 0.40916289688696694
A 0 7 done Jensen max 0.40916289688696694
A 0 101 done Jensen max 0.40916289688696694
A 0 2024 done Jensen max 0.40916289688696694
A 1 7 done Jensen max 0.40916289688696694
A 1 101 done Jensen max 0.40916289688696694
A 1 2024 done Jensen max 0.40916289688696694
A 2 7 done Jensen max 0.40916289688696694
A 2 101 done Jensen max 0.40916289688696694
A 2 2024 done Jensen max 0.40916289688696694
A 3 7 done Jensen max 0.40916289688696694
A 3 101 done Jensen max 0.40916289688696694
A 3 2024 done Jensen max 0.40916289688696694
A 4 7 done Jensen max 0.40916289688696694
A 4 101 done Jensen max 0.40916289688696694
A 4 2024 done Jensen max 0.40916289688696694
B 0 7 done Jensen max 0.40916289688696694
B 0 101 done Jensen max 0.40916289688696694
B 0 2024 done Jensen max 0.40916289688696694
B 1 7 done Jensen max 0.40916289688696694
B 1 101 done Jensen max 0.40916289688696694
B 1 2024 done Jensen max 0.40916289688696694
B 2 7 done Jensen max 0.40916289688696694
B 2 101 done Jensen max 0.40916289688696694
B 2 2024 done Jensen max 0.40916289688696694
B 3 7 done Jensen max 0.40916289688696694
B 3 101 done Jensen max 0.40916289688696694
B 3 2024 done Jensen max 0.40916289688696694
B 4 7 done Jensen max 0.40916289688696694
B 4 101 done Jensen max 0.40916289688696694
B 4 2024 done Jensen max 0.40916289688696694
EXT10 0 7 done Jensen max 0.40916289688696694
EXT10 0 101 done Jensen max 0.40916289688696694
EXT10 0 2024 done Jensen max 0.40916289688696694
EXT12 0 7 done Jensen max 0.40916289688696694
EXT12 0 101 done Jensen max 0.40916289688696694
EXT12 0 2024 done Jensen max 0.40916289688696694
ALL_FITS_COMPLETE
